OpenROAD v2.0-22532-gac667f3cc7 
Features included (+) or not (-): +GPU +GUI +Python
This program is licensed under the BSD-3 license. See the LICENSE file for details.
Components of this program may be licensed under more restrictive licenses which must be honored.
[INFO ODB-0227] LEF file: /project/cad-team/LX_Semicon/kmcho/EoR/pdk/Nangate45/Nangate45_tech.lef, created 22 layers, 27 vias
[INFO ODB-0227] LEF file: /project/cad-team/LX_Semicon/kmcho/EoR/pdk/Nangate45/Nangate45_stdcell.lef, created 135 library cells
[INFO IFP-0001] Added 52 rows of 387 site FreePDK45_38x28_10R_NP_162NW_34O.
Default units for flow
 time 1ns
 capacitance 1fF
 resistance 1kohm
 voltage 1v
 current 1mA
 power 1nW
 distance 1um

==========================================================================
floorplan final check_setup
--------------------------------------------------------------------------
Warning: There are 2 input ports missing set_input_delay.
Warning: There is 1 output port missing set_output_delay.
Warning: There is 1 unconstrained endpoint.

==========================================================================
floorplan final report_tns
--------------------------------------------------------------------------
tns max -0.64

==========================================================================
floorplan final report_wns
--------------------------------------------------------------------------
wns max -0.17

==========================================================================
floorplan final report_worst_slack
--------------------------------------------------------------------------
worst slack max -0.17

==========================================================================
floorplan final report_checks -path_delay min
--------------------------------------------------------------------------
[WARNING STA-0168] unknown field nets.
Startpoint: _22_ (rising edge-triggered flip-flop clocked by clk)
Endpoint: _24_ (rising edge-triggered flip-flop clocked by clk)
Path Group: clk
Path Type: min

Fanout     Cap    Slew   Delay    Time   Description
-----------------------------------------------------------------------------
                  0.00    0.00    0.00   clock clk (rise edge)
                          0.00    0.00   clock network delay (ideal)
                  0.00    0.00    0.00 ^ _22_/CK (DFF_X1)
     2    3.11    0.01    0.08    0.08 v _22_/Q (DFF_X1)
                  0.01    0.00    0.08 v _20_/A (INV_X1)
     1    3.17    0.01    0.02    0.10 ^ _20_/ZN (INV_X1)
                  0.01    0.00    0.10 ^ _21_/C1 (AOI211_X2)
     1    1.06    0.01    0.01    0.11 v _21_/ZN (AOI211_X2)
                  0.01    0.00    0.11 v _24_/D (DFF_X1)
                                  0.11   data arrival time

                  0.00    0.00    0.00   clock clk (rise edge)
                          0.00    0.00   clock network delay (ideal)
                          0.00    0.00   clock reconvergence pessimism
                                  0.00 ^ _24_/CK (DFF_X1)
                          0.00    0.00   library hold time
                                  0.00   data required time
-----------------------------------------------------------------------------
                                  0.00   data required time
                                 -0.11   data arrival time
-----------------------------------------------------------------------------
                                  0.11   slack (MET)



==========================================================================
floorplan final report_checks -path_delay max
--------------------------------------------------------------------------
[WARNING STA-0168] unknown field nets.
Startpoint: _24_ (rising edge-triggered flip-flop clocked by clk)
Endpoint: _24_ (rising edge-triggered flip-flop clocked by clk)
Path Group: clk
Path Type: max

Fanout     Cap    Slew   Delay    Time   Description
-----------------------------------------------------------------------------
                  0.00    0.00    0.00   clock clk (rise edge)
                          0.00    0.00   clock network delay (ideal)
                  0.00    0.00    0.00 ^ _24_/CK (DFF_X1)
     1    1.56    0.01    0.08    0.08 v _24_/Q (DFF_X1)
                  0.01    0.00    0.08 v _16_/A2 (NOR2_X1)
     2    5.07    0.03    0.04    0.12 ^ _16_/ZN (NOR2_X1)
                  0.03    0.00    0.12 ^ _21_/C2 (AOI211_X2)
     1    1.06    0.01    0.02    0.14 v _21_/ZN (AOI211_X2)
                  0.01    0.00    0.14 v _24_/D (DFF_X1)
                                  0.14   data arrival time

                  0.00    0.01    0.01   clock clk (rise edge)
                          0.00    0.01   clock network delay (ideal)
                          0.00    0.01   clock reconvergence pessimism
                                  0.01 ^ _24_/CK (DFF_X1)
                         -0.04   -0.03   library setup time
                                 -0.03   data required time
-----------------------------------------------------------------------------
                                 -0.03   data required time
                                 -0.14   data arrival time
-----------------------------------------------------------------------------
                                 -0.17   slack (VIOLATED)



==========================================================================
floorplan final report_checks -unconstrained
--------------------------------------------------------------------------
[WARNING STA-0168] unknown field nets.
Startpoint: _24_ (rising edge-triggered flip-flop clocked by clk)
Endpoint: _24_ (rising edge-triggered flip-flop clocked by clk)
Path Group: clk
Path Type: max

Fanout     Cap    Slew   Delay    Time   Description
-----------------------------------------------------------------------------
                  0.00    0.00    0.00   clock clk (rise edge)
                          0.00    0.00   clock network delay (ideal)
                  0.00    0.00    0.00 ^ _24_/CK (DFF_X1)
     1    1.56    0.01    0.08    0.08 v _24_/Q (DFF_X1)
                  0.01    0.00    0.08 v _16_/A2 (NOR2_X1)
     2    5.07    0.03    0.04    0.12 ^ _16_/ZN (NOR2_X1)
                  0.03    0.00    0.12 ^ _21_/C2 (AOI211_X2)
     1    1.06    0.01    0.02    0.14 v _21_/ZN (AOI211_X2)
                  0.01    0.00    0.14 v _24_/D (DFF_X1)
                                  0.14   data arrival time

                  0.00    0.01    0.01   clock clk (rise edge)
                          0.00    0.01   clock network delay (ideal)
                          0.00    0.01   clock reconvergence pessimism
                                  0.01 ^ _24_/CK (DFF_X1)
                         -0.04   -0.03   library setup time
                                 -0.03   data required time
-----------------------------------------------------------------------------
                                 -0.03   data required time
                                 -0.14   data arrival time
-----------------------------------------------------------------------------
                                 -0.17   slack (VIOLATED)



==========================================================================
floorplan final report_power
--------------------------------------------------------------------------
Group                  Internal  Switching    Leakage      Total
                          Power      Power      Power      Power (Watts)
----------------------------------------------------------------
Sequential             2.52e-03   4.88e-05   3.10e-07   2.56e-03  89.1%
Combinational          1.77e-04   1.36e-04   2.29e-07   3.13e-04  10.9%
Clock                  0.00e+00   0.00e+00   0.00e+00   0.00e+00   0.0%
Macro                  0.00e+00   0.00e+00   0.00e+00   0.00e+00   0.0%
Pad                    0.00e+00   0.00e+00   0.00e+00   0.00e+00   0.0%
----------------------------------------------------------------
Total                  2.69e-03   1.85e-04   5.39e-07   2.88e-03 100.0%
                          93.6%       6.4%       0.0%

==========================================================================
floorplan final report_design_area
--------------------------------------------------------------------------
Design area 27 u^2 1% utilization.

