OpenROAD v2.0-22532-gac667f3cc7 
Features included (+) or not (-): +GPU +GUI +Python
This program is licensed under the BSD-3 license. See the LICENSE file for details.
Components of this program may be licensed under more restrictive licenses which must be honored.
[INFO ODB-0227] LEF file: /project/cad-team/LX_Semicon/kmcho/EoR/pdk/Nangate45/Nangate45_tech.lef, created 22 layers, 27 vias
[INFO ODB-0227] LEF file: /project/cad-team/LX_Semicon/kmcho/EoR/pdk/Nangate45/Nangate45_stdcell.lef, created 135 library cells
[INFO IFP-0001] Added 227 rows of 1674 site FreePDK45_38x28_10R_NP_162NW_34O.
Default units for flow
 time 1ns
 capacitance 1fF
 resistance 1kohm
 voltage 1v
 current 1mA
 power 1nW
 distance 1um

==========================================================================
floorplan final check_setup
--------------------------------------------------------------------------
Warning: There are 15 input ports missing set_input_delay.
Warning: There are 6 output ports missing set_output_delay.
Warning: There are 6 unconstrained endpoints.

==========================================================================
floorplan final report_tns
--------------------------------------------------------------------------
tns max -9.91

==========================================================================
floorplan final report_wns
--------------------------------------------------------------------------
wns max -0.29

==========================================================================
floorplan final report_worst_slack
--------------------------------------------------------------------------
worst slack max -0.29

==========================================================================
floorplan final report_checks -path_delay min
--------------------------------------------------------------------------
[WARNING STA-0168] unknown field nets.
Startpoint: _350_ (rising edge-triggered flip-flop clocked by clk)
Endpoint: _344_ (rising edge-triggered flip-flop clocked by clk)
Path Group: clk
Path Type: min

Fanout     Cap    Slew   Delay    Time   Description
-----------------------------------------------------------------------------
                  0.00    0.00    0.00   clock clk (rise edge)
                          0.00    0.00   clock network delay (ideal)
                  0.00    0.00    0.00 ^ _350_/CK (DFFR_X1)
     2    2.46    0.01    0.09    0.09 v _350_/Q (DFFR_X1)
                  0.01    0.00    0.09 v _203_/B2 (OAI21_X1)
     1    1.63    0.01    0.03    0.12 ^ _203_/ZN (OAI21_X1)
                  0.01    0.00    0.12 ^ _216_/A (AOI21_X1)
     1    1.05    0.01    0.01    0.13 v _216_/ZN (AOI21_X1)
                  0.01    0.00    0.13 v _344_/D (DFFR_X1)
                                  0.13   data arrival time

                  0.00    0.00    0.00   clock clk (rise edge)
                          0.00    0.00   clock network delay (ideal)
                          0.00    0.00   clock reconvergence pessimism
                                  0.00 ^ _344_/CK (DFFR_X1)
                          0.00    0.00   library hold time
                                  0.00   data required time
-----------------------------------------------------------------------------
                                  0.00   data required time
                                 -0.13   data arrival time
-----------------------------------------------------------------------------
                                  0.12   slack (MET)



==========================================================================
floorplan final report_checks -path_delay max
--------------------------------------------------------------------------
[WARNING STA-0168] unknown field nets.
Startpoint: _371_ (rising edge-triggered flip-flop clocked by clk)
Endpoint: _347_ (rising edge-triggered flip-flop clocked by clk)
Path Group: clk
Path Type: max

Fanout     Cap    Slew   Delay    Time   Description
-----------------------------------------------------------------------------
                  0.00    0.00    0.00   clock clk (rise edge)
                          0.00    0.00   clock network delay (ideal)
                  0.00    0.00    0.00 ^ _371_/CK (DFFR_X1)
     2    1.80    0.01    0.08    0.08 v _371_/Q (DFFR_X1)
                  0.01    0.00    0.08 v _243_/A2 (AND2_X1)
     1    3.05    0.01    0.03    0.12 v _243_/ZN (AND2_X1)
                  0.01    0.00    0.12 v _244_/B (AOI211_X2)
     1    1.66    0.03    0.06    0.17 ^ _244_/ZN (AOI211_X2)
                  0.03    0.00    0.17 ^ _246_/B (AOI211_X1)
     1    1.54    0.01    0.02    0.19 v _246_/ZN (AOI211_X1)
                  0.01    0.00    0.19 v _247_/A (AOI21_X1)
     1    3.48    0.03    0.05    0.24 ^ _247_/ZN (AOI21_X1)
                  0.03    0.00    0.24 ^ _248_/B2 (AOI21_X2)
     1    1.05    0.01    0.02    0.26 v _248_/ZN (AOI21_X2)
                  0.01    0.00    0.26 v _347_/D (DFFR_X1)
                                  0.26   data arrival time

                  0.00    0.01    0.01   clock clk (rise edge)
                          0.00    0.01   clock network delay (ideal)
                          0.00    0.01   clock reconvergence pessimism
                                  0.01 ^ _347_/CK (DFFR_X1)
                         -0.04   -0.03   library setup time
                                 -0.03   data required time
-----------------------------------------------------------------------------
                                 -0.03   data required time
                                 -0.26   data arrival time
-----------------------------------------------------------------------------
                                 -0.29   slack (VIOLATED)



==========================================================================
floorplan final report_checks -unconstrained
--------------------------------------------------------------------------
[WARNING STA-0168] unknown field nets.
Startpoint: _371_ (rising edge-triggered flip-flop clocked by clk)
Endpoint: _347_ (rising edge-triggered flip-flop clocked by clk)
Path Group: clk
Path Type: max

Fanout     Cap    Slew   Delay    Time   Description
-----------------------------------------------------------------------------
                  0.00    0.00    0.00   clock clk (rise edge)
                          0.00    0.00   clock network delay (ideal)
                  0.00    0.00    0.00 ^ _371_/CK (DFFR_X1)
     2    1.80    0.01    0.08    0.08 v _371_/Q (DFFR_X1)
                  0.01    0.00    0.08 v _243_/A2 (AND2_X1)
     1    3.05    0.01    0.03    0.12 v _243_/ZN (AND2_X1)
                  0.01    0.00    0.12 v _244_/B (AOI211_X2)
     1    1.66    0.03    0.06    0.17 ^ _244_/ZN (AOI211_X2)
                  0.03    0.00    0.17 ^ _246_/B (AOI211_X1)
     1    1.54    0.01    0.02    0.19 v _246_/ZN (AOI211_X1)
                  0.01    0.00    0.19 v _247_/A (AOI21_X1)
     1    3.48    0.03    0.05    0.24 ^ _247_/ZN (AOI21_X1)
                  0.03    0.00    0.24 ^ _248_/B2 (AOI21_X2)
     1    1.05    0.01    0.02    0.26 v _248_/ZN (AOI21_X2)
                  0.01    0.00    0.26 v _347_/D (DFFR_X1)
                                  0.26   data arrival time

                  0.00    0.01    0.01   clock clk (rise edge)
                          0.00    0.01   clock network delay (ideal)
                          0.00    0.01   clock reconvergence pessimism
                                  0.01 ^ _347_/CK (DFFR_X1)
                         -0.04   -0.03   library setup time
                                 -0.03   data required time
-----------------------------------------------------------------------------
                                 -0.03   data required time
                                 -0.26   data arrival time
-----------------------------------------------------------------------------
                                 -0.29   slack (VIOLATED)



==========================================================================
floorplan final report_power
--------------------------------------------------------------------------
Group                  Internal  Switching    Leakage      Total
                          Power      Power      Power      Power (Watts)
----------------------------------------------------------------
Sequential             4.58e-02   3.80e-03   4.64e-06   4.96e-02  71.8%
Combinational          1.34e-02   6.04e-03   5.41e-06   1.94e-02  28.2%
Clock                  0.00e+00   0.00e+00   0.00e+00   0.00e+00   0.0%
Macro                  0.00e+00   0.00e+00   0.00e+00   0.00e+00   0.0%
Pad                    0.00e+00   0.00e+00   0.00e+00   0.00e+00   0.0%
----------------------------------------------------------------
Total                  5.92e-02   9.84e-03   1.01e-05   6.90e-02 100.0%
                          85.7%      14.3%       0.0%

==========================================================================
floorplan final report_design_area
--------------------------------------------------------------------------
Design area 506 u^2 1% utilization.

