OpenROAD v2.0-22532-gac667f3cc7 
Features included (+) or not (-): +GPU +GUI +Python
This program is licensed under the BSD-3 license. See the LICENSE file for details.
Components of this program may be licensed under more restrictive licenses which must be honored.
[INFO ODB-0227] LEF file: /project/cad-team/LX_Semicon/kmcho/EoR/pdk/Nangate45/Nangate45_tech.lef, created 22 layers, 27 vias
[INFO ODB-0227] LEF file: /project/cad-team/LX_Semicon/kmcho/EoR/pdk/Nangate45/Nangate45_stdcell.lef, created 135 library cells
[INFO IFP-0001] Added 84 rows of 626 site FreePDK45_38x28_10R_NP_162NW_34O.
Default units for flow
 time 1ns
 capacitance 1fF
 resistance 1kohm
 voltage 1v
 current 1mA
 power 1nW
 distance 1um

==========================================================================
floorplan final check_setup
--------------------------------------------------------------------------
Warning: There are 2 input ports missing set_input_delay.
Warning: There is 1 output port missing set_output_delay.
Warning: There is 1 unconstrained endpoint.

==========================================================================
floorplan final report_tns
--------------------------------------------------------------------------
tns max -1.82

==========================================================================
floorplan final report_wns
--------------------------------------------------------------------------
wns max -0.25

==========================================================================
floorplan final report_worst_slack
--------------------------------------------------------------------------
worst slack max -0.25

==========================================================================
floorplan final report_checks -path_delay min
--------------------------------------------------------------------------
[WARNING STA-0168] unknown field nets.
Startpoint: _55_ (rising edge-triggered flip-flop clocked by clk)
Endpoint: _55_ (rising edge-triggered flip-flop clocked by clk)
Path Group: clk
Path Type: min

Fanout     Cap    Slew   Delay    Time   Description
-----------------------------------------------------------------------------
                  0.00    0.00    0.00   clock clk (rise edge)
                          0.00    0.00   clock network delay (ideal)
                  0.00    0.00    0.00 ^ _55_/CK (DFF_X1)
     1    1.66    0.01    0.06    0.06 ^ _55_/QN (DFF_X1)
                  0.01    0.00    0.06 ^ _45_/A1 (AND2_X2)
     1    1.14    0.01    0.03    0.09 ^ _45_/ZN (AND2_X2)
                  0.01    0.00    0.09 ^ _55_/D (DFF_X1)
                                  0.09   data arrival time

                  0.00    0.00    0.00   clock clk (rise edge)
                          0.00    0.00   clock network delay (ideal)
                          0.00    0.00   clock reconvergence pessimism
                                  0.00 ^ _55_/CK (DFF_X1)
                          0.00    0.00   library hold time
                                  0.00   data required time
-----------------------------------------------------------------------------
                                  0.00   data required time
                                 -0.09   data arrival time
-----------------------------------------------------------------------------
                                  0.08   slack (MET)



==========================================================================
floorplan final report_checks -path_delay max
--------------------------------------------------------------------------
[WARNING STA-0168] unknown field nets.
Startpoint: _56_ (rising edge-triggered flip-flop clocked by clk)
Endpoint: _55_ (rising edge-triggered flip-flop clocked by clk)
Path Group: clk
Path Type: max

Fanout     Cap    Slew   Delay    Time   Description
-----------------------------------------------------------------------------
                  0.00    0.00    0.00   clock clk (rise edge)
                          0.00    0.00   clock network delay (ideal)
                  0.00    0.00    0.00 ^ _56_/CK (DFF_X1)
     1    3.45    0.01    0.09    0.09 ^ _56_/Q (DFF_X1)
                  0.01    0.00    0.09 ^ _48_/B (HA_X1)
     1    3.45    0.01    0.04    0.13 ^ _48_/CO (HA_X1)
                  0.01    0.00    0.13 ^ _49_/B (HA_X1)
     2    2.58    0.01    0.03    0.16 ^ _49_/CO (HA_X1)
                  0.01    0.00    0.16 ^ _31_/A (INV_X1)
     2    4.52    0.01    0.01    0.17 v _31_/ZN (INV_X1)
                  0.01    0.00    0.17 v _44_/A1 (AND3_X4)
     3    4.72    0.01    0.03    0.20 v _44_/ZN (AND3_X4)
                  0.01    0.00    0.20 v _45_/A2 (AND2_X2)
     1    1.06    0.00    0.03    0.22 v _45_/ZN (AND2_X2)
                  0.00    0.00    0.22 v _55_/D (DFF_X1)
                                  0.22   data arrival time

                  0.00    0.01    0.01   clock clk (rise edge)
                          0.00    0.01   clock network delay (ideal)
                          0.00    0.01   clock reconvergence pessimism
                                  0.01 ^ _55_/CK (DFF_X1)
                         -0.04   -0.03   library setup time
                                 -0.03   data required time
-----------------------------------------------------------------------------
                                 -0.03   data required time
                                 -0.22   data arrival time
-----------------------------------------------------------------------------
                                 -0.25   slack (VIOLATED)



==========================================================================
floorplan final report_checks -unconstrained
--------------------------------------------------------------------------
[WARNING STA-0168] unknown field nets.
Startpoint: _56_ (rising edge-triggered flip-flop clocked by clk)
Endpoint: _55_ (rising edge-triggered flip-flop clocked by clk)
Path Group: clk
Path Type: max

Fanout     Cap    Slew   Delay    Time   Description
-----------------------------------------------------------------------------
                  0.00    0.00    0.00   clock clk (rise edge)
                          0.00    0.00   clock network delay (ideal)
                  0.00    0.00    0.00 ^ _56_/CK (DFF_X1)
     1    3.45    0.01    0.09    0.09 ^ _56_/Q (DFF_X1)
                  0.01    0.00    0.09 ^ _48_/B (HA_X1)
     1    3.45    0.01    0.04    0.13 ^ _48_/CO (HA_X1)
                  0.01    0.00    0.13 ^ _49_/B (HA_X1)
     2    2.58    0.01    0.03    0.16 ^ _49_/CO (HA_X1)
                  0.01    0.00    0.16 ^ _31_/A (INV_X1)
     2    4.52    0.01    0.01    0.17 v _31_/ZN (INV_X1)
                  0.01    0.00    0.17 v _44_/A1 (AND3_X4)
     3    4.72    0.01    0.03    0.20 v _44_/ZN (AND3_X4)
                  0.01    0.00    0.20 v _45_/A2 (AND2_X2)
     1    1.06    0.00    0.03    0.22 v _45_/ZN (AND2_X2)
                  0.00    0.00    0.22 v _55_/D (DFF_X1)
                                  0.22   data arrival time

                  0.00    0.01    0.01   clock clk (rise edge)
                          0.00    0.01   clock network delay (ideal)
                          0.00    0.01   clock reconvergence pessimism
                                  0.01 ^ _55_/CK (DFF_X1)
                         -0.04   -0.03   library setup time
                                 -0.03   data required time
-----------------------------------------------------------------------------
                                 -0.03   data required time
                                 -0.22   data arrival time
-----------------------------------------------------------------------------
                                 -0.25   slack (VIOLATED)



==========================================================================
floorplan final report_power
--------------------------------------------------------------------------
Group                  Internal  Switching    Leakage      Total
                          Power      Power      Power      Power (Watts)
----------------------------------------------------------------
Sequential             5.27e-03   1.89e-04   6.16e-07   5.46e-03  83.6%
Combinational          6.89e-04   3.83e-04   1.02e-06   1.07e-03  16.4%
Clock                  0.00e+00   0.00e+00   0.00e+00   0.00e+00   0.0%
Macro                  0.00e+00   0.00e+00   0.00e+00   0.00e+00   0.0%
Pad                    0.00e+00   0.00e+00   0.00e+00   0.00e+00   0.0%
----------------------------------------------------------------
Total                  5.96e-03   5.72e-04   1.63e-06   6.53e-03 100.0%
                          91.2%       8.8%       0.0%

==========================================================================
floorplan final report_design_area
--------------------------------------------------------------------------
Design area 71 u^2 1% utilization.

