OpenROAD v2.0-22532-gac667f3cc7 
Features included (+) or not (-): +GPU +GUI +Python
This program is licensed under the BSD-3 license. See the LICENSE file for details.
Components of this program may be licensed under more restrictive licenses which must be honored.
[INFO ODB-0227] LEF file: /project/cad-team/LX_Semicon/kmcho/EoR/pdk/Nangate45/Nangate45_tech.lef, created 22 layers, 27 vias
[INFO ODB-0227] LEF file: /project/cad-team/LX_Semicon/kmcho/EoR/pdk/Nangate45/Nangate45_stdcell.lef, created 135 library cells
[INFO IFP-0001] Added 714 rows of 5263 site FreePDK45_38x28_10R_NP_162NW_34O.
Default units for flow
 time 1ns
 capacitance 1fF
 resistance 1kohm
 voltage 1v
 current 1mA
 power 1nW
 distance 1um

==========================================================================
floorplan final check_setup
--------------------------------------------------------------------------
Warning: There are 513 input ports missing set_input_delay.
Warning: There are 512 output ports missing set_output_delay.
Warning: There are 512 unconstrained endpoints.

==========================================================================
floorplan final report_tns
--------------------------------------------------------------------------
tns max -107.29

==========================================================================
floorplan final report_wns
--------------------------------------------------------------------------
wns max -0.21

==========================================================================
floorplan final report_worst_slack
--------------------------------------------------------------------------
worst slack max -0.21

==========================================================================
floorplan final report_checks -path_delay min
--------------------------------------------------------------------------
[WARNING STA-0168] unknown field nets.
Startpoint: _6355_ (rising edge-triggered flip-flop clocked by clk)
Endpoint: _6355_ (rising edge-triggered flip-flop clocked by clk)
Path Group: clk
Path Type: min

Fanout     Cap    Slew   Delay    Time   Description
-----------------------------------------------------------------------------
                  0.00    0.00    0.00   clock clk (rise edge)
                          0.00    0.00   clock network delay (ideal)
                  0.00    0.00    0.00 ^ _6355_/CK (DFF_X1)
     3    3.27    0.01    0.09    0.09 ^ _6355_/Q (DFF_X1)
                  0.01    0.00    0.09 ^ _5841_/A3 (NOR3_X1)
     1    1.54    0.01    0.01    0.10 v _5841_/ZN (NOR3_X1)
                  0.01    0.00    0.10 v _5843_/A (AOI21_X1)
     1    1.14    0.01    0.03    0.12 ^ _5843_/ZN (AOI21_X1)
                  0.01    0.00    0.12 ^ _6355_/D (DFF_X1)
                                  0.12   data arrival time

                  0.00    0.00    0.00   clock clk (rise edge)
                          0.00    0.00   clock network delay (ideal)
                          0.00    0.00   clock reconvergence pessimism
                                  0.00 ^ _6355_/CK (DFF_X1)
                          0.01    0.01   library hold time
                                  0.01   data required time
-----------------------------------------------------------------------------
                                  0.01   data required time
                                 -0.12   data arrival time
-----------------------------------------------------------------------------
                                  0.12   slack (MET)



==========================================================================
floorplan final report_checks -path_delay max
--------------------------------------------------------------------------
[WARNING STA-0168] unknown field nets.
Startpoint: _5847_ (rising edge-triggered flip-flop clocked by clk)
Endpoint: _5847_ (rising edge-triggered flip-flop clocked by clk)
Path Group: clk
Path Type: max

Fanout     Cap    Slew   Delay    Time   Description
-----------------------------------------------------------------------------
                  0.00    0.00    0.00   clock clk (rise edge)
                          0.00    0.00   clock network delay (ideal)
                  0.00    0.00    0.00 ^ _5847_/CK (DFF_X1)
     2    0.97    0.01    0.08    0.08 ^ _5847_/Q (DFF_X1)
                  0.01    0.00    0.08 ^ _3190_/A (BUF_X1)
     5    8.10    0.02    0.04    0.12 ^ _3190_/Z (BUF_X1)
                  0.02    0.00    0.12 ^ _3196_/A2 (NAND3_X1)
     1    1.52    0.01    0.02    0.14 v _3196_/ZN (NAND3_X1)
                  0.01    0.00    0.14 v _3197_/A (OAI21_X1)
     1    1.66    0.02    0.02    0.16 ^ _3197_/ZN (OAI21_X1)
                  0.02    0.00    0.16 ^ _3198_/B1 (OAI21_X1)
     1    1.06    0.01    0.01    0.18 v _3198_/ZN (OAI21_X1)
                  0.01    0.00    0.18 v _5847_/D (DFF_X1)
                                  0.18   data arrival time

                  0.00    0.01    0.01   clock clk (rise edge)
                          0.00    0.01   clock network delay (ideal)
                          0.00    0.01   clock reconvergence pessimism
                                  0.01 ^ _5847_/CK (DFF_X1)
                         -0.04   -0.03   library setup time
                                 -0.03   data required time
-----------------------------------------------------------------------------
                                 -0.03   data required time
                                 -0.18   data arrival time
-----------------------------------------------------------------------------
                                 -0.21   slack (VIOLATED)



==========================================================================
floorplan final report_checks -unconstrained
--------------------------------------------------------------------------
[WARNING STA-0168] unknown field nets.
Startpoint: _5847_ (rising edge-triggered flip-flop clocked by clk)
Endpoint: _5847_ (rising edge-triggered flip-flop clocked by clk)
Path Group: clk
Path Type: max

Fanout     Cap    Slew   Delay    Time   Description
-----------------------------------------------------------------------------
                  0.00    0.00    0.00   clock clk (rise edge)
                          0.00    0.00   clock network delay (ideal)
                  0.00    0.00    0.00 ^ _5847_/CK (DFF_X1)
     2    0.97    0.01    0.08    0.08 ^ _5847_/Q (DFF_X1)
                  0.01    0.00    0.08 ^ _3190_/A (BUF_X1)
     5    8.10    0.02    0.04    0.12 ^ _3190_/Z (BUF_X1)
                  0.02    0.00    0.12 ^ _3196_/A2 (NAND3_X1)
     1    1.52    0.01    0.02    0.14 v _3196_/ZN (NAND3_X1)
                  0.01    0.00    0.14 v _3197_/A (OAI21_X1)
     1    1.66    0.02    0.02    0.16 ^ _3197_/ZN (OAI21_X1)
                  0.02    0.00    0.16 ^ _3198_/B1 (OAI21_X1)
     1    1.06    0.01    0.01    0.18 v _3198_/ZN (OAI21_X1)
                  0.01    0.00    0.18 v _5847_/D (DFF_X1)
                                  0.18   data arrival time

                  0.00    0.01    0.01   clock clk (rise edge)
                          0.00    0.01   clock network delay (ideal)
                          0.00    0.01   clock reconvergence pessimism
                                  0.01 ^ _5847_/CK (DFF_X1)
                         -0.04   -0.03   library setup time
                                 -0.03   data required time
-----------------------------------------------------------------------------
                                 -0.03   data required time
                                 -0.18   data arrival time
-----------------------------------------------------------------------------
                                 -0.21   slack (VIOLATED)



==========================================================================
floorplan final report_power
--------------------------------------------------------------------------
Group                  Internal  Switching    Leakage      Total
                          Power      Power      Power      Power (Watts)
----------------------------------------------------------------
Sequential             3.05e-01   7.83e-03   4.05e-05   3.13e-01  56.1%
Combinational          1.28e-01   1.17e-01   7.33e-05   2.45e-01  43.9%
Clock                  0.00e+00   0.00e+00   0.00e+00   0.00e+00   0.0%
Macro                  0.00e+00   0.00e+00   0.00e+00   0.00e+00   0.0%
Pad                    0.00e+00   0.00e+00   0.00e+00   0.00e+00   0.0%
----------------------------------------------------------------
Total                  4.33e-01   1.25e-01   1.14e-04   5.58e-01 100.0%
                          77.6%      22.4%       0.0%

==========================================================================
floorplan final report_design_area
--------------------------------------------------------------------------
Design area 5000 u^2 1% utilization.

