OpenROAD v2.0-22532-gac667f3cc7 
Features included (+) or not (-): +GPU +GUI +Python
This program is licensed under the BSD-3 license. See the LICENSE file for details.
Components of this program may be licensed under more restrictive licenses which must be honored.
[INFO ODB-0227] LEF file: /project/cad-team/LX_Semicon/kmcho/EoR/pdk/Nangate45/Nangate45_tech.lef, created 22 layers, 27 vias
[INFO ODB-0227] LEF file: /project/cad-team/LX_Semicon/kmcho/EoR/pdk/Nangate45/Nangate45_stdcell.lef, created 135 library cells
[INFO IFP-0001] Added 593 rows of 4371 site FreePDK45_38x28_10R_NP_162NW_34O.
Default units for flow
 time 1ns
 capacitance 1fF
 resistance 1kohm
 voltage 1v
 current 1mA
 power 1nW
 distance 1um

==========================================================================
floorplan final check_setup
--------------------------------------------------------------------------
Warning: There are 65 input ports missing set_input_delay.
Warning: There are 32 output ports missing set_output_delay.
Warning: There are 32 unconstrained endpoints.

==========================================================================
floorplan final report_tns
--------------------------------------------------------------------------
tns max -31.89

==========================================================================
floorplan final report_wns
--------------------------------------------------------------------------
wns max -1.56

==========================================================================
floorplan final report_worst_slack
--------------------------------------------------------------------------
worst slack max -1.56

==========================================================================
floorplan final report_checks -path_delay min
--------------------------------------------------------------------------
[WARNING STA-0168] unknown field nets.
Startpoint: _4006_ (rising edge-triggered flip-flop clocked by clk)
Endpoint: _4006_ (rising edge-triggered flip-flop clocked by clk)
Path Group: clk
Path Type: min

Fanout     Cap    Slew   Delay    Time   Description
-----------------------------------------------------------------------------
                  0.00    0.00    0.00   clock clk (rise edge)
                          0.00    0.00   clock network delay (ideal)
                  0.00    0.00    0.00 ^ _4006_/CK (DFFR_X1)
     2    3.06    0.01    0.09    0.09 v _4006_/Q (DFFR_X1)
                  0.01    0.00    0.09 v _3888_/A (HA_X1)
     1    1.13    0.02    0.02    0.11 ^ _3888_/S (HA_X1)
                  0.02    0.00    0.11 ^ _4006_/D (DFFR_X1)
                                  0.11   data arrival time

                  0.00    0.00    0.00   clock clk (rise edge)
                          0.00    0.00   clock network delay (ideal)
                          0.00    0.00   clock reconvergence pessimism
                                  0.00 ^ _4006_/CK (DFFR_X1)
                          0.01    0.01   library hold time
                                  0.01   data required time
-----------------------------------------------------------------------------
                                  0.01   data required time
                                 -0.11   data arrival time
-----------------------------------------------------------------------------
                                  0.10   slack (MET)



==========================================================================
floorplan final report_checks -path_delay max
--------------------------------------------------------------------------
[WARNING STA-0168] unknown field nets.
Startpoint: _4021_ (rising edge-triggered flip-flop clocked by clk)
Endpoint: _4037_ (rising edge-triggered flip-flop clocked by clk)
Path Group: clk
Path Type: max

Fanout     Cap    Slew   Delay    Time   Description
-----------------------------------------------------------------------------
                  0.00    0.00    0.00   clock clk (rise edge)
                          0.00    0.00   clock network delay (ideal)
                  0.00    0.00    0.00 ^ _4021_/CK (DFFR_X1)
     1    3.61    0.01    0.07    0.07 v _4021_/QN (DFFR_X1)
                  0.01    0.00    0.07 v _3528_/A (FA_X1)
     1    2.66    0.02    0.10    0.17 v _3528_/S (FA_X1)
                  0.02    0.00    0.17 v _3530_/CI (FA_X1)
     1    2.76    0.01    0.12    0.29 ^ _3530_/S (FA_X1)
                  0.01    0.00    0.29 ^ _3533_/CI (FA_X1)
     1    2.66    0.02    0.09    0.38 v _3533_/S (FA_X1)
                  0.02    0.00    0.38 v _3538_/CI (FA_X1)
     1    2.76    0.01    0.12    0.49 ^ _3538_/S (FA_X1)
                  0.01    0.00    0.49 ^ _3539_/CI (FA_X1)
     1    2.66    0.02    0.09    0.59 v _3539_/S (FA_X1)
                  0.02    0.00    0.59 v _3540_/CI (FA_X1)
     1    1.70    0.01    0.11    0.70 ^ _3540_/S (FA_X1)
                  0.01    0.00    0.70 ^ _3083_/A (INV_X1)
     1    3.34    0.01    0.01    0.71 v _3083_/ZN (INV_X1)
                  0.01    0.00    0.71 v _3948_/B (HA_X1)
     1    3.34    0.01    0.06    0.77 v _3948_/S (HA_X1)
                  0.01    0.00    0.77 v _3949_/B (HA_X1)
     1    3.34    0.01    0.06    0.83 v _3949_/S (HA_X1)
                  0.01    0.00    0.83 v _3950_/B (HA_X1)
     4    8.24    0.02    0.07    0.89 v _3950_/S (HA_X1)
                  0.02    0.00    0.89 v _2832_/B1 (AOI21_X2)
     1    3.18    0.02    0.03    0.92 ^ _2832_/ZN (AOI21_X2)
                  0.02    0.00    0.92 ^ _2835_/A (OAI21_X2)
     1    5.77    0.01    0.02    0.95 v _2835_/ZN (OAI21_X2)
                  0.01    0.00    0.95 v _2841_/A (AOI21_X4)
     3   11.76    0.03    0.05    0.99 ^ _2841_/ZN (AOI21_X4)
                  0.03    0.00    0.99 ^ _2843_/B1 (OAI21_X4)
     3    7.93    0.01    0.02    1.01 v _2843_/ZN (OAI21_X4)
                  0.01    0.00    1.01 v _2844_/C2 (AOI221_X2)
     4   10.40    0.07    0.08    1.10 ^ _2844_/ZN (AOI221_X2)
                  0.07    0.00    1.10 ^ _2914_/A (INV_X1)
     1    3.21    0.02    0.01    1.11 v _2914_/ZN (INV_X1)
                  0.02    0.00    1.11 v _2921_/B1 (AOI221_X2)
     1    2.76    0.04    0.07    1.18 ^ _2921_/ZN (AOI221_X2)
                  0.04    0.00    1.18 ^ _3881_/CI (FA_X1)
     1    2.57    0.01    0.06    1.24 ^ _3881_/CO (FA_X1)
                  0.01    0.00    1.24 ^ _2946_/B (XNOR2_X1)
     1    2.57    0.02    0.04    1.28 ^ _2946_/ZN (XNOR2_X1)
                  0.02    0.00    1.28 ^ _2947_/B (XNOR2_X1)
     1    2.23    0.02    0.04    1.32 ^ _2947_/ZN (XNOR2_X1)
                  0.02    0.00    1.32 ^ _2951_/A (XNOR2_X1)
     1    4.00    0.03    0.05    1.37 ^ _2951_/ZN (XNOR2_X1)
                  0.03    0.00    1.37 ^ _2958_/A (XNOR2_X2)
     1    4.00    0.02    0.04    1.41 ^ _2958_/ZN (XNOR2_X2)
                  0.02    0.00    1.41 ^ _2970_/A (XNOR2_X2)
     1    4.84    0.02    0.04    1.45 ^ _2970_/ZN (XNOR2_X2)
                  0.02    0.00    1.45 ^ _2971_/B (XNOR2_X2)
     1    4.00    0.02    0.04    1.50 ^ _2971_/ZN (XNOR2_X2)
                  0.02    0.00    1.50 ^ _3017_/A (XNOR2_X2)
     1    1.13    0.01    0.04    1.53 ^ _3017_/ZN (XNOR2_X2)
                  0.01    0.00    1.53 ^ _4037_/D (DFFR_X1)
                                  1.53   data arrival time

                  0.00    0.01    0.01   clock clk (rise edge)
                          0.00    0.01   clock network delay (ideal)
                          0.00    0.01   clock reconvergence pessimism
                                  0.01 ^ _4037_/CK (DFFR_X1)
                         -0.03   -0.02   library setup time
                                 -0.02   data required time
-----------------------------------------------------------------------------
                                 -0.02   data required time
                                 -1.53   data arrival time
-----------------------------------------------------------------------------
                                 -1.56   slack (VIOLATED)



==========================================================================
floorplan final report_checks -unconstrained
--------------------------------------------------------------------------
[WARNING STA-0168] unknown field nets.
Startpoint: _4021_ (rising edge-triggered flip-flop clocked by clk)
Endpoint: _4037_ (rising edge-triggered flip-flop clocked by clk)
Path Group: clk
Path Type: max

Fanout     Cap    Slew   Delay    Time   Description
-----------------------------------------------------------------------------
                  0.00    0.00    0.00   clock clk (rise edge)
                          0.00    0.00   clock network delay (ideal)
                  0.00    0.00    0.00 ^ _4021_/CK (DFFR_X1)
     1    3.61    0.01    0.07    0.07 v _4021_/QN (DFFR_X1)
                  0.01    0.00    0.07 v _3528_/A (FA_X1)
     1    2.66    0.02    0.10    0.17 v _3528_/S (FA_X1)
                  0.02    0.00    0.17 v _3530_/CI (FA_X1)
     1    2.76    0.01    0.12    0.29 ^ _3530_/S (FA_X1)
                  0.01    0.00    0.29 ^ _3533_/CI (FA_X1)
     1    2.66    0.02    0.09    0.38 v _3533_/S (FA_X1)
                  0.02    0.00    0.38 v _3538_/CI (FA_X1)
     1    2.76    0.01    0.12    0.49 ^ _3538_/S (FA_X1)
                  0.01    0.00    0.49 ^ _3539_/CI (FA_X1)
     1    2.66    0.02    0.09    0.59 v _3539_/S (FA_X1)
                  0.02    0.00    0.59 v _3540_/CI (FA_X1)
     1    1.70    0.01    0.11    0.70 ^ _3540_/S (FA_X1)
                  0.01    0.00    0.70 ^ _3083_/A (INV_X1)
     1    3.34    0.01    0.01    0.71 v _3083_/ZN (INV_X1)
                  0.01    0.00    0.71 v _3948_/B (HA_X1)
     1    3.34    0.01    0.06    0.77 v _3948_/S (HA_X1)
                  0.01    0.00    0.77 v _3949_/B (HA_X1)
     1    3.34    0.01    0.06    0.83 v _3949_/S (HA_X1)
                  0.01    0.00    0.83 v _3950_/B (HA_X1)
     4    8.24    0.02    0.07    0.89 v _3950_/S (HA_X1)
                  0.02    0.00    0.89 v _2832_/B1 (AOI21_X2)
     1    3.18    0.02    0.03    0.92 ^ _2832_/ZN (AOI21_X2)
                  0.02    0.00    0.92 ^ _2835_/A (OAI21_X2)
     1    5.77    0.01    0.02    0.95 v _2835_/ZN (OAI21_X2)
                  0.01    0.00    0.95 v _2841_/A (AOI21_X4)
     3   11.76    0.03    0.05    0.99 ^ _2841_/ZN (AOI21_X4)
                  0.03    0.00    0.99 ^ _2843_/B1 (OAI21_X4)
     3    7.93    0.01    0.02    1.01 v _2843_/ZN (OAI21_X4)
                  0.01    0.00    1.01 v _2844_/C2 (AOI221_X2)
     4   10.40    0.07    0.08    1.10 ^ _2844_/ZN (AOI221_X2)
                  0.07    0.00    1.10 ^ _2914_/A (INV_X1)
     1    3.21    0.02    0.01    1.11 v _2914_/ZN (INV_X1)
                  0.02    0.00    1.11 v _2921_/B1 (AOI221_X2)
     1    2.76    0.04    0.07    1.18 ^ _2921_/ZN (AOI221_X2)
                  0.04    0.00    1.18 ^ _3881_/CI (FA_X1)
     1    2.57    0.01    0.06    1.24 ^ _3881_/CO (FA_X1)
                  0.01    0.00    1.24 ^ _2946_/B (XNOR2_X1)
     1    2.57    0.02    0.04    1.28 ^ _2946_/ZN (XNOR2_X1)
                  0.02    0.00    1.28 ^ _2947_/B (XNOR2_X1)
     1    2.23    0.02    0.04    1.32 ^ _2947_/ZN (XNOR2_X1)
                  0.02    0.00    1.32 ^ _2951_/A (XNOR2_X1)
     1    4.00    0.03    0.05    1.37 ^ _2951_/ZN (XNOR2_X1)
                  0.03    0.00    1.37 ^ _2958_/A (XNOR2_X2)
     1    4.00    0.02    0.04    1.41 ^ _2958_/ZN (XNOR2_X2)
                  0.02    0.00    1.41 ^ _2970_/A (XNOR2_X2)
     1    4.84    0.02    0.04    1.45 ^ _2970_/ZN (XNOR2_X2)
                  0.02    0.00    1.45 ^ _2971_/B (XNOR2_X2)
     1    4.00    0.02    0.04    1.50 ^ _2971_/ZN (XNOR2_X2)
                  0.02    0.00    1.50 ^ _3017_/A (XNOR2_X2)
     1    1.13    0.01    0.04    1.53 ^ _3017_/ZN (XNOR2_X2)
                  0.01    0.00    1.53 ^ _4037_/D (DFFR_X1)
                                  1.53   data arrival time

                  0.00    0.01    0.01   clock clk (rise edge)
                          0.00    0.01   clock network delay (ideal)
                          0.00    0.01   clock reconvergence pessimism
                                  0.01 ^ _4037_/CK (DFFR_X1)
                         -0.03   -0.02   library setup time
                                 -0.02   data required time
-----------------------------------------------------------------------------
                                 -0.02   data required time
                                 -1.53   data arrival time
-----------------------------------------------------------------------------
                                 -1.56   slack (VIOLATED)



==========================================================================
floorplan final report_power
--------------------------------------------------------------------------
Group                  Internal  Switching    Leakage      Total
                          Power      Power      Power      Power (Watts)
----------------------------------------------------------------
Sequential             3.54e-02   5.14e-03   2.76e-06   4.05e-02   9.0%
Combinational          2.50e-01   1.59e-01   6.80e-05   4.10e-01  91.0%
Clock                  0.00e+00   0.00e+00   0.00e+00   0.00e+00   0.0%
Macro                  0.00e+00   0.00e+00   0.00e+00   0.00e+00   0.0%
Pad                    0.00e+00   0.00e+00   0.00e+00   0.00e+00   0.0%
----------------------------------------------------------------
Total                  2.86e-01   1.65e-01   7.07e-05   4.50e-01 100.0%
                          63.4%      36.5%       0.0%

==========================================================================
floorplan final report_design_area
--------------------------------------------------------------------------
Design area 3450 u^2 1% utilization.

