OpenROAD v2.0-22532-gac667f3cc7 
Features included (+) or not (-): +GPU +GUI +Python
This program is licensed under the BSD-3 license. See the LICENSE file for details.
Components of this program may be licensed under more restrictive licenses which must be honored.
[INFO ODB-0227] LEF file: /project/cad-team/LX_Semicon/kmcho/EoR/pdk/Nangate45/Nangate45_tech.lef, created 22 layers, 27 vias
[INFO ODB-0227] LEF file: /project/cad-team/LX_Semicon/kmcho/EoR/pdk/Nangate45/Nangate45_stdcell.lef, created 135 library cells
[INFO IFP-0001] Added 1728 rows of 12733 site FreePDK45_38x28_10R_NP_162NW_34O.
Default units for flow
 time 1ns
 capacitance 1fF
 resistance 1kohm
 voltage 1v
 current 1mA
 power 1nW
 distance 1um

==========================================================================
floorplan final check_setup
--------------------------------------------------------------------------
Warning: There are 257 input ports missing set_input_delay.
Warning: There are 256 output ports missing set_output_delay.
Warning: There are 256 unconstrained endpoints.

==========================================================================
floorplan final report_tns
--------------------------------------------------------------------------
tns max -257.38

==========================================================================
floorplan final report_wns
--------------------------------------------------------------------------
wns max -1.17

==========================================================================
floorplan final report_worst_slack
--------------------------------------------------------------------------
worst slack max -1.17

==========================================================================
floorplan final report_checks -path_delay min
--------------------------------------------------------------------------
[WARNING STA-0168] unknown field nets.
Startpoint: _42933_ (rising edge-triggered flip-flop clocked by clk)
Endpoint: _42934_ (rising edge-triggered flip-flop clocked by clk)
Path Group: clk
Path Type: min

Fanout     Cap    Slew   Delay    Time   Description
-----------------------------------------------------------------------------
                  0.00    0.00    0.00   clock clk (rise edge)
                          0.00    0.00   clock network delay (ideal)
                  0.00    0.00    0.00 ^ _42933_/CK (DFF_X1)
     4   11.80    0.03    0.09    0.09 ^ _42933_/QN (DFF_X1)
                  0.03    0.00    0.09 ^ _37778_/A1 (NOR2_X1)
     1    2.37    0.01    0.01    0.10 v _37778_/ZN (NOR2_X1)
                  0.01    0.00    0.10 v _37779_/B (XNOR2_X1)
     1    2.57    0.01    0.03    0.14 ^ _37779_/ZN (XNOR2_X1)
                  0.01    0.00    0.14 ^ _37780_/B (XNOR2_X1)
     1    1.50    0.01    0.02    0.15 v _37780_/ZN (XNOR2_X1)
                  0.01    0.00    0.15 v _37782_/B (OAI211_X1)
     1    1.71    0.01    0.02    0.18 ^ _37782_/ZN (OAI211_X1)
                  0.01    0.00    0.18 ^ _37783_/C2 (AOI221_X1)
     1    1.06    0.01    0.01    0.19 v _37783_/ZN (AOI221_X1)
                  0.01    0.00    0.19 v _42934_/D (DFF_X1)
                                  0.19   data arrival time

                  0.00    0.00    0.00   clock clk (rise edge)
                          0.00    0.00   clock network delay (ideal)
                          0.00    0.00   clock reconvergence pessimism
                                  0.00 ^ _42934_/CK (DFF_X1)
                          0.00    0.00   library hold time
                                  0.00   data required time
-----------------------------------------------------------------------------
                                  0.00   data required time
                                 -0.19   data arrival time
-----------------------------------------------------------------------------
                                  0.19   slack (MET)



==========================================================================
floorplan final report_checks -path_delay max
--------------------------------------------------------------------------
[WARNING STA-0168] unknown field nets.
Startpoint: _42863_ (rising edge-triggered flip-flop clocked by clk)
Endpoint: _42878_ (rising edge-triggered flip-flop clocked by clk)
Path Group: clk
Path Type: max

Fanout     Cap    Slew   Delay    Time   Description
-----------------------------------------------------------------------------
                  0.00    0.00    0.00   clock clk (rise edge)
                          0.00    0.00   clock network delay (ideal)
                  0.00    0.00    0.00 ^ _42863_/CK (DFF_X1)
     6   14.24    0.04    0.11    0.11 ^ _42863_/Q (DFF_X1)
                  0.04    0.00    0.11 ^ _26360_/A (BUF_X1)
     4    7.47    0.02    0.04    0.16 ^ _26360_/Z (BUF_X1)
                  0.02    0.00    0.16 ^ _26361_/A (BUF_X2)
    10   18.77    0.02    0.04    0.20 ^ _26361_/Z (BUF_X2)
                  0.02    0.00    0.20 ^ _26365_/A (BUF_X2)
    10   16.40    0.02    0.04    0.24 ^ _26365_/Z (BUF_X2)
                  0.02    0.00    0.24 ^ _26366_/A (BUF_X1)
    10   15.15    0.04    0.06    0.30 ^ _26366_/Z (BUF_X1)
                  0.04    0.00    0.30 ^ _26367_/A (BUF_X1)
    10   16.97    0.04    0.07    0.37 ^ _26367_/Z (BUF_X1)
                  0.04    0.00    0.37 ^ _27717_/A1 (NOR2_X1)
     1    1.54    0.01    0.01    0.38 v _27717_/ZN (NOR2_X1)
                  0.01    0.00    0.38 v _27718_/A (AOI21_X1)
     2    4.85    0.04    0.06    0.43 ^ _27718_/ZN (AOI21_X1)
                  0.04    0.00    0.43 ^ _40910_/A (HA_X1)
     1    3.45    0.01    0.04    0.48 ^ _40910_/CO (HA_X1)
                  0.01    0.00    0.48 ^ _40908_/B (HA_X1)
     1    0.95    0.02    0.04    0.52 ^ _40908_/S (HA_X1)
                  0.02    0.00    0.52 ^ _27719_/A (MUX2_X1)
     2    4.84    0.02    0.05    0.57 ^ _27719_/Z (MUX2_X1)
                  0.02    0.00    0.57 ^ _40909_/A (HA_X1)
     2    3.36    0.03    0.06    0.62 ^ _40909_/S (HA_X1)
                  0.03    0.00    0.62 ^ _27725_/A (INV_X1)
     1    1.45    0.01    0.01    0.63 v _27725_/ZN (INV_X1)
                  0.01    0.00    0.63 v _27726_/B1 (AOI21_X1)
     2    4.83    0.04    0.04    0.67 ^ _27726_/ZN (AOI21_X1)
                  0.04    0.00    0.67 ^ _40911_/A (HA_X1)
     1    0.97    0.02    0.05    0.72 ^ _40911_/S (HA_X1)
                  0.02    0.00    0.72 ^ _27738_/A2 (AND2_X1)
     2    3.29    0.01    0.04    0.76 ^ _27738_/ZN (AND2_X1)
                  0.01    0.00    0.76 ^ _27739_/A (AOI21_X1)
     1    1.55    0.01    0.01    0.77 v _27739_/ZN (AOI21_X1)
                  0.01    0.00    0.77 v _27740_/A (INV_X1)
     1    3.19    0.01    0.02    0.79 ^ _27740_/ZN (INV_X1)
                  0.01    0.00    0.79 ^ _40913_/A (HA_X1)
     1    1.66    0.02    0.05    0.84 ^ _40913_/S (HA_X1)
                  0.02    0.00    0.84 ^ _27755_/A2 (NAND2_X1)
     1    1.53    0.01    0.02    0.86 v _27755_/ZN (NAND2_X1)
                  0.01    0.00    0.86 v _27761_/A (OAI211_X1)
     2    4.13    0.03    0.03    0.88 ^ _27761_/ZN (OAI211_X1)
                  0.03    0.00    0.88 ^ _40915_/A (HA_X1)
     1    1.60    0.01    0.04    0.92 ^ _40915_/CO (HA_X1)
                  0.01    0.00    0.92 ^ _36592_/A1 (NAND2_X1)
     1    2.13    0.01    0.01    0.93 v _36592_/ZN (NAND2_X1)
                  0.01    0.00    0.93 v _36594_/A (XNOR2_X1)
     1    2.37    0.01    0.04    0.97 v _36594_/ZN (XNOR2_X1)
                  0.01    0.00    0.97 v _36595_/B (XNOR2_X1)
     1    0.89    0.01    0.04    1.01 v _36595_/ZN (XNOR2_X1)
                  0.01    0.00    1.01 v _36596_/A4 (OR4_X1)
     1    1.46    0.02    0.12    1.12 v _36596_/ZN (OR4_X1)
                  0.02    0.00    1.12 v _36599_/B1 (OAI21_X1)
     1    1.14    0.02    0.03    1.15 ^ _36599_/ZN (OAI21_X1)
                  0.02    0.00    1.15 ^ _42878_/D (DFF_X1)
                                  1.15   data arrival time

                  0.00    0.01    0.01   clock clk (rise edge)
                          0.00    0.01   clock network delay (ideal)
                          0.00    0.01   clock reconvergence pessimism
                                  0.01 ^ _42878_/CK (DFF_X1)
                         -0.03   -0.02   library setup time
                                 -0.02   data required time
-----------------------------------------------------------------------------
                                 -0.02   data required time
                                 -1.15   data arrival time
-----------------------------------------------------------------------------
                                 -1.17   slack (VIOLATED)



==========================================================================
floorplan final report_checks -unconstrained
--------------------------------------------------------------------------
[WARNING STA-0168] unknown field nets.
Startpoint: _42863_ (rising edge-triggered flip-flop clocked by clk)
Endpoint: _42878_ (rising edge-triggered flip-flop clocked by clk)
Path Group: clk
Path Type: max

Fanout     Cap    Slew   Delay    Time   Description
-----------------------------------------------------------------------------
                  0.00    0.00    0.00   clock clk (rise edge)
                          0.00    0.00   clock network delay (ideal)
                  0.00    0.00    0.00 ^ _42863_/CK (DFF_X1)
     6   14.24    0.04    0.11    0.11 ^ _42863_/Q (DFF_X1)
                  0.04    0.00    0.11 ^ _26360_/A (BUF_X1)
     4    7.47    0.02    0.04    0.16 ^ _26360_/Z (BUF_X1)
                  0.02    0.00    0.16 ^ _26361_/A (BUF_X2)
    10   18.77    0.02    0.04    0.20 ^ _26361_/Z (BUF_X2)
                  0.02    0.00    0.20 ^ _26365_/A (BUF_X2)
    10   16.40    0.02    0.04    0.24 ^ _26365_/Z (BUF_X2)
                  0.02    0.00    0.24 ^ _26366_/A (BUF_X1)
    10   15.15    0.04    0.06    0.30 ^ _26366_/Z (BUF_X1)
                  0.04    0.00    0.30 ^ _26367_/A (BUF_X1)
    10   16.97    0.04    0.07    0.37 ^ _26367_/Z (BUF_X1)
                  0.04    0.00    0.37 ^ _27717_/A1 (NOR2_X1)
     1    1.54    0.01    0.01    0.38 v _27717_/ZN (NOR2_X1)
                  0.01    0.00    0.38 v _27718_/A (AOI21_X1)
     2    4.85    0.04    0.06    0.43 ^ _27718_/ZN (AOI21_X1)
                  0.04    0.00    0.43 ^ _40910_/A (HA_X1)
     1    3.45    0.01    0.04    0.48 ^ _40910_/CO (HA_X1)
                  0.01    0.00    0.48 ^ _40908_/B (HA_X1)
     1    0.95    0.02    0.04    0.52 ^ _40908_/S (HA_X1)
                  0.02    0.00    0.52 ^ _27719_/A (MUX2_X1)
     2    4.84    0.02    0.05    0.57 ^ _27719_/Z (MUX2_X1)
                  0.02    0.00    0.57 ^ _40909_/A (HA_X1)
     2    3.36    0.03    0.06    0.62 ^ _40909_/S (HA_X1)
                  0.03    0.00    0.62 ^ _27725_/A (INV_X1)
     1    1.45    0.01    0.01    0.63 v _27725_/ZN (INV_X1)
                  0.01    0.00    0.63 v _27726_/B1 (AOI21_X1)
     2    4.83    0.04    0.04    0.67 ^ _27726_/ZN (AOI21_X1)
                  0.04    0.00    0.67 ^ _40911_/A (HA_X1)
     1    0.97    0.02    0.05    0.72 ^ _40911_/S (HA_X1)
                  0.02    0.00    0.72 ^ _27738_/A2 (AND2_X1)
     2    3.29    0.01    0.04    0.76 ^ _27738_/ZN (AND2_X1)
                  0.01    0.00    0.76 ^ _27739_/A (AOI21_X1)
     1    1.55    0.01    0.01    0.77 v _27739_/ZN (AOI21_X1)
                  0.01    0.00    0.77 v _27740_/A (INV_X1)
     1    3.19    0.01    0.02    0.79 ^ _27740_/ZN (INV_X1)
                  0.01    0.00    0.79 ^ _40913_/A (HA_X1)
     1    1.66    0.02    0.05    0.84 ^ _40913_/S (HA_X1)
                  0.02    0.00    0.84 ^ _27755_/A2 (NAND2_X1)
     1    1.53    0.01    0.02    0.86 v _27755_/ZN (NAND2_X1)
                  0.01    0.00    0.86 v _27761_/A (OAI211_X1)
     2    4.13    0.03    0.03    0.88 ^ _27761_/ZN (OAI211_X1)
                  0.03    0.00    0.88 ^ _40915_/A (HA_X1)
     1    1.60    0.01    0.04    0.92 ^ _40915_/CO (HA_X1)
                  0.01    0.00    0.92 ^ _36592_/A1 (NAND2_X1)
     1    2.13    0.01    0.01    0.93 v _36592_/ZN (NAND2_X1)
                  0.01    0.00    0.93 v _36594_/A (XNOR2_X1)
     1    2.37    0.01    0.04    0.97 v _36594_/ZN (XNOR2_X1)
                  0.01    0.00    0.97 v _36595_/B (XNOR2_X1)
     1    0.89    0.01    0.04    1.01 v _36595_/ZN (XNOR2_X1)
                  0.01    0.00    1.01 v _36596_/A4 (OR4_X1)
     1    1.46    0.02    0.12    1.12 v _36596_/ZN (OR4_X1)
                  0.02    0.00    1.12 v _36599_/B1 (OAI21_X1)
     1    1.14    0.02    0.03    1.15 ^ _36599_/ZN (OAI21_X1)
                  0.02    0.00    1.15 ^ _42878_/D (DFF_X1)
                                  1.15   data arrival time

                  0.00    0.01    0.01   clock clk (rise edge)
                          0.00    0.01   clock network delay (ideal)
                          0.00    0.01   clock reconvergence pessimism
                                  0.01 ^ _42878_/CK (DFF_X1)
                         -0.03   -0.02   library setup time
                                 -0.02   data required time
-----------------------------------------------------------------------------
                                 -0.02   data required time
                                 -1.15   data arrival time
-----------------------------------------------------------------------------
                                 -1.17   slack (VIOLATED)



==========================================================================
floorplan final report_power
--------------------------------------------------------------------------
Group                  Internal  Switching    Leakage      Total
                          Power      Power      Power      Power (Watts)
----------------------------------------------------------------
Sequential             1.98e-01   1.49e-01   2.02e-05   3.47e-01   6.8%
Combinational          2.74e+00   2.02e+00   6.23e-04   4.76e+00  93.2%
Clock                  0.00e+00   0.00e+00   0.00e+00   0.00e+00   0.0%
Macro                  0.00e+00   0.00e+00   0.00e+00   0.00e+00   0.0%
Pad                    0.00e+00   0.00e+00   0.00e+00   0.00e+00   0.0%
----------------------------------------------------------------
Total                  2.94e+00   2.17e+00   6.43e-04   5.11e+00 100.0%
                          57.5%      42.4%       0.0%

==========================================================================
floorplan final report_design_area
--------------------------------------------------------------------------
Design area 29268 u^2 1% utilization.

