OpenROAD v2.0-22532-gac667f3cc7 
Features included (+) or not (-): +GPU +GUI +Python
This program is licensed under the BSD-3 license. See the LICENSE file for details.
Components of this program may be licensed under more restrictive licenses which must be honored.
[INFO ODB-0227] LEF file: /project/cad-team/LX_Semicon/kmcho/EoR/pdk/Nangate45/Nangate45_tech.lef, created 22 layers, 27 vias
[INFO ODB-0227] LEF file: /project/cad-team/LX_Semicon/kmcho/EoR/pdk/Nangate45/Nangate45_stdcell.lef, created 135 library cells
[INFO IFP-0001] Added 948 rows of 6991 site FreePDK45_38x28_10R_NP_162NW_34O.
Default units for flow
 time 1ns
 capacitance 1fF
 resistance 1kohm
 voltage 1v
 current 1mA
 power 1nW
 distance 1um

==========================================================================
floorplan final check_setup
--------------------------------------------------------------------------
Warning: There are 257 input ports missing set_input_delay.
Warning: There are 256 output ports missing set_output_delay.
Warning: There are 256 unconstrained endpoints.

==========================================================================
floorplan final report_tns
--------------------------------------------------------------------------
tns max -179.53

==========================================================================
floorplan final report_wns
--------------------------------------------------------------------------
wns max -0.74

==========================================================================
floorplan final report_worst_slack
--------------------------------------------------------------------------
worst slack max -0.74

==========================================================================
floorplan final report_checks -path_delay min
--------------------------------------------------------------------------
[WARNING STA-0168] unknown field nets.
Startpoint: _9438_ (rising edge-triggered flip-flop clocked by clk)
Endpoint: _9438_ (rising edge-triggered flip-flop clocked by clk)
Path Group: clk
Path Type: min

Fanout     Cap    Slew   Delay    Time   Description
-----------------------------------------------------------------------------
                  0.00    0.00    0.00   clock clk (rise edge)
                          0.00    0.00   clock network delay (ideal)
                  0.00    0.00    0.00 ^ _9438_/CK (DFF_X1)
     2    1.56    0.01    0.08    0.08 v _9438_/Q (DFF_X1)
                  0.01    0.00    0.08 v _7596_/A2 (NOR2_X1)
     1    1.61    0.02    0.03    0.11 ^ _7596_/ZN (NOR2_X1)
                  0.02    0.00    0.11 ^ _7597_/A4 (NOR4_X1)
     1    0.91    0.00    0.01    0.12 v _7597_/ZN (NOR4_X1)
                  0.00    0.00    0.12 v _7598_/A (MUX2_X1)
     1    1.06    0.01    0.05    0.17 v _7598_/Z (MUX2_X1)
                  0.01    0.00    0.17 v _9438_/D (DFF_X1)
                                  0.17   data arrival time

                  0.00    0.00    0.00   clock clk (rise edge)
                          0.00    0.00   clock network delay (ideal)
                          0.00    0.00   clock reconvergence pessimism
                                  0.00 ^ _9438_/CK (DFF_X1)
                          0.00    0.00   library hold time
                                  0.00   data required time
-----------------------------------------------------------------------------
                                  0.00   data required time
                                 -0.17   data arrival time
-----------------------------------------------------------------------------
                                  0.17   slack (MET)



==========================================================================
floorplan final report_checks -path_delay max
--------------------------------------------------------------------------
[WARNING STA-0168] unknown field nets.
Startpoint: _9201_ (rising edge-triggered flip-flop clocked by clk)
Endpoint: _9200_ (rising edge-triggered flip-flop clocked by clk)
Path Group: clk
Path Type: max

Fanout     Cap    Slew   Delay    Time   Description
-----------------------------------------------------------------------------
                  0.00    0.00    0.00   clock clk (rise edge)
                          0.00    0.00   clock network delay (ideal)
                  0.00    0.00    0.00 ^ _9201_/CK (DFF_X1)
    10   29.68    0.07    0.15    0.15 ^ _9201_/Q (DFF_X1)
                  0.07    0.00    0.15 ^ _8686_/B (FA_X1)
     1    1.55    0.01    0.10    0.25 v _8686_/S (FA_X1)
                  0.01    0.00    0.25 v _5843_/A (INV_X1)
     1    2.76    0.01    0.02    0.27 ^ _5843_/ZN (INV_X1)
                  0.01    0.00    0.27 ^ _7664_/CI (FA_X1)
     1    2.66    0.02    0.09    0.36 v _7664_/S (FA_X1)
                  0.02    0.00    0.36 v _7665_/CI (FA_X1)
     1    1.70    0.01    0.11    0.48 ^ _7665_/S (FA_X1)
                  0.01    0.00    0.48 ^ _5919_/A (INV_X1)
     1    3.34    0.01    0.01    0.49 v _5919_/ZN (INV_X1)
                  0.01    0.00    0.49 v _8687_/B (HA_X1)
     1    3.40    0.01    0.03    0.52 v _8687_/CO (HA_X1)
                  0.01    0.00    0.52 v _7666_/B (FA_X1)
     1    1.70    0.01    0.12    0.64 ^ _7666_/S (FA_X1)
                  0.01    0.00    0.64 ^ _6618_/A (INV_X1)
     1    1.34    0.00    0.01    0.64 v _6618_/ZN (INV_X1)
                  0.00    0.00    0.64 v _6620_/A1 (NOR4_X1)
     1    0.95    0.04    0.04    0.68 ^ _6620_/ZN (NOR4_X1)
                  0.04    0.00    0.68 ^ _6621_/A (MUX2_X1)
     1    1.14    0.01    0.04    0.72 ^ _6621_/Z (MUX2_X1)
                  0.01    0.00    0.72 ^ _9200_/D (DFF_X1)
                                  0.72   data arrival time

                  0.00    0.01    0.01   clock clk (rise edge)
                          0.00    0.01   clock network delay (ideal)
                          0.00    0.01   clock reconvergence pessimism
                                  0.01 ^ _9200_/CK (DFF_X1)
                         -0.03   -0.02   library setup time
                                 -0.02   data required time
-----------------------------------------------------------------------------
                                 -0.02   data required time
                                 -0.72   data arrival time
-----------------------------------------------------------------------------
                                 -0.74   slack (VIOLATED)



==========================================================================
floorplan final report_checks -unconstrained
--------------------------------------------------------------------------
[WARNING STA-0168] unknown field nets.
Startpoint: _9201_ (rising edge-triggered flip-flop clocked by clk)
Endpoint: _9200_ (rising edge-triggered flip-flop clocked by clk)
Path Group: clk
Path Type: max

Fanout     Cap    Slew   Delay    Time   Description
-----------------------------------------------------------------------------
                  0.00    0.00    0.00   clock clk (rise edge)
                          0.00    0.00   clock network delay (ideal)
                  0.00    0.00    0.00 ^ _9201_/CK (DFF_X1)
    10   29.68    0.07    0.15    0.15 ^ _9201_/Q (DFF_X1)
                  0.07    0.00    0.15 ^ _8686_/B (FA_X1)
     1    1.55    0.01    0.10    0.25 v _8686_/S (FA_X1)
                  0.01    0.00    0.25 v _5843_/A (INV_X1)
     1    2.76    0.01    0.02    0.27 ^ _5843_/ZN (INV_X1)
                  0.01    0.00    0.27 ^ _7664_/CI (FA_X1)
     1    2.66    0.02    0.09    0.36 v _7664_/S (FA_X1)
                  0.02    0.00    0.36 v _7665_/CI (FA_X1)
     1    1.70    0.01    0.11    0.48 ^ _7665_/S (FA_X1)
                  0.01    0.00    0.48 ^ _5919_/A (INV_X1)
     1    3.34    0.01    0.01    0.49 v _5919_/ZN (INV_X1)
                  0.01    0.00    0.49 v _8687_/B (HA_X1)
     1    3.40    0.01    0.03    0.52 v _8687_/CO (HA_X1)
                  0.01    0.00    0.52 v _7666_/B (FA_X1)
     1    1.70    0.01    0.12    0.64 ^ _7666_/S (FA_X1)
                  0.01    0.00    0.64 ^ _6618_/A (INV_X1)
     1    1.34    0.00    0.01    0.64 v _6618_/ZN (INV_X1)
                  0.00    0.00    0.64 v _6620_/A1 (NOR4_X1)
     1    0.95    0.04    0.04    0.68 ^ _6620_/ZN (NOR4_X1)
                  0.04    0.00    0.68 ^ _6621_/A (MUX2_X1)
     1    1.14    0.01    0.04    0.72 ^ _6621_/Z (MUX2_X1)
                  0.01    0.00    0.72 ^ _9200_/D (DFF_X1)
                                  0.72   data arrival time

                  0.00    0.01    0.01   clock clk (rise edge)
                          0.00    0.01   clock network delay (ideal)
                          0.00    0.01   clock reconvergence pessimism
                                  0.01 ^ _9200_/CK (DFF_X1)
                         -0.03   -0.02   library setup time
                                 -0.02   data required time
-----------------------------------------------------------------------------
                                 -0.02   data required time
                                 -0.72   data arrival time
-----------------------------------------------------------------------------
                                 -0.74   slack (VIOLATED)



==========================================================================
floorplan final report_power
--------------------------------------------------------------------------
Group                  Internal  Switching    Leakage      Total
                          Power      Power      Power      Power (Watts)
----------------------------------------------------------------
Sequential             1.81e-01   1.40e-01   2.03e-05   3.21e-01  17.8%
Combinational          9.56e-01   5.23e-01   1.60e-04   1.48e+00  82.2%
Clock                  0.00e+00   0.00e+00   0.00e+00   0.00e+00   0.0%
Macro                  0.00e+00   0.00e+00   0.00e+00   0.00e+00   0.0%
Pad                    0.00e+00   0.00e+00   0.00e+00   0.00e+00   0.0%
----------------------------------------------------------------
Total                  1.14e+00   6.63e-01   1.80e-04   1.80e+00 100.0%
                          63.2%      36.8%       0.0%

==========================================================================
floorplan final report_design_area
--------------------------------------------------------------------------
Design area 8822 u^2 1% utilization.

