OpenROAD v2.0-22532-gac667f3cc7 
Features included (+) or not (-): +GPU +GUI +Python
This program is licensed under the BSD-3 license. See the LICENSE file for details.
Components of this program may be licensed under more restrictive licenses which must be honored.
[INFO ODB-0227] LEF file: /project/cad-team/LX_Semicon/kmcho/EoR/pdk/Nangate45/Nangate45_tech.lef, created 22 layers, 27 vias
[INFO ODB-0227] LEF file: /project/cad-team/LX_Semicon/kmcho/EoR/pdk/Nangate45/Nangate45_stdcell.lef, created 135 library cells
[INFO IFP-0001] Added 1360 rows of 10023 site FreePDK45_38x28_10R_NP_162NW_34O.
Default units for flow
 time 1ns
 capacitance 1fF
 resistance 1kohm
 voltage 1v
 current 1mA
 power 1nW
 distance 1um

==========================================================================
floorplan final check_setup
--------------------------------------------------------------------------
Warning: There are 257 input ports missing set_input_delay.
Warning: There are 256 output ports missing set_output_delay.
Warning: There are 256 unconstrained endpoints.

==========================================================================
floorplan final report_tns
--------------------------------------------------------------------------
tns max -206.35

==========================================================================
floorplan final report_wns
--------------------------------------------------------------------------
wns max -0.84

==========================================================================
floorplan final report_worst_slack
--------------------------------------------------------------------------
worst slack max -0.84

==========================================================================
floorplan final report_checks -path_delay min
--------------------------------------------------------------------------
[WARNING STA-0168] unknown field nets.
Startpoint: _20312_ (rising edge-triggered flip-flop clocked by clk)
Endpoint: _20312_ (rising edge-triggered flip-flop clocked by clk)
Path Group: clk
Path Type: min

Fanout     Cap    Slew   Delay    Time   Description
-----------------------------------------------------------------------------
                  0.00    0.00    0.00   clock clk (rise edge)
                          0.00    0.00   clock network delay (ideal)
                  0.00    0.00    0.00 ^ _20312_/CK (DFF_X1)
    10   25.90    0.03    0.11    0.11 v _20312_/Q (DFF_X1)
                  0.03    0.00    0.11 v _13795_/C1 (OAI211_X1)
     1    1.57    0.01    0.04    0.15 ^ _13795_/ZN (OAI211_X1)
                  0.01    0.00    0.15 ^ _13796_/B2 (OAI21_X1)
     1    1.06    0.01    0.02    0.16 v _13796_/ZN (OAI21_X1)
                  0.01    0.00    0.16 v _20312_/D (DFF_X1)
                                  0.16   data arrival time

                  0.00    0.00    0.00   clock clk (rise edge)
                          0.00    0.00   clock network delay (ideal)
                          0.00    0.00   clock reconvergence pessimism
                                  0.00 ^ _20312_/CK (DFF_X1)
                          0.00    0.00   library hold time
                                  0.00   data required time
-----------------------------------------------------------------------------
                                  0.00   data required time
                                 -0.16   data arrival time
-----------------------------------------------------------------------------
                                  0.16   slack (MET)



==========================================================================
floorplan final report_checks -path_delay max
--------------------------------------------------------------------------
[WARNING STA-0168] unknown field nets.
Startpoint: _20329_ (rising edge-triggered flip-flop clocked by clk)
Endpoint: _20345_ (rising edge-triggered flip-flop clocked by clk)
Path Group: clk
Path Type: max

Fanout     Cap    Slew   Delay    Time   Description
-----------------------------------------------------------------------------
                  0.00    0.00    0.00   clock clk (rise edge)
                          0.00    0.00   clock network delay (ideal)
                  0.00    0.00    0.00 ^ _20329_/CK (DFF_X1)
     3   10.40    0.02    0.08    0.08 v _20329_/QN (DFF_X1)
                  0.02    0.00    0.08 v _15611_/B (FA_X1)
     1    1.70    0.01    0.12    0.21 ^ _15611_/S (FA_X1)
                  0.01    0.00    0.21 ^ _13361_/A (INV_X1)
     1    3.34    0.01    0.01    0.22 v _13361_/ZN (INV_X1)
                  0.01    0.00    0.22 v _17228_/B (HA_X1)
     2    6.66    0.01    0.04    0.25 v _17228_/CO (HA_X1)
                  0.01    0.00    0.25 v _15612_/A (FA_X1)
     1    3.45    0.01    0.12    0.37 ^ _15612_/S (FA_X1)
                  0.01    0.00    0.37 ^ _17229_/B (HA_X1)
     1    2.76    0.01    0.04    0.41 ^ _17229_/CO (HA_X1)
                  0.01    0.00    0.41 ^ _15613_/CI (FA_X1)
     1    3.34    0.02    0.09    0.50 v _15613_/S (FA_X1)
                  0.02    0.00    0.50 v _17237_/B (HA_X1)
     1    3.34    0.01    0.06    0.56 v _17237_/S (HA_X1)
                  0.01    0.00    0.56 v _17238_/B (HA_X1)
     1    3.34    0.01    0.06    0.62 v _17238_/S (HA_X1)
                  0.01    0.00    0.62 v _17239_/B (HA_X1)
     1    0.85    0.01    0.06    0.68 v _17239_/S (HA_X1)
                  0.01    0.00    0.68 v _14034_/A3 (OR4_X1)
     1    1.56    0.02    0.11    0.79 v _14034_/ZN (OR4_X1)
                  0.02    0.00    0.79 v _14035_/B2 (OAI21_X1)
     1    1.14    0.02    0.03    0.82 ^ _14035_/ZN (OAI21_X1)
                  0.02    0.00    0.82 ^ _20345_/D (DFF_X1)
                                  0.82   data arrival time

                  0.00    0.01    0.01   clock clk (rise edge)
                          0.00    0.01   clock network delay (ideal)
                          0.00    0.01   clock reconvergence pessimism
                                  0.01 ^ _20345_/CK (DFF_X1)
                         -0.03   -0.02   library setup time
                                 -0.02   data required time
-----------------------------------------------------------------------------
                                 -0.02   data required time
                                 -0.82   data arrival time
-----------------------------------------------------------------------------
                                 -0.84   slack (VIOLATED)



==========================================================================
floorplan final report_checks -unconstrained
--------------------------------------------------------------------------
[WARNING STA-0168] unknown field nets.
Startpoint: _20329_ (rising edge-triggered flip-flop clocked by clk)
Endpoint: _20345_ (rising edge-triggered flip-flop clocked by clk)
Path Group: clk
Path Type: max

Fanout     Cap    Slew   Delay    Time   Description
-----------------------------------------------------------------------------
                  0.00    0.00    0.00   clock clk (rise edge)
                          0.00    0.00   clock network delay (ideal)
                  0.00    0.00    0.00 ^ _20329_/CK (DFF_X1)
     3   10.40    0.02    0.08    0.08 v _20329_/QN (DFF_X1)
                  0.02    0.00    0.08 v _15611_/B (FA_X1)
     1    1.70    0.01    0.12    0.21 ^ _15611_/S (FA_X1)
                  0.01    0.00    0.21 ^ _13361_/A (INV_X1)
     1    3.34    0.01    0.01    0.22 v _13361_/ZN (INV_X1)
                  0.01    0.00    0.22 v _17228_/B (HA_X1)
     2    6.66    0.01    0.04    0.25 v _17228_/CO (HA_X1)
                  0.01    0.00    0.25 v _15612_/A (FA_X1)
     1    3.45    0.01    0.12    0.37 ^ _15612_/S (FA_X1)
                  0.01    0.00    0.37 ^ _17229_/B (HA_X1)
     1    2.76    0.01    0.04    0.41 ^ _17229_/CO (HA_X1)
                  0.01    0.00    0.41 ^ _15613_/CI (FA_X1)
     1    3.34    0.02    0.09    0.50 v _15613_/S (FA_X1)
                  0.02    0.00    0.50 v _17237_/B (HA_X1)
     1    3.34    0.01    0.06    0.56 v _17237_/S (HA_X1)
                  0.01    0.00    0.56 v _17238_/B (HA_X1)
     1    3.34    0.01    0.06    0.62 v _17238_/S (HA_X1)
                  0.01    0.00    0.62 v _17239_/B (HA_X1)
     1    0.85    0.01    0.06    0.68 v _17239_/S (HA_X1)
                  0.01    0.00    0.68 v _14034_/A3 (OR4_X1)
     1    1.56    0.02    0.11    0.79 v _14034_/ZN (OR4_X1)
                  0.02    0.00    0.79 v _14035_/B2 (OAI21_X1)
     1    1.14    0.02    0.03    0.82 ^ _14035_/ZN (OAI21_X1)
                  0.02    0.00    0.82 ^ _20345_/D (DFF_X1)
                                  0.82   data arrival time

                  0.00    0.01    0.01   clock clk (rise edge)
                          0.00    0.01   clock network delay (ideal)
                          0.00    0.01   clock reconvergence pessimism
                                  0.01 ^ _20345_/CK (DFF_X1)
                         -0.03   -0.02   library setup time
                                 -0.02   data required time
-----------------------------------------------------------------------------
                                 -0.02   data required time
                                 -0.82   data arrival time
-----------------------------------------------------------------------------
                                 -0.84   slack (VIOLATED)



==========================================================================
floorplan final report_power
--------------------------------------------------------------------------
Group                  Internal  Switching    Leakage      Total
                          Power      Power      Power      Power (Watts)
----------------------------------------------------------------
Sequential             1.83e-01   1.53e-01   2.03e-05   3.36e-01  13.2%
Combinational          1.42e+00   7.91e-01   3.51e-04   2.21e+00  86.8%
Clock                  0.00e+00   0.00e+00   0.00e+00   0.00e+00   0.0%
Macro                  0.00e+00   0.00e+00   0.00e+00   0.00e+00   0.0%
Pad                    0.00e+00   0.00e+00   0.00e+00   0.00e+00   0.0%
----------------------------------------------------------------
Total                  1.60e+00   9.44e-01   3.72e-04   2.54e+00 100.0%
                          62.9%      37.1%       0.0%

==========================================================================
floorplan final report_design_area
--------------------------------------------------------------------------
Design area 18133 u^2 1% utilization.

