OpenROAD v2.0-22532-gac667f3cc7 
Features included (+) or not (-): +GPU +GUI +Python
This program is licensed under the BSD-3 license. See the LICENSE file for details.
Components of this program may be licensed under more restrictive licenses which must be honored.
[INFO ODB-0227] LEF file: /project/cad-team/LX_Semicon/kmcho/EoR/pdk/Nangate45/Nangate45_tech.lef, created 22 layers, 27 vias
[INFO ODB-0227] LEF file: /project/cad-team/LX_Semicon/kmcho/EoR/pdk/Nangate45/Nangate45_stdcell.lef, created 135 library cells
[INFO IFP-0001] Added 944 rows of 6959 site FreePDK45_38x28_10R_NP_162NW_34O.
Default units for flow
 time 1ns
 capacitance 1fF
 resistance 1kohm
 voltage 1v
 current 1mA
 power 1nW
 distance 1um

==========================================================================
floorplan final check_setup
--------------------------------------------------------------------------
Warning: There are 257 input ports missing set_input_delay.
Warning: There are 256 output ports missing set_output_delay.
Warning: There are 256 unconstrained endpoints.

==========================================================================
floorplan final report_tns
--------------------------------------------------------------------------
tns max -178.42

==========================================================================
floorplan final report_wns
--------------------------------------------------------------------------
wns max -0.73

==========================================================================
floorplan final report_worst_slack
--------------------------------------------------------------------------
worst slack max -0.73

==========================================================================
floorplan final report_checks -path_delay min
--------------------------------------------------------------------------
[WARNING STA-0168] unknown field nets.
Startpoint: _9655_ (rising edge-triggered flip-flop clocked by clk)
Endpoint: _9655_ (rising edge-triggered flip-flop clocked by clk)
Path Group: clk
Path Type: min

Fanout     Cap    Slew   Delay    Time   Description
-----------------------------------------------------------------------------
                  0.00    0.00    0.00   clock clk (rise edge)
                          0.00    0.00   clock network delay (ideal)
                  0.00    0.00    0.00 ^ _9655_/CK (DFF_X1)
     5   10.61    0.01    0.09    0.09 v _9655_/Q (DFF_X1)
                  0.01    0.00    0.09 v _7513_/C1 (OAI211_X1)
     1    1.66    0.01    0.03    0.12 ^ _7513_/ZN (OAI211_X1)
                  0.01    0.00    0.12 ^ _7514_/B1 (OAI21_X1)
     1    1.06    0.01    0.01    0.14 v _7514_/ZN (OAI21_X1)
                  0.01    0.00    0.14 v _9655_/D (DFF_X1)
                                  0.14   data arrival time

                  0.00    0.00    0.00   clock clk (rise edge)
                          0.00    0.00   clock network delay (ideal)
                          0.00    0.00   clock reconvergence pessimism
                                  0.00 ^ _9655_/CK (DFF_X1)
                          0.00    0.00   library hold time
                                  0.00   data required time
-----------------------------------------------------------------------------
                                  0.00   data required time
                                 -0.14   data arrival time
-----------------------------------------------------------------------------
                                  0.13   slack (MET)



==========================================================================
floorplan final report_checks -path_delay max
--------------------------------------------------------------------------
[WARNING STA-0168] unknown field nets.
Startpoint: _9528_ (rising edge-triggered flip-flop clocked by clk)
Endpoint: _9634_ (rising edge-triggered flip-flop clocked by clk)
Path Group: clk
Path Type: max

Fanout     Cap    Slew   Delay    Time   Description
-----------------------------------------------------------------------------
                  0.00    0.00    0.00   clock clk (rise edge)
                          0.00    0.00   clock network delay (ideal)
                  0.00    0.00    0.00 ^ _9528_/CK (DFF_X1)
    10   29.68    0.07    0.15    0.15 ^ _9528_/Q (DFF_X1)
                  0.07    0.00    0.15 ^ _8462_/B (FA_X1)
     1    1.55    0.01    0.10    0.25 v _8462_/S (FA_X1)
                  0.01    0.00    0.25 v _6017_/A (INV_X1)
     1    2.76    0.01    0.02    0.27 ^ _6017_/ZN (INV_X1)
                  0.01    0.00    0.27 ^ _8463_/CI (FA_X1)
     1    2.66    0.02    0.09    0.36 v _8463_/S (FA_X1)
                  0.02    0.00    0.36 v _8464_/CI (FA_X1)
     1    1.70    0.01    0.11    0.48 ^ _8464_/S (FA_X1)
                  0.01    0.00    0.48 ^ _6425_/A (INV_X1)
     1    3.34    0.01    0.01    0.49 v _6425_/ZN (INV_X1)
                  0.01    0.00    0.49 v _9243_/B (HA_X1)
     1    2.66    0.01    0.03    0.52 v _9243_/CO (HA_X1)
                  0.01    0.00    0.52 v _8465_/CI (FA_X1)
     1    1.70    0.01    0.11    0.63 ^ _8465_/S (FA_X1)
                  0.01    0.00    0.63 ^ _7424_/A (INV_X1)
     1    1.34    0.00    0.01    0.63 v _7424_/ZN (INV_X1)
                  0.00    0.00    0.63 v _7426_/A1 (NOR4_X1)
     1    0.95    0.04    0.04    0.67 ^ _7426_/ZN (NOR4_X1)
                  0.04    0.00    0.67 ^ _7427_/A (MUX2_X1)
     1    1.14    0.01    0.04    0.71 ^ _7427_/Z (MUX2_X1)
                  0.01    0.00    0.71 ^ _9634_/D (DFF_X1)
                                  0.71   data arrival time

                  0.00    0.01    0.01   clock clk (rise edge)
                          0.00    0.01   clock network delay (ideal)
                          0.00    0.01   clock reconvergence pessimism
                                  0.01 ^ _9634_/CK (DFF_X1)
                         -0.03   -0.02   library setup time
                                 -0.02   data required time
-----------------------------------------------------------------------------
                                 -0.02   data required time
                                 -0.71   data arrival time
-----------------------------------------------------------------------------
                                 -0.73   slack (VIOLATED)



==========================================================================
floorplan final report_checks -unconstrained
--------------------------------------------------------------------------
[WARNING STA-0168] unknown field nets.
Startpoint: _9528_ (rising edge-triggered flip-flop clocked by clk)
Endpoint: _9634_ (rising edge-triggered flip-flop clocked by clk)
Path Group: clk
Path Type: max

Fanout     Cap    Slew   Delay    Time   Description
-----------------------------------------------------------------------------
                  0.00    0.00    0.00   clock clk (rise edge)
                          0.00    0.00   clock network delay (ideal)
                  0.00    0.00    0.00 ^ _9528_/CK (DFF_X1)
    10   29.68    0.07    0.15    0.15 ^ _9528_/Q (DFF_X1)
                  0.07    0.00    0.15 ^ _8462_/B (FA_X1)
     1    1.55    0.01    0.10    0.25 v _8462_/S (FA_X1)
                  0.01    0.00    0.25 v _6017_/A (INV_X1)
     1    2.76    0.01    0.02    0.27 ^ _6017_/ZN (INV_X1)
                  0.01    0.00    0.27 ^ _8463_/CI (FA_X1)
     1    2.66    0.02    0.09    0.36 v _8463_/S (FA_X1)
                  0.02    0.00    0.36 v _8464_/CI (FA_X1)
     1    1.70    0.01    0.11    0.48 ^ _8464_/S (FA_X1)
                  0.01    0.00    0.48 ^ _6425_/A (INV_X1)
     1    3.34    0.01    0.01    0.49 v _6425_/ZN (INV_X1)
                  0.01    0.00    0.49 v _9243_/B (HA_X1)
     1    2.66    0.01    0.03    0.52 v _9243_/CO (HA_X1)
                  0.01    0.00    0.52 v _8465_/CI (FA_X1)
     1    1.70    0.01    0.11    0.63 ^ _8465_/S (FA_X1)
                  0.01    0.00    0.63 ^ _7424_/A (INV_X1)
     1    1.34    0.00    0.01    0.63 v _7424_/ZN (INV_X1)
                  0.00    0.00    0.63 v _7426_/A1 (NOR4_X1)
     1    0.95    0.04    0.04    0.67 ^ _7426_/ZN (NOR4_X1)
                  0.04    0.00    0.67 ^ _7427_/A (MUX2_X1)
     1    1.14    0.01    0.04    0.71 ^ _7427_/Z (MUX2_X1)
                  0.01    0.00    0.71 ^ _9634_/D (DFF_X1)
                                  0.71   data arrival time

                  0.00    0.01    0.01   clock clk (rise edge)
                          0.00    0.01   clock network delay (ideal)
                          0.00    0.01   clock reconvergence pessimism
                                  0.01 ^ _9634_/CK (DFF_X1)
                         -0.03   -0.02   library setup time
                                 -0.02   data required time
-----------------------------------------------------------------------------
                                 -0.02   data required time
                                 -0.71   data arrival time
-----------------------------------------------------------------------------
                                 -0.73   slack (VIOLATED)



==========================================================================
floorplan final report_power
--------------------------------------------------------------------------
Group                  Internal  Switching    Leakage      Total
                          Power      Power      Power      Power (Watts)
----------------------------------------------------------------
Sequential             1.83e-01   1.41e-01   2.03e-05   3.24e-01  17.6%
Combinational          9.74e-01   5.37e-01   1.57e-04   1.51e+00  82.4%
Clock                  0.00e+00   0.00e+00   0.00e+00   0.00e+00   0.0%
Macro                  0.00e+00   0.00e+00   0.00e+00   0.00e+00   0.0%
Pad                    0.00e+00   0.00e+00   0.00e+00   0.00e+00   0.0%
----------------------------------------------------------------
Total                  1.16e+00   6.78e-01   1.77e-04   1.84e+00 100.0%
                          63.0%      37.0%       0.0%

==========================================================================
floorplan final report_design_area
--------------------------------------------------------------------------
Design area 8741 u^2 1% utilization.

