OpenROAD v2.0-22532-gac667f3cc7 
Features included (+) or not (-): +GPU +GUI +Python
This program is licensed under the BSD-3 license. See the LICENSE file for details.
Components of this program may be licensed under more restrictive licenses which must be honored.
[INFO ODB-0227] LEF file: /project/cad-team/LX_Semicon/kmcho/EoR/pdk/Nangate45/Nangate45_tech.lef, created 22 layers, 27 vias
[INFO ODB-0227] LEF file: /project/cad-team/LX_Semicon/kmcho/EoR/pdk/Nangate45/Nangate45_stdcell.lef, created 135 library cells
[INFO IFP-0001] Added 945 rows of 6963 site FreePDK45_38x28_10R_NP_162NW_34O.
Default units for flow
 time 1ns
 capacitance 1fF
 resistance 1kohm
 voltage 1v
 current 1mA
 power 1nW
 distance 1um

==========================================================================
floorplan final check_setup
--------------------------------------------------------------------------
Warning: There are 257 input ports missing set_input_delay.
Warning: There are 256 output ports missing set_output_delay.
Warning: There are 256 unconstrained endpoints.

==========================================================================
floorplan final report_tns
--------------------------------------------------------------------------
tns max -178.40

==========================================================================
floorplan final report_wns
--------------------------------------------------------------------------
wns max -0.73

==========================================================================
floorplan final report_worst_slack
--------------------------------------------------------------------------
worst slack max -0.73

==========================================================================
floorplan final report_checks -path_delay min
--------------------------------------------------------------------------
[WARNING STA-0168] unknown field nets.
Startpoint: _9765_ (rising edge-triggered flip-flop clocked by clk)
Endpoint: _9765_ (rising edge-triggered flip-flop clocked by clk)
Path Group: clk
Path Type: min

Fanout     Cap    Slew   Delay    Time   Description
-----------------------------------------------------------------------------
                  0.00    0.00    0.00   clock clk (rise edge)
                          0.00    0.00   clock network delay (ideal)
                  0.00    0.00    0.00 ^ _9765_/CK (DFF_X1)
     4    6.77    0.01    0.09    0.09 v _9765_/Q (DFF_X1)
                  0.01    0.00    0.09 v _7897_/C1 (OAI211_X1)
     1    1.66    0.01    0.03    0.12 ^ _7897_/ZN (OAI211_X1)
                  0.01    0.00    0.12 ^ _7898_/B1 (OAI21_X1)
     1    1.06    0.01    0.01    0.13 v _7898_/ZN (OAI21_X1)
                  0.01    0.00    0.13 v _9765_/D (DFF_X1)
                                  0.13   data arrival time

                  0.00    0.00    0.00   clock clk (rise edge)
                          0.00    0.00   clock network delay (ideal)
                          0.00    0.00   clock reconvergence pessimism
                                  0.00 ^ _9765_/CK (DFF_X1)
                          0.00    0.00   library hold time
                                  0.00   data required time
-----------------------------------------------------------------------------
                                  0.00   data required time
                                 -0.13   data arrival time
-----------------------------------------------------------------------------
                                  0.13   slack (MET)



==========================================================================
floorplan final report_checks -path_delay max
--------------------------------------------------------------------------
[WARNING STA-0168] unknown field nets.
Startpoint: _9554_ (rising edge-triggered flip-flop clocked by clk)
Endpoint: _9569_ (rising edge-triggered flip-flop clocked by clk)
Path Group: clk
Path Type: max

Fanout     Cap    Slew   Delay    Time   Description
-----------------------------------------------------------------------------
                  0.00    0.00    0.00   clock clk (rise edge)
                          0.00    0.00   clock network delay (ideal)
                  0.00    0.00    0.00 ^ _9554_/CK (DFF_X1)
    10   28.69    0.03    0.11    0.11 v _9554_/Q (DFF_X1)
                  0.03    0.00    0.11 v _8136_/B (FA_X1)
     1    1.70    0.01    0.13    0.24 ^ _8136_/S (FA_X1)
                  0.01    0.00    0.24 ^ _5953_/A (INV_X1)
     1    2.66    0.01    0.01    0.25 v _5953_/ZN (INV_X1)
                  0.01    0.00    0.25 v _8137_/CI (FA_X1)
     1    2.76    0.01    0.11    0.36 ^ _8137_/S (FA_X1)
                  0.01    0.00    0.36 ^ _8138_/CI (FA_X1)
     1    1.55    0.01    0.09    0.45 v _8138_/S (FA_X1)
                  0.01    0.00    0.45 v _6293_/A (INV_X1)
     1    3.45    0.01    0.02    0.47 ^ _6293_/ZN (INV_X1)
                  0.01    0.00    0.47 ^ _9091_/B (HA_X1)
     1    1.70    0.01    0.03    0.50 ^ _9091_/CO (HA_X1)
                  0.01    0.00    0.50 ^ _6720_/A (INV_X1)
     1    3.40    0.01    0.01    0.51 v _6720_/ZN (INV_X1)
                  0.01    0.00    0.51 v _8139_/B (FA_X1)
     1    1.74    0.01    0.12    0.63 ^ _8139_/S (FA_X1)
                  0.01    0.00    0.63 ^ _7089_/A1 (NOR4_X1)
     1    0.91    0.01    0.01    0.64 v _7089_/ZN (NOR4_X1)
                  0.01    0.00    0.64 v _7091_/A (MUX2_X1)
     1    1.06    0.01    0.06    0.70 v _7091_/Z (MUX2_X1)
                  0.01    0.00    0.70 v _9569_/D (DFF_X1)
                                  0.70   data arrival time

                  0.00    0.01    0.01   clock clk (rise edge)
                          0.00    0.01   clock network delay (ideal)
                          0.00    0.01   clock reconvergence pessimism
                                  0.01 ^ _9569_/CK (DFF_X1)
                         -0.04   -0.03   library setup time
                                 -0.03   data required time
-----------------------------------------------------------------------------
                                 -0.03   data required time
                                 -0.70   data arrival time
-----------------------------------------------------------------------------
                                 -0.73   slack (VIOLATED)



==========================================================================
floorplan final report_checks -unconstrained
--------------------------------------------------------------------------
[WARNING STA-0168] unknown field nets.
Startpoint: _9554_ (rising edge-triggered flip-flop clocked by clk)
Endpoint: _9569_ (rising edge-triggered flip-flop clocked by clk)
Path Group: clk
Path Type: max

Fanout     Cap    Slew   Delay    Time   Description
-----------------------------------------------------------------------------
                  0.00    0.00    0.00   clock clk (rise edge)
                          0.00    0.00   clock network delay (ideal)
                  0.00    0.00    0.00 ^ _9554_/CK (DFF_X1)
    10   28.69    0.03    0.11    0.11 v _9554_/Q (DFF_X1)
                  0.03    0.00    0.11 v _8136_/B (FA_X1)
     1    1.70    0.01    0.13    0.24 ^ _8136_/S (FA_X1)
                  0.01    0.00    0.24 ^ _5953_/A (INV_X1)
     1    2.66    0.01    0.01    0.25 v _5953_/ZN (INV_X1)
                  0.01    0.00    0.25 v _8137_/CI (FA_X1)
     1    2.76    0.01    0.11    0.36 ^ _8137_/S (FA_X1)
                  0.01    0.00    0.36 ^ _8138_/CI (FA_X1)
     1    1.55    0.01    0.09    0.45 v _8138_/S (FA_X1)
                  0.01    0.00    0.45 v _6293_/A (INV_X1)
     1    3.45    0.01    0.02    0.47 ^ _6293_/ZN (INV_X1)
                  0.01    0.00    0.47 ^ _9091_/B (HA_X1)
     1    1.70    0.01    0.03    0.50 ^ _9091_/CO (HA_X1)
                  0.01    0.00    0.50 ^ _6720_/A (INV_X1)
     1    3.40    0.01    0.01    0.51 v _6720_/ZN (INV_X1)
                  0.01    0.00    0.51 v _8139_/B (FA_X1)
     1    1.74    0.01    0.12    0.63 ^ _8139_/S (FA_X1)
                  0.01    0.00    0.63 ^ _7089_/A1 (NOR4_X1)
     1    0.91    0.01    0.01    0.64 v _7089_/ZN (NOR4_X1)
                  0.01    0.00    0.64 v _7091_/A (MUX2_X1)
     1    1.06    0.01    0.06    0.70 v _7091_/Z (MUX2_X1)
                  0.01    0.00    0.70 v _9569_/D (DFF_X1)
                                  0.70   data arrival time

                  0.00    0.01    0.01   clock clk (rise edge)
                          0.00    0.01   clock network delay (ideal)
                          0.00    0.01   clock reconvergence pessimism
                                  0.01 ^ _9569_/CK (DFF_X1)
                         -0.04   -0.03   library setup time
                                 -0.03   data required time
-----------------------------------------------------------------------------
                                 -0.03   data required time
                                 -0.70   data arrival time
-----------------------------------------------------------------------------
                                 -0.73   slack (VIOLATED)



==========================================================================
floorplan final report_power
--------------------------------------------------------------------------
Group                  Internal  Switching    Leakage      Total
                          Power      Power      Power      Power (Watts)
----------------------------------------------------------------
Sequential             1.83e-01   1.41e-01   2.03e-05   3.24e-01  17.6%
Combinational          9.77e-01   5.39e-01   1.57e-04   1.52e+00  82.4%
Clock                  0.00e+00   0.00e+00   0.00e+00   0.00e+00   0.0%
Macro                  0.00e+00   0.00e+00   0.00e+00   0.00e+00   0.0%
Pad                    0.00e+00   0.00e+00   0.00e+00   0.00e+00   0.0%
----------------------------------------------------------------
Total                  1.16e+00   6.80e-01   1.77e-04   1.84e+00 100.0%
                          63.0%      37.0%       0.0%

==========================================================================
floorplan final report_design_area
--------------------------------------------------------------------------
Design area 8753 u^2 1% utilization.

