OpenROAD v2.0-22532-gac667f3cc7 
Features included (+) or not (-): +GPU +GUI +Python
This program is licensed under the BSD-3 license. See the LICENSE file for details.
Components of this program may be licensed under more restrictive licenses which must be honored.
[INFO ODB-0227] LEF file: /project/cad-team/LX_Semicon/kmcho/EoR/pdk/Nangate45/Nangate45_tech.lef, created 22 layers, 27 vias
[INFO ODB-0227] LEF file: /project/cad-team/LX_Semicon/kmcho/EoR/pdk/Nangate45/Nangate45_stdcell.lef, created 135 library cells
[INFO IFP-0001] Added 28 rows of 206 site FreePDK45_38x28_10R_NP_162NW_34O.
Default units for flow
 time 1ns
 capacitance 1fF
 resistance 1kohm
 voltage 1v
 current 1mA
 power 1nW
 distance 1um

==========================================================================
floorplan final check_setup
--------------------------------------------------------------------------
Warning: There are 2 input ports missing set_input_delay.
Warning: There is 1 output port missing set_output_delay.
Warning: There is 1 unconstrained endpoint.

==========================================================================
floorplan final report_tns
--------------------------------------------------------------------------
tns max -0.16

==========================================================================
floorplan final report_wns
--------------------------------------------------------------------------
wns max -0.16

==========================================================================
floorplan final report_worst_slack
--------------------------------------------------------------------------
worst slack max -0.16

==========================================================================
floorplan final report_checks -path_delay min
--------------------------------------------------------------------------
[WARNING STA-0168] unknown field nets.
Startpoint: _5_ (rising edge-triggered flip-flop clocked by clk)
Endpoint: _5_ (rising edge-triggered flip-flop clocked by clk)
Path Group: clk
Path Type: min

Fanout     Cap    Slew   Delay    Time   Description
-----------------------------------------------------------------------------
                  0.00    0.00    0.00   clock clk (rise edge)
                          0.00    0.00   clock network delay (ideal)
                  0.00    0.00    0.00 ^ _5_/CK (DFF_X1)
     3    5.90    0.01    0.09    0.09 v _5_/Q (DFF_X1)
                  0.01    0.00    0.09 v _4_/B1 (AOI21_X2)
     1    1.14    0.01    0.02    0.11 ^ _4_/ZN (AOI21_X2)
                  0.01    0.00    0.11 ^ _5_/D (DFF_X1)
                                  0.11   data arrival time

                  0.00    0.00    0.00   clock clk (rise edge)
                          0.00    0.00   clock network delay (ideal)
                          0.00    0.00   clock reconvergence pessimism
                                  0.00 ^ _5_/CK (DFF_X1)
                          0.01    0.01   library hold time
                                  0.01   data required time
-----------------------------------------------------------------------------
                                  0.01   data required time
                                 -0.11   data arrival time
-----------------------------------------------------------------------------
                                  0.10   slack (MET)



==========================================================================
floorplan final report_checks -path_delay max
--------------------------------------------------------------------------
[WARNING STA-0168] unknown field nets.
Startpoint: _5_ (rising edge-triggered flip-flop clocked by clk)
Endpoint: _5_ (rising edge-triggered flip-flop clocked by clk)
Path Group: clk
Path Type: max

Fanout     Cap    Slew   Delay    Time   Description
-----------------------------------------------------------------------------
                  0.00    0.00    0.00   clock clk (rise edge)
                          0.00    0.00   clock network delay (ideal)
                  0.00    0.00    0.00 ^ _5_/CK (DFF_X1)
     3    6.48    0.02    0.10    0.10 ^ _5_/Q (DFF_X1)
                  0.02    0.00    0.10 ^ _3_/A2 (NOR2_X2)
     1    2.94    0.01    0.01    0.11 v _3_/ZN (NOR2_X2)
                  0.01    0.00    0.11 v _4_/A (AOI21_X2)
     1    1.14    0.02    0.03    0.14 ^ _4_/ZN (AOI21_X2)
                  0.02    0.00    0.14 ^ _5_/D (DFF_X1)
                                  0.14   data arrival time

                  0.00    0.01    0.01   clock clk (rise edge)
                          0.00    0.01   clock network delay (ideal)
                          0.00    0.01   clock reconvergence pessimism
                                  0.01 ^ _5_/CK (DFF_X1)
                         -0.03   -0.02   library setup time
                                 -0.02   data required time
-----------------------------------------------------------------------------
                                 -0.02   data required time
                                 -0.14   data arrival time
-----------------------------------------------------------------------------
                                 -0.16   slack (VIOLATED)



==========================================================================
floorplan final report_checks -unconstrained
--------------------------------------------------------------------------
[WARNING STA-0168] unknown field nets.
Startpoint: _5_ (rising edge-triggered flip-flop clocked by clk)
Endpoint: _5_ (rising edge-triggered flip-flop clocked by clk)
Path Group: clk
Path Type: max

Fanout     Cap    Slew   Delay    Time   Description
-----------------------------------------------------------------------------
                  0.00    0.00    0.00   clock clk (rise edge)
                          0.00    0.00   clock network delay (ideal)
                  0.00    0.00    0.00 ^ _5_/CK (DFF_X1)
     3    6.48    0.02    0.10    0.10 ^ _5_/Q (DFF_X1)
                  0.02    0.00    0.10 ^ _3_/A2 (NOR2_X2)
     1    2.94    0.01    0.01    0.11 v _3_/ZN (NOR2_X2)
                  0.01    0.00    0.11 v _4_/A (AOI21_X2)
     1    1.14    0.02    0.03    0.14 ^ _4_/ZN (AOI21_X2)
                  0.02    0.00    0.14 ^ _5_/D (DFF_X1)
                                  0.14   data arrival time

                  0.00    0.01    0.01   clock clk (rise edge)
                          0.00    0.01   clock network delay (ideal)
                          0.00    0.01   clock reconvergence pessimism
                                  0.01 ^ _5_/CK (DFF_X1)
                         -0.03   -0.02   library setup time
                                 -0.02   data required time
-----------------------------------------------------------------------------
                                 -0.02   data required time
                                 -0.14   data arrival time
-----------------------------------------------------------------------------
                                 -0.16   slack (VIOLATED)



==========================================================================
floorplan final report_power
--------------------------------------------------------------------------
Group                  Internal  Switching    Leakage      Total
                          Power      Power      Power      Power (Watts)
----------------------------------------------------------------
Sequential             6.51e-04   1.18e-04   7.90e-08   7.69e-04  76.1%
Combinational          1.84e-04   5.77e-05   9.58e-08   2.42e-04  23.9%
Clock                  0.00e+00   0.00e+00   0.00e+00   0.00e+00   0.0%
Macro                  0.00e+00   0.00e+00   0.00e+00   0.00e+00   0.0%
Pad                    0.00e+00   0.00e+00   0.00e+00   0.00e+00   0.0%
----------------------------------------------------------------
Total                  8.35e-04   1.76e-04   1.75e-07   1.01e-03 100.0%
                          82.6%      17.4%       0.0%

==========================================================================
floorplan final report_design_area
--------------------------------------------------------------------------
Design area 8 u^2 1% utilization.

