OpenROAD v2.0-22532-gac667f3cc7 
Features included (+) or not (-): +GPU +GUI +Python
This program is licensed under the BSD-3 license. See the LICENSE file for details.
Components of this program may be licensed under more restrictive licenses which must be honored.
[INFO ODB-0227] LEF file: /project/cad-team/LX_Semicon/kmcho/EoR/pdk/Nangate45/Nangate45_tech.lef, created 22 layers, 27 vias
[INFO ODB-0227] LEF file: /project/cad-team/LX_Semicon/kmcho/EoR/pdk/Nangate45/Nangate45_stdcell.lef, created 135 library cells
[WARNING STA-0366] port 'f_clk' not found.
[INFO IFP-0001] Added 73 rows of 544 site FreePDK45_38x28_10R_NP_162NW_34O.
Default units for flow
 time 1ns
 capacitance 1fF
 resistance 1kohm
 voltage 1v
 current 1mA
 power 1nW
 distance 1um

==========================================================================
floorplan final check_setup
--------------------------------------------------------------------------
Warning: There are 8 input ports missing set_input_delay.
Warning: There are 5 output ports missing set_output_delay.
Warning: There are 5 unconstrained endpoints.

==========================================================================
floorplan final report_tns
--------------------------------------------------------------------------
tns max 0.00

==========================================================================
floorplan final report_wns
--------------------------------------------------------------------------
wns max 0.00

==========================================================================
floorplan final report_worst_slack
--------------------------------------------------------------------------
worst slack max INF

==========================================================================
floorplan final report_checks -path_delay min
--------------------------------------------------------------------------
[WARNING STA-0168] unknown field nets.
No paths found.

==========================================================================
floorplan final report_checks -path_delay max
--------------------------------------------------------------------------
[WARNING STA-0168] unknown field nets.
No paths found.

==========================================================================
floorplan final report_checks -unconstrained
--------------------------------------------------------------------------
[WARNING STA-0168] unknown field nets.
Startpoint: code[3] (input port)
Endpoint: out[2] (output port)
Path Group: unconstrained
Path Type: max

Fanout     Cap    Slew   Delay    Time   Description
-----------------------------------------------------------------------------
                          0.00    0.00 v input external delay
     1    3.00    0.00    0.00    0.00 v code[3] (in)
                  0.00    0.00    0.00 v _37_/A (BUF_X4)
     5   11.40    0.01    0.02    0.02 v _37_/Z (BUF_X4)
                  0.01    0.00    0.02 v _49_/A (INV_X2)
     3    6.77    0.01    0.02    0.04 ^ _49_/ZN (INV_X2)
                  0.01    0.00    0.04 ^ _67_/A1 (NOR2_X2)
     2    2.45    0.00    0.01    0.05 v _67_/ZN (NOR2_X2)
                  0.00    0.00    0.05 v _73_/A2 (OR2_X1)
     1    1.81    0.01    0.05    0.09 v _73_/ZN (OR2_X1)
                  0.01    0.00    0.09 v _74_/S (MUX2_X1)
     1    1.68    0.01    0.05    0.14 ^ _74_/Z (MUX2_X1)
                  0.01    0.00    0.14 ^ _75_/A4 (AND4_X2)
     1    0.00    0.01    0.05    0.19 ^ _75_/ZN (AND4_X2)
                  0.01    0.00    0.19 ^ out[2] (out)
                                  0.19   data arrival time
-----------------------------------------------------------------------------
(Path is unconstrained)



==========================================================================
floorplan final report_power
--------------------------------------------------------------------------
Group                  Internal  Switching    Leakage      Total
                          Power      Power      Power      Power (Watts)
----------------------------------------------------------------
Sequential             0.00e+00   0.00e+00   0.00e+00   0.00e+00   0.0%
Combinational          1.11e-03   9.61e-04   1.52e-06   2.07e-03 100.0%
Clock                  0.00e+00   0.00e+00   0.00e+00   0.00e+00   0.0%
Macro                  0.00e+00   0.00e+00   0.00e+00   0.00e+00   0.0%
Pad                    0.00e+00   0.00e+00   0.00e+00   0.00e+00   0.0%
----------------------------------------------------------------
Total                  1.11e-03   9.61e-04   1.52e-06   2.07e-03 100.0%
                          53.6%      46.3%       0.1%

==========================================================================
floorplan final report_design_area
--------------------------------------------------------------------------
Design area 53 u^2 1% utilization.

