OpenROAD v2.0-22532-gac667f3cc7 
Features included (+) or not (-): +GPU +GUI +Python
This program is licensed under the BSD-3 license. See the LICENSE file for details.
Components of this program may be licensed under more restrictive licenses which must be honored.
[INFO ODB-0227] LEF file: /project/cad-team/LX_Semicon/kmcho/EoR/pdk/Nangate45/Nangate45_tech.lef, created 22 layers, 27 vias
[INFO ODB-0227] LEF file: /project/cad-team/LX_Semicon/kmcho/EoR/pdk/Nangate45/Nangate45_stdcell.lef, created 135 library cells
[WARNING STA-0366] port 'f_clk' not found.
[INFO IFP-0001] Added 54 rows of 402 site FreePDK45_38x28_10R_NP_162NW_34O.
Default units for flow
 time 1ns
 capacitance 1fF
 resistance 1kohm
 voltage 1v
 current 1mA
 power 1nW
 distance 1um

==========================================================================
floorplan final check_setup
--------------------------------------------------------------------------
Warning: There are 16 input ports missing set_input_delay.
Warning: There are 4 output ports missing set_output_delay.
Warning: There are 4 unconstrained endpoints.

==========================================================================
floorplan final report_tns
--------------------------------------------------------------------------
tns max 0.00

==========================================================================
floorplan final report_wns
--------------------------------------------------------------------------
wns max 0.00

==========================================================================
floorplan final report_worst_slack
--------------------------------------------------------------------------
worst slack max INF

==========================================================================
floorplan final report_checks -path_delay min
--------------------------------------------------------------------------
[WARNING STA-0168] unknown field nets.
No paths found.

==========================================================================
floorplan final report_checks -path_delay max
--------------------------------------------------------------------------
[WARNING STA-0168] unknown field nets.
No paths found.

==========================================================================
floorplan final report_checks -unconstrained
--------------------------------------------------------------------------
[WARNING STA-0168] unknown field nets.
Startpoint: scancode[10] (input port)
Endpoint: left (output port)
Path Group: unconstrained
Path Type: max

Fanout     Cap    Slew   Delay    Time   Description
-----------------------------------------------------------------------------
                          0.00    0.00 v input external delay
     1    3.26    0.00    0.00    0.00 v scancode[10] (in)
                  0.00    0.00    0.00 v _18_/A3 (OR3_X4)
     1    5.80    0.01    0.07    0.07 v _18_/ZN (OR3_X4)
                  0.01    0.00    0.07 v _19_/A4 (NOR4_X4)
     2    7.04    0.04    0.08    0.15 ^ _19_/ZN (NOR4_X4)
                  0.04    0.00    0.15 ^ _20_/A3 (NAND3_X2)
     2    8.39    0.02    0.03    0.19 v _20_/ZN (NAND3_X2)
                  0.02    0.00    0.19 v _24_/A3 (NOR4_X4)
     1    0.00    0.03    0.06    0.25 ^ _24_/ZN (NOR4_X4)
                  0.03    0.00    0.25 ^ left (out)
                                  0.25   data arrival time
-----------------------------------------------------------------------------
(Path is unconstrained)



==========================================================================
floorplan final report_power
--------------------------------------------------------------------------
Group                  Internal  Switching    Leakage      Total
                          Power      Power      Power      Power (Watts)
----------------------------------------------------------------
Sequential             0.00e+00   0.00e+00   0.00e+00   0.00e+00   0.0%
Combinational          2.00e-04   3.11e-04   7.99e-07   5.12e-04 100.0%
Clock                  0.00e+00   0.00e+00   0.00e+00   0.00e+00   0.0%
Macro                  0.00e+00   0.00e+00   0.00e+00   0.00e+00   0.0%
Pad                    0.00e+00   0.00e+00   0.00e+00   0.00e+00   0.0%
----------------------------------------------------------------
Total                  2.00e-04   3.11e-04   7.99e-07   5.12e-04 100.0%
                          39.1%      60.8%       0.2%

==========================================================================
floorplan final report_design_area
--------------------------------------------------------------------------
Design area 29 u^2 1% utilization.

