OpenROAD v2.0-22532-gac667f3cc7 
Features included (+) or not (-): +GPU +GUI +Python
This program is licensed under the BSD-3 license. See the LICENSE file for details.
Components of this program may be licensed under more restrictive licenses which must be honored.
[INFO ODB-0227] LEF file: /project/cad-team/LX_Semicon/kmcho/EoR/pdk/Nangate45/Nangate45_tech.lef, created 22 layers, 27 vias
[INFO ODB-0227] LEF file: /project/cad-team/LX_Semicon/kmcho/EoR/pdk/Nangate45/Nangate45_stdcell.lef, created 135 library cells
[WARNING STA-0366] port 'f_clk' not found.
[INFO IFP-0001] Added 63 rows of 467 site FreePDK45_38x28_10R_NP_162NW_34O.
Default units for flow
 time 1ns
 capacitance 1fF
 resistance 1kohm
 voltage 1v
 current 1mA
 power 1nW
 distance 1um

==========================================================================
floorplan final check_setup
--------------------------------------------------------------------------
Warning: There are 17 input ports missing set_input_delay.
Warning: There are 9 output ports missing set_output_delay.
Warning: There are 9 unconstrained endpoints.

==========================================================================
floorplan final report_tns
--------------------------------------------------------------------------
tns max 0.00

==========================================================================
floorplan final report_wns
--------------------------------------------------------------------------
wns max 0.00

==========================================================================
floorplan final report_worst_slack
--------------------------------------------------------------------------
worst slack max INF

==========================================================================
floorplan final report_checks -path_delay min
--------------------------------------------------------------------------
[WARNING STA-0168] unknown field nets.
No paths found.

==========================================================================
floorplan final report_checks -path_delay max
--------------------------------------------------------------------------
[WARNING STA-0168] unknown field nets.
No paths found.

==========================================================================
floorplan final report_checks -unconstrained
--------------------------------------------------------------------------
[WARNING STA-0168] unknown field nets.
Startpoint: a[0] (input port)
Endpoint: y[7] (output port)
Path Group: unconstrained
Path Type: max

Fanout     Cap    Slew   Delay    Time   Description
-----------------------------------------------------------------------------
                          0.00    0.00 v input external delay
     1    1.55    0.00    0.00    0.00 v a[0] (in)
                  0.00    0.00    0.00 v _17_/A (INV_X1)
     1    3.75    0.01    0.01    0.01 ^ _17_/ZN (INV_X1)
                  0.01    0.00    0.01 ^ _27_/A (FA_X1)
     1    1.70    0.01    0.05    0.06 ^ _27_/CO (FA_X1)
                  0.01    0.00    0.06 ^ _26_/A (INV_X1)
     1    2.66    0.01    0.01    0.07 v _26_/ZN (INV_X1)
                  0.01    0.00    0.07 v _28_/CI (FA_X1)
     1    2.66    0.01    0.07    0.14 v _28_/CO (FA_X1)
                  0.01    0.00    0.14 v _29_/CI (FA_X1)
     1    2.66    0.01    0.07    0.21 v _29_/CO (FA_X1)
                  0.01    0.00    0.21 v _30_/CI (FA_X1)
     1    2.66    0.01    0.07    0.28 v _30_/CO (FA_X1)
                  0.01    0.00    0.28 v _31_/CI (FA_X1)
     1    2.66    0.01    0.07    0.35 v _31_/CO (FA_X1)
                  0.01    0.00    0.35 v _32_/CI (FA_X1)
     1    2.66    0.01    0.07    0.42 v _32_/CO (FA_X1)
                  0.01    0.00    0.42 v _33_/CI (FA_X1)
     1    1.55    0.01    0.07    0.49 v _33_/CO (FA_X1)
                  0.01    0.00    0.49 v _24_/A (INV_X1)
     1    2.76    0.01    0.02    0.51 ^ _24_/ZN (INV_X1)
                  0.01    0.00    0.51 ^ _34_/CI (FA_X1)
     1    1.55    0.01    0.09    0.59 v _34_/S (FA_X1)
                  0.01    0.00    0.59 v _23_/A (INV_X1)
     1    0.00    0.01    0.01    0.60 ^ _23_/ZN (INV_X1)
                  0.01    0.00    0.60 ^ y[7] (out)
                                  0.60   data arrival time
-----------------------------------------------------------------------------
(Path is unconstrained)



==========================================================================
floorplan final report_power
--------------------------------------------------------------------------
Group                  Internal  Switching    Leakage      Total
                          Power      Power      Power      Power (Watts)
----------------------------------------------------------------
Sequential             0.00e+00   0.00e+00   0.00e+00   0.00e+00   0.0%
Combinational          1.75e-03   4.50e-04   7.50e-07   2.20e-03 100.0%
Clock                  0.00e+00   0.00e+00   0.00e+00   0.00e+00   0.0%
Macro                  0.00e+00   0.00e+00   0.00e+00   0.00e+00   0.0%
Pad                    0.00e+00   0.00e+00   0.00e+00   0.00e+00   0.0%
----------------------------------------------------------------
Total                  1.75e-03   4.50e-04   7.50e-07   2.20e-03 100.0%
                          79.5%      20.5%       0.0%

==========================================================================
floorplan final report_design_area
--------------------------------------------------------------------------
Design area 39 u^2 1% utilization.

