OpenROAD v2.0-22532-gac667f3cc7 
Features included (+) or not (-): +GPU +GUI +Python
This program is licensed under the BSD-3 license. See the LICENSE file for details.
Components of this program may be licensed under more restrictive licenses which must be honored.
[INFO ODB-0227] LEF file: /project/cad-team/LX_Semicon/kmcho/EoR/pdk/Nangate45/Nangate45_tech.lef, created 22 layers, 27 vias
[INFO ODB-0227] LEF file: /project/cad-team/LX_Semicon/kmcho/EoR/pdk/Nangate45/Nangate45_stdcell.lef, created 135 library cells
[WARNING STA-0366] port 'f_clk' not found.
[INFO IFP-0001] Added 80 rows of 589 site FreePDK45_38x28_10R_NP_162NW_34O.
Default units for flow
 time 1ns
 capacitance 1fF
 resistance 1kohm
 voltage 1v
 current 1mA
 power 1nW
 distance 1um

==========================================================================
floorplan final check_setup
--------------------------------------------------------------------------
Warning: There are 17 input ports missing set_input_delay.
Warning: There are 9 output ports missing set_output_delay.
Warning: There are 9 unconstrained endpoints.

==========================================================================
floorplan final report_tns
--------------------------------------------------------------------------
tns max 0.00

==========================================================================
floorplan final report_wns
--------------------------------------------------------------------------
wns max 0.00

==========================================================================
floorplan final report_worst_slack
--------------------------------------------------------------------------
worst slack max INF

==========================================================================
floorplan final report_checks -path_delay min
--------------------------------------------------------------------------
[WARNING STA-0168] unknown field nets.
No paths found.

==========================================================================
floorplan final report_checks -path_delay max
--------------------------------------------------------------------------
[WARNING STA-0168] unknown field nets.
No paths found.

==========================================================================
floorplan final report_checks -unconstrained
--------------------------------------------------------------------------
[WARNING STA-0168] unknown field nets.
Startpoint: a[0] (input port)
Endpoint: sum[7] (output port)
Path Group: unconstrained
Path Type: max

Fanout     Cap    Slew   Delay    Time   Description
-----------------------------------------------------------------------------
                          0.00    0.00 v input external delay
     1    1.55    0.00    0.00    0.00 v a[0] (in)
                  0.00    0.00    0.00 v _48_/A (INV_X1)
     1    3.75    0.01    0.01    0.01 ^ _48_/ZN (INV_X1)
                  0.01    0.00    0.01 ^ _61_/A (FA_X1)
     1    1.70    0.01    0.05    0.06 ^ _61_/CO (FA_X1)
                  0.01    0.00    0.06 ^ _55_/A (INV_X1)
     1    2.66    0.01    0.01    0.07 v _55_/ZN (INV_X1)
                  0.01    0.00    0.07 v _62_/CI (FA_X1)
     3    5.61    0.02    0.08    0.14 v _62_/CO (FA_X1)
                  0.02    0.00    0.14 v _41_/C1 (AOI211_X2)
     2    3.34    0.04    0.04    0.18 ^ _41_/ZN (AOI211_X2)
                  0.04    0.00    0.18 ^ _60_/B1 (OAI21_X1)
     1    2.66    0.01    0.02    0.21 v _60_/ZN (OAI21_X1)
                  0.01    0.00    0.21 v _65_/CI (FA_X1)
     1    2.18    0.01    0.07    0.28 v _65_/CO (FA_X1)
                  0.01    0.00    0.28 v _47_/A (XOR2_X1)
     1    0.00    0.01    0.05    0.33 v _47_/Z (XOR2_X1)
                  0.01    0.00    0.33 v sum[7] (out)
                                  0.33   data arrival time
-----------------------------------------------------------------------------
(Path is unconstrained)



==========================================================================
floorplan final report_power
--------------------------------------------------------------------------
Group                  Internal  Switching    Leakage      Total
                          Power      Power      Power      Power (Watts)
----------------------------------------------------------------
Sequential             0.00e+00   0.00e+00   0.00e+00   0.00e+00   0.0%
Combinational          2.66e-03   1.24e-03   1.41e-06   3.90e-03 100.0%
Clock                  0.00e+00   0.00e+00   0.00e+00   0.00e+00   0.0%
Macro                  0.00e+00   0.00e+00   0.00e+00   0.00e+00   0.0%
Pad                    0.00e+00   0.00e+00   0.00e+00   0.00e+00   0.0%
----------------------------------------------------------------
Total                  2.66e-03   1.24e-03   1.41e-06   3.90e-03 100.0%
                          68.3%      31.7%       0.0%

==========================================================================
floorplan final report_design_area
--------------------------------------------------------------------------
Design area 63 u^2 1% utilization.

