OpenROAD v2.0-22532-gac667f3cc7 
Features included (+) or not (-): +GPU +GUI +Python
This program is licensed under the BSD-3 license. See the LICENSE file for details.
Components of this program may be licensed under more restrictive licenses which must be honored.
[INFO ODB-0227] LEF file: /project/cad-team/LX_Semicon/kmcho/EoR/pdk/Nangate45/Nangate45_tech.lef, created 22 layers, 27 vias
[INFO ODB-0227] LEF file: /project/cad-team/LX_Semicon/kmcho/EoR/pdk/Nangate45/Nangate45_stdcell.lef, created 135 library cells
[INFO IFP-0001] Added 335 rows of 2472 site FreePDK45_38x28_10R_NP_162NW_34O.
Default units for flow
 time 1ns
 capacitance 1fF
 resistance 1kohm
 voltage 1v
 current 1mA
 power 1nW
 distance 1um

==========================================================================
floorplan final check_setup
--------------------------------------------------------------------------
Warning: There are 34 input ports missing set_input_delay.
Warning: There are 33 output ports missing set_output_delay.
Warning: There are 33 unconstrained endpoints.

==========================================================================
floorplan final report_tns
--------------------------------------------------------------------------
tns max -43.63

==========================================================================
floorplan final report_wns
--------------------------------------------------------------------------
wns max -1.12

==========================================================================
floorplan final report_worst_slack
--------------------------------------------------------------------------
worst slack max -1.12

==========================================================================
floorplan final report_checks -path_delay min
--------------------------------------------------------------------------
[WARNING STA-0168] unknown field nets.
Startpoint: _1201_ (rising edge-triggered flip-flop clocked by clk)
Endpoint: _1201_ (rising edge-triggered flip-flop clocked by clk)
Path Group: clk
Path Type: min

Fanout     Cap    Slew   Delay    Time   Description
-----------------------------------------------------------------------------
                  0.00    0.00    0.00   clock clk (rise edge)
                          0.00    0.00   clock network delay (ideal)
                  0.00    0.00    0.00 ^ _1201_/CK (DFFR_X1)
     2    1.53    0.01    0.08    0.08 v _1201_/Q (DFFR_X1)
                  0.01    0.00    0.08 v _1077_/A1 (NAND2_X1)
     1    1.60    0.01    0.01    0.10 ^ _1077_/ZN (NAND2_X1)
                  0.01    0.00    0.10 ^ _1079_/A1 (NAND2_X1)
     1    1.05    0.01    0.01    0.11 v _1079_/ZN (NAND2_X1)
                  0.01    0.00    0.11 v _1201_/D (DFFR_X1)
                                  0.11   data arrival time

                  0.00    0.00    0.00   clock clk (rise edge)
                          0.00    0.00   clock network delay (ideal)
                          0.00    0.00   clock reconvergence pessimism
                                  0.00 ^ _1201_/CK (DFFR_X1)
                          0.00    0.00   library hold time
                                  0.00   data required time
-----------------------------------------------------------------------------
                                  0.00   data required time
                                 -0.11   data arrival time
-----------------------------------------------------------------------------
                                  0.10   slack (MET)



==========================================================================
floorplan final report_checks -path_delay max
--------------------------------------------------------------------------
[WARNING STA-0168] unknown field nets.
Startpoint: _1134_ (rising edge-triggered flip-flop clocked by clk)
Endpoint: _1200_ (rising edge-triggered flip-flop clocked by clk)
Path Group: clk
Path Type: max

Fanout     Cap    Slew   Delay    Time   Description
-----------------------------------------------------------------------------
                  0.00    0.00    0.00   clock clk (rise edge)
                          0.00    0.00   clock network delay (ideal)
                  0.00    0.00    0.00 ^ _1134_/CK (DFFR_X1)
     4    7.06    0.01    0.09    0.09 v _1134_/Q (DFFR_X1)
                  0.01    0.00    0.09 v _0627_/A2 (NOR2_X1)
     3    4.96    0.03    0.05    0.14 ^ _0627_/ZN (NOR2_X1)
                  0.03    0.00    0.14 ^ _0628_/A2 (NAND2_X1)
     5   10.45    0.02    0.04    0.18 v _0628_/ZN (NAND2_X1)
                  0.02    0.00    0.18 v _0629_/A (INV_X1)
     1    3.45    0.01    0.02    0.20 ^ _0629_/ZN (INV_X1)
                  0.01    0.00    0.20 ^ _1097_/B (HA_X1)
     1    0.97    0.01    0.03    0.23 ^ _1097_/CO (HA_X1)
                  0.01    0.00    0.23 ^ _0630_/A (BUF_X1)
     7   11.95    0.03    0.05    0.28 ^ _0630_/Z (BUF_X1)
                  0.03    0.00    0.28 ^ _0647_/A (INV_X1)
     4    6.18    0.01    0.02    0.30 v _0647_/ZN (INV_X1)
                  0.01    0.00    0.30 v _0649_/A1 (NAND2_X1)
     3    4.92    0.02    0.02    0.32 ^ _0649_/ZN (NAND2_X1)
                  0.02    0.00    0.32 ^ _0683_/A2 (NOR2_X1)
     2    3.01    0.01    0.01    0.34 v _0683_/ZN (NOR2_X1)
                  0.01    0.00    0.34 v _0706_/B (AOI211_X1)
     2    3.32    0.05    0.08    0.41 ^ _0706_/ZN (AOI211_X1)
                  0.05    0.00    0.41 ^ _0712_/B (AOI211_X1)
     1    0.90    0.02    0.02    0.43 v _0712_/ZN (AOI211_X1)
                  0.02    0.00    0.43 v _0713_/A2 (OR2_X1)
     3    3.23    0.01    0.06    0.49 v _0713_/ZN (OR2_X1)
                  0.01    0.00    0.49 v _0714_/A2 (AND2_X1)
     2    6.01    0.01    0.04    0.53 v _0714_/ZN (AND2_X1)
                  0.01    0.00    0.53 v _1106_/B (HA_X1)
     2    3.06    0.01    0.06    0.59 v _1106_/S (HA_X1)
                  0.01    0.00    0.59 v _0754_/A3 (NAND4_X1)
     3    4.94    0.02    0.03    0.62 ^ _0754_/ZN (NAND4_X1)
                  0.02    0.00    0.62 ^ _0755_/C1 (OAI221_X1)
     2    4.63    0.02    0.04    0.65 v _0755_/ZN (OAI221_X1)
                  0.02    0.00    0.65 v _0806_/B1 (AOI221_X2)
     2    4.79    0.05    0.08    0.73 ^ _0806_/ZN (AOI221_X2)
                  0.05    0.00    0.73 ^ _0820_/B1 (AOI21_X2)
     3    5.83    0.02    0.02    0.76 v _0820_/ZN (AOI21_X2)
                  0.02    0.00    0.76 v _0870_/B2 (AOI21_X2)
     4    7.52    0.03    0.04    0.80 ^ _0870_/ZN (AOI21_X2)
                  0.03    0.00    0.80 ^ _0871_/A3 (NOR3_X1)
     1    1.47    0.01    0.01    0.82 v _0871_/ZN (NOR3_X1)
                  0.01    0.00    0.82 v _0880_/B (AOI211_X1)
     1    2.76    0.04    0.07    0.89 ^ _0880_/ZN (AOI211_X1)
                  0.04    0.00    0.89 ^ _1095_/CI (FA_X1)
     3    4.82    0.02    0.06    0.96 ^ _1095_/CO (FA_X1)
                  0.02    0.00    0.96 ^ _1068_/A2 (NOR3_X1)
     1    0.88    0.01    0.01    0.97 v _1068_/ZN (NOR3_X1)
                  0.01    0.00    0.97 v _1069_/A3 (AND3_X1)
     1    3.14    0.01    0.04    1.01 v _1069_/ZN (AND3_X1)
                  0.01    0.00    1.01 v _1072_/A (AOI221_X2)
     1    1.67    0.04    0.06    1.07 ^ _1072_/ZN (AOI221_X2)
                  0.04    0.00    1.07 ^ _1075_/A (OAI21_X1)
     1    1.05    0.01    0.02    1.09 v _1075_/ZN (OAI21_X1)
                  0.01    0.00    1.09 v _1200_/D (DFFR_X1)
                                  1.09   data arrival time

                  0.00    0.01    0.01   clock clk (rise edge)
                          0.00    0.01   clock network delay (ideal)
                          0.00    0.01   clock reconvergence pessimism
                                  0.01 ^ _1200_/CK (DFFR_X1)
                         -0.04   -0.03   library setup time
                                 -0.03   data required time
-----------------------------------------------------------------------------
                                 -0.03   data required time
                                 -1.09   data arrival time
-----------------------------------------------------------------------------
                                 -1.12   slack (VIOLATED)



==========================================================================
floorplan final report_checks -unconstrained
--------------------------------------------------------------------------
[WARNING STA-0168] unknown field nets.
Startpoint: _1134_ (rising edge-triggered flip-flop clocked by clk)
Endpoint: _1200_ (rising edge-triggered flip-flop clocked by clk)
Path Group: clk
Path Type: max

Fanout     Cap    Slew   Delay    Time   Description
-----------------------------------------------------------------------------
                  0.00    0.00    0.00   clock clk (rise edge)
                          0.00    0.00   clock network delay (ideal)
                  0.00    0.00    0.00 ^ _1134_/CK (DFFR_X1)
     4    7.06    0.01    0.09    0.09 v _1134_/Q (DFFR_X1)
                  0.01    0.00    0.09 v _0627_/A2 (NOR2_X1)
     3    4.96    0.03    0.05    0.14 ^ _0627_/ZN (NOR2_X1)
                  0.03    0.00    0.14 ^ _0628_/A2 (NAND2_X1)
     5   10.45    0.02    0.04    0.18 v _0628_/ZN (NAND2_X1)
                  0.02    0.00    0.18 v _0629_/A (INV_X1)
     1    3.45    0.01    0.02    0.20 ^ _0629_/ZN (INV_X1)
                  0.01    0.00    0.20 ^ _1097_/B (HA_X1)
     1    0.97    0.01    0.03    0.23 ^ _1097_/CO (HA_X1)
                  0.01    0.00    0.23 ^ _0630_/A (BUF_X1)
     7   11.95    0.03    0.05    0.28 ^ _0630_/Z (BUF_X1)
                  0.03    0.00    0.28 ^ _0647_/A (INV_X1)
     4    6.18    0.01    0.02    0.30 v _0647_/ZN (INV_X1)
                  0.01    0.00    0.30 v _0649_/A1 (NAND2_X1)
     3    4.92    0.02    0.02    0.32 ^ _0649_/ZN (NAND2_X1)
                  0.02    0.00    0.32 ^ _0683_/A2 (NOR2_X1)
     2    3.01    0.01    0.01    0.34 v _0683_/ZN (NOR2_X1)
                  0.01    0.00    0.34 v _0706_/B (AOI211_X1)
     2    3.32    0.05    0.08    0.41 ^ _0706_/ZN (AOI211_X1)
                  0.05    0.00    0.41 ^ _0712_/B (AOI211_X1)
     1    0.90    0.02    0.02    0.43 v _0712_/ZN (AOI211_X1)
                  0.02    0.00    0.43 v _0713_/A2 (OR2_X1)
     3    3.23    0.01    0.06    0.49 v _0713_/ZN (OR2_X1)
                  0.01    0.00    0.49 v _0714_/A2 (AND2_X1)
     2    6.01    0.01    0.04    0.53 v _0714_/ZN (AND2_X1)
                  0.01    0.00    0.53 v _1106_/B (HA_X1)
     2    3.06    0.01    0.06    0.59 v _1106_/S (HA_X1)
                  0.01    0.00    0.59 v _0754_/A3 (NAND4_X1)
     3    4.94    0.02    0.03    0.62 ^ _0754_/ZN (NAND4_X1)
                  0.02    0.00    0.62 ^ _0755_/C1 (OAI221_X1)
     2    4.63    0.02    0.04    0.65 v _0755_/ZN (OAI221_X1)
                  0.02    0.00    0.65 v _0806_/B1 (AOI221_X2)
     2    4.79    0.05    0.08    0.73 ^ _0806_/ZN (AOI221_X2)
                  0.05    0.00    0.73 ^ _0820_/B1 (AOI21_X2)
     3    5.83    0.02    0.02    0.76 v _0820_/ZN (AOI21_X2)
                  0.02    0.00    0.76 v _0870_/B2 (AOI21_X2)
     4    7.52    0.03    0.04    0.80 ^ _0870_/ZN (AOI21_X2)
                  0.03    0.00    0.80 ^ _0871_/A3 (NOR3_X1)
     1    1.47    0.01    0.01    0.82 v _0871_/ZN (NOR3_X1)
                  0.01    0.00    0.82 v _0880_/B (AOI211_X1)
     1    2.76    0.04    0.07    0.89 ^ _0880_/ZN (AOI211_X1)
                  0.04    0.00    0.89 ^ _1095_/CI (FA_X1)
     3    4.82    0.02    0.06    0.96 ^ _1095_/CO (FA_X1)
                  0.02    0.00    0.96 ^ _1068_/A2 (NOR3_X1)
     1    0.88    0.01    0.01    0.97 v _1068_/ZN (NOR3_X1)
                  0.01    0.00    0.97 v _1069_/A3 (AND3_X1)
     1    3.14    0.01    0.04    1.01 v _1069_/ZN (AND3_X1)
                  0.01    0.00    1.01 v _1072_/A (AOI221_X2)
     1    1.67    0.04    0.06    1.07 ^ _1072_/ZN (AOI221_X2)
                  0.04    0.00    1.07 ^ _1075_/A (OAI21_X1)
     1    1.05    0.01    0.02    1.09 v _1075_/ZN (OAI21_X1)
                  0.01    0.00    1.09 v _1200_/D (DFFR_X1)
                                  1.09   data arrival time

                  0.00    0.01    0.01   clock clk (rise edge)
                          0.00    0.01   clock network delay (ideal)
                          0.00    0.01   clock reconvergence pessimism
                                  0.01 ^ _1200_/CK (DFFR_X1)
                         -0.04   -0.03   library setup time
                                 -0.03   data required time
-----------------------------------------------------------------------------
                                 -0.03   data required time
                                 -1.09   data arrival time
-----------------------------------------------------------------------------
                                 -1.12   slack (VIOLATED)



==========================================================================
floorplan final report_power
--------------------------------------------------------------------------
Group                  Internal  Switching    Leakage      Total
                          Power      Power      Power      Power (Watts)
----------------------------------------------------------------
Sequential             7.04e-02   9.12e-03   5.85e-06   7.95e-02  46.3%
Combinational          5.53e-02   3.70e-02   1.64e-05   9.23e-02  53.7%
Clock                  0.00e+00   0.00e+00   0.00e+00   0.00e+00   0.0%
Macro                  0.00e+00   0.00e+00   0.00e+00   0.00e+00   0.0%
Pad                    0.00e+00   0.00e+00   0.00e+00   0.00e+00   0.0%
----------------------------------------------------------------
Total                  1.26e-01   4.62e-02   2.22e-05   1.72e-01 100.0%
                          73.1%      26.9%       0.0%

==========================================================================
floorplan final report_design_area
--------------------------------------------------------------------------
Design area 1103 u^2 1% utilization.

