OpenROAD v2.0-22532-gac667f3cc7 
Features included (+) or not (-): +GPU +GUI +Python
This program is licensed under the BSD-3 license. See the LICENSE file for details.
Components of this program may be licensed under more restrictive licenses which must be honored.
[INFO ODB-0227] LEF file: /project/cad-team/LX_Semicon/kmcho/EoR/pdk/Nangate45/Nangate45_tech.lef, created 22 layers, 27 vias
[INFO ODB-0227] LEF file: /project/cad-team/LX_Semicon/kmcho/EoR/pdk/Nangate45/Nangate45_stdcell.lef, created 135 library cells
[INFO IFP-0001] Added 353 rows of 2602 site FreePDK45_38x28_10R_NP_162NW_34O.
Default units for flow
 time 1ns
 capacitance 1fF
 resistance 1kohm
 voltage 1v
 current 1mA
 power 1nW
 distance 1um

==========================================================================
floorplan final check_setup
--------------------------------------------------------------------------
Warning: There are 34 input ports missing set_input_delay.
Warning: There are 33 output ports missing set_output_delay.
Warning: There are 33 unconstrained endpoints.

==========================================================================
floorplan final report_tns
--------------------------------------------------------------------------
tns max -46.39

==========================================================================
floorplan final report_wns
--------------------------------------------------------------------------
wns max -1.10

==========================================================================
floorplan final report_worst_slack
--------------------------------------------------------------------------
worst slack max -1.10

==========================================================================
floorplan final report_checks -path_delay min
--------------------------------------------------------------------------
[WARNING STA-0168] unknown field nets.
Startpoint: _1441_ (rising edge-triggered flip-flop clocked by clk)
Endpoint: _1441_ (rising edge-triggered flip-flop clocked by clk)
Path Group: clk
Path Type: min

Fanout     Cap    Slew   Delay    Time   Description
-----------------------------------------------------------------------------
                  0.00    0.00    0.00   clock clk (rise edge)
                          0.00    0.00   clock network delay (ideal)
                  0.00    0.00    0.00 ^ _1441_/CK (DFFR_X1)
     2    1.53    0.01    0.08    0.08 v _1441_/Q (DFFR_X1)
                  0.01    0.00    0.08 v _1170_/A1 (NAND2_X1)
     1    1.60    0.01    0.01    0.10 ^ _1170_/ZN (NAND2_X1)
                  0.01    0.00    0.10 ^ _1172_/A1 (NAND2_X1)
     1    1.05    0.01    0.01    0.11 v _1172_/ZN (NAND2_X1)
                  0.01    0.00    0.11 v _1441_/D (DFFR_X1)
                                  0.11   data arrival time

                  0.00    0.00    0.00   clock clk (rise edge)
                          0.00    0.00   clock network delay (ideal)
                          0.00    0.00   clock reconvergence pessimism
                                  0.00 ^ _1441_/CK (DFFR_X1)
                          0.00    0.00   library hold time
                                  0.00   data required time
-----------------------------------------------------------------------------
                                  0.00   data required time
                                 -0.11   data arrival time
-----------------------------------------------------------------------------
                                  0.10   slack (MET)



==========================================================================
floorplan final report_checks -path_delay max
--------------------------------------------------------------------------
[WARNING STA-0168] unknown field nets.
Startpoint: _1443_ (rising edge-triggered flip-flop clocked by clk)
Endpoint: _1440_ (rising edge-triggered flip-flop clocked by clk)
Path Group: clk
Path Type: max

Fanout     Cap    Slew   Delay    Time   Description
-----------------------------------------------------------------------------
                  0.00    0.00    0.00   clock clk (rise edge)
                          0.00    0.00   clock network delay (ideal)
                  0.00    0.00    0.00 ^ _1443_/CK (DFFR_X1)
     2    6.90    0.02    0.08    0.08 ^ _1443_/QN (DFFR_X1)
                  0.02    0.00    0.08 ^ _1428_/B (HA_X1)
     5    9.19    0.02    0.05    0.13 ^ _1428_/CO (HA_X1)
                  0.02    0.00    0.13 ^ _1396_/B (HA_X1)
     1    3.40    0.03    0.06    0.19 ^ _1396_/S (HA_X1)
                  0.03    0.00    0.19 ^ _0780_/A (BUF_X4)
     8   13.16    0.01    0.03    0.22 ^ _0780_/Z (BUF_X4)
                  0.01    0.00    0.22 ^ _0781_/A (BUF_X1)
    10   15.92    0.04    0.06    0.28 ^ _0781_/Z (BUF_X1)
                  0.04    0.00    0.28 ^ _0782_/A (BUF_X1)
    10   15.71    0.04    0.06    0.34 ^ _0782_/Z (BUF_X1)
                  0.04    0.00    0.34 ^ _0783_/A (BUF_X2)
    10   17.74    0.02    0.05    0.39 ^ _0783_/Z (BUF_X2)
                  0.02    0.00    0.39 ^ _0924_/S (MUX2_X1)
     2    1.81    0.01    0.06    0.45 v _0924_/Z (MUX2_X1)
                  0.01    0.00    0.45 v _0925_/B (MUX2_X1)
     2    3.02    0.01    0.06    0.51 v _0925_/Z (MUX2_X1)
                  0.01    0.00    0.51 v _0926_/A2 (NOR2_X1)
     1    3.45    0.03    0.04    0.55 ^ _0926_/ZN (NOR2_X1)
                  0.03    0.00    0.55 ^ _1411_/B (HA_X1)
     1    0.97    0.02    0.05    0.60 ^ _1411_/S (HA_X1)
                  0.02    0.00    0.60 ^ _0941_/A (BUF_X1)
     4    7.39    0.02    0.04    0.63 ^ _0941_/Z (BUF_X1)
                  0.02    0.00    0.63 ^ _0965_/A1 (NAND4_X1)
     3    3.86    0.02    0.04    0.67 v _0965_/ZN (NAND4_X1)
                  0.02    0.00    0.67 v _0966_/A3 (NOR3_X1)
     1    1.66    0.03    0.05    0.72 ^ _0966_/ZN (NOR3_X1)
                  0.03    0.00    0.72 ^ _0970_/B (AOI211_X1)
     1    1.54    0.01    0.02    0.74 v _0970_/ZN (AOI211_X1)
                  0.01    0.00    0.74 v _0973_/A (OAI221_X1)
     1    0.97    0.03    0.02    0.76 ^ _0973_/ZN (OAI221_X1)
                  0.03    0.00    0.76 ^ _0974_/A (BUF_X1)
     7   13.28    0.03    0.06    0.82 ^ _0974_/Z (BUF_X1)
                  0.03    0.00    0.82 ^ _1048_/C2 (AOI211_X1)
     1    0.79    0.01    0.02    0.84 v _1048_/ZN (AOI211_X1)
                  0.01    0.00    0.84 v _1051_/A1 (OR2_X1)
     1    2.66    0.01    0.05    0.89 v _1051_/ZN (OR2_X1)
                  0.01    0.00    0.89 v _1395_/CI (FA_X1)
     3    4.56    0.02    0.07    0.96 v _1395_/CO (FA_X1)
                  0.02    0.00    0.96 v _1159_/A (INV_X1)
     2    3.29    0.01    0.02    0.98 ^ _1159_/ZN (INV_X1)
                  0.01    0.00    0.98 ^ _1165_/A2 (NAND3_X1)
     1    0.90    0.01    0.02    1.00 v _1165_/ZN (NAND3_X1)
                  0.01    0.00    1.00 v _1166_/B (MUX2_X1)
     1    1.54    0.01    0.06    1.06 v _1166_/Z (MUX2_X1)
                  0.01    0.00    1.06 v _1168_/A3 (NAND4_X1)
     1    1.13    0.01    0.02    1.08 ^ _1168_/ZN (NAND4_X1)
                  0.01    0.00    1.08 ^ _1440_/D (DFFR_X1)
                                  1.08   data arrival time

                  0.00    0.01    0.01   clock clk (rise edge)
                          0.00    0.01   clock network delay (ideal)
                          0.00    0.01   clock reconvergence pessimism
                                  0.01 ^ _1440_/CK (DFFR_X1)
                         -0.03   -0.02   library setup time
                                 -0.02   data required time
-----------------------------------------------------------------------------
                                 -0.02   data required time
                                 -1.08   data arrival time
-----------------------------------------------------------------------------
                                 -1.10   slack (VIOLATED)



==========================================================================
floorplan final report_checks -unconstrained
--------------------------------------------------------------------------
[WARNING STA-0168] unknown field nets.
Startpoint: _1443_ (rising edge-triggered flip-flop clocked by clk)
Endpoint: _1440_ (rising edge-triggered flip-flop clocked by clk)
Path Group: clk
Path Type: max

Fanout     Cap    Slew   Delay    Time   Description
-----------------------------------------------------------------------------
                  0.00    0.00    0.00   clock clk (rise edge)
                          0.00    0.00   clock network delay (ideal)
                  0.00    0.00    0.00 ^ _1443_/CK (DFFR_X1)
     2    6.90    0.02    0.08    0.08 ^ _1443_/QN (DFFR_X1)
                  0.02    0.00    0.08 ^ _1428_/B (HA_X1)
     5    9.19    0.02    0.05    0.13 ^ _1428_/CO (HA_X1)
                  0.02    0.00    0.13 ^ _1396_/B (HA_X1)
     1    3.40    0.03    0.06    0.19 ^ _1396_/S (HA_X1)
                  0.03    0.00    0.19 ^ _0780_/A (BUF_X4)
     8   13.16    0.01    0.03    0.22 ^ _0780_/Z (BUF_X4)
                  0.01    0.00    0.22 ^ _0781_/A (BUF_X1)
    10   15.92    0.04    0.06    0.28 ^ _0781_/Z (BUF_X1)
                  0.04    0.00    0.28 ^ _0782_/A (BUF_X1)
    10   15.71    0.04    0.06    0.34 ^ _0782_/Z (BUF_X1)
                  0.04    0.00    0.34 ^ _0783_/A (BUF_X2)
    10   17.74    0.02    0.05    0.39 ^ _0783_/Z (BUF_X2)
                  0.02    0.00    0.39 ^ _0924_/S (MUX2_X1)
     2    1.81    0.01    0.06    0.45 v _0924_/Z (MUX2_X1)
                  0.01    0.00    0.45 v _0925_/B (MUX2_X1)
     2    3.02    0.01    0.06    0.51 v _0925_/Z (MUX2_X1)
                  0.01    0.00    0.51 v _0926_/A2 (NOR2_X1)
     1    3.45    0.03    0.04    0.55 ^ _0926_/ZN (NOR2_X1)
                  0.03    0.00    0.55 ^ _1411_/B (HA_X1)
     1    0.97    0.02    0.05    0.60 ^ _1411_/S (HA_X1)
                  0.02    0.00    0.60 ^ _0941_/A (BUF_X1)
     4    7.39    0.02    0.04    0.63 ^ _0941_/Z (BUF_X1)
                  0.02    0.00    0.63 ^ _0965_/A1 (NAND4_X1)
     3    3.86    0.02    0.04    0.67 v _0965_/ZN (NAND4_X1)
                  0.02    0.00    0.67 v _0966_/A3 (NOR3_X1)
     1    1.66    0.03    0.05    0.72 ^ _0966_/ZN (NOR3_X1)
                  0.03    0.00    0.72 ^ _0970_/B (AOI211_X1)
     1    1.54    0.01    0.02    0.74 v _0970_/ZN (AOI211_X1)
                  0.01    0.00    0.74 v _0973_/A (OAI221_X1)
     1    0.97    0.03    0.02    0.76 ^ _0973_/ZN (OAI221_X1)
                  0.03    0.00    0.76 ^ _0974_/A (BUF_X1)
     7   13.28    0.03    0.06    0.82 ^ _0974_/Z (BUF_X1)
                  0.03    0.00    0.82 ^ _1048_/C2 (AOI211_X1)
     1    0.79    0.01    0.02    0.84 v _1048_/ZN (AOI211_X1)
                  0.01    0.00    0.84 v _1051_/A1 (OR2_X1)
     1    2.66    0.01    0.05    0.89 v _1051_/ZN (OR2_X1)
                  0.01    0.00    0.89 v _1395_/CI (FA_X1)
     3    4.56    0.02    0.07    0.96 v _1395_/CO (FA_X1)
                  0.02    0.00    0.96 v _1159_/A (INV_X1)
     2    3.29    0.01    0.02    0.98 ^ _1159_/ZN (INV_X1)
                  0.01    0.00    0.98 ^ _1165_/A2 (NAND3_X1)
     1    0.90    0.01    0.02    1.00 v _1165_/ZN (NAND3_X1)
                  0.01    0.00    1.00 v _1166_/B (MUX2_X1)
     1    1.54    0.01    0.06    1.06 v _1166_/Z (MUX2_X1)
                  0.01    0.00    1.06 v _1168_/A3 (NAND4_X1)
     1    1.13    0.01    0.02    1.08 ^ _1168_/ZN (NAND4_X1)
                  0.01    0.00    1.08 ^ _1440_/D (DFFR_X1)
                                  1.08   data arrival time

                  0.00    0.01    0.01   clock clk (rise edge)
                          0.00    0.01   clock network delay (ideal)
                          0.00    0.01   clock reconvergence pessimism
                                  0.01 ^ _1440_/CK (DFFR_X1)
                         -0.03   -0.02   library setup time
                                 -0.02   data required time
-----------------------------------------------------------------------------
                                 -0.02   data required time
                                 -1.08   data arrival time
-----------------------------------------------------------------------------
                                 -1.10   slack (VIOLATED)



==========================================================================
floorplan final report_power
--------------------------------------------------------------------------
Group                  Internal  Switching    Leakage      Total
                          Power      Power      Power      Power (Watts)
----------------------------------------------------------------
Sequential             5.18e-02   1.81e-03   5.72e-06   5.36e-02  52.8%
Combinational          2.39e-02   2.40e-02   2.04e-05   4.79e-02  47.2%
Clock                  0.00e+00   0.00e+00   0.00e+00   0.00e+00   0.0%
Macro                  0.00e+00   0.00e+00   0.00e+00   0.00e+00   0.0%
Pad                    0.00e+00   0.00e+00   0.00e+00   0.00e+00   0.0%
----------------------------------------------------------------
Total                  7.57e-02   2.58e-02   2.61e-05   1.02e-01 100.0%
                          74.5%      25.4%       0.0%

==========================================================================
floorplan final report_design_area
--------------------------------------------------------------------------
Design area 1223 u^2 1% utilization.

