OpenROAD v2.0-22532-gac667f3cc7 
Features included (+) or not (-): +GPU +GUI +Python
This program is licensed under the BSD-3 license. See the LICENSE file for details.
Components of this program may be licensed under more restrictive licenses which must be honored.
[INFO ODB-0227] LEF file: /project/cad-team/LX_Semicon/kmcho/EoR/pdk/Nangate45/Nangate45_tech.lef, created 22 layers, 27 vias
[INFO ODB-0227] LEF file: /project/cad-team/LX_Semicon/kmcho/EoR/pdk/Nangate45/Nangate45_stdcell.lef, created 135 library cells
[INFO IFP-0001] Added 369 rows of 2722 site FreePDK45_38x28_10R_NP_162NW_34O.
Default units for flow
 time 1ns
 capacitance 1fF
 resistance 1kohm
 voltage 1v
 current 1mA
 power 1nW
 distance 1um

==========================================================================
floorplan final check_setup
--------------------------------------------------------------------------
Warning: There are 34 input ports missing set_input_delay.
Warning: There are 33 output ports missing set_output_delay.
Warning: There are 33 unconstrained endpoints.

==========================================================================
floorplan final report_tns
--------------------------------------------------------------------------
tns max -49.04

==========================================================================
floorplan final report_wns
--------------------------------------------------------------------------
wns max -1.16

==========================================================================
floorplan final report_worst_slack
--------------------------------------------------------------------------
worst slack max -1.16

==========================================================================
floorplan final report_checks -path_delay min
--------------------------------------------------------------------------
[WARNING STA-0168] unknown field nets.
Startpoint: _1418_ (rising edge-triggered flip-flop clocked by clk)
Endpoint: _1457_ (rising edge-triggered flip-flop clocked by clk)
Path Group: clk
Path Type: min

Fanout     Cap    Slew   Delay    Time   Description
-----------------------------------------------------------------------------
                  0.00    0.00    0.00   clock clk (rise edge)
                          0.00    0.00   clock network delay (ideal)
                  0.00    0.00    0.00 ^ _1418_/CK (DFFR_X1)
     2    1.93    0.01    0.08    0.08 v _1418_/Q (DFFR_X1)
                  0.01    0.00    0.08 v _1457_/D (DFFR_X1)
                                  0.08   data arrival time

                  0.00    0.00    0.00   clock clk (rise edge)
                          0.00    0.00   clock network delay (ideal)
                          0.00    0.00   clock reconvergence pessimism
                                  0.00 ^ _1457_/CK (DFFR_X1)
                          0.00    0.00   library hold time
                                  0.00   data required time
-----------------------------------------------------------------------------
                                  0.00   data required time
                                 -0.08   data arrival time
-----------------------------------------------------------------------------
                                  0.08   slack (MET)



==========================================================================
floorplan final report_checks -path_delay max
--------------------------------------------------------------------------
[WARNING STA-0168] unknown field nets.
Startpoint: _1422_ (rising edge-triggered flip-flop clocked by clk)
Endpoint: _1418_ (rising edge-triggered flip-flop clocked by clk)
Path Group: clk
Path Type: max

Fanout     Cap    Slew   Delay    Time   Description
-----------------------------------------------------------------------------
                  0.00    0.00    0.00   clock clk (rise edge)
                          0.00    0.00   clock network delay (ideal)
                  0.00    0.00    0.00 ^ _1422_/CK (DFFR_X1)
     4    8.06    0.02    0.11    0.11 ^ _1422_/Q (DFFR_X1)
                  0.02    0.00    0.11 ^ _0766_/A2 (NOR2_X1)
     2    2.99    0.01    0.02    0.13 v _0766_/ZN (NOR2_X1)
                  0.01    0.00    0.13 v _0767_/A2 (NAND2_X1)
     3    6.72    0.02    0.03    0.16 ^ _0767_/ZN (NAND2_X1)
                  0.02    0.00    0.16 ^ _0768_/A (INV_X1)
     4    8.55    0.01    0.02    0.18 v _0768_/ZN (INV_X1)
                  0.01    0.00    0.18 v _1342_/B (HA_X1)
     1    0.88    0.01    0.03    0.21 v _1342_/CO (HA_X1)
                  0.01    0.00    0.21 v _0775_/A (BUF_X1)
     7   11.39    0.01    0.04    0.25 v _0775_/Z (BUF_X1)
                  0.01    0.00    0.25 v _0800_/A1 (NOR2_X1)
     5    7.68    0.04    0.06    0.31 ^ _0800_/ZN (NOR2_X1)
                  0.04    0.00    0.31 ^ _0814_/A (BUF_X2)
    10   16.54    0.02    0.05    0.35 ^ _0814_/Z (BUF_X2)
                  0.02    0.00    0.35 ^ _0816_/A2 (AOI22_X1)
     3    3.26    0.02    0.02    0.37 v _0816_/ZN (AOI22_X1)
                  0.02    0.00    0.37 v _0861_/A (MUX2_X1)
     2    1.81    0.01    0.06    0.43 v _0861_/Z (MUX2_X1)
                  0.01    0.00    0.43 v _0862_/B (MUX2_X1)
     2    3.13    0.01    0.06    0.50 v _0862_/Z (MUX2_X1)
                  0.01    0.00    0.50 v _0863_/A2 (NOR2_X1)
     1    3.45    0.03    0.04    0.53 ^ _0863_/ZN (NOR2_X1)
                  0.03    0.00    0.53 ^ _1352_/B (HA_X1)
     1    0.97    0.02    0.05    0.58 ^ _1352_/S (HA_X1)
                  0.02    0.00    0.58 ^ _0869_/A (BUF_X1)
     5    8.06    0.02    0.04    0.62 ^ _0869_/Z (BUF_X1)
                  0.02    0.00    0.62 ^ _0870_/A1 (AND2_X1)
     2    2.55    0.01    0.04    0.66 ^ _0870_/ZN (AND2_X1)
                  0.01    0.00    0.66 ^ _0935_/A3 (AND4_X1)
     1    1.66    0.01    0.06    0.71 ^ _0935_/ZN (AND4_X1)
                  0.01    0.00    0.71 ^ _0936_/B (OAI211_X1)
     3    4.35    0.03    0.04    0.75 v _0936_/ZN (OAI211_X1)
                  0.03    0.00    0.75 v _1002_/B2 (AOI21_X1)
     1    0.95    0.02    0.04    0.79 ^ _1002_/ZN (AOI21_X1)
                  0.02    0.00    0.79 ^ _1009_/A1 (OR2_X1)
     2    3.33    0.01    0.03    0.82 ^ _1009_/ZN (OR2_X1)
                  0.01    0.00    0.82 ^ _1017_/B2 (AOI221_X1)
     1    3.40    0.02    0.03    0.84 v _1017_/ZN (AOI221_X1)
                  0.02    0.00    0.84 v _1340_/B (FA_X1)
     3    3.93    0.02    0.09    0.93 v _1340_/CO (FA_X1)
                  0.02    0.00    0.93 v _1224_/A2 (OR3_X1)
     1    3.51    0.02    0.08    1.01 v _1224_/ZN (OR3_X1)
                  0.02    0.00    1.01 v _1225_/A4 (OR4_X4)
     1    2.92    0.01    0.11    1.12 v _1225_/ZN (OR4_X4)
                  0.01    0.00    1.12 v _1235_/A1 (NAND4_X2)
     1    1.13    0.01    0.02    1.14 ^ _1235_/ZN (NAND4_X2)
                  0.01    0.00    1.14 ^ _1418_/D (DFFR_X1)
                                  1.14   data arrival time

                  0.00    0.01    0.01   clock clk (rise edge)
                          0.00    0.01   clock network delay (ideal)
                          0.00    0.01   clock reconvergence pessimism
                                  0.01 ^ _1418_/CK (DFFR_X1)
                         -0.03   -0.02   library setup time
                                 -0.02   data required time
-----------------------------------------------------------------------------
                                 -0.02   data required time
                                 -1.14   data arrival time
-----------------------------------------------------------------------------
                                 -1.16   slack (VIOLATED)



==========================================================================
floorplan final report_checks -unconstrained
--------------------------------------------------------------------------
[WARNING STA-0168] unknown field nets.
Startpoint: _1422_ (rising edge-triggered flip-flop clocked by clk)
Endpoint: _1418_ (rising edge-triggered flip-flop clocked by clk)
Path Group: clk
Path Type: max

Fanout     Cap    Slew   Delay    Time   Description
-----------------------------------------------------------------------------
                  0.00    0.00    0.00   clock clk (rise edge)
                          0.00    0.00   clock network delay (ideal)
                  0.00    0.00    0.00 ^ _1422_/CK (DFFR_X1)
     4    8.06    0.02    0.11    0.11 ^ _1422_/Q (DFFR_X1)
                  0.02    0.00    0.11 ^ _0766_/A2 (NOR2_X1)
     2    2.99    0.01    0.02    0.13 v _0766_/ZN (NOR2_X1)
                  0.01    0.00    0.13 v _0767_/A2 (NAND2_X1)
     3    6.72    0.02    0.03    0.16 ^ _0767_/ZN (NAND2_X1)
                  0.02    0.00    0.16 ^ _0768_/A (INV_X1)
     4    8.55    0.01    0.02    0.18 v _0768_/ZN (INV_X1)
                  0.01    0.00    0.18 v _1342_/B (HA_X1)
     1    0.88    0.01    0.03    0.21 v _1342_/CO (HA_X1)
                  0.01    0.00    0.21 v _0775_/A (BUF_X1)
     7   11.39    0.01    0.04    0.25 v _0775_/Z (BUF_X1)
                  0.01    0.00    0.25 v _0800_/A1 (NOR2_X1)
     5    7.68    0.04    0.06    0.31 ^ _0800_/ZN (NOR2_X1)
                  0.04    0.00    0.31 ^ _0814_/A (BUF_X2)
    10   16.54    0.02    0.05    0.35 ^ _0814_/Z (BUF_X2)
                  0.02    0.00    0.35 ^ _0816_/A2 (AOI22_X1)
     3    3.26    0.02    0.02    0.37 v _0816_/ZN (AOI22_X1)
                  0.02    0.00    0.37 v _0861_/A (MUX2_X1)
     2    1.81    0.01    0.06    0.43 v _0861_/Z (MUX2_X1)
                  0.01    0.00    0.43 v _0862_/B (MUX2_X1)
     2    3.13    0.01    0.06    0.50 v _0862_/Z (MUX2_X1)
                  0.01    0.00    0.50 v _0863_/A2 (NOR2_X1)
     1    3.45    0.03    0.04    0.53 ^ _0863_/ZN (NOR2_X1)
                  0.03    0.00    0.53 ^ _1352_/B (HA_X1)
     1    0.97    0.02    0.05    0.58 ^ _1352_/S (HA_X1)
                  0.02    0.00    0.58 ^ _0869_/A (BUF_X1)
     5    8.06    0.02    0.04    0.62 ^ _0869_/Z (BUF_X1)
                  0.02    0.00    0.62 ^ _0870_/A1 (AND2_X1)
     2    2.55    0.01    0.04    0.66 ^ _0870_/ZN (AND2_X1)
                  0.01    0.00    0.66 ^ _0935_/A3 (AND4_X1)
     1    1.66    0.01    0.06    0.71 ^ _0935_/ZN (AND4_X1)
                  0.01    0.00    0.71 ^ _0936_/B (OAI211_X1)
     3    4.35    0.03    0.04    0.75 v _0936_/ZN (OAI211_X1)
                  0.03    0.00    0.75 v _1002_/B2 (AOI21_X1)
     1    0.95    0.02    0.04    0.79 ^ _1002_/ZN (AOI21_X1)
                  0.02    0.00    0.79 ^ _1009_/A1 (OR2_X1)
     2    3.33    0.01    0.03    0.82 ^ _1009_/ZN (OR2_X1)
                  0.01    0.00    0.82 ^ _1017_/B2 (AOI221_X1)
     1    3.40    0.02    0.03    0.84 v _1017_/ZN (AOI221_X1)
                  0.02    0.00    0.84 v _1340_/B (FA_X1)
     3    3.93    0.02    0.09    0.93 v _1340_/CO (FA_X1)
                  0.02    0.00    0.93 v _1224_/A2 (OR3_X1)
     1    3.51    0.02    0.08    1.01 v _1224_/ZN (OR3_X1)
                  0.02    0.00    1.01 v _1225_/A4 (OR4_X4)
     1    2.92    0.01    0.11    1.12 v _1225_/ZN (OR4_X4)
                  0.01    0.00    1.12 v _1235_/A1 (NAND4_X2)
     1    1.13    0.01    0.02    1.14 ^ _1235_/ZN (NAND4_X2)
                  0.01    0.00    1.14 ^ _1418_/D (DFFR_X1)
                                  1.14   data arrival time

                  0.00    0.01    0.01   clock clk (rise edge)
                          0.00    0.01   clock network delay (ideal)
                          0.00    0.01   clock reconvergence pessimism
                                  0.01 ^ _1418_/CK (DFFR_X1)
                         -0.03   -0.02   library setup time
                                 -0.02   data required time
-----------------------------------------------------------------------------
                                 -0.02   data required time
                                 -1.14   data arrival time
-----------------------------------------------------------------------------
                                 -1.16   slack (VIOLATED)



==========================================================================
floorplan final report_power
--------------------------------------------------------------------------
Group                  Internal  Switching    Leakage      Total
                          Power      Power      Power      Power (Watts)
----------------------------------------------------------------
Sequential             7.73e-02   2.00e-03   8.35e-06   7.93e-02  58.6%
Combinational          2.78e-02   2.84e-02   1.77e-05   5.61e-02  41.4%
Clock                  0.00e+00   0.00e+00   0.00e+00   0.00e+00   0.0%
Macro                  0.00e+00   0.00e+00   0.00e+00   0.00e+00   0.0%
Pad                    0.00e+00   0.00e+00   0.00e+00   0.00e+00   0.0%
----------------------------------------------------------------
Total                  1.05e-01   3.03e-02   2.61e-05   1.35e-01 100.0%
                          77.6%      22.4%       0.0%

==========================================================================
floorplan final report_design_area
--------------------------------------------------------------------------
Design area 1338 u^2 1% utilization.

