OpenROAD v2.0-22532-gac667f3cc7 
Features included (+) or not (-): +GPU +GUI +Python
This program is licensed under the BSD-3 license. See the LICENSE file for details.
Components of this program may be licensed under more restrictive licenses which must be honored.
[INFO ODB-0227] LEF file: /project/cad-team/LX_Semicon/kmcho/EoR/pdk/Nangate45/Nangate45_tech.lef, created 22 layers, 27 vias
[INFO ODB-0227] LEF file: /project/cad-team/LX_Semicon/kmcho/EoR/pdk/Nangate45/Nangate45_stdcell.lef, created 135 library cells
[INFO IFP-0001] Added 369 rows of 2725 site FreePDK45_38x28_10R_NP_162NW_34O.
Default units for flow
 time 1ns
 capacitance 1fF
 resistance 1kohm
 voltage 1v
 current 1mA
 power 1nW
 distance 1um

==========================================================================
floorplan final check_setup
--------------------------------------------------------------------------
Warning: There are 34 input ports missing set_input_delay.
Warning: There are 33 output ports missing set_output_delay.
Warning: There are 33 unconstrained endpoints.

==========================================================================
floorplan final report_tns
--------------------------------------------------------------------------
tns max -49.74

==========================================================================
floorplan final report_wns
--------------------------------------------------------------------------
wns max -1.18

==========================================================================
floorplan final report_worst_slack
--------------------------------------------------------------------------
worst slack max -1.18

==========================================================================
floorplan final report_checks -path_delay min
--------------------------------------------------------------------------
[WARNING STA-0168] unknown field nets.
Startpoint: _1367_ (rising edge-triggered flip-flop clocked by clk)
Endpoint: _1405_ (rising edge-triggered flip-flop clocked by clk)
Path Group: clk
Path Type: min

Fanout     Cap    Slew   Delay    Time   Description
-----------------------------------------------------------------------------
                  0.00    0.00    0.00   clock clk (rise edge)
                          0.00    0.00   clock network delay (ideal)
                  0.00    0.00    0.00 ^ _1367_/CK (DFFR_X1)
     2    2.57    0.01    0.09    0.09 v _1367_/Q (DFFR_X1)
                  0.01    0.00    0.09 v _1405_/D (DFFR_X1)
                                  0.09   data arrival time

                  0.00    0.00    0.00   clock clk (rise edge)
                          0.00    0.00   clock network delay (ideal)
                          0.00    0.00   clock reconvergence pessimism
                                  0.00 ^ _1405_/CK (DFFR_X1)
                          0.00    0.00   library hold time
                                  0.00   data required time
-----------------------------------------------------------------------------
                                  0.00   data required time
                                 -0.09   data arrival time
-----------------------------------------------------------------------------
                                  0.08   slack (MET)



==========================================================================
floorplan final report_checks -path_delay max
--------------------------------------------------------------------------
[WARNING STA-0168] unknown field nets.
Startpoint: _1370_ (rising edge-triggered flip-flop clocked by clk)
Endpoint: _1366_ (rising edge-triggered flip-flop clocked by clk)
Path Group: clk
Path Type: max

Fanout     Cap    Slew   Delay    Time   Description
-----------------------------------------------------------------------------
                  0.00    0.00    0.00   clock clk (rise edge)
                          0.00    0.00   clock network delay (ideal)
                  0.00    0.00    0.00 ^ _1370_/CK (DFFR_X1)
     4    7.40    0.02    0.11    0.11 ^ _1370_/Q (DFFR_X1)
                  0.02    0.00    0.11 ^ _0742_/A2 (NOR2_X1)
     2    2.99    0.01    0.02    0.13 v _0742_/ZN (NOR2_X1)
                  0.01    0.00    0.13 v _0743_/A2 (NAND2_X1)
     3    6.72    0.02    0.03    0.16 ^ _0743_/ZN (NAND2_X1)
                  0.02    0.00    0.16 ^ _0744_/A (INV_X1)
     4    8.55    0.01    0.02    0.18 v _0744_/ZN (INV_X1)
                  0.01    0.00    0.18 v _1294_/B (HA_X1)
     1    0.88    0.01    0.03    0.21 v _1294_/CO (HA_X1)
                  0.01    0.00    0.21 v _0751_/A (BUF_X1)
     8   14.57    0.02    0.04    0.25 v _0751_/Z (BUF_X1)
                  0.02    0.00    0.25 v _0764_/A (INV_X1)
     5    7.37    0.02    0.03    0.28 ^ _0764_/ZN (INV_X1)
                  0.02    0.00    0.28 ^ _0765_/A (BUF_X1)
    10   15.36    0.04    0.06    0.34 ^ _0765_/Z (BUF_X1)
                  0.04    0.00    0.34 ^ _0797_/A1 (NAND2_X1)
     1    0.91    0.01    0.01    0.36 v _0797_/ZN (NAND2_X1)
                  0.01    0.00    0.36 v _0800_/A (MUX2_X1)
     2    2.47    0.01    0.06    0.42 v _0800_/Z (MUX2_X1)
                  0.01    0.00    0.42 v _0826_/A (MUX2_X1)
     2    2.37    0.01    0.06    0.48 v _0826_/Z (MUX2_X1)
                  0.01    0.00    0.48 v _0828_/B1 (OAI21_X1)
     3    3.57    0.03    0.04    0.51 ^ _0828_/ZN (OAI21_X1)
                  0.03    0.00    0.51 ^ _0829_/A2 (AND2_X1)
     2    6.21    0.02    0.05    0.56 ^ _0829_/ZN (AND2_X1)
                  0.02    0.00    0.56 ^ _1303_/B (HA_X1)
     2    3.26    0.03    0.06    0.62 ^ _1303_/S (HA_X1)
                  0.03    0.00    0.62 ^ _0873_/A3 (NAND4_X1)
     3    4.39    0.03    0.04    0.66 v _0873_/ZN (NAND4_X1)
                  0.03    0.00    0.66 v _0874_/C1 (OAI221_X1)
     2    3.30    0.04    0.05    0.71 ^ _0874_/ZN (OAI221_X1)
                  0.04    0.00    0.71 ^ _0921_/B1 (AOI221_X1)
     2    2.95    0.02    0.04    0.75 v _0921_/ZN (AOI221_X1)
                  0.02    0.00    0.75 v _0940_/B1 (AOI21_X1)
     3    5.01    0.04    0.05    0.79 ^ _0940_/ZN (AOI21_X1)
                  0.04    0.00    0.79 ^ _0990_/B2 (AOI21_X1)
     4    8.07    0.02    0.04    0.83 v _0990_/ZN (AOI21_X1)
                  0.02    0.00    0.83 v _0991_/A3 (NOR3_X1)
     1    1.66    0.03    0.05    0.88 ^ _0991_/ZN (NOR3_X1)
                  0.03    0.00    0.88 ^ _1000_/B (AOI211_X1)
     1    2.66    0.01    0.02    0.90 v _1000_/ZN (AOI211_X1)
                  0.01    0.00    0.90 v _1292_/CI (FA_X1)
     4    4.11    0.02    0.07    0.98 v _1292_/CO (FA_X1)
                  0.02    0.00    0.98 v _1168_/A2 (OR3_X1)
     1    0.90    0.01    0.08    1.05 v _1168_/ZN (OR3_X1)
                  0.01    0.00    1.05 v _1169_/A3 (OR3_X1)
     1    1.52    0.01    0.08    1.13 v _1169_/ZN (OR3_X1)
                  0.01    0.00    1.13 v _1177_/A1 (NAND4_X1)
     1    1.13    0.01    0.02    1.15 ^ _1177_/ZN (NAND4_X1)
                  0.01    0.00    1.15 ^ _1366_/D (DFFR_X1)
                                  1.15   data arrival time

                  0.00    0.01    0.01   clock clk (rise edge)
                          0.00    0.01   clock network delay (ideal)
                          0.00    0.01   clock reconvergence pessimism
                                  0.01 ^ _1366_/CK (DFFR_X1)
                         -0.03   -0.02   library setup time
                                 -0.02   data required time
-----------------------------------------------------------------------------
                                 -0.02   data required time
                                 -1.15   data arrival time
-----------------------------------------------------------------------------
                                 -1.18   slack (VIOLATED)



==========================================================================
floorplan final report_checks -unconstrained
--------------------------------------------------------------------------
[WARNING STA-0168] unknown field nets.
Startpoint: _1370_ (rising edge-triggered flip-flop clocked by clk)
Endpoint: _1366_ (rising edge-triggered flip-flop clocked by clk)
Path Group: clk
Path Type: max

Fanout     Cap    Slew   Delay    Time   Description
-----------------------------------------------------------------------------
                  0.00    0.00    0.00   clock clk (rise edge)
                          0.00    0.00   clock network delay (ideal)
                  0.00    0.00    0.00 ^ _1370_/CK (DFFR_X1)
     4    7.40    0.02    0.11    0.11 ^ _1370_/Q (DFFR_X1)
                  0.02    0.00    0.11 ^ _0742_/A2 (NOR2_X1)
     2    2.99    0.01    0.02    0.13 v _0742_/ZN (NOR2_X1)
                  0.01    0.00    0.13 v _0743_/A2 (NAND2_X1)
     3    6.72    0.02    0.03    0.16 ^ _0743_/ZN (NAND2_X1)
                  0.02    0.00    0.16 ^ _0744_/A (INV_X1)
     4    8.55    0.01    0.02    0.18 v _0744_/ZN (INV_X1)
                  0.01    0.00    0.18 v _1294_/B (HA_X1)
     1    0.88    0.01    0.03    0.21 v _1294_/CO (HA_X1)
                  0.01    0.00    0.21 v _0751_/A (BUF_X1)
     8   14.57    0.02    0.04    0.25 v _0751_/Z (BUF_X1)
                  0.02    0.00    0.25 v _0764_/A (INV_X1)
     5    7.37    0.02    0.03    0.28 ^ _0764_/ZN (INV_X1)
                  0.02    0.00    0.28 ^ _0765_/A (BUF_X1)
    10   15.36    0.04    0.06    0.34 ^ _0765_/Z (BUF_X1)
                  0.04    0.00    0.34 ^ _0797_/A1 (NAND2_X1)
     1    0.91    0.01    0.01    0.36 v _0797_/ZN (NAND2_X1)
                  0.01    0.00    0.36 v _0800_/A (MUX2_X1)
     2    2.47    0.01    0.06    0.42 v _0800_/Z (MUX2_X1)
                  0.01    0.00    0.42 v _0826_/A (MUX2_X1)
     2    2.37    0.01    0.06    0.48 v _0826_/Z (MUX2_X1)
                  0.01    0.00    0.48 v _0828_/B1 (OAI21_X1)
     3    3.57    0.03    0.04    0.51 ^ _0828_/ZN (OAI21_X1)
                  0.03    0.00    0.51 ^ _0829_/A2 (AND2_X1)
     2    6.21    0.02    0.05    0.56 ^ _0829_/ZN (AND2_X1)
                  0.02    0.00    0.56 ^ _1303_/B (HA_X1)
     2    3.26    0.03    0.06    0.62 ^ _1303_/S (HA_X1)
                  0.03    0.00    0.62 ^ _0873_/A3 (NAND4_X1)
     3    4.39    0.03    0.04    0.66 v _0873_/ZN (NAND4_X1)
                  0.03    0.00    0.66 v _0874_/C1 (OAI221_X1)
     2    3.30    0.04    0.05    0.71 ^ _0874_/ZN (OAI221_X1)
                  0.04    0.00    0.71 ^ _0921_/B1 (AOI221_X1)
     2    2.95    0.02    0.04    0.75 v _0921_/ZN (AOI221_X1)
                  0.02    0.00    0.75 v _0940_/B1 (AOI21_X1)
     3    5.01    0.04    0.05    0.79 ^ _0940_/ZN (AOI21_X1)
                  0.04    0.00    0.79 ^ _0990_/B2 (AOI21_X1)
     4    8.07    0.02    0.04    0.83 v _0990_/ZN (AOI21_X1)
                  0.02    0.00    0.83 v _0991_/A3 (NOR3_X1)
     1    1.66    0.03    0.05    0.88 ^ _0991_/ZN (NOR3_X1)
                  0.03    0.00    0.88 ^ _1000_/B (AOI211_X1)
     1    2.66    0.01    0.02    0.90 v _1000_/ZN (AOI211_X1)
                  0.01    0.00    0.90 v _1292_/CI (FA_X1)
     4    4.11    0.02    0.07    0.98 v _1292_/CO (FA_X1)
                  0.02    0.00    0.98 v _1168_/A2 (OR3_X1)
     1    0.90    0.01    0.08    1.05 v _1168_/ZN (OR3_X1)
                  0.01    0.00    1.05 v _1169_/A3 (OR3_X1)
     1    1.52    0.01    0.08    1.13 v _1169_/ZN (OR3_X1)
                  0.01    0.00    1.13 v _1177_/A1 (NAND4_X1)
     1    1.13    0.01    0.02    1.15 ^ _1177_/ZN (NAND4_X1)
                  0.01    0.00    1.15 ^ _1366_/D (DFFR_X1)
                                  1.15   data arrival time

                  0.00    0.01    0.01   clock clk (rise edge)
                          0.00    0.01   clock network delay (ideal)
                          0.00    0.01   clock reconvergence pessimism
                                  0.01 ^ _1366_/CK (DFFR_X1)
                         -0.03   -0.02   library setup time
                                 -0.02   data required time
-----------------------------------------------------------------------------
                                 -0.02   data required time
                                 -1.15   data arrival time
-----------------------------------------------------------------------------
                                 -1.18   slack (VIOLATED)



==========================================================================
floorplan final report_power
--------------------------------------------------------------------------
Group                  Internal  Switching    Leakage      Total
                          Power      Power      Power      Power (Watts)
----------------------------------------------------------------
Sequential             7.71e-02   2.04e-03   8.35e-06   7.92e-02  61.0%
Combinational          2.65e-02   2.41e-02   1.84e-05   5.07e-02  39.0%
Clock                  0.00e+00   0.00e+00   0.00e+00   0.00e+00   0.0%
Macro                  0.00e+00   0.00e+00   0.00e+00   0.00e+00   0.0%
Pad                    0.00e+00   0.00e+00   0.00e+00   0.00e+00   0.0%
----------------------------------------------------------------
Total                  1.04e-01   2.61e-02   2.67e-05   1.30e-01 100.0%
                          79.9%      20.1%       0.0%

==========================================================================
floorplan final report_design_area
--------------------------------------------------------------------------
Design area 1341 u^2 1% utilization.

