OpenROAD v2.0-22532-gac667f3cc7 
Features included (+) or not (-): +GPU +GUI +Python
This program is licensed under the BSD-3 license. See the LICENSE file for details.
Components of this program may be licensed under more restrictive licenses which must be honored.
[INFO ODB-0227] LEF file: /project/cad-team/LX_Semicon/kmcho/EoR/pdk/Nangate45/Nangate45_tech.lef, created 22 layers, 27 vias
[INFO ODB-0227] LEF file: /project/cad-team/LX_Semicon/kmcho/EoR/pdk/Nangate45/Nangate45_stdcell.lef, created 135 library cells
[INFO IFP-0001] Added 340 rows of 2509 site FreePDK45_38x28_10R_NP_162NW_34O.
Default units for flow
 time 1ns
 capacitance 1fF
 resistance 1kohm
 voltage 1v
 current 1mA
 power 1nW
 distance 1um

==========================================================================
floorplan final check_setup
--------------------------------------------------------------------------
Warning: There are 34 input ports missing set_input_delay.
Warning: There are 33 output ports missing set_output_delay.
Warning: There are 33 unconstrained endpoints.

==========================================================================
floorplan final report_tns
--------------------------------------------------------------------------
tns max -43.72

==========================================================================
floorplan final report_wns
--------------------------------------------------------------------------
wns max -1.11

==========================================================================
floorplan final report_worst_slack
--------------------------------------------------------------------------
worst slack max -1.11

==========================================================================
floorplan final report_checks -path_delay min
--------------------------------------------------------------------------
[WARNING STA-0168] unknown field nets.
Startpoint: _1301_ (rising edge-triggered flip-flop clocked by clk)
Endpoint: _1301_ (rising edge-triggered flip-flop clocked by clk)
Path Group: clk
Path Type: min

Fanout     Cap    Slew   Delay    Time   Description
-----------------------------------------------------------------------------
                  0.00    0.00    0.00   clock clk (rise edge)
                          0.00    0.00   clock network delay (ideal)
                  0.00    0.00    0.00 ^ _1301_/CK (DFFR_X1)
     2    2.44    0.01    0.09    0.09 v _1301_/Q (DFFR_X1)
                  0.01    0.00    0.09 v _1086_/A (INV_X1)
     1    1.57    0.01    0.01    0.10 ^ _1086_/ZN (INV_X1)
                  0.01    0.00    0.10 ^ _1087_/B2 (OAI21_X1)
     1    1.05    0.01    0.01    0.11 v _1087_/ZN (OAI21_X1)
                  0.01    0.00    0.11 v _1301_/D (DFFR_X1)
                                  0.11   data arrival time

                  0.00    0.00    0.00   clock clk (rise edge)
                          0.00    0.00   clock network delay (ideal)
                          0.00    0.00   clock reconvergence pessimism
                                  0.00 ^ _1301_/CK (DFFR_X1)
                          0.00    0.00   library hold time
                                  0.00   data required time
-----------------------------------------------------------------------------
                                  0.00   data required time
                                 -0.11   data arrival time
-----------------------------------------------------------------------------
                                  0.11   slack (MET)



==========================================================================
floorplan final report_checks -path_delay max
--------------------------------------------------------------------------
[WARNING STA-0168] unknown field nets.
Startpoint: _1290_ (rising edge-triggered flip-flop clocked by clk)
Endpoint: _1285_ (rising edge-triggered flip-flop clocked by clk)
Path Group: clk
Path Type: max

Fanout     Cap    Slew   Delay    Time   Description
-----------------------------------------------------------------------------
                  0.00    0.00    0.00   clock clk (rise edge)
                          0.00    0.00   clock network delay (ideal)
                  0.00    0.00    0.00 ^ _1290_/CK (DFFR_X1)
     4    7.68    0.01    0.09    0.09 v _1290_/Q (DFFR_X1)
                  0.01    0.00    0.09 v _0701_/A2 (NOR2_X1)
     2    3.31    0.02    0.04    0.13 ^ _0701_/ZN (NOR2_X1)
                  0.02    0.00    0.13 ^ _0702_/A2 (NAND2_X1)
     4    8.82    0.02    0.03    0.16 v _0702_/ZN (NAND2_X1)
                  0.02    0.00    0.16 v _0703_/A (INV_X1)
     4    9.39    0.02    0.04    0.20 ^ _0703_/ZN (INV_X1)
                  0.02    0.00    0.20 ^ _1245_/B (HA_X1)
     1    1.78    0.01    0.04    0.24 ^ _1245_/CO (HA_X1)
                  0.01    0.00    0.24 ^ _0710_/A (BUF_X2)
     7   19.62    0.03    0.04    0.28 ^ _0710_/Z (BUF_X2)
                  0.03    0.00    0.28 ^ _0732_/A1 (NOR2_X2)
     3    4.71    0.01    0.01    0.29 v _0732_/ZN (NOR2_X2)
                  0.01    0.00    0.29 v _0751_/A (BUF_X2)
    10   14.49    0.01    0.03    0.32 v _0751_/Z (BUF_X2)
                  0.01    0.00    0.32 v _0794_/A1 (NAND2_X1)
     1    1.67    0.01    0.02    0.34 ^ _0794_/ZN (NAND2_X1)
                  0.01    0.00    0.34 ^ _0797_/A (OAI21_X1)
     3    3.78    0.01    0.02    0.36 v _0797_/ZN (OAI21_X1)
                  0.01    0.00    0.36 v _0798_/B (MUX2_X1)
     2    2.89    0.01    0.06    0.43 v _0798_/Z (MUX2_X1)
                  0.01    0.00    0.43 v _0799_/B1 (AOI21_X1)
     2    3.24    0.03    0.03    0.46 ^ _0799_/ZN (AOI21_X1)
                  0.03    0.00    0.46 ^ _0800_/A2 (NOR2_X1)
     1    3.34    0.01    0.02    0.48 v _0800_/ZN (NOR2_X1)
                  0.01    0.00    0.48 v _1255_/B (HA_X1)
     1    0.88    0.01    0.06    0.53 v _1255_/S (HA_X1)
                  0.01    0.00    0.53 v _0807_/A (BUF_X1)
     4    6.62    0.01    0.04    0.57 v _0807_/Z (BUF_X1)
                  0.01    0.00    0.57 v _0808_/B2 (AOI21_X1)
     2    2.52    0.03    0.04    0.60 ^ _0808_/ZN (AOI21_X1)
                  0.03    0.00    0.60 ^ _0831_/B2 (OAI221_X1)
     2    2.99    0.02    0.04    0.64 v _0831_/ZN (OAI221_X1)
                  0.02    0.00    0.64 v _0880_/B1 (AOI221_X1)
     2    3.31    0.05    0.09    0.73 ^ _0880_/ZN (AOI221_X1)
                  0.05    0.00    0.73 ^ _0897_/B1 (AOI21_X1)
     3    5.83    0.02    0.04    0.77 v _0897_/ZN (AOI21_X1)
                  0.02    0.00    0.77 v _0948_/B2 (AOI21_X2)
     4    8.23    0.03    0.05    0.81 ^ _0948_/ZN (AOI21_X2)
                  0.03    0.00    0.81 ^ _0949_/A3 (NOR3_X1)
     1    1.47    0.01    0.01    0.83 v _0949_/ZN (NOR3_X1)
                  0.01    0.00    0.83 v _0958_/B (AOI211_X1)
     1    2.76    0.04    0.07    0.90 ^ _0958_/ZN (AOI211_X1)
                  0.04    0.00    0.90 ^ _1243_/CI (FA_X1)
     1    0.91    0.01    0.10    1.00 v _1243_/S (FA_X1)
                  0.01    0.00    1.00 v _1031_/A (MUX2_X1)
     1    3.18    0.01    0.06    1.06 v _1031_/Z (MUX2_X1)
                  0.01    0.00    1.06 v _1032_/A2 (NOR2_X2)
     1    1.13    0.01    0.02    1.09 ^ _1032_/ZN (NOR2_X2)
                  0.01    0.00    1.09 ^ _1285_/D (DFFR_X1)
                                  1.09   data arrival time

                  0.00    0.01    0.01   clock clk (rise edge)
                          0.00    0.01   clock network delay (ideal)
                          0.00    0.01   clock reconvergence pessimism
                                  0.01 ^ _1285_/CK (DFFR_X1)
                         -0.03   -0.02   library setup time
                                 -0.02   data required time
-----------------------------------------------------------------------------
                                 -0.02   data required time
                                 -1.09   data arrival time
-----------------------------------------------------------------------------
                                 -1.11   slack (VIOLATED)



==========================================================================
floorplan final report_checks -unconstrained
--------------------------------------------------------------------------
[WARNING STA-0168] unknown field nets.
Startpoint: _1290_ (rising edge-triggered flip-flop clocked by clk)
Endpoint: _1285_ (rising edge-triggered flip-flop clocked by clk)
Path Group: clk
Path Type: max

Fanout     Cap    Slew   Delay    Time   Description
-----------------------------------------------------------------------------
                  0.00    0.00    0.00   clock clk (rise edge)
                          0.00    0.00   clock network delay (ideal)
                  0.00    0.00    0.00 ^ _1290_/CK (DFFR_X1)
     4    7.68    0.01    0.09    0.09 v _1290_/Q (DFFR_X1)
                  0.01    0.00    0.09 v _0701_/A2 (NOR2_X1)
     2    3.31    0.02    0.04    0.13 ^ _0701_/ZN (NOR2_X1)
                  0.02    0.00    0.13 ^ _0702_/A2 (NAND2_X1)
     4    8.82    0.02    0.03    0.16 v _0702_/ZN (NAND2_X1)
                  0.02    0.00    0.16 v _0703_/A (INV_X1)
     4    9.39    0.02    0.04    0.20 ^ _0703_/ZN (INV_X1)
                  0.02    0.00    0.20 ^ _1245_/B (HA_X1)
     1    1.78    0.01    0.04    0.24 ^ _1245_/CO (HA_X1)
                  0.01    0.00    0.24 ^ _0710_/A (BUF_X2)
     7   19.62    0.03    0.04    0.28 ^ _0710_/Z (BUF_X2)
                  0.03    0.00    0.28 ^ _0732_/A1 (NOR2_X2)
     3    4.71    0.01    0.01    0.29 v _0732_/ZN (NOR2_X2)
                  0.01    0.00    0.29 v _0751_/A (BUF_X2)
    10   14.49    0.01    0.03    0.32 v _0751_/Z (BUF_X2)
                  0.01    0.00    0.32 v _0794_/A1 (NAND2_X1)
     1    1.67    0.01    0.02    0.34 ^ _0794_/ZN (NAND2_X1)
                  0.01    0.00    0.34 ^ _0797_/A (OAI21_X1)
     3    3.78    0.01    0.02    0.36 v _0797_/ZN (OAI21_X1)
                  0.01    0.00    0.36 v _0798_/B (MUX2_X1)
     2    2.89    0.01    0.06    0.43 v _0798_/Z (MUX2_X1)
                  0.01    0.00    0.43 v _0799_/B1 (AOI21_X1)
     2    3.24    0.03    0.03    0.46 ^ _0799_/ZN (AOI21_X1)
                  0.03    0.00    0.46 ^ _0800_/A2 (NOR2_X1)
     1    3.34    0.01    0.02    0.48 v _0800_/ZN (NOR2_X1)
                  0.01    0.00    0.48 v _1255_/B (HA_X1)
     1    0.88    0.01    0.06    0.53 v _1255_/S (HA_X1)
                  0.01    0.00    0.53 v _0807_/A (BUF_X1)
     4    6.62    0.01    0.04    0.57 v _0807_/Z (BUF_X1)
                  0.01    0.00    0.57 v _0808_/B2 (AOI21_X1)
     2    2.52    0.03    0.04    0.60 ^ _0808_/ZN (AOI21_X1)
                  0.03    0.00    0.60 ^ _0831_/B2 (OAI221_X1)
     2    2.99    0.02    0.04    0.64 v _0831_/ZN (OAI221_X1)
                  0.02    0.00    0.64 v _0880_/B1 (AOI221_X1)
     2    3.31    0.05    0.09    0.73 ^ _0880_/ZN (AOI221_X1)
                  0.05    0.00    0.73 ^ _0897_/B1 (AOI21_X1)
     3    5.83    0.02    0.04    0.77 v _0897_/ZN (AOI21_X1)
                  0.02    0.00    0.77 v _0948_/B2 (AOI21_X2)
     4    8.23    0.03    0.05    0.81 ^ _0948_/ZN (AOI21_X2)
                  0.03    0.00    0.81 ^ _0949_/A3 (NOR3_X1)
     1    1.47    0.01    0.01    0.83 v _0949_/ZN (NOR3_X1)
                  0.01    0.00    0.83 v _0958_/B (AOI211_X1)
     1    2.76    0.04    0.07    0.90 ^ _0958_/ZN (AOI211_X1)
                  0.04    0.00    0.90 ^ _1243_/CI (FA_X1)
     1    0.91    0.01    0.10    1.00 v _1243_/S (FA_X1)
                  0.01    0.00    1.00 v _1031_/A (MUX2_X1)
     1    3.18    0.01    0.06    1.06 v _1031_/Z (MUX2_X1)
                  0.01    0.00    1.06 v _1032_/A2 (NOR2_X2)
     1    1.13    0.01    0.02    1.09 ^ _1032_/ZN (NOR2_X2)
                  0.01    0.00    1.09 ^ _1285_/D (DFFR_X1)
                                  1.09   data arrival time

                  0.00    0.01    0.01   clock clk (rise edge)
                          0.00    0.01   clock network delay (ideal)
                          0.00    0.01   clock reconvergence pessimism
                                  0.01 ^ _1285_/CK (DFFR_X1)
                         -0.03   -0.02   library setup time
                                 -0.02   data required time
-----------------------------------------------------------------------------
                                 -0.02   data required time
                                 -1.09   data arrival time
-----------------------------------------------------------------------------
                                 -1.11   slack (VIOLATED)



==========================================================================
floorplan final report_power
--------------------------------------------------------------------------
Group                  Internal  Switching    Leakage      Total
                          Power      Power      Power      Power (Watts)
----------------------------------------------------------------
Sequential             5.25e-02   1.96e-03   5.72e-06   5.45e-02  51.9%
Combinational          2.58e-02   2.46e-02   1.77e-05   5.04e-02  48.1%
Clock                  0.00e+00   0.00e+00   0.00e+00   0.00e+00   0.0%
Macro                  0.00e+00   0.00e+00   0.00e+00   0.00e+00   0.0%
Pad                    0.00e+00   0.00e+00   0.00e+00   0.00e+00   0.0%
----------------------------------------------------------------
Total                  7.83e-02   2.66e-02   2.34e-05   1.05e-01 100.0%
                          74.6%      25.3%       0.0%

==========================================================================
floorplan final report_design_area
--------------------------------------------------------------------------
Design area 1137 u^2 1% utilization.

