OpenROAD v2.0-22532-gac667f3cc7 
Features included (+) or not (-): +GPU +GUI +Python
This program is licensed under the BSD-3 license. See the LICENSE file for details.
Components of this program may be licensed under more restrictive licenses which must be honored.
[INFO ODB-0227] LEF file: /project/cad-team/LX_Semicon/kmcho/EoR/pdk/Nangate45/Nangate45_tech.lef, created 22 layers, 27 vias
[INFO ODB-0227] LEF file: /project/cad-team/LX_Semicon/kmcho/EoR/pdk/Nangate45/Nangate45_stdcell.lef, created 135 library cells
[INFO IFP-0001] Added 335 rows of 2475 site FreePDK45_38x28_10R_NP_162NW_34O.
Default units for flow
 time 1ns
 capacitance 1fF
 resistance 1kohm
 voltage 1v
 current 1mA
 power 1nW
 distance 1um

==========================================================================
floorplan final check_setup
--------------------------------------------------------------------------
Warning: There are 34 input ports missing set_input_delay.
Warning: There are 33 output ports missing set_output_delay.
Warning: There are 33 unconstrained endpoints.

==========================================================================
floorplan final report_tns
--------------------------------------------------------------------------
tns max -43.84

==========================================================================
floorplan final report_wns
--------------------------------------------------------------------------
wns max -1.11

==========================================================================
floorplan final report_worst_slack
--------------------------------------------------------------------------
worst slack max -1.11

==========================================================================
floorplan final report_checks -path_delay min
--------------------------------------------------------------------------
[WARNING STA-0168] unknown field nets.
Startpoint: _1248_ (rising edge-triggered flip-flop clocked by clk)
Endpoint: _1248_ (rising edge-triggered flip-flop clocked by clk)
Path Group: clk
Path Type: min

Fanout     Cap    Slew   Delay    Time   Description
-----------------------------------------------------------------------------
                  0.00    0.00    0.00   clock clk (rise edge)
                          0.00    0.00   clock network delay (ideal)
                  0.00    0.00    0.00 ^ _1248_/CK (DFFR_X1)
     2    1.55    0.01    0.08    0.08 v _1248_/Q (DFFR_X1)
                  0.01    0.00    0.08 v _1114_/A (INV_X1)
     1    1.62    0.01    0.01    0.10 ^ _1114_/ZN (INV_X1)
                  0.01    0.00    0.10 ^ _1115_/B2 (OAI22_X1)
     1    1.05    0.01    0.01    0.11 v _1115_/ZN (OAI22_X1)
                  0.01    0.00    0.11 v _1248_/D (DFFR_X1)
                                  0.11   data arrival time

                  0.00    0.00    0.00   clock clk (rise edge)
                          0.00    0.00   clock network delay (ideal)
                          0.00    0.00   clock reconvergence pessimism
                                  0.00 ^ _1248_/CK (DFFR_X1)
                          0.00    0.00   library hold time
                                  0.00   data required time
-----------------------------------------------------------------------------
                                  0.00   data required time
                                 -0.11   data arrival time
-----------------------------------------------------------------------------
                                  0.11   slack (MET)



==========================================================================
floorplan final report_checks -path_delay max
--------------------------------------------------------------------------
[WARNING STA-0168] unknown field nets.
Startpoint: _1182_ (rising edge-triggered flip-flop clocked by clk)
Endpoint: _1249_ (rising edge-triggered flip-flop clocked by clk)
Path Group: clk
Path Type: max

Fanout     Cap    Slew   Delay    Time   Description
-----------------------------------------------------------------------------
                  0.00    0.00    0.00   clock clk (rise edge)
                          0.00    0.00   clock network delay (ideal)
                  0.00    0.00    0.00 ^ _1182_/CK (DFFR_X1)
     2    6.90    0.02    0.08    0.08 ^ _1182_/QN (DFFR_X1)
                  0.02    0.00    0.08 ^ _1177_/B (HA_X1)
     3    5.28    0.02    0.04    0.12 ^ _1177_/CO (HA_X1)
                  0.02    0.00    0.12 ^ _1142_/B (HA_X1)
     3    5.62    0.04    0.07    0.19 ^ _1142_/S (HA_X1)
                  0.04    0.00    0.19 ^ _0665_/A (BUF_X2)
    10   18.28    0.02    0.05    0.24 ^ _0665_/Z (BUF_X2)
                  0.02    0.00    0.24 ^ _0666_/A (BUF_X1)
    10   16.77    0.04    0.06    0.30 ^ _0666_/Z (BUF_X1)
                  0.04    0.00    0.30 ^ _0667_/A (BUF_X1)
    10   17.00    0.04    0.07    0.37 ^ _0667_/Z (BUF_X1)
                  0.04    0.00    0.37 ^ _0706_/S (MUX2_X1)
     3    4.03    0.01    0.07    0.44 v _0706_/Z (MUX2_X1)
                  0.01    0.00    0.44 v _0801_/A (MUX2_X1)
     2    3.01    0.01    0.06    0.50 v _0801_/Z (MUX2_X1)
                  0.01    0.00    0.50 v _0802_/A2 (NOR2_X1)
     1    3.45    0.02    0.04    0.54 ^ _0802_/ZN (NOR2_X1)
                  0.02    0.00    0.54 ^ _1160_/B (HA_X1)
     1    0.97    0.02    0.05    0.58 ^ _1160_/S (HA_X1)
                  0.02    0.00    0.58 ^ _0812_/A (BUF_X1)
     5    7.52    0.02    0.04    0.62 ^ _0812_/Z (BUF_X1)
                  0.02    0.00    0.62 ^ _0832_/A1 (AND4_X1)
     2    3.24    0.02    0.06    0.68 ^ _0832_/ZN (AND4_X1)
                  0.02    0.00    0.68 ^ _0840_/A4 (NAND4_X1)
     1    1.46    0.02    0.03    0.71 v _0840_/ZN (NAND4_X1)
                  0.02    0.00    0.71 v _0843_/B1 (OAI21_X1)
     5   10.05    0.06    0.07    0.78 ^ _0843_/ZN (OAI21_X1)
                  0.06    0.00    0.78 ^ _0918_/B2 (AOI22_X1)
     3    4.36    0.02    0.04    0.82 v _0918_/ZN (AOI22_X1)
                  0.02    0.00    0.82 v _0921_/A1 (NOR3_X1)
     1    1.71    0.03    0.04    0.86 ^ _0921_/ZN (NOR3_X1)
                  0.03    0.00    0.86 ^ _0929_/A1 (NOR2_X1)
     1    3.61    0.01    0.02    0.88 v _0929_/ZN (NOR2_X1)
                  0.01    0.00    0.88 v _1141_/A (FA_X1)
     1    3.80    0.02    0.08    0.95 v _1141_/CO (FA_X1)
                  0.02    0.00    0.95 v _1118_/A (XNOR2_X2)
     2    4.74    0.01    0.04    1.00 v _1118_/ZN (XNOR2_X2)
                  0.01    0.00    1.00 v _1121_/A3 (OR3_X4)
     1    3.24    0.01    0.07    1.07 v _1121_/ZN (OR3_X4)
                  0.01    0.00    1.07 v _1122_/A3 (NAND3_X2)
     1    1.13    0.01    0.02    1.09 ^ _1122_/ZN (NAND3_X2)
                  0.01    0.00    1.09 ^ _1249_/D (DFFR_X1)
                                  1.09   data arrival time

                  0.00    0.01    0.01   clock clk (rise edge)
                          0.00    0.01   clock network delay (ideal)
                          0.00    0.01   clock reconvergence pessimism
                                  0.01 ^ _1249_/CK (DFFR_X1)
                         -0.03   -0.02   library setup time
                                 -0.02   data required time
-----------------------------------------------------------------------------
                                 -0.02   data required time
                                 -1.09   data arrival time
-----------------------------------------------------------------------------
                                 -1.11   slack (VIOLATED)



==========================================================================
floorplan final report_checks -unconstrained
--------------------------------------------------------------------------
[WARNING STA-0168] unknown field nets.
Startpoint: _1182_ (rising edge-triggered flip-flop clocked by clk)
Endpoint: _1249_ (rising edge-triggered flip-flop clocked by clk)
Path Group: clk
Path Type: max

Fanout     Cap    Slew   Delay    Time   Description
-----------------------------------------------------------------------------
                  0.00    0.00    0.00   clock clk (rise edge)
                          0.00    0.00   clock network delay (ideal)
                  0.00    0.00    0.00 ^ _1182_/CK (DFFR_X1)
     2    6.90    0.02    0.08    0.08 ^ _1182_/QN (DFFR_X1)
                  0.02    0.00    0.08 ^ _1177_/B (HA_X1)
     3    5.28    0.02    0.04    0.12 ^ _1177_/CO (HA_X1)
                  0.02    0.00    0.12 ^ _1142_/B (HA_X1)
     3    5.62    0.04    0.07    0.19 ^ _1142_/S (HA_X1)
                  0.04    0.00    0.19 ^ _0665_/A (BUF_X2)
    10   18.28    0.02    0.05    0.24 ^ _0665_/Z (BUF_X2)
                  0.02    0.00    0.24 ^ _0666_/A (BUF_X1)
    10   16.77    0.04    0.06    0.30 ^ _0666_/Z (BUF_X1)
                  0.04    0.00    0.30 ^ _0667_/A (BUF_X1)
    10   17.00    0.04    0.07    0.37 ^ _0667_/Z (BUF_X1)
                  0.04    0.00    0.37 ^ _0706_/S (MUX2_X1)
     3    4.03    0.01    0.07    0.44 v _0706_/Z (MUX2_X1)
                  0.01    0.00    0.44 v _0801_/A (MUX2_X1)
     2    3.01    0.01    0.06    0.50 v _0801_/Z (MUX2_X1)
                  0.01    0.00    0.50 v _0802_/A2 (NOR2_X1)
     1    3.45    0.02    0.04    0.54 ^ _0802_/ZN (NOR2_X1)
                  0.02    0.00    0.54 ^ _1160_/B (HA_X1)
     1    0.97    0.02    0.05    0.58 ^ _1160_/S (HA_X1)
                  0.02    0.00    0.58 ^ _0812_/A (BUF_X1)
     5    7.52    0.02    0.04    0.62 ^ _0812_/Z (BUF_X1)
                  0.02    0.00    0.62 ^ _0832_/A1 (AND4_X1)
     2    3.24    0.02    0.06    0.68 ^ _0832_/ZN (AND4_X1)
                  0.02    0.00    0.68 ^ _0840_/A4 (NAND4_X1)
     1    1.46    0.02    0.03    0.71 v _0840_/ZN (NAND4_X1)
                  0.02    0.00    0.71 v _0843_/B1 (OAI21_X1)
     5   10.05    0.06    0.07    0.78 ^ _0843_/ZN (OAI21_X1)
                  0.06    0.00    0.78 ^ _0918_/B2 (AOI22_X1)
     3    4.36    0.02    0.04    0.82 v _0918_/ZN (AOI22_X1)
                  0.02    0.00    0.82 v _0921_/A1 (NOR3_X1)
     1    1.71    0.03    0.04    0.86 ^ _0921_/ZN (NOR3_X1)
                  0.03    0.00    0.86 ^ _0929_/A1 (NOR2_X1)
     1    3.61    0.01    0.02    0.88 v _0929_/ZN (NOR2_X1)
                  0.01    0.00    0.88 v _1141_/A (FA_X1)
     1    3.80    0.02    0.08    0.95 v _1141_/CO (FA_X1)
                  0.02    0.00    0.95 v _1118_/A (XNOR2_X2)
     2    4.74    0.01    0.04    1.00 v _1118_/ZN (XNOR2_X2)
                  0.01    0.00    1.00 v _1121_/A3 (OR3_X4)
     1    3.24    0.01    0.07    1.07 v _1121_/ZN (OR3_X4)
                  0.01    0.00    1.07 v _1122_/A3 (NAND3_X2)
     1    1.13    0.01    0.02    1.09 ^ _1122_/ZN (NAND3_X2)
                  0.01    0.00    1.09 ^ _1249_/D (DFFR_X1)
                                  1.09   data arrival time

                  0.00    0.01    0.01   clock clk (rise edge)
                          0.00    0.01   clock network delay (ideal)
                          0.00    0.01   clock reconvergence pessimism
                                  0.01 ^ _1249_/CK (DFFR_X1)
                         -0.03   -0.02   library setup time
                                 -0.02   data required time
-----------------------------------------------------------------------------
                                 -0.02   data required time
                                 -1.09   data arrival time
-----------------------------------------------------------------------------
                                 -1.11   slack (VIOLATED)



==========================================================================
floorplan final report_power
--------------------------------------------------------------------------
Group                  Internal  Switching    Leakage      Total
                          Power      Power      Power      Power (Watts)
----------------------------------------------------------------
Sequential             5.86e-02   5.02e-03   5.80e-06   6.36e-02  44.2%
Combinational          4.66e-02   3.36e-02   1.67e-05   8.03e-02  55.8%
Clock                  0.00e+00   0.00e+00   0.00e+00   0.00e+00   0.0%
Macro                  0.00e+00   0.00e+00   0.00e+00   0.00e+00   0.0%
Pad                    0.00e+00   0.00e+00   0.00e+00   0.00e+00   0.0%
----------------------------------------------------------------
Total                  1.05e-01   3.86e-02   2.25e-05   1.44e-01 100.0%
                          73.1%      26.9%       0.0%

==========================================================================
floorplan final report_design_area
--------------------------------------------------------------------------
Design area 1106 u^2 1% utilization.

