OpenROAD v2.0-22532-gac667f3cc7 
Features included (+) or not (-): +GPU +GUI +Python
This program is licensed under the BSD-3 license. See the LICENSE file for details.
Components of this program may be licensed under more restrictive licenses which must be honored.
[INFO ODB-0227] LEF file: /project/cad-team/LX_Semicon/kmcho/EoR/pdk/Nangate45/Nangate45_tech.lef, created 22 layers, 27 vias
[INFO ODB-0227] LEF file: /project/cad-team/LX_Semicon/kmcho/EoR/pdk/Nangate45/Nangate45_stdcell.lef, created 135 library cells
[INFO IFP-0001] Added 333 rows of 2457 site FreePDK45_38x28_10R_NP_162NW_34O.
Default units for flow
 time 1ns
 capacitance 1fF
 resistance 1kohm
 voltage 1v
 current 1mA
 power 1nW
 distance 1um

==========================================================================
floorplan final check_setup
--------------------------------------------------------------------------
Warning: There are 34 input ports missing set_input_delay.
Warning: There are 33 output ports missing set_output_delay.
Warning: There are 33 unconstrained endpoints.

==========================================================================
floorplan final report_tns
--------------------------------------------------------------------------
tns max -46.22

==========================================================================
floorplan final report_wns
--------------------------------------------------------------------------
wns max -1.21

==========================================================================
floorplan final report_worst_slack
--------------------------------------------------------------------------
worst slack max -1.21

==========================================================================
floorplan final report_checks -path_delay min
--------------------------------------------------------------------------
[WARNING STA-0168] unknown field nets.
Startpoint: _1226_ (rising edge-triggered flip-flop clocked by clk)
Endpoint: _1226_ (rising edge-triggered flip-flop clocked by clk)
Path Group: clk
Path Type: min

Fanout     Cap    Slew   Delay    Time   Description
-----------------------------------------------------------------------------
                  0.00    0.00    0.00   clock clk (rise edge)
                          0.00    0.00   clock network delay (ideal)
                  0.00    0.00    0.00 ^ _1226_/CK (DFFR_X1)
     2    1.45    0.01    0.08    0.08 v _1226_/Q (DFFR_X1)
                  0.01    0.00    0.08 v _1100_/B1 (AOI21_X1)
     1    1.70    0.02    0.02    0.11 ^ _1100_/ZN (AOI21_X1)
                  0.02    0.00    0.11 ^ _1101_/A (INV_X1)
     1    1.05    0.00    0.01    0.12 v _1101_/ZN (INV_X1)
                  0.00    0.00    0.12 v _1226_/D (DFFR_X1)
                                  0.12   data arrival time

                  0.00    0.00    0.00   clock clk (rise edge)
                          0.00    0.00   clock network delay (ideal)
                          0.00    0.00   clock reconvergence pessimism
                                  0.00 ^ _1226_/CK (DFFR_X1)
                          0.00    0.00   library hold time
                                  0.00   data required time
-----------------------------------------------------------------------------
                                  0.00   data required time
                                 -0.12   data arrival time
-----------------------------------------------------------------------------
                                  0.11   slack (MET)



==========================================================================
floorplan final report_checks -path_delay max
--------------------------------------------------------------------------
[WARNING STA-0168] unknown field nets.
Startpoint: _1159_ (rising edge-triggered flip-flop clocked by clk)
Endpoint: _1225_ (rising edge-triggered flip-flop clocked by clk)
Path Group: clk
Path Type: max

Fanout     Cap    Slew   Delay    Time   Description
-----------------------------------------------------------------------------
                  0.00    0.00    0.00   clock clk (rise edge)
                          0.00    0.00   clock network delay (ideal)
                  0.00    0.00    0.00 ^ _1159_/CK (DFFR_X1)
     4    8.06    0.02    0.11    0.11 ^ _1159_/Q (DFFR_X1)
                  0.02    0.00    0.11 ^ _0641_/A2 (NOR2_X1)
     3    3.27    0.01    0.02    0.13 v _0641_/ZN (NOR2_X1)
                  0.01    0.00    0.13 v _0642_/A2 (AND2_X1)
     3    6.44    0.01    0.04    0.17 v _0642_/ZN (AND2_X1)
                  0.01    0.00    0.17 v _1122_/B (HA_X1)
     1    0.88    0.01    0.03    0.20 v _1122_/CO (HA_X1)
                  0.01    0.00    0.20 v _0654_/A (BUF_X1)
     9   12.89    0.02    0.04    0.24 v _0654_/Z (BUF_X1)
                  0.02    0.00    0.24 v _0674_/A1 (NOR2_X1)
     5    6.88    0.04    0.05    0.29 ^ _0674_/ZN (NOR2_X1)
                  0.04    0.00    0.29 ^ _0695_/A (BUF_X1)
    10   16.63    0.04    0.07    0.36 ^ _0695_/Z (BUF_X1)
                  0.04    0.00    0.36 ^ _0741_/A1 (AOI22_X1)
     2    2.35    0.02    0.02    0.38 v _0741_/ZN (AOI22_X1)
                  0.02    0.00    0.38 v _0782_/A (MUX2_X1)
     2    1.81    0.01    0.06    0.44 v _0782_/Z (MUX2_X1)
                  0.01    0.00    0.44 v _0783_/B (MUX2_X1)
     2    3.13    0.01    0.06    0.51 v _0783_/Z (MUX2_X1)
                  0.01    0.00    0.51 v _0784_/A2 (NOR2_X1)
     1    3.45    0.02    0.04    0.54 ^ _0784_/ZN (NOR2_X1)
                  0.02    0.00    0.54 ^ _1136_/B (HA_X1)
     1    0.97    0.02    0.05    0.59 ^ _1136_/S (HA_X1)
                  0.02    0.00    0.59 ^ _0793_/A (BUF_X1)
     5    8.19    0.02    0.04    0.63 ^ _0793_/Z (BUF_X1)
                  0.02    0.00    0.63 ^ _0816_/A1 (NAND4_X1)
     2    2.99    0.02    0.03    0.66 v _0816_/ZN (NAND4_X1)
                  0.02    0.00    0.66 v _0817_/A3 (NOR3_X1)
     2    3.29    0.04    0.07    0.73 ^ _0817_/ZN (NOR3_X1)
                  0.04    0.00    0.73 ^ _0823_/B (OAI211_X1)
     1    1.50    0.02    0.03    0.76 v _0823_/ZN (OAI211_X1)
                  0.02    0.00    0.76 v _0829_/B (OAI211_X1)
     4    7.71    0.05    0.04    0.80 ^ _0829_/ZN (OAI211_X1)
                  0.05    0.00    0.80 ^ _0899_/B2 (AOI21_X1)
     2    4.96    0.02    0.03    0.84 v _0899_/ZN (AOI21_X1)
                  0.02    0.00    0.84 v _0900_/B2 (OAI21_X1)
     2    5.10    0.03    0.05    0.89 ^ _0900_/ZN (OAI21_X1)
                  0.03    0.00    0.89 ^ _0901_/B2 (AOI221_X1)
     1    3.40    0.02    0.03    0.92 v _0901_/ZN (AOI221_X1)
                  0.02    0.00    0.92 v _1117_/B (FA_X1)
     1    2.18    0.01    0.08    1.00 v _1117_/CO (FA_X1)
                  0.01    0.00    1.00 v _1094_/A (XOR2_X1)
     2    3.03    0.01    0.05    1.06 v _1094_/Z (XOR2_X1)
                  0.01    0.00    1.06 v _1095_/A4 (OR4_X2)
     1    2.88    0.02    0.11    1.17 v _1095_/ZN (OR4_X2)
                  0.02    0.00    1.17 v _1098_/A (OAI21_X2)
     1    1.13    0.01    0.02    1.19 ^ _1098_/ZN (OAI21_X2)
                  0.01    0.00    1.19 ^ _1225_/D (DFFR_X1)
                                  1.19   data arrival time

                  0.00    0.01    0.01   clock clk (rise edge)
                          0.00    0.01   clock network delay (ideal)
                          0.00    0.01   clock reconvergence pessimism
                                  0.01 ^ _1225_/CK (DFFR_X1)
                         -0.03   -0.02   library setup time
                                 -0.02   data required time
-----------------------------------------------------------------------------
                                 -0.02   data required time
                                 -1.19   data arrival time
-----------------------------------------------------------------------------
                                 -1.21   slack (VIOLATED)



==========================================================================
floorplan final report_checks -unconstrained
--------------------------------------------------------------------------
[WARNING STA-0168] unknown field nets.
Startpoint: _1159_ (rising edge-triggered flip-flop clocked by clk)
Endpoint: _1225_ (rising edge-triggered flip-flop clocked by clk)
Path Group: clk
Path Type: max

Fanout     Cap    Slew   Delay    Time   Description
-----------------------------------------------------------------------------
                  0.00    0.00    0.00   clock clk (rise edge)
                          0.00    0.00   clock network delay (ideal)
                  0.00    0.00    0.00 ^ _1159_/CK (DFFR_X1)
     4    8.06    0.02    0.11    0.11 ^ _1159_/Q (DFFR_X1)
                  0.02    0.00    0.11 ^ _0641_/A2 (NOR2_X1)
     3    3.27    0.01    0.02    0.13 v _0641_/ZN (NOR2_X1)
                  0.01    0.00    0.13 v _0642_/A2 (AND2_X1)
     3    6.44    0.01    0.04    0.17 v _0642_/ZN (AND2_X1)
                  0.01    0.00    0.17 v _1122_/B (HA_X1)
     1    0.88    0.01    0.03    0.20 v _1122_/CO (HA_X1)
                  0.01    0.00    0.20 v _0654_/A (BUF_X1)
     9   12.89    0.02    0.04    0.24 v _0654_/Z (BUF_X1)
                  0.02    0.00    0.24 v _0674_/A1 (NOR2_X1)
     5    6.88    0.04    0.05    0.29 ^ _0674_/ZN (NOR2_X1)
                  0.04    0.00    0.29 ^ _0695_/A (BUF_X1)
    10   16.63    0.04    0.07    0.36 ^ _0695_/Z (BUF_X1)
                  0.04    0.00    0.36 ^ _0741_/A1 (AOI22_X1)
     2    2.35    0.02    0.02    0.38 v _0741_/ZN (AOI22_X1)
                  0.02    0.00    0.38 v _0782_/A (MUX2_X1)
     2    1.81    0.01    0.06    0.44 v _0782_/Z (MUX2_X1)
                  0.01    0.00    0.44 v _0783_/B (MUX2_X1)
     2    3.13    0.01    0.06    0.51 v _0783_/Z (MUX2_X1)
                  0.01    0.00    0.51 v _0784_/A2 (NOR2_X1)
     1    3.45    0.02    0.04    0.54 ^ _0784_/ZN (NOR2_X1)
                  0.02    0.00    0.54 ^ _1136_/B (HA_X1)
     1    0.97    0.02    0.05    0.59 ^ _1136_/S (HA_X1)
                  0.02    0.00    0.59 ^ _0793_/A (BUF_X1)
     5    8.19    0.02    0.04    0.63 ^ _0793_/Z (BUF_X1)
                  0.02    0.00    0.63 ^ _0816_/A1 (NAND4_X1)
     2    2.99    0.02    0.03    0.66 v _0816_/ZN (NAND4_X1)
                  0.02    0.00    0.66 v _0817_/A3 (NOR3_X1)
     2    3.29    0.04    0.07    0.73 ^ _0817_/ZN (NOR3_X1)
                  0.04    0.00    0.73 ^ _0823_/B (OAI211_X1)
     1    1.50    0.02    0.03    0.76 v _0823_/ZN (OAI211_X1)
                  0.02    0.00    0.76 v _0829_/B (OAI211_X1)
     4    7.71    0.05    0.04    0.80 ^ _0829_/ZN (OAI211_X1)
                  0.05    0.00    0.80 ^ _0899_/B2 (AOI21_X1)
     2    4.96    0.02    0.03    0.84 v _0899_/ZN (AOI21_X1)
                  0.02    0.00    0.84 v _0900_/B2 (OAI21_X1)
     2    5.10    0.03    0.05    0.89 ^ _0900_/ZN (OAI21_X1)
                  0.03    0.00    0.89 ^ _0901_/B2 (AOI221_X1)
     1    3.40    0.02    0.03    0.92 v _0901_/ZN (AOI221_X1)
                  0.02    0.00    0.92 v _1117_/B (FA_X1)
     1    2.18    0.01    0.08    1.00 v _1117_/CO (FA_X1)
                  0.01    0.00    1.00 v _1094_/A (XOR2_X1)
     2    3.03    0.01    0.05    1.06 v _1094_/Z (XOR2_X1)
                  0.01    0.00    1.06 v _1095_/A4 (OR4_X2)
     1    2.88    0.02    0.11    1.17 v _1095_/ZN (OR4_X2)
                  0.02    0.00    1.17 v _1098_/A (OAI21_X2)
     1    1.13    0.01    0.02    1.19 ^ _1098_/ZN (OAI21_X2)
                  0.01    0.00    1.19 ^ _1225_/D (DFFR_X1)
                                  1.19   data arrival time

                  0.00    0.01    0.01   clock clk (rise edge)
                          0.00    0.01   clock network delay (ideal)
                          0.00    0.01   clock reconvergence pessimism
                                  0.01 ^ _1225_/CK (DFFR_X1)
                         -0.03   -0.02   library setup time
                                 -0.02   data required time
-----------------------------------------------------------------------------
                                 -0.02   data required time
                                 -1.19   data arrival time
-----------------------------------------------------------------------------
                                 -1.21   slack (VIOLATED)



==========================================================================
floorplan final report_power
--------------------------------------------------------------------------
Group                  Internal  Switching    Leakage      Total
                          Power      Power      Power      Power (Watts)
----------------------------------------------------------------
Sequential             7.08e-02   9.28e-03   5.86e-06   8.01e-02  46.8%
Combinational          5.36e-02   3.75e-02   1.57e-05   9.11e-02  53.2%
Clock                  0.00e+00   0.00e+00   0.00e+00   0.00e+00   0.0%
Macro                  0.00e+00   0.00e+00   0.00e+00   0.00e+00   0.0%
Pad                    0.00e+00   0.00e+00   0.00e+00   0.00e+00   0.0%
----------------------------------------------------------------
Total                  1.24e-01   4.68e-02   2.16e-05   1.71e-01 100.0%
                          72.7%      27.3%       0.0%

==========================================================================
floorplan final report_design_area
--------------------------------------------------------------------------
Design area 1090 u^2 1% utilization.

