OpenROAD v2.0-22532-gac667f3cc7 
Features included (+) or not (-): +GPU +GUI +Python
This program is licensed under the BSD-3 license. See the LICENSE file for details.
Components of this program may be licensed under more restrictive licenses which must be honored.
[INFO ODB-0227] LEF file: /project/cad-team/LX_Semicon/kmcho/EoR/pdk/Nangate45/Nangate45_tech.lef, created 22 layers, 27 vias
[INFO ODB-0227] LEF file: /project/cad-team/LX_Semicon/kmcho/EoR/pdk/Nangate45/Nangate45_stdcell.lef, created 135 library cells
[INFO IFP-0001] Added 382 rows of 2821 site FreePDK45_38x28_10R_NP_162NW_34O.
Default units for flow
 time 1ns
 capacitance 1fF
 resistance 1kohm
 voltage 1v
 current 1mA
 power 1nW
 distance 1um

==========================================================================
floorplan final check_setup
--------------------------------------------------------------------------
Warning: There are 34 input ports missing set_input_delay.
Warning: There are 33 output ports missing set_output_delay.
Warning: There are 33 unconstrained endpoints.

==========================================================================
floorplan final report_tns
--------------------------------------------------------------------------
tns max -48.03

==========================================================================
floorplan final report_wns
--------------------------------------------------------------------------
wns max -1.02

==========================================================================
floorplan final report_worst_slack
--------------------------------------------------------------------------
worst slack max -1.02

==========================================================================
floorplan final report_checks -path_delay min
--------------------------------------------------------------------------
[WARNING STA-0168] unknown field nets.
Startpoint: _1291_ (rising edge-triggered flip-flop clocked by clk)
Endpoint: _1297_ (rising edge-triggered flip-flop clocked by clk)
Path Group: clk
Path Type: min

Fanout     Cap    Slew   Delay    Time   Description
-----------------------------------------------------------------------------
                  0.00    0.00    0.00   clock clk (rise edge)
                          0.00    0.00   clock network delay (ideal)
                  0.00    0.00    0.00 ^ _1291_/CK (DFFR_X1)
     2    2.58    0.01    0.09    0.09 v _1291_/Q (DFFR_X1)
                  0.01    0.00    0.09 v _1297_/D (DFFR_X1)
                                  0.09   data arrival time

                  0.00    0.00    0.00   clock clk (rise edge)
                          0.00    0.00   clock network delay (ideal)
                          0.00    0.00   clock reconvergence pessimism
                                  0.00 ^ _1297_/CK (DFFR_X1)
                          0.00    0.00   library hold time
                                  0.00   data required time
-----------------------------------------------------------------------------
                                  0.00   data required time
                                 -0.09   data arrival time
-----------------------------------------------------------------------------
                                  0.08   slack (MET)



==========================================================================
floorplan final report_checks -path_delay max
--------------------------------------------------------------------------
[WARNING STA-0168] unknown field nets.
Startpoint: _1294_ (rising edge-triggered flip-flop clocked by clk)
Endpoint: _1278_ (rising edge-triggered flip-flop clocked by clk)
Path Group: clk
Path Type: max

Fanout     Cap    Slew   Delay    Time   Description
-----------------------------------------------------------------------------
                  0.00    0.00    0.00   clock clk (rise edge)
                          0.00    0.00   clock network delay (ideal)
                  0.00    0.00    0.00 ^ _1294_/CK (DFFR_X1)
     4    9.10    0.02    0.12    0.12 ^ _1294_/Q (DFFR_X1)
                  0.02    0.00    0.12 ^ _0699_/A2 (NOR2_X2)
     2    2.99    0.01    0.01    0.13 v _0699_/ZN (NOR2_X2)
                  0.01    0.00    0.13 v _0700_/A2 (NAND2_X1)
     5    9.41    0.03    0.04    0.16 ^ _0700_/ZN (NAND2_X1)
                  0.03    0.00    0.16 ^ _0701_/A (INV_X1)
     1    3.34    0.01    0.01    0.18 v _0701_/ZN (INV_X1)
                  0.01    0.00    0.18 v _1208_/B (HA_X1)
     1    3.00    0.01    0.03    0.21 v _1208_/CO (HA_X1)
                  0.01    0.00    0.21 v _0715_/A (BUF_X4)
    10   17.10    0.01    0.03    0.24 v _0715_/Z (BUF_X4)
                  0.01    0.00    0.24 v _0718_/A1 (NOR2_X2)
     7   13.33    0.04    0.05    0.29 ^ _0718_/ZN (NOR2_X2)
                  0.04    0.00    0.29 ^ _0754_/B2 (AOI22_X1)
     2    1.81    0.02    0.03    0.32 v _0754_/ZN (AOI22_X1)
                  0.02    0.00    0.32 v _0756_/A (MUX2_X1)
     3    3.93    0.01    0.07    0.38 v _0756_/Z (MUX2_X1)
                  0.01    0.00    0.38 v _0842_/A (MUX2_X1)
     2    3.01    0.01    0.06    0.45 v _0842_/Z (MUX2_X1)
                  0.01    0.00    0.45 v _0843_/A2 (NOR2_X1)
     1    3.45    0.03    0.04    0.48 ^ _0843_/ZN (NOR2_X1)
                  0.03    0.00    0.48 ^ _1222_/B (HA_X1)
     1    0.97    0.02    0.05    0.53 ^ _1222_/S (HA_X1)
                  0.02    0.00    0.53 ^ _0850_/A (BUF_X1)
     5    8.19    0.02    0.04    0.57 ^ _0850_/Z (BUF_X1)
                  0.02    0.00    0.57 ^ _0874_/A1 (NAND4_X1)
     3    4.66    0.03    0.04    0.61 v _0874_/ZN (NAND4_X1)
                  0.03    0.00    0.61 v _0882_/A4 (NOR4_X1)
     1    1.66    0.04    0.08    0.69 ^ _0882_/ZN (NOR4_X1)
                  0.04    0.00    0.69 ^ _0883_/C1 (AOI211_X1)
     2    2.95    0.02    0.03    0.72 v _0883_/ZN (AOI211_X1)
                  0.02    0.00    0.72 v _0884_/A2 (NAND2_X1)
     4    8.41    0.02    0.04    0.76 ^ _0884_/ZN (NAND2_X1)
                  0.02    0.00    0.76 ^ _0897_/A3 (NAND3_X1)
     1    0.89    0.02    0.02    0.78 v _0897_/ZN (NAND3_X1)
                  0.02    0.00    0.78 v _0898_/A2 (AND2_X1)
     1    3.40    0.01    0.04    0.81 v _0898_/ZN (AND2_X1)
                  0.01    0.00    0.81 v _1200_/B (FA_X1)
     1    2.18    0.01    0.08    0.89 v _1200_/CO (FA_X1)
                  0.01    0.00    0.89 v _1100_/A (XOR2_X1)
     1    6.23    0.02    0.06    0.95 v _1100_/Z (XOR2_X1)
                  0.02    0.00    0.95 v _1101_/B2 (OAI22_X4)
     1    1.13    0.02    0.04    0.99 ^ _1101_/ZN (OAI22_X4)
                  0.02    0.00    0.99 ^ _1278_/D (DFFR_X1)
                                  0.99   data arrival time

                  0.00    0.01    0.01   clock clk (rise edge)
                          0.00    0.01   clock network delay (ideal)
                          0.00    0.01   clock reconvergence pessimism
                                  0.01 ^ _1278_/CK (DFFR_X1)
                         -0.04   -0.03   library setup time
                                 -0.03   data required time
-----------------------------------------------------------------------------
                                 -0.03   data required time
                                 -0.99   data arrival time
-----------------------------------------------------------------------------
                                 -1.02   slack (VIOLATED)



==========================================================================
floorplan final report_checks -unconstrained
--------------------------------------------------------------------------
[WARNING STA-0168] unknown field nets.
Startpoint: _1294_ (rising edge-triggered flip-flop clocked by clk)
Endpoint: _1278_ (rising edge-triggered flip-flop clocked by clk)
Path Group: clk
Path Type: max

Fanout     Cap    Slew   Delay    Time   Description
-----------------------------------------------------------------------------
                  0.00    0.00    0.00   clock clk (rise edge)
                          0.00    0.00   clock network delay (ideal)
                  0.00    0.00    0.00 ^ _1294_/CK (DFFR_X1)
     4    9.10    0.02    0.12    0.12 ^ _1294_/Q (DFFR_X1)
                  0.02    0.00    0.12 ^ _0699_/A2 (NOR2_X2)
     2    2.99    0.01    0.01    0.13 v _0699_/ZN (NOR2_X2)
                  0.01    0.00    0.13 v _0700_/A2 (NAND2_X1)
     5    9.41    0.03    0.04    0.16 ^ _0700_/ZN (NAND2_X1)
                  0.03    0.00    0.16 ^ _0701_/A (INV_X1)
     1    3.34    0.01    0.01    0.18 v _0701_/ZN (INV_X1)
                  0.01    0.00    0.18 v _1208_/B (HA_X1)
     1    3.00    0.01    0.03    0.21 v _1208_/CO (HA_X1)
                  0.01    0.00    0.21 v _0715_/A (BUF_X4)
    10   17.10    0.01    0.03    0.24 v _0715_/Z (BUF_X4)
                  0.01    0.00    0.24 v _0718_/A1 (NOR2_X2)
     7   13.33    0.04    0.05    0.29 ^ _0718_/ZN (NOR2_X2)
                  0.04    0.00    0.29 ^ _0754_/B2 (AOI22_X1)
     2    1.81    0.02    0.03    0.32 v _0754_/ZN (AOI22_X1)
                  0.02    0.00    0.32 v _0756_/A (MUX2_X1)
     3    3.93    0.01    0.07    0.38 v _0756_/Z (MUX2_X1)
                  0.01    0.00    0.38 v _0842_/A (MUX2_X1)
     2    3.01    0.01    0.06    0.45 v _0842_/Z (MUX2_X1)
                  0.01    0.00    0.45 v _0843_/A2 (NOR2_X1)
     1    3.45    0.03    0.04    0.48 ^ _0843_/ZN (NOR2_X1)
                  0.03    0.00    0.48 ^ _1222_/B (HA_X1)
     1    0.97    0.02    0.05    0.53 ^ _1222_/S (HA_X1)
                  0.02    0.00    0.53 ^ _0850_/A (BUF_X1)
     5    8.19    0.02    0.04    0.57 ^ _0850_/Z (BUF_X1)
                  0.02    0.00    0.57 ^ _0874_/A1 (NAND4_X1)
     3    4.66    0.03    0.04    0.61 v _0874_/ZN (NAND4_X1)
                  0.03    0.00    0.61 v _0882_/A4 (NOR4_X1)
     1    1.66    0.04    0.08    0.69 ^ _0882_/ZN (NOR4_X1)
                  0.04    0.00    0.69 ^ _0883_/C1 (AOI211_X1)
     2    2.95    0.02    0.03    0.72 v _0883_/ZN (AOI211_X1)
                  0.02    0.00    0.72 v _0884_/A2 (NAND2_X1)
     4    8.41    0.02    0.04    0.76 ^ _0884_/ZN (NAND2_X1)
                  0.02    0.00    0.76 ^ _0897_/A3 (NAND3_X1)
     1    0.89    0.02    0.02    0.78 v _0897_/ZN (NAND3_X1)
                  0.02    0.00    0.78 v _0898_/A2 (AND2_X1)
     1    3.40    0.01    0.04    0.81 v _0898_/ZN (AND2_X1)
                  0.01    0.00    0.81 v _1200_/B (FA_X1)
     1    2.18    0.01    0.08    0.89 v _1200_/CO (FA_X1)
                  0.01    0.00    0.89 v _1100_/A (XOR2_X1)
     1    6.23    0.02    0.06    0.95 v _1100_/Z (XOR2_X1)
                  0.02    0.00    0.95 v _1101_/B2 (OAI22_X4)
     1    1.13    0.02    0.04    0.99 ^ _1101_/ZN (OAI22_X4)
                  0.02    0.00    0.99 ^ _1278_/D (DFFR_X1)
                                  0.99   data arrival time

                  0.00    0.01    0.01   clock clk (rise edge)
                          0.00    0.01   clock network delay (ideal)
                          0.00    0.01   clock reconvergence pessimism
                                  0.01 ^ _1278_/CK (DFFR_X1)
                         -0.04   -0.03   library setup time
                                 -0.03   data required time
-----------------------------------------------------------------------------
                                 -0.03   data required time
                                 -0.99   data arrival time
-----------------------------------------------------------------------------
                                 -1.02   slack (VIOLATED)



==========================================================================
floorplan final report_power
--------------------------------------------------------------------------
Group                  Internal  Switching    Leakage      Total
                          Power      Power      Power      Power (Watts)
----------------------------------------------------------------
Sequential             7.68e-02   1.71e-03   8.30e-06   7.85e-02  58.5%
Combinational          2.88e-02   2.69e-02   2.36e-05   5.57e-02  41.5%
Clock                  0.00e+00   0.00e+00   0.00e+00   0.00e+00   0.0%
Macro                  0.00e+00   0.00e+00   0.00e+00   0.00e+00   0.0%
Pad                    0.00e+00   0.00e+00   0.00e+00   0.00e+00   0.0%
----------------------------------------------------------------
Total                  1.06e-01   2.86e-02   3.19e-05   1.34e-01 100.0%
                          78.7%      21.3%       0.0%

==========================================================================
floorplan final report_design_area
--------------------------------------------------------------------------
Design area 1437 u^2 1% utilization.

