OpenROAD v2.0-22532-gac667f3cc7 
Features included (+) or not (-): +GPU +GUI +Python
This program is licensed under the BSD-3 license. See the LICENSE file for details.
Components of this program may be licensed under more restrictive licenses which must be honored.
[INFO ODB-0227] LEF file: /project/cad-team/LX_Semicon/kmcho/EoR/pdk/Nangate45/Nangate45_tech.lef, created 22 layers, 27 vias
[INFO ODB-0227] LEF file: /project/cad-team/LX_Semicon/kmcho/EoR/pdk/Nangate45/Nangate45_stdcell.lef, created 135 library cells
[INFO IFP-0001] Added 356 rows of 2626 site FreePDK45_38x28_10R_NP_162NW_34O.
Default units for flow
 time 1ns
 capacitance 1fF
 resistance 1kohm
 voltage 1v
 current 1mA
 power 1nW
 distance 1um

==========================================================================
floorplan final check_setup
--------------------------------------------------------------------------
Warning: There are 34 input ports missing set_input_delay.
Warning: There are 33 output ports missing set_output_delay.
Warning: There are 33 unconstrained endpoints.

==========================================================================
floorplan final report_tns
--------------------------------------------------------------------------
tns max -48.70

==========================================================================
floorplan final report_wns
--------------------------------------------------------------------------
wns max -1.18

==========================================================================
floorplan final report_worst_slack
--------------------------------------------------------------------------
worst slack max -1.18

==========================================================================
floorplan final report_checks -path_delay min
--------------------------------------------------------------------------
[WARNING STA-0168] unknown field nets.
Startpoint: _1277_ (rising edge-triggered flip-flop clocked by clk)
Endpoint: _1212_ (rising edge-triggered flip-flop clocked by clk)
Path Group: clk
Path Type: min

Fanout     Cap    Slew   Delay    Time   Description
-----------------------------------------------------------------------------
                  0.00    0.00    0.00   clock clk (rise edge)
                          0.00    0.00   clock network delay (ideal)
                  0.00    0.00    0.00 ^ _1277_/CK (DFFR_X1)
     2    2.58    0.01    0.09    0.09 v _1277_/Q (DFFR_X1)
                  0.01    0.00    0.09 v _1212_/D (DFFR_X1)
                                  0.09   data arrival time

                  0.00    0.00    0.00   clock clk (rise edge)
                          0.00    0.00   clock network delay (ideal)
                          0.00    0.00   clock reconvergence pessimism
                                  0.00 ^ _1212_/CK (DFFR_X1)
                          0.00    0.00   library hold time
                                  0.00   data required time
-----------------------------------------------------------------------------
                                  0.00   data required time
                                 -0.09   data arrival time
-----------------------------------------------------------------------------
                                  0.08   slack (MET)



==========================================================================
floorplan final report_checks -path_delay max
--------------------------------------------------------------------------
[WARNING STA-0168] unknown field nets.
Startpoint: _1177_ (rising edge-triggered flip-flop clocked by clk)
Endpoint: _1276_ (rising edge-triggered flip-flop clocked by clk)
Path Group: clk
Path Type: max

Fanout     Cap    Slew   Delay    Time   Description
-----------------------------------------------------------------------------
                  0.00    0.00    0.00   clock clk (rise edge)
                          0.00    0.00   clock network delay (ideal)
                  0.00    0.00    0.00 ^ _1177_/CK (DFFR_X1)
     5    9.00    0.02    0.12    0.12 ^ _1177_/Q (DFFR_X1)
                  0.02    0.00    0.12 ^ _0665_/A2 (NOR2_X1)
     2    2.99    0.01    0.02    0.13 v _0665_/ZN (NOR2_X1)
                  0.01    0.00    0.13 v _0666_/A2 (NAND2_X1)
     2    5.15    0.02    0.03    0.16 ^ _0666_/ZN (NAND2_X1)
                  0.02    0.00    0.16 ^ _0667_/A (INV_X1)
     5    8.79    0.01    0.02    0.18 v _0667_/ZN (INV_X1)
                  0.01    0.00    0.18 v _1140_/B (HA_X1)
     1    1.59    0.01    0.03    0.21 v _1140_/CO (HA_X1)
                  0.01    0.00    0.21 v _0676_/A (BUF_X2)
     8   15.78    0.01    0.03    0.24 v _0676_/Z (BUF_X2)
                  0.01    0.00    0.24 v _0679_/A1 (NOR2_X1)
     5    7.65    0.04    0.05    0.30 ^ _0679_/ZN (NOR2_X1)
                  0.04    0.00    0.30 ^ _0680_/A (BUF_X1)
    10   16.30    0.04    0.07    0.36 ^ _0680_/Z (BUF_X1)
                  0.04    0.00    0.36 ^ _0745_/B2 (AOI22_X1)
     2    1.81    0.02    0.03    0.39 v _0745_/ZN (AOI22_X1)
                  0.02    0.00    0.39 v _0746_/B (MUX2_X1)
     2    1.81    0.01    0.06    0.45 v _0746_/Z (MUX2_X1)
                  0.01    0.00    0.45 v _0748_/B (MUX2_X1)
     2    3.13    0.01    0.06    0.52 v _0748_/Z (MUX2_X1)
                  0.01    0.00    0.52 v _0749_/A2 (NOR2_X1)
     1    3.45    0.03    0.04    0.55 ^ _0749_/ZN (NOR2_X1)
                  0.03    0.00    0.55 ^ _1150_/B (HA_X1)
     1    0.97    0.02    0.05    0.60 ^ _1150_/S (HA_X1)
                  0.02    0.00    0.60 ^ _0757_/A (BUF_X1)
     4    7.22    0.02    0.04    0.64 ^ _0757_/Z (BUF_X1)
                  0.02    0.00    0.64 ^ _0758_/A1 (NAND2_X1)
     1    1.54    0.01    0.01    0.65 v _0758_/ZN (NAND2_X1)
                  0.01    0.00    0.65 v _0761_/A (AOI21_X1)
     3    4.87    0.04    0.06    0.71 ^ _0761_/ZN (AOI21_X1)
                  0.04    0.00    0.71 ^ _0838_/A3 (NAND4_X1)
     1    1.42    0.02    0.03    0.74 v _0838_/ZN (NAND4_X1)
                  0.02    0.00    0.74 v _0839_/C1 (OAI221_X1)
     3    6.11    0.06    0.06    0.80 ^ _0839_/ZN (OAI221_X1)
                  0.06    0.00    0.80 ^ _0908_/B2 (AOI21_X1)
     3    4.38    0.02    0.03    0.83 v _0908_/ZN (AOI21_X1)
                  0.02    0.00    0.83 v _0910_/A1 (NOR2_X1)
     1    1.62    0.02    0.03    0.86 ^ _0910_/ZN (NOR2_X1)
                  0.02    0.00    0.86 ^ _0911_/B2 (OAI22_X1)
     1    3.40    0.01    0.03    0.88 v _0911_/ZN (OAI22_X1)
                  0.01    0.00    0.88 v _1138_/B (FA_X1)
     2    4.31    0.02    0.08    0.97 v _1138_/CO (FA_X1)
                  0.02    0.00    0.97 v _1114_/A (XOR2_X1)
     1    0.89    0.01    0.05    1.02 v _1114_/Z (XOR2_X1)
                  0.01    0.00    1.02 v _1115_/A4 (OR4_X1)
     1    1.53    0.02    0.12    1.13 v _1115_/ZN (OR4_X1)
                  0.02    0.00    1.13 v _1119_/A (OAI211_X1)
     1    1.13    0.02    0.02    1.16 ^ _1119_/ZN (OAI211_X1)
                  0.02    0.00    1.16 ^ _1276_/D (DFFR_X1)
                                  1.16   data arrival time

                  0.00    0.01    0.01   clock clk (rise edge)
                          0.00    0.01   clock network delay (ideal)
                          0.00    0.01   clock reconvergence pessimism
                                  0.01 ^ _1276_/CK (DFFR_X1)
                         -0.04   -0.03   library setup time
                                 -0.03   data required time
-----------------------------------------------------------------------------
                                 -0.03   data required time
                                 -1.16   data arrival time
-----------------------------------------------------------------------------
                                 -1.18   slack (VIOLATED)



==========================================================================
floorplan final report_checks -unconstrained
--------------------------------------------------------------------------
[WARNING STA-0168] unknown field nets.
Startpoint: _1177_ (rising edge-triggered flip-flop clocked by clk)
Endpoint: _1276_ (rising edge-triggered flip-flop clocked by clk)
Path Group: clk
Path Type: max

Fanout     Cap    Slew   Delay    Time   Description
-----------------------------------------------------------------------------
                  0.00    0.00    0.00   clock clk (rise edge)
                          0.00    0.00   clock network delay (ideal)
                  0.00    0.00    0.00 ^ _1177_/CK (DFFR_X1)
     5    9.00    0.02    0.12    0.12 ^ _1177_/Q (DFFR_X1)
                  0.02    0.00    0.12 ^ _0665_/A2 (NOR2_X1)
     2    2.99    0.01    0.02    0.13 v _0665_/ZN (NOR2_X1)
                  0.01    0.00    0.13 v _0666_/A2 (NAND2_X1)
     2    5.15    0.02    0.03    0.16 ^ _0666_/ZN (NAND2_X1)
                  0.02    0.00    0.16 ^ _0667_/A (INV_X1)
     5    8.79    0.01    0.02    0.18 v _0667_/ZN (INV_X1)
                  0.01    0.00    0.18 v _1140_/B (HA_X1)
     1    1.59    0.01    0.03    0.21 v _1140_/CO (HA_X1)
                  0.01    0.00    0.21 v _0676_/A (BUF_X2)
     8   15.78    0.01    0.03    0.24 v _0676_/Z (BUF_X2)
                  0.01    0.00    0.24 v _0679_/A1 (NOR2_X1)
     5    7.65    0.04    0.05    0.30 ^ _0679_/ZN (NOR2_X1)
                  0.04    0.00    0.30 ^ _0680_/A (BUF_X1)
    10   16.30    0.04    0.07    0.36 ^ _0680_/Z (BUF_X1)
                  0.04    0.00    0.36 ^ _0745_/B2 (AOI22_X1)
     2    1.81    0.02    0.03    0.39 v _0745_/ZN (AOI22_X1)
                  0.02    0.00    0.39 v _0746_/B (MUX2_X1)
     2    1.81    0.01    0.06    0.45 v _0746_/Z (MUX2_X1)
                  0.01    0.00    0.45 v _0748_/B (MUX2_X1)
     2    3.13    0.01    0.06    0.52 v _0748_/Z (MUX2_X1)
                  0.01    0.00    0.52 v _0749_/A2 (NOR2_X1)
     1    3.45    0.03    0.04    0.55 ^ _0749_/ZN (NOR2_X1)
                  0.03    0.00    0.55 ^ _1150_/B (HA_X1)
     1    0.97    0.02    0.05    0.60 ^ _1150_/S (HA_X1)
                  0.02    0.00    0.60 ^ _0757_/A (BUF_X1)
     4    7.22    0.02    0.04    0.64 ^ _0757_/Z (BUF_X1)
                  0.02    0.00    0.64 ^ _0758_/A1 (NAND2_X1)
     1    1.54    0.01    0.01    0.65 v _0758_/ZN (NAND2_X1)
                  0.01    0.00    0.65 v _0761_/A (AOI21_X1)
     3    4.87    0.04    0.06    0.71 ^ _0761_/ZN (AOI21_X1)
                  0.04    0.00    0.71 ^ _0838_/A3 (NAND4_X1)
     1    1.42    0.02    0.03    0.74 v _0838_/ZN (NAND4_X1)
                  0.02    0.00    0.74 v _0839_/C1 (OAI221_X1)
     3    6.11    0.06    0.06    0.80 ^ _0839_/ZN (OAI221_X1)
                  0.06    0.00    0.80 ^ _0908_/B2 (AOI21_X1)
     3    4.38    0.02    0.03    0.83 v _0908_/ZN (AOI21_X1)
                  0.02    0.00    0.83 v _0910_/A1 (NOR2_X1)
     1    1.62    0.02    0.03    0.86 ^ _0910_/ZN (NOR2_X1)
                  0.02    0.00    0.86 ^ _0911_/B2 (OAI22_X1)
     1    3.40    0.01    0.03    0.88 v _0911_/ZN (OAI22_X1)
                  0.01    0.00    0.88 v _1138_/B (FA_X1)
     2    4.31    0.02    0.08    0.97 v _1138_/CO (FA_X1)
                  0.02    0.00    0.97 v _1114_/A (XOR2_X1)
     1    0.89    0.01    0.05    1.02 v _1114_/Z (XOR2_X1)
                  0.01    0.00    1.02 v _1115_/A4 (OR4_X1)
     1    1.53    0.02    0.12    1.13 v _1115_/ZN (OR4_X1)
                  0.02    0.00    1.13 v _1119_/A (OAI211_X1)
     1    1.13    0.02    0.02    1.16 ^ _1119_/ZN (OAI211_X1)
                  0.02    0.00    1.16 ^ _1276_/D (DFFR_X1)
                                  1.16   data arrival time

                  0.00    0.01    0.01   clock clk (rise edge)
                          0.00    0.01   clock network delay (ideal)
                          0.00    0.01   clock reconvergence pessimism
                                  0.01 ^ _1276_/CK (DFFR_X1)
                         -0.04   -0.03   library setup time
                                 -0.03   data required time
-----------------------------------------------------------------------------
                                 -0.03   data required time
                                 -1.16   data arrival time
-----------------------------------------------------------------------------
                                 -1.18   slack (VIOLATED)



==========================================================================
floorplan final report_power
--------------------------------------------------------------------------
Group                  Internal  Switching    Leakage      Total
                          Power      Power      Power      Power (Watts)
----------------------------------------------------------------
Sequential             9.75e-02   7.41e-03   8.48e-06   1.05e-01  56.3%
Combinational          4.64e-02   3.51e-02   1.60e-05   8.14e-02  43.7%
Clock                  0.00e+00   0.00e+00   0.00e+00   0.00e+00   0.0%
Macro                  0.00e+00   0.00e+00   0.00e+00   0.00e+00   0.0%
Pad                    0.00e+00   0.00e+00   0.00e+00   0.00e+00   0.0%
----------------------------------------------------------------
Total                  1.44e-01   4.25e-02   2.45e-05   1.86e-01 100.0%
                          77.2%      22.8%       0.0%

==========================================================================
floorplan final report_design_area
--------------------------------------------------------------------------
Design area 1245 u^2 1% utilization.

