OpenROAD v2.0-22532-gac667f3cc7 
Features included (+) or not (-): +GPU +GUI +Python
This program is licensed under the BSD-3 license. See the LICENSE file for details.
Components of this program may be licensed under more restrictive licenses which must be honored.
[INFO ODB-0227] LEF file: /project/cad-team/LX_Semicon/kmcho/EoR/pdk/Nangate45/Nangate45_tech.lef, created 22 layers, 27 vias
[INFO ODB-0227] LEF file: /project/cad-team/LX_Semicon/kmcho/EoR/pdk/Nangate45/Nangate45_stdcell.lef, created 135 library cells
[INFO IFP-0001] Added 159 rows of 1176 site FreePDK45_38x28_10R_NP_162NW_34O.
Default units for flow
 time 1ns
 capacitance 1fF
 resistance 1kohm
 voltage 1v
 current 1mA
 power 1nW
 distance 1um

==========================================================================
floorplan final check_setup
--------------------------------------------------------------------------
Warning: There are 9 input ports missing set_input_delay.
Warning: There are 8 output ports missing set_output_delay.
Warning: There are 24 unconstrained endpoints.

==========================================================================
floorplan final report_tns
--------------------------------------------------------------------------
tns max -4.10

==========================================================================
floorplan final report_wns
--------------------------------------------------------------------------
wns max -0.57

==========================================================================
floorplan final report_worst_slack
--------------------------------------------------------------------------
worst slack max -0.57

==========================================================================
floorplan final report_checks -path_delay min
--------------------------------------------------------------------------
[WARNING STA-0168] unknown field nets.
Startpoint: _136_ (rising edge-triggered flip-flop clocked by clk)
Endpoint: _128_ (rising edge-triggered flip-flop clocked by clk)
Path Group: clk
Path Type: min

Fanout     Cap    Slew   Delay    Time   Description
-----------------------------------------------------------------------------
                  0.00    0.00    0.00   clock clk (rise edge)
                          0.00    0.00   clock network delay (ideal)
                  0.00    0.00    0.00 ^ _136_/CK (DFFR_X1)
     1    1.05    0.01    0.08    0.08 v _136_/Q (DFFR_X1)
                  0.01    0.00    0.08 v _128_/D (DFFR_X1)
                                  0.08   data arrival time

                  0.00    0.00    0.00   clock clk (rise edge)
                          0.00    0.00   clock network delay (ideal)
                          0.00    0.00   clock reconvergence pessimism
                                  0.00 ^ _128_/CK (DFFR_X1)
                          0.00    0.00   library hold time
                                  0.00   data required time
-----------------------------------------------------------------------------
                                  0.00   data required time
                                 -0.08   data arrival time
-----------------------------------------------------------------------------
                                  0.08   slack (MET)



==========================================================================
floorplan final report_checks -path_delay max
--------------------------------------------------------------------------
[WARNING STA-0168] unknown field nets.
Startpoint: _118_ (rising edge-triggered flip-flop clocked by clk)
Endpoint: _142_ (rising edge-triggered flip-flop clocked by clk)
Path Group: clk
Path Type: max

Fanout     Cap    Slew   Delay    Time   Description
-----------------------------------------------------------------------------
                  0.00    0.00    0.00   clock clk (rise edge)
                          0.00    0.00   clock network delay (ideal)
                  0.00    0.00    0.00 ^ _118_/CK (DFFR_X1)
     1    3.40    0.01    0.07    0.07 v _118_/QN (DFFR_X1)
                  0.01    0.00    0.07 v _103_/B (FA_X1)
     1    1.70    0.01    0.12    0.19 ^ _103_/S (FA_X1)
                  0.01    0.00    0.19 ^ _093_/A (INV_X1)
     1    3.40    0.01    0.01    0.20 v _093_/ZN (INV_X1)
                  0.01    0.00    0.20 v _104_/B (FA_X1)
     2    4.89    0.02    0.08    0.28 v _104_/CO (FA_X1)
                  0.02    0.00    0.28 v _110_/B (HA_X1)
     1    1.58    0.01    0.06    0.34 v _110_/S (HA_X1)
                  0.01    0.00    0.34 v _087_/A2 (AND3_X2)
     1    3.05    0.01    0.03    0.37 v _087_/ZN (AND3_X2)
                  0.01    0.00    0.37 v _088_/B (AOI211_X2)
     1    3.47    0.04    0.06    0.44 ^ _088_/ZN (AOI211_X2)
                  0.04    0.00    0.44 ^ _106_/B (FA_X1)
     1    1.55    0.01    0.10    0.53 v _106_/S (FA_X1)
                  0.01    0.00    0.53 v _095_/A (INV_X1)
     1    1.13    0.01    0.01    0.55 ^ _095_/ZN (INV_X1)
                  0.01    0.00    0.55 ^ _142_/D (DFFR_X1)
                                  0.55   data arrival time

                  0.00    0.01    0.01   clock clk (rise edge)
                          0.00    0.01   clock network delay (ideal)
                          0.00    0.01   clock reconvergence pessimism
                                  0.01 ^ _142_/CK (DFFR_X1)
                         -0.03   -0.02   library setup time
                                 -0.02   data required time
-----------------------------------------------------------------------------
                                 -0.02   data required time
                                 -0.55   data arrival time
-----------------------------------------------------------------------------
                                 -0.57   slack (VIOLATED)



==========================================================================
floorplan final report_checks -unconstrained
--------------------------------------------------------------------------
[WARNING STA-0168] unknown field nets.
Startpoint: _118_ (rising edge-triggered flip-flop clocked by clk)
Endpoint: _142_ (rising edge-triggered flip-flop clocked by clk)
Path Group: clk
Path Type: max

Fanout     Cap    Slew   Delay    Time   Description
-----------------------------------------------------------------------------
                  0.00    0.00    0.00   clock clk (rise edge)
                          0.00    0.00   clock network delay (ideal)
                  0.00    0.00    0.00 ^ _118_/CK (DFFR_X1)
     1    3.40    0.01    0.07    0.07 v _118_/QN (DFFR_X1)
                  0.01    0.00    0.07 v _103_/B (FA_X1)
     1    1.70    0.01    0.12    0.19 ^ _103_/S (FA_X1)
                  0.01    0.00    0.19 ^ _093_/A (INV_X1)
     1    3.40    0.01    0.01    0.20 v _093_/ZN (INV_X1)
                  0.01    0.00    0.20 v _104_/B (FA_X1)
     2    4.89    0.02    0.08    0.28 v _104_/CO (FA_X1)
                  0.02    0.00    0.28 v _110_/B (HA_X1)
     1    1.58    0.01    0.06    0.34 v _110_/S (HA_X1)
                  0.01    0.00    0.34 v _087_/A2 (AND3_X2)
     1    3.05    0.01    0.03    0.37 v _087_/ZN (AND3_X2)
                  0.01    0.00    0.37 v _088_/B (AOI211_X2)
     1    3.47    0.04    0.06    0.44 ^ _088_/ZN (AOI211_X2)
                  0.04    0.00    0.44 ^ _106_/B (FA_X1)
     1    1.55    0.01    0.10    0.53 v _106_/S (FA_X1)
                  0.01    0.00    0.53 v _095_/A (INV_X1)
     1    1.13    0.01    0.01    0.55 ^ _095_/ZN (INV_X1)
                  0.01    0.00    0.55 ^ _142_/D (DFFR_X1)
                                  0.55   data arrival time

                  0.00    0.01    0.01   clock clk (rise edge)
                          0.00    0.01   clock network delay (ideal)
                          0.00    0.01   clock reconvergence pessimism
                                  0.01 ^ _142_/CK (DFFR_X1)
                         -0.03   -0.02   library setup time
                                 -0.02   data required time
-----------------------------------------------------------------------------
                                 -0.02   data required time
                                 -0.55   data arrival time
-----------------------------------------------------------------------------
                                 -0.57   slack (VIOLATED)



==========================================================================
floorplan final report_power
--------------------------------------------------------------------------
Group                  Internal  Switching    Leakage      Total
                          Power      Power      Power      Power (Watts)
----------------------------------------------------------------
Sequential             2.31e-02   5.05e-04   2.70e-06   2.36e-02  82.7%
Combinational          3.22e-03   1.71e-03   1.69e-06   4.93e-03  17.3%
Clock                  0.00e+00   0.00e+00   0.00e+00   0.00e+00   0.0%
Macro                  0.00e+00   0.00e+00   0.00e+00   0.00e+00   0.0%
Pad                    0.00e+00   0.00e+00   0.00e+00   0.00e+00   0.0%
----------------------------------------------------------------
Total                  2.63e-02   2.21e-03   4.40e-06   2.85e-02 100.0%
                          92.2%       7.8%       0.0%

==========================================================================
floorplan final report_design_area
--------------------------------------------------------------------------
Design area 250 u^2 1% utilization.

