OpenROAD v2.0-22532-gac667f3cc7 
Features included (+) or not (-): +GPU +GUI +Python
This program is licensed under the BSD-3 license. See the LICENSE file for details.
Components of this program may be licensed under more restrictive licenses which must be honored.
[INFO ODB-0227] LEF file: /project/cad-team/LX_Semicon/kmcho/EoR/pdk/Nangate45/Nangate45_tech.lef, created 22 layers, 27 vias
[INFO ODB-0227] LEF file: /project/cad-team/LX_Semicon/kmcho/EoR/pdk/Nangate45/Nangate45_stdcell.lef, created 135 library cells
[INFO IFP-0001] Added 154 rows of 1135 site FreePDK45_38x28_10R_NP_162NW_34O.
Default units for flow
 time 1ns
 capacitance 1fF
 resistance 1kohm
 voltage 1v
 current 1mA
 power 1nW
 distance 1um

==========================================================================
floorplan final check_setup
--------------------------------------------------------------------------
Warning: There are 9 input ports missing set_input_delay.
Warning: There are 8 output ports missing set_output_delay.
Warning: There are 20 unconstrained endpoints.

==========================================================================
floorplan final report_tns
--------------------------------------------------------------------------
tns max -3.10

==========================================================================
floorplan final report_wns
--------------------------------------------------------------------------
wns max -0.37

==========================================================================
floorplan final report_worst_slack
--------------------------------------------------------------------------
worst slack max -0.37

==========================================================================
floorplan final report_checks -path_delay min
--------------------------------------------------------------------------
[WARNING STA-0168] unknown field nets.
Startpoint: _158_ (rising edge-triggered flip-flop clocked by clk)
Endpoint: _144_ (rising edge-triggered flip-flop clocked by clk)
Path Group: clk
Path Type: min

Fanout     Cap    Slew   Delay    Time   Description
-----------------------------------------------------------------------------
                  0.00    0.00    0.00   clock clk (rise edge)
                          0.00    0.00   clock network delay (ideal)
                  0.00    0.00    0.00 ^ _158_/CK (DFFR_X1)
     1    1.05    0.01    0.08    0.08 v _158_/Q (DFFR_X1)
                  0.01    0.00    0.08 v _144_/D (DFFR_X1)
                                  0.08   data arrival time

                  0.00    0.00    0.00   clock clk (rise edge)
                          0.00    0.00   clock network delay (ideal)
                          0.00    0.00   clock reconvergence pessimism
                                  0.00 ^ _144_/CK (DFFR_X1)
                          0.00    0.00   library hold time
                                  0.00   data required time
-----------------------------------------------------------------------------
                                  0.00   data required time
                                 -0.08   data arrival time
-----------------------------------------------------------------------------
                                  0.08   slack (MET)



==========================================================================
floorplan final report_checks -path_delay max
--------------------------------------------------------------------------
[WARNING STA-0168] unknown field nets.
Startpoint: _152_ (rising edge-triggered flip-flop clocked by clk)
Endpoint: _165_ (rising edge-triggered flip-flop clocked by clk)
Path Group: clk
Path Type: max

Fanout     Cap    Slew   Delay    Time   Description
-----------------------------------------------------------------------------
                  0.00    0.00    0.00   clock clk (rise edge)
                          0.00    0.00   clock network delay (ideal)
                  0.00    0.00    0.00 ^ _152_/CK (DFFR_X1)
     1    3.45    0.01    0.10    0.10 ^ _152_/Q (DFFR_X1)
                  0.01    0.00    0.10 ^ _135_/B (HA_X1)
     1    1.70    0.01    0.03    0.14 ^ _135_/CO (HA_X1)
                  0.01    0.00    0.14 ^ _122_/A (INV_X1)
     1    2.66    0.00    0.01    0.14 v _122_/ZN (INV_X1)
                  0.00    0.00    0.14 v _126_/CI (FA_X1)
     2    4.21    0.02    0.07    0.22 v _126_/CO (FA_X1)
                  0.02    0.00    0.22 v _116_/A (INV_X1)
     1    1.59    0.01    0.02    0.23 ^ _116_/ZN (INV_X1)
                  0.01    0.00    0.23 ^ _117_/A1 (NAND3_X1)
     1    1.53    0.01    0.02    0.25 v _117_/ZN (NAND3_X1)
                  0.01    0.00    0.25 v _119_/A1 (NAND2_X1)
     1    3.45    0.01    0.02    0.27 ^ _119_/ZN (NAND2_X1)
                  0.01    0.00    0.27 ^ _134_/B (HA_X1)
     1    2.23    0.01    0.03    0.30 ^ _134_/CO (HA_X1)
                  0.01    0.00    0.30 ^ _093_/A (XOR2_X1)
     1    1.13    0.02    0.04    0.35 ^ _093_/Z (XOR2_X1)
                  0.02    0.00    0.35 ^ _165_/D (DFFR_X1)
                                  0.35   data arrival time

                  0.00    0.01    0.01   clock clk (rise edge)
                          0.00    0.01   clock network delay (ideal)
                          0.00    0.01   clock reconvergence pessimism
                                  0.01 ^ _165_/CK (DFFR_X1)
                         -0.04   -0.03   library setup time
                                 -0.03   data required time
-----------------------------------------------------------------------------
                                 -0.03   data required time
                                 -0.35   data arrival time
-----------------------------------------------------------------------------
                                 -0.37   slack (VIOLATED)



==========================================================================
floorplan final report_checks -unconstrained
--------------------------------------------------------------------------
[WARNING STA-0168] unknown field nets.
Startpoint: _152_ (rising edge-triggered flip-flop clocked by clk)
Endpoint: _165_ (rising edge-triggered flip-flop clocked by clk)
Path Group: clk
Path Type: max

Fanout     Cap    Slew   Delay    Time   Description
-----------------------------------------------------------------------------
                  0.00    0.00    0.00   clock clk (rise edge)
                          0.00    0.00   clock network delay (ideal)
                  0.00    0.00    0.00 ^ _152_/CK (DFFR_X1)
     1    3.45    0.01    0.10    0.10 ^ _152_/Q (DFFR_X1)
                  0.01    0.00    0.10 ^ _135_/B (HA_X1)
     1    1.70    0.01    0.03    0.14 ^ _135_/CO (HA_X1)
                  0.01    0.00    0.14 ^ _122_/A (INV_X1)
     1    2.66    0.00    0.01    0.14 v _122_/ZN (INV_X1)
                  0.00    0.00    0.14 v _126_/CI (FA_X1)
     2    4.21    0.02    0.07    0.22 v _126_/CO (FA_X1)
                  0.02    0.00    0.22 v _116_/A (INV_X1)
     1    1.59    0.01    0.02    0.23 ^ _116_/ZN (INV_X1)
                  0.01    0.00    0.23 ^ _117_/A1 (NAND3_X1)
     1    1.53    0.01    0.02    0.25 v _117_/ZN (NAND3_X1)
                  0.01    0.00    0.25 v _119_/A1 (NAND2_X1)
     1    3.45    0.01    0.02    0.27 ^ _119_/ZN (NAND2_X1)
                  0.01    0.00    0.27 ^ _134_/B (HA_X1)
     1    2.23    0.01    0.03    0.30 ^ _134_/CO (HA_X1)
                  0.01    0.00    0.30 ^ _093_/A (XOR2_X1)
     1    1.13    0.02    0.04    0.35 ^ _093_/Z (XOR2_X1)
                  0.02    0.00    0.35 ^ _165_/D (DFFR_X1)
                                  0.35   data arrival time

                  0.00    0.01    0.01   clock clk (rise edge)
                          0.00    0.01   clock network delay (ideal)
                          0.00    0.01   clock reconvergence pessimism
                                  0.01 ^ _165_/CK (DFFR_X1)
                         -0.04   -0.03   library setup time
                                 -0.03   data required time
-----------------------------------------------------------------------------
                                 -0.03   data required time
                                 -0.35   data arrival time
-----------------------------------------------------------------------------
                                 -0.37   slack (VIOLATED)



==========================================================================
floorplan final report_power
--------------------------------------------------------------------------
Group                  Internal  Switching    Leakage      Total
                          Power      Power      Power      Power (Watts)
----------------------------------------------------------------
Sequential             2.14e-02   6.86e-04   2.37e-06   2.21e-02  82.7%
Combinational          3.06e-03   1.56e-03   1.85e-06   4.62e-03  17.3%
Clock                  0.00e+00   0.00e+00   0.00e+00   0.00e+00   0.0%
Macro                  0.00e+00   0.00e+00   0.00e+00   0.00e+00   0.0%
Pad                    0.00e+00   0.00e+00   0.00e+00   0.00e+00   0.0%
----------------------------------------------------------------
Total                  2.44e-02   2.24e-03   4.22e-06   2.67e-02 100.0%
                          91.6%       8.4%       0.0%

==========================================================================
floorplan final report_design_area
--------------------------------------------------------------------------
Design area 233 u^2 1% utilization.

