OpenROAD v2.0-22532-gac667f3cc7 
Features included (+) or not (-): +GPU +GUI +Python
This program is licensed under the BSD-3 license. See the LICENSE file for details.
Components of this program may be licensed under more restrictive licenses which must be honored.
[INFO ODB-0227] LEF file: /project/cad-team/LX_Semicon/kmcho/EoR/pdk/Nangate45/Nangate45_tech.lef, created 22 layers, 27 vias
[INFO ODB-0227] LEF file: /project/cad-team/LX_Semicon/kmcho/EoR/pdk/Nangate45/Nangate45_stdcell.lef, created 135 library cells
[INFO IFP-0001] Added 139 rows of 1026 site FreePDK45_38x28_10R_NP_162NW_34O.
Default units for flow
 time 1ns
 capacitance 1fF
 resistance 1kohm
 voltage 1v
 current 1mA
 power 1nW
 distance 1um

==========================================================================
floorplan final check_setup
--------------------------------------------------------------------------
Warning: There are 9 input ports missing set_input_delay.
Warning: There are 8 output ports missing set_output_delay.
Warning: There are 20 unconstrained endpoints.

==========================================================================
floorplan final report_tns
--------------------------------------------------------------------------
tns max -2.14

==========================================================================
floorplan final report_wns
--------------------------------------------------------------------------
wns max -0.37

==========================================================================
floorplan final report_worst_slack
--------------------------------------------------------------------------
worst slack max -0.37

==========================================================================
floorplan final report_checks -path_delay min
--------------------------------------------------------------------------
[WARNING STA-0168] unknown field nets.
Startpoint: _136_ (rising edge-triggered flip-flop clocked by clk)
Endpoint: _142_ (rising edge-triggered flip-flop clocked by clk)
Path Group: clk
Path Type: min

Fanout     Cap    Slew   Delay    Time   Description
-----------------------------------------------------------------------------
                  0.00    0.00    0.00   clock clk (rise edge)
                          0.00    0.00   clock network delay (ideal)
                  0.00    0.00    0.00 ^ _136_/CK (DFFR_X1)
     1    1.05    0.01    0.08    0.08 v _136_/Q (DFFR_X1)
                  0.01    0.00    0.08 v _142_/D (DFFR_X1)
                                  0.08   data arrival time

                  0.00    0.00    0.00   clock clk (rise edge)
                          0.00    0.00   clock network delay (ideal)
                          0.00    0.00   clock reconvergence pessimism
                                  0.00 ^ _142_/CK (DFFR_X1)
                          0.00    0.00   library hold time
                                  0.00   data required time
-----------------------------------------------------------------------------
                                  0.00   data required time
                                 -0.08   data arrival time
-----------------------------------------------------------------------------
                                  0.08   slack (MET)



==========================================================================
floorplan final report_checks -path_delay max
--------------------------------------------------------------------------
[WARNING STA-0168] unknown field nets.
Startpoint: _150_ (rising edge-triggered flip-flop clocked by clk)
Endpoint: _149_ (rising edge-triggered flip-flop clocked by clk)
Path Group: clk
Path Type: max

Fanout     Cap    Slew   Delay    Time   Description
-----------------------------------------------------------------------------
                  0.00    0.00    0.00   clock clk (rise edge)
                          0.00    0.00   clock network delay (ideal)
                  0.00    0.00    0.00 ^ _150_/CK (DFFR_X1)
     1    3.45    0.01    0.10    0.10 ^ _150_/Q (DFFR_X1)
                  0.01    0.00    0.10 ^ _135_/B (HA_X1)
     1    1.70    0.01    0.03    0.14 ^ _135_/CO (HA_X1)
                  0.01    0.00    0.14 ^ _121_/A (INV_X1)
     1    2.66    0.00    0.01    0.14 v _121_/ZN (INV_X1)
                  0.00    0.00    0.14 v _126_/CI (FA_X1)
     2    4.21    0.02    0.07    0.22 v _126_/CO (FA_X1)
                  0.02    0.00    0.22 v _115_/A (INV_X1)
     1    1.59    0.01    0.02    0.23 ^ _115_/ZN (INV_X1)
                  0.01    0.00    0.23 ^ _116_/A1 (NAND3_X1)
     1    1.53    0.01    0.02    0.25 v _116_/ZN (NAND3_X1)
                  0.01    0.00    0.25 v _118_/A1 (NAND2_X1)
     1    3.45    0.01    0.02    0.27 ^ _118_/ZN (NAND2_X1)
                  0.01    0.00    0.27 ^ _134_/B (HA_X1)
     1    2.23    0.01    0.03    0.30 ^ _134_/CO (HA_X1)
                  0.01    0.00    0.30 ^ _100_/A (XOR2_X1)
     1    1.13    0.02    0.04    0.35 ^ _100_/Z (XOR2_X1)
                  0.02    0.00    0.35 ^ _149_/D (DFFR_X1)
                                  0.35   data arrival time

                  0.00    0.01    0.01   clock clk (rise edge)
                          0.00    0.01   clock network delay (ideal)
                          0.00    0.01   clock reconvergence pessimism
                                  0.01 ^ _149_/CK (DFFR_X1)
                         -0.04   -0.03   library setup time
                                 -0.03   data required time
-----------------------------------------------------------------------------
                                 -0.03   data required time
                                 -0.35   data arrival time
-----------------------------------------------------------------------------
                                 -0.37   slack (VIOLATED)



==========================================================================
floorplan final report_checks -unconstrained
--------------------------------------------------------------------------
[WARNING STA-0168] unknown field nets.
Startpoint: _150_ (rising edge-triggered flip-flop clocked by clk)
Endpoint: _149_ (rising edge-triggered flip-flop clocked by clk)
Path Group: clk
Path Type: max

Fanout     Cap    Slew   Delay    Time   Description
-----------------------------------------------------------------------------
                  0.00    0.00    0.00   clock clk (rise edge)
                          0.00    0.00   clock network delay (ideal)
                  0.00    0.00    0.00 ^ _150_/CK (DFFR_X1)
     1    3.45    0.01    0.10    0.10 ^ _150_/Q (DFFR_X1)
                  0.01    0.00    0.10 ^ _135_/B (HA_X1)
     1    1.70    0.01    0.03    0.14 ^ _135_/CO (HA_X1)
                  0.01    0.00    0.14 ^ _121_/A (INV_X1)
     1    2.66    0.00    0.01    0.14 v _121_/ZN (INV_X1)
                  0.00    0.00    0.14 v _126_/CI (FA_X1)
     2    4.21    0.02    0.07    0.22 v _126_/CO (FA_X1)
                  0.02    0.00    0.22 v _115_/A (INV_X1)
     1    1.59    0.01    0.02    0.23 ^ _115_/ZN (INV_X1)
                  0.01    0.00    0.23 ^ _116_/A1 (NAND3_X1)
     1    1.53    0.01    0.02    0.25 v _116_/ZN (NAND3_X1)
                  0.01    0.00    0.25 v _118_/A1 (NAND2_X1)
     1    3.45    0.01    0.02    0.27 ^ _118_/ZN (NAND2_X1)
                  0.01    0.00    0.27 ^ _134_/B (HA_X1)
     1    2.23    0.01    0.03    0.30 ^ _134_/CO (HA_X1)
                  0.01    0.00    0.30 ^ _100_/A (XOR2_X1)
     1    1.13    0.02    0.04    0.35 ^ _100_/Z (XOR2_X1)
                  0.02    0.00    0.35 ^ _149_/D (DFFR_X1)
                                  0.35   data arrival time

                  0.00    0.01    0.01   clock clk (rise edge)
                          0.00    0.01   clock network delay (ideal)
                          0.00    0.01   clock reconvergence pessimism
                                  0.01 ^ _149_/CK (DFFR_X1)
                         -0.04   -0.03   library setup time
                                 -0.03   data required time
-----------------------------------------------------------------------------
                                 -0.03   data required time
                                 -0.35   data arrival time
-----------------------------------------------------------------------------
                                 -0.37   slack (VIOLATED)



==========================================================================
floorplan final report_power
--------------------------------------------------------------------------
Group                  Internal  Switching    Leakage      Total
                          Power      Power      Power      Power (Watts)
----------------------------------------------------------------
Sequential             1.47e-02   4.81e-04   1.69e-06   1.52e-02  76.7%
Combinational          3.06e-03   1.55e-03   1.86e-06   4.62e-03  23.3%
Clock                  0.00e+00   0.00e+00   0.00e+00   0.00e+00   0.0%
Macro                  0.00e+00   0.00e+00   0.00e+00   0.00e+00   0.0%
Pad                    0.00e+00   0.00e+00   0.00e+00   0.00e+00   0.0%
----------------------------------------------------------------
Total                  1.78e-02   2.04e-03   3.55e-06   1.98e-02 100.0%
                          89.7%      10.3%       0.0%

==========================================================================
floorplan final report_design_area
--------------------------------------------------------------------------
Design area 190 u^2 1% utilization.

