OpenROAD v2.0-22532-gac667f3cc7 
Features included (+) or not (-): +GPU +GUI +Python
This program is licensed under the BSD-3 license. See the LICENSE file for details.
Components of this program may be licensed under more restrictive licenses which must be honored.
[INFO ODB-0227] LEF file: /project/cad-team/LX_Semicon/kmcho/EoR/pdk/Nangate45/Nangate45_tech.lef, created 22 layers, 27 vias
[INFO ODB-0227] LEF file: /project/cad-team/LX_Semicon/kmcho/EoR/pdk/Nangate45/Nangate45_stdcell.lef, created 135 library cells
[INFO IFP-0001] Added 158 rows of 1165 site FreePDK45_38x28_10R_NP_162NW_34O.
Default units for flow
 time 1ns
 capacitance 1fF
 resistance 1kohm
 voltage 1v
 current 1mA
 power 1nW
 distance 1um

==========================================================================
floorplan final check_setup
--------------------------------------------------------------------------
Warning: There are 10 input ports missing set_input_delay.
Warning: There are 11 output ports missing set_output_delay.
Warning: There are 11 unconstrained endpoints.

==========================================================================
floorplan final report_tns
--------------------------------------------------------------------------
tns max -9.01

==========================================================================
floorplan final report_wns
--------------------------------------------------------------------------
wns max -0.48

==========================================================================
floorplan final report_worst_slack
--------------------------------------------------------------------------
worst slack max -0.48

==========================================================================
floorplan final report_checks -path_delay min
--------------------------------------------------------------------------
[WARNING STA-0168] unknown field nets.
Startpoint: _214_ (rising edge-triggered flip-flop clocked by clk)
Endpoint: _214_ (rising edge-triggered flip-flop clocked by clk)
Path Group: clk
Path Type: min

Fanout     Cap    Slew   Delay    Time   Description
-----------------------------------------------------------------------------
                  0.00    0.00    0.00   clock clk (rise edge)
                          0.00    0.00   clock network delay (ideal)
                  0.00    0.00    0.00 ^ _214_/CK (DFFR_X1)
     2    1.53    0.01    0.08    0.08 v _214_/Q (DFFR_X1)
                  0.01    0.00    0.08 v _152_/A1 (NAND2_X1)
     1    1.67    0.01    0.01    0.10 ^ _152_/ZN (NAND2_X1)
                  0.01    0.00    0.10 ^ _153_/A (OAI21_X1)
     1    1.05    0.01    0.01    0.11 v _153_/ZN (OAI21_X1)
                  0.01    0.00    0.11 v _214_/D (DFFR_X1)
                                  0.11   data arrival time

                  0.00    0.00    0.00   clock clk (rise edge)
                          0.00    0.00   clock network delay (ideal)
                          0.00    0.00   clock reconvergence pessimism
                                  0.00 ^ _214_/CK (DFFR_X1)
                          0.00    0.00   library hold time
                                  0.00   data required time
-----------------------------------------------------------------------------
                                  0.00   data required time
                                 -0.11   data arrival time
-----------------------------------------------------------------------------
                                  0.11   slack (MET)



==========================================================================
floorplan final report_checks -path_delay max
--------------------------------------------------------------------------
[WARNING STA-0168] unknown field nets.
Startpoint: _223_ (rising edge-triggered flip-flop clocked by clk)
Endpoint: _219_ (rising edge-triggered flip-flop clocked by clk)
Path Group: clk
Path Type: max

Fanout     Cap    Slew   Delay    Time   Description
-----------------------------------------------------------------------------
                  0.00    0.00    0.00   clock clk (rise edge)
                          0.00    0.00   clock network delay (ideal)
                  0.00    0.00    0.00 ^ _223_/CK (DFFR_X1)
     2    5.11    0.02    0.11    0.11 ^ _223_/Q (DFFR_X1)
                  0.02    0.00    0.11 ^ _202_/B (HA_X1)
     1    1.70    0.01    0.03    0.14 ^ _202_/CO (HA_X1)
                  0.01    0.00    0.14 ^ _143_/A (INV_X1)
     1    2.66    0.00    0.01    0.15 v _143_/ZN (INV_X1)
                  0.00    0.00    0.15 v _197_/CI (FA_X1)
     3    5.77    0.02    0.08    0.22 v _197_/CO (FA_X1)
                  0.02    0.00    0.22 v _134_/A (INV_X1)
     1    3.17    0.01    0.02    0.25 ^ _134_/ZN (INV_X1)
                  0.01    0.00    0.25 ^ _135_/C1 (AOI211_X2)
     2    2.94    0.01    0.01    0.26 v _135_/ZN (AOI211_X2)
                  0.01    0.00    0.26 v _137_/B1 (OAI21_X1)
     1    2.76    0.02    0.03    0.29 ^ _137_/ZN (OAI21_X1)
                  0.02    0.00    0.29 ^ _200_/CI (FA_X1)
     2    2.46    0.02    0.10    0.39 v _200_/S (FA_X1)
                  0.02    0.00    0.39 v _162_/A (MUX2_X1)
     1    1.05    0.01    0.06    0.45 v _162_/Z (MUX2_X1)
                  0.01    0.00    0.45 v _219_/D (DFFR_X1)
                                  0.45   data arrival time

                  0.00    0.01    0.01   clock clk (rise edge)
                          0.00    0.01   clock network delay (ideal)
                          0.00    0.01   clock reconvergence pessimism
                                  0.01 ^ _219_/CK (DFFR_X1)
                         -0.04   -0.03   library setup time
                                 -0.03   data required time
-----------------------------------------------------------------------------
                                 -0.03   data required time
                                 -0.45   data arrival time
-----------------------------------------------------------------------------
                                 -0.48   slack (VIOLATED)



==========================================================================
floorplan final report_checks -unconstrained
--------------------------------------------------------------------------
[WARNING STA-0168] unknown field nets.
Startpoint: _223_ (rising edge-triggered flip-flop clocked by clk)
Endpoint: _219_ (rising edge-triggered flip-flop clocked by clk)
Path Group: clk
Path Type: max

Fanout     Cap    Slew   Delay    Time   Description
-----------------------------------------------------------------------------
                  0.00    0.00    0.00   clock clk (rise edge)
                          0.00    0.00   clock network delay (ideal)
                  0.00    0.00    0.00 ^ _223_/CK (DFFR_X1)
     2    5.11    0.02    0.11    0.11 ^ _223_/Q (DFFR_X1)
                  0.02    0.00    0.11 ^ _202_/B (HA_X1)
     1    1.70    0.01    0.03    0.14 ^ _202_/CO (HA_X1)
                  0.01    0.00    0.14 ^ _143_/A (INV_X1)
     1    2.66    0.00    0.01    0.15 v _143_/ZN (INV_X1)
                  0.00    0.00    0.15 v _197_/CI (FA_X1)
     3    5.77    0.02    0.08    0.22 v _197_/CO (FA_X1)
                  0.02    0.00    0.22 v _134_/A (INV_X1)
     1    3.17    0.01    0.02    0.25 ^ _134_/ZN (INV_X1)
                  0.01    0.00    0.25 ^ _135_/C1 (AOI211_X2)
     2    2.94    0.01    0.01    0.26 v _135_/ZN (AOI211_X2)
                  0.01    0.00    0.26 v _137_/B1 (OAI21_X1)
     1    2.76    0.02    0.03    0.29 ^ _137_/ZN (OAI21_X1)
                  0.02    0.00    0.29 ^ _200_/CI (FA_X1)
     2    2.46    0.02    0.10    0.39 v _200_/S (FA_X1)
                  0.02    0.00    0.39 v _162_/A (MUX2_X1)
     1    1.05    0.01    0.06    0.45 v _162_/Z (MUX2_X1)
                  0.01    0.00    0.45 v _219_/D (DFFR_X1)
                                  0.45   data arrival time

                  0.00    0.01    0.01   clock clk (rise edge)
                          0.00    0.01   clock network delay (ideal)
                          0.00    0.01   clock reconvergence pessimism
                                  0.01 ^ _219_/CK (DFFR_X1)
                         -0.04   -0.03   library setup time
                                 -0.03   data required time
-----------------------------------------------------------------------------
                                 -0.03   data required time
                                 -0.45   data arrival time
-----------------------------------------------------------------------------
                                 -0.48   slack (VIOLATED)



==========================================================================
floorplan final report_power
--------------------------------------------------------------------------
Group                  Internal  Switching    Leakage      Total
                          Power      Power      Power      Power (Watts)
----------------------------------------------------------------
Sequential             2.89e-02   3.70e-03   1.96e-06   3.26e-02  57.2%
Combinational          1.54e-02   9.01e-03   2.96e-06   2.44e-02  42.8%
Clock                  0.00e+00   0.00e+00   0.00e+00   0.00e+00   0.0%
Macro                  0.00e+00   0.00e+00   0.00e+00   0.00e+00   0.0%
Pad                    0.00e+00   0.00e+00   0.00e+00   0.00e+00   0.0%
----------------------------------------------------------------
Total                  4.43e-02   1.27e-02   4.93e-06   5.70e-02 100.0%
                          77.7%      22.3%       0.0%

==========================================================================
floorplan final report_design_area
--------------------------------------------------------------------------
Design area 245 u^2 1% utilization.

