OpenROAD v2.0-22532-gac667f3cc7 
Features included (+) or not (-): +GPU +GUI +Python
This program is licensed under the BSD-3 license. See the LICENSE file for details.
Components of this program may be licensed under more restrictive licenses which must be honored.
[INFO ODB-0227] LEF file: /project/cad-team/LX_Semicon/kmcho/EoR/pdk/Nangate45/Nangate45_tech.lef, created 22 layers, 27 vias
[INFO ODB-0227] LEF file: /project/cad-team/LX_Semicon/kmcho/EoR/pdk/Nangate45/Nangate45_stdcell.lef, created 135 library cells
[INFO IFP-0001] Added 65 rows of 479 site FreePDK45_38x28_10R_NP_162NW_34O.
Default units for flow
 time 1ns
 capacitance 1fF
 resistance 1kohm
 voltage 1v
 current 1mA
 power 1nW
 distance 1um

==========================================================================
floorplan final check_setup
--------------------------------------------------------------------------
Warning: There is 1 input port missing set_input_delay.
Warning: There are 4 output ports missing set_output_delay.
Warning: There are 4 unconstrained endpoints.

==========================================================================
floorplan final report_tns
--------------------------------------------------------------------------
tns max -1.14

==========================================================================
floorplan final report_wns
--------------------------------------------------------------------------
wns max -0.32

==========================================================================
floorplan final report_worst_slack
--------------------------------------------------------------------------
worst slack max -0.32

==========================================================================
floorplan final report_checks -path_delay min
--------------------------------------------------------------------------
[WARNING STA-0168] unknown field nets.
Startpoint: _33_ (rising edge-triggered flip-flop clocked by clk)
Endpoint: _33_ (rising edge-triggered flip-flop clocked by clk)
Path Group: clk
Path Type: min

Fanout     Cap    Slew   Delay    Time   Description
-----------------------------------------------------------------------------
                  0.00    0.00    0.00   clock clk (rise edge)
                          0.00    0.00   clock network delay (ideal)
                  0.00    0.00    0.00 ^ _33_/CK (DFF_X1)
     2    4.89    0.02    0.07    0.07 ^ _33_/QN (DFF_X1)
                  0.02    0.00    0.07 ^ _20_/A (INV_X1)
     1    1.53    0.01    0.01    0.08 v _20_/ZN (INV_X1)
                  0.01    0.00    0.08 v _23_/A1 (NAND2_X1)
     1    1.14    0.01    0.01    0.09 ^ _23_/ZN (NAND2_X1)
                  0.01    0.00    0.09 ^ _33_/D (DFF_X1)
                                  0.09   data arrival time

                  0.00    0.00    0.00   clock clk (rise edge)
                          0.00    0.00   clock network delay (ideal)
                          0.00    0.00   clock reconvergence pessimism
                                  0.00 ^ _33_/CK (DFF_X1)
                          0.01    0.01   library hold time
                                  0.01   data required time
-----------------------------------------------------------------------------
                                  0.01   data required time
                                 -0.09   data arrival time
-----------------------------------------------------------------------------
                                  0.09   slack (MET)



==========================================================================
floorplan final report_checks -path_delay max
--------------------------------------------------------------------------
[WARNING STA-0168] unknown field nets.
Startpoint: _34_ (rising edge-triggered flip-flop clocked by clk)
Endpoint: _36_ (rising edge-triggered flip-flop clocked by clk)
Path Group: clk
Path Type: max

Fanout     Cap    Slew   Delay    Time   Description
-----------------------------------------------------------------------------
                  0.00    0.00    0.00   clock clk (rise edge)
                          0.00    0.00   clock network delay (ideal)
                  0.00    0.00    0.00 ^ _34_/CK (DFF_X1)
     4    9.31    0.01    0.09    0.09 v _34_/Q (DFF_X1)
                  0.01    0.00    0.09 v _30_/B (HA_X1)
     1    3.26    0.01    0.04    0.13 v _30_/CO (HA_X1)
                  0.01    0.00    0.13 v _21_/A3 (OR3_X4)
     3    6.11    0.01    0.07    0.20 v _21_/ZN (OR3_X4)
                  0.01    0.00    0.20 v _27_/A3 (OR3_X4)
     1    5.61    0.01    0.07    0.27 v _27_/ZN (OR3_X4)
                  0.01    0.00    0.27 v _29_/B1 (AOI21_X4)
     1    1.14    0.01    0.02    0.29 ^ _29_/ZN (AOI21_X4)
                  0.01    0.00    0.29 ^ _36_/D (DFF_X1)
                                  0.29   data arrival time

                  0.00    0.01    0.01   clock clk (rise edge)
                          0.00    0.01   clock network delay (ideal)
                          0.00    0.01   clock reconvergence pessimism
                                  0.01 ^ _36_/CK (DFF_X1)
                         -0.03   -0.02   library setup time
                                 -0.02   data required time
-----------------------------------------------------------------------------
                                 -0.02   data required time
                                 -0.29   data arrival time
-----------------------------------------------------------------------------
                                 -0.32   slack (VIOLATED)



==========================================================================
floorplan final report_checks -unconstrained
--------------------------------------------------------------------------
[WARNING STA-0168] unknown field nets.
Startpoint: _34_ (rising edge-triggered flip-flop clocked by clk)
Endpoint: _36_ (rising edge-triggered flip-flop clocked by clk)
Path Group: clk
Path Type: max

Fanout     Cap    Slew   Delay    Time   Description
-----------------------------------------------------------------------------
                  0.00    0.00    0.00   clock clk (rise edge)
                          0.00    0.00   clock network delay (ideal)
                  0.00    0.00    0.00 ^ _34_/CK (DFF_X1)
     4    9.31    0.01    0.09    0.09 v _34_/Q (DFF_X1)
                  0.01    0.00    0.09 v _30_/B (HA_X1)
     1    3.26    0.01    0.04    0.13 v _30_/CO (HA_X1)
                  0.01    0.00    0.13 v _21_/A3 (OR3_X4)
     3    6.11    0.01    0.07    0.20 v _21_/ZN (OR3_X4)
                  0.01    0.00    0.20 v _27_/A3 (OR3_X4)
     1    5.61    0.01    0.07    0.27 v _27_/ZN (OR3_X4)
                  0.01    0.00    0.27 v _29_/B1 (AOI21_X4)
     1    1.14    0.01    0.02    0.29 ^ _29_/ZN (AOI21_X4)
                  0.01    0.00    0.29 ^ _36_/D (DFF_X1)
                                  0.29   data arrival time

                  0.00    0.01    0.01   clock clk (rise edge)
                          0.00    0.01   clock network delay (ideal)
                          0.00    0.01   clock reconvergence pessimism
                                  0.01 ^ _36_/CK (DFF_X1)
                         -0.03   -0.02   library setup time
                                 -0.02   data required time
-----------------------------------------------------------------------------
                                 -0.02   data required time
                                 -0.29   data arrival time
-----------------------------------------------------------------------------
                                 -0.32   slack (VIOLATED)



==========================================================================
floorplan final report_power
--------------------------------------------------------------------------
Group                  Internal  Switching    Leakage      Total
                          Power      Power      Power      Power (Watts)
----------------------------------------------------------------
Sequential             2.84e-03   4.01e-04   3.12e-07   3.24e-03  62.1%
Combinational          1.41e-03   5.58e-04   6.37e-07   1.97e-03  37.9%
Clock                  0.00e+00   0.00e+00   0.00e+00   0.00e+00   0.0%
Macro                  0.00e+00   0.00e+00   0.00e+00   0.00e+00   0.0%
Pad                    0.00e+00   0.00e+00   0.00e+00   0.00e+00   0.0%
----------------------------------------------------------------
Total                  4.25e-03   9.58e-04   9.50e-07   5.21e-03 100.0%
                          81.6%      18.4%       0.0%

==========================================================================
floorplan final report_design_area
--------------------------------------------------------------------------
Design area 41 u^2 1% utilization.

