OpenROAD v2.0-22532-gac667f3cc7 
Features included (+) or not (-): +GPU +GUI +Python
This program is licensed under the BSD-3 license. See the LICENSE file for details.
Components of this program may be licensed under more restrictive licenses which must be honored.
[INFO ODB-0227] LEF file: /project/cad-team/LX_Semicon/kmcho/EoR/pdk/Nangate45/Nangate45_tech.lef, created 22 layers, 27 vias
[INFO ODB-0227] LEF file: /project/cad-team/LX_Semicon/kmcho/EoR/pdk/Nangate45/Nangate45_stdcell.lef, created 135 library cells
[WARNING STA-0366] port 'f_clk' not found.
[INFO IFP-0001] Added 145 rows of 1074 site FreePDK45_38x28_10R_NP_162NW_34O.
Default units for flow
 time 1ns
 capacitance 1fF
 resistance 1kohm
 voltage 1v
 current 1mA
 power 1nW
 distance 1um

==========================================================================
floorplan final check_setup
--------------------------------------------------------------------------
Warning: There are 32 input ports missing set_input_delay.
Warning: There are 8 output ports missing set_output_delay.
Warning: There are 8 unconstrained endpoints.

==========================================================================
floorplan final report_tns
--------------------------------------------------------------------------
tns max 0.00

==========================================================================
floorplan final report_wns
--------------------------------------------------------------------------
wns max 0.00

==========================================================================
floorplan final report_worst_slack
--------------------------------------------------------------------------
worst slack max INF

==========================================================================
floorplan final report_checks -path_delay min
--------------------------------------------------------------------------
[WARNING STA-0168] unknown field nets.
No paths found.

==========================================================================
floorplan final report_checks -path_delay max
--------------------------------------------------------------------------
[WARNING STA-0168] unknown field nets.
No paths found.

==========================================================================
floorplan final report_checks -unconstrained
--------------------------------------------------------------------------
[WARNING STA-0168] unknown field nets.
Startpoint: d[3] (input port)
Endpoint: min[1] (output port)
Path Group: unconstrained
Path Type: max

Fanout     Cap    Slew   Delay    Time   Description
-----------------------------------------------------------------------------
                          0.00    0.00 v input external delay
     1    1.55    0.00    0.00    0.00 v d[3] (in)
                  0.00    0.00    0.00 v _222_/A (INV_X1)
     2    5.07    0.01    0.02    0.02 ^ _222_/ZN (INV_X1)
                  0.01    0.00    0.02 ^ _313_/B (HA_X1)
     4    5.74    0.04    0.07    0.08 ^ _313_/S (HA_X1)
                  0.04    0.00    0.08 ^ _207_/A1 (AND3_X1)
     1    1.67    0.01    0.05    0.14 ^ _207_/ZN (AND3_X1)
                  0.01    0.00    0.14 ^ _209_/A (OAI21_X1)
     1    2.82    0.01    0.02    0.16 v _209_/ZN (OAI21_X1)
                  0.01    0.00    0.16 v _210_/C2 (AOI211_X2)
     3    9.35    0.06    0.07    0.23 ^ _210_/ZN (AOI211_X2)
                  0.06    0.00    0.23 ^ _211_/A2 (NOR2_X1)
     5    7.08    0.02    0.03    0.25 v _211_/ZN (NOR2_X1)
                  0.02    0.00    0.25 v _212_/A (BUF_X2)
    10   14.25    0.01    0.04    0.29 v _212_/Z (BUF_X2)
                  0.01    0.00    0.29 v _299_/B1 (AOI21_X1)
     1    3.19    0.03    0.03    0.33 ^ _299_/ZN (AOI21_X1)
                  0.03    0.00    0.33 ^ _316_/A (HA_X1)
     3    8.90    0.06    0.09    0.42 ^ _316_/S (HA_X1)
                  0.06    0.00    0.42 ^ _237_/A1 (NAND4_X4)
     2    4.52    0.02    0.03    0.45 v _237_/ZN (NAND4_X4)
                  0.02    0.00    0.45 v _248_/A (AOI211_X2)
     1    3.35    0.04    0.07    0.52 ^ _248_/ZN (AOI211_X2)
                  0.04    0.00    0.52 ^ _249_/A2 (NOR2_X2)
    10   18.74    0.02    0.03    0.55 v _249_/ZN (NOR2_X2)
                  0.02    0.00    0.55 v _250_/B (AOI211_X1)
     1    1.78    0.04    0.07    0.62 ^ _250_/ZN (AOI211_X1)
                  0.04    0.00    0.62 ^ _251_/A (BUF_X2)
     8   12.80    0.02    0.04    0.66 ^ _251_/Z (BUF_X2)
                  0.02    0.00    0.66 ^ _257_/A3 (NOR4_X1)
     1    1.43    0.02    0.01    0.67 v _257_/ZN (NOR4_X1)
                  0.02    0.00    0.67 v _262_/A2 (AOI22_X1)
     1    0.00    0.02    0.03    0.70 ^ _262_/ZN (AOI22_X1)
                  0.02    0.00    0.70 ^ min[1] (out)
                                  0.70   data arrival time
-----------------------------------------------------------------------------
(Path is unconstrained)



==========================================================================
floorplan final report_power
--------------------------------------------------------------------------
Group                  Internal  Switching    Leakage      Total
                          Power      Power      Power      Power (Watts)
----------------------------------------------------------------
Sequential             0.00e+00   0.00e+00   0.00e+00   0.00e+00   0.0%
Combinational          9.76e-03   7.92e-03   5.15e-06   1.77e-02 100.0%
Clock                  0.00e+00   0.00e+00   0.00e+00   0.00e+00   0.0%
Macro                  0.00e+00   0.00e+00   0.00e+00   0.00e+00   0.0%
Pad                    0.00e+00   0.00e+00   0.00e+00   0.00e+00   0.0%
----------------------------------------------------------------
Total                  9.76e-03   7.92e-03   5.15e-06   1.77e-02 100.0%
                          55.2%      44.8%       0.0%

==========================================================================
floorplan final report_design_area
--------------------------------------------------------------------------
Design area 208 u^2 1% utilization.

