OpenROAD v2.0-22532-gac667f3cc7 
Features included (+) or not (-): +GPU +GUI +Python
This program is licensed under the BSD-3 license. See the LICENSE file for details.
Components of this program may be licensed under more restrictive licenses which must be honored.
[INFO ODB-0227] LEF file: /project/cad-team/LX_Semicon/kmcho/EoR/pdk/Nangate45/Nangate45_tech.lef, created 22 layers, 27 vias
[INFO ODB-0227] LEF file: /project/cad-team/LX_Semicon/kmcho/EoR/pdk/Nangate45/Nangate45_stdcell.lef, created 135 library cells
[WARNING STA-0366] port 'f_clk' not found.
[INFO IFP-0001] Added 138 rows of 1023 site FreePDK45_38x28_10R_NP_162NW_34O.
Default units for flow
 time 1ns
 capacitance 1fF
 resistance 1kohm
 voltage 1v
 current 1mA
 power 1nW
 distance 1um

==========================================================================
floorplan final check_setup
--------------------------------------------------------------------------
Warning: There are 32 input ports missing set_input_delay.
Warning: There are 8 output ports missing set_output_delay.
Warning: There are 8 unconstrained endpoints.

==========================================================================
floorplan final report_tns
--------------------------------------------------------------------------
tns max 0.00

==========================================================================
floorplan final report_wns
--------------------------------------------------------------------------
wns max 0.00

==========================================================================
floorplan final report_worst_slack
--------------------------------------------------------------------------
worst slack max INF

==========================================================================
floorplan final report_checks -path_delay min
--------------------------------------------------------------------------
[WARNING STA-0168] unknown field nets.
No paths found.

==========================================================================
floorplan final report_checks -path_delay max
--------------------------------------------------------------------------
[WARNING STA-0168] unknown field nets.
No paths found.

==========================================================================
floorplan final report_checks -unconstrained
--------------------------------------------------------------------------
[WARNING STA-0168] unknown field nets.
Startpoint: b[3] (input port)
Endpoint: min[1] (output port)
Path Group: unconstrained
Path Type: max

Fanout     Cap    Slew   Delay    Time   Description
-----------------------------------------------------------------------------
                          0.00    0.00 ^ input external delay
     2    2.65    0.00    0.00    0.00 ^ b[3] (in)
                  0.00    0.00    0.00 ^ _142_/A (INV_X1)
     1    3.34    0.00    0.01    0.01 v _142_/ZN (INV_X1)
                  0.00    0.00    0.01 v _246_/B (HA_X1)
     4    5.40    0.02    0.06    0.07 v _246_/S (HA_X1)
                  0.02    0.00    0.07 v _185_/B2 (AOI21_X1)
     2    2.64    0.03    0.04    0.10 ^ _185_/ZN (AOI21_X1)
                  0.03    0.00    0.10 ^ _186_/A2 (AND2_X1)
     1    3.45    0.01    0.04    0.15 ^ _186_/ZN (AND2_X1)
                  0.01    0.00    0.15 ^ _187_/C2 (AOI211_X2)
     2    5.40    0.01    0.02    0.16 v _187_/ZN (AOI211_X2)
                  0.01    0.00    0.16 v _191_/A1 (NOR2_X2)
     9   18.81    0.05    0.06    0.23 ^ _191_/ZN (NOR2_X2)
                  0.05    0.00    0.23 ^ _220_/S (MUX2_X1)
     2    4.82    0.01    0.07    0.30 v _220_/Z (MUX2_X1)
                  0.01    0.00    0.30 v _253_/B (HA_X1)
     2    4.33    0.01    0.06    0.36 v _253_/S (HA_X1)
                  0.01    0.00    0.36 v _171_/C2 (AOI211_X2)
     1    3.43    0.04    0.05    0.41 ^ _171_/ZN (AOI211_X2)
                  0.04    0.00    0.41 ^ _174_/B (AOI211_X2)
     2    2.37    0.01    0.02    0.43 v _174_/ZN (AOI211_X2)
                  0.01    0.00    0.43 v _193_/A2 (OR2_X1)
     2    7.32    0.02    0.06    0.49 v _193_/ZN (OR2_X1)
                  0.02    0.00    0.49 v _208_/A (AOI21_X4)
     8   25.08    0.04    0.07    0.56 ^ _208_/ZN (AOI21_X4)
                  0.04    0.00    0.56 ^ _227_/S (MUX2_X2)
     2    4.90    0.01    0.08    0.64 v _227_/Z (MUX2_X2)
                  0.01    0.00    0.64 v _258_/B (HA_X1)
     2    2.33    0.01    0.06    0.70 v _258_/S (HA_X1)
                  0.01    0.00    0.70 v _153_/A3 (AND4_X1)
     2    4.48    0.01    0.04    0.74 v _153_/ZN (AND4_X1)
                  0.01    0.00    0.74 v _158_/B2 (AOI221_X2)
     3    4.87    0.05    0.08    0.82 ^ _158_/ZN (AOI221_X2)
                  0.05    0.00    0.82 ^ _210_/A1 (NAND2_X1)
     2    4.61    0.02    0.03    0.85 v _210_/ZN (NAND2_X1)
                  0.02    0.00    0.85 v _214_/B (AOI211_X2)
     1    6.40    0.05    0.08    0.93 ^ _214_/ZN (AOI211_X2)
                  0.05    0.00    0.93 ^ _215_/B1 (AOI21_X4)
     7   17.66    0.02    0.03    0.96 v _215_/ZN (AOI21_X4)
                  0.02    0.00    0.96 v _216_/S (MUX2_X2)
     1    0.00    0.01    0.06    1.02 ^ _216_/Z (MUX2_X2)
                  0.01    0.00    1.02 ^ min[1] (out)
                                  1.02   data arrival time
-----------------------------------------------------------------------------
(Path is unconstrained)



==========================================================================
floorplan final report_power
--------------------------------------------------------------------------
Group                  Internal  Switching    Leakage      Total
                          Power      Power      Power      Power (Watts)
----------------------------------------------------------------
Sequential             0.00e+00   0.00e+00   0.00e+00   0.00e+00   0.0%
Combinational          1.28e-02   8.05e-03   4.68e-06   2.08e-02 100.0%
Clock                  0.00e+00   0.00e+00   0.00e+00   0.00e+00   0.0%
Macro                  0.00e+00   0.00e+00   0.00e+00   0.00e+00   0.0%
Pad                    0.00e+00   0.00e+00   0.00e+00   0.00e+00   0.0%
----------------------------------------------------------------
Total                  1.28e-02   8.05e-03   4.68e-06   2.08e-02 100.0%
                          61.3%      38.7%       0.0%

==========================================================================
floorplan final report_design_area
--------------------------------------------------------------------------
Design area 189 u^2 1% utilization.

