OpenROAD v2.0-22532-gac667f3cc7 
Features included (+) or not (-): +GPU +GUI +Python
This program is licensed under the BSD-3 license. See the LICENSE file for details.
Components of this program may be licensed under more restrictive licenses which must be honored.
[INFO ODB-0227] LEF file: /project/cad-team/LX_Semicon/kmcho/EoR/pdk/Nangate45/Nangate45_tech.lef, created 22 layers, 27 vias
[INFO ODB-0227] LEF file: /project/cad-team/LX_Semicon/kmcho/EoR/pdk/Nangate45/Nangate45_stdcell.lef, created 135 library cells
[INFO IFP-0001] Added 733 rows of 5408 site FreePDK45_38x28_10R_NP_162NW_34O.
Default units for flow
 time 1ns
 capacitance 1fF
 resistance 1kohm
 voltage 1v
 current 1mA
 power 1nW
 distance 1um

==========================================================================
floorplan final check_setup
--------------------------------------------------------------------------
Warning: There are 513 input ports missing set_input_delay.
Warning: There are 512 output ports missing set_output_delay.
Warning: There are 512 unconstrained endpoints.

==========================================================================
floorplan final report_tns
--------------------------------------------------------------------------
tns max -148.58

==========================================================================
floorplan final report_wns
--------------------------------------------------------------------------
wns max -0.29

==========================================================================
floorplan final report_worst_slack
--------------------------------------------------------------------------
worst slack max -0.29

==========================================================================
floorplan final report_checks -path_delay min
--------------------------------------------------------------------------
[WARNING STA-0168] unknown field nets.
Startpoint: _3694_ (rising edge-triggered flip-flop clocked by clk)
Endpoint: _3694_ (rising edge-triggered flip-flop clocked by clk)
Path Group: clk
Path Type: min

Fanout     Cap    Slew   Delay    Time   Description
-----------------------------------------------------------------------------
                  0.00    0.00    0.00   clock clk (rise edge)
                          0.00    0.00   clock network delay (ideal)
                  0.00    0.00    0.00 ^ _3694_/CK (DFF_X1)
     3    1.89    0.01    0.09    0.09 ^ _3694_/Q (DFF_X1)
                  0.01    0.00    0.09 ^ _2106_/A (MUX2_X1)
     1    1.14    0.01    0.03    0.12 ^ _2106_/Z (MUX2_X1)
                  0.01    0.00    0.12 ^ _3694_/D (DFF_X1)
                                  0.12   data arrival time

                  0.00    0.00    0.00   clock clk (rise edge)
                          0.00    0.00   clock network delay (ideal)
                          0.00    0.00   clock reconvergence pessimism
                                  0.00 ^ _3694_/CK (DFF_X1)
                          0.01    0.01   library hold time
                                  0.01   data required time
-----------------------------------------------------------------------------
                                  0.01   data required time
                                 -0.12   data arrival time
-----------------------------------------------------------------------------
                                  0.11   slack (MET)



==========================================================================
floorplan final report_checks -path_delay max
--------------------------------------------------------------------------
[WARNING STA-0168] unknown field nets.
Startpoint: _4204_ (rising edge-triggered flip-flop clocked by clk)
Endpoint: _4203_ (rising edge-triggered flip-flop clocked by clk)
Path Group: clk
Path Type: max

Fanout     Cap    Slew   Delay    Time   Description
-----------------------------------------------------------------------------
                  0.00    0.00    0.00   clock clk (rise edge)
                          0.00    0.00   clock network delay (ideal)
                  0.00    0.00    0.00 ^ _4204_/CK (DFF_X1)
     4    5.50    0.02    0.09    0.09 ^ _4204_/Q (DFF_X1)
                  0.02    0.00    0.09 ^ _3685_/S (MUX2_X1)
     1    0.90    0.01    0.06    0.15 v _3685_/Z (MUX2_X1)
                  0.01    0.00    0.15 v _3686_/B (MUX2_X1)
     1    0.91    0.01    0.06    0.21 v _3686_/Z (MUX2_X1)
                  0.01    0.00    0.21 v _3687_/A (MUX2_X1)
     1    1.06    0.01    0.06    0.26 v _3687_/Z (MUX2_X1)
                  0.01    0.00    0.26 v _4203_/D (DFF_X1)
                                  0.26   data arrival time

                  0.00    0.01    0.01   clock clk (rise edge)
                          0.00    0.01   clock network delay (ideal)
                          0.00    0.01   clock reconvergence pessimism
                                  0.01 ^ _4203_/CK (DFF_X1)
                         -0.04   -0.03   library setup time
                                 -0.03   data required time
-----------------------------------------------------------------------------
                                 -0.03   data required time
                                 -0.26   data arrival time
-----------------------------------------------------------------------------
                                 -0.29   slack (VIOLATED)



==========================================================================
floorplan final report_checks -unconstrained
--------------------------------------------------------------------------
[WARNING STA-0168] unknown field nets.
Startpoint: _4204_ (rising edge-triggered flip-flop clocked by clk)
Endpoint: _4203_ (rising edge-triggered flip-flop clocked by clk)
Path Group: clk
Path Type: max

Fanout     Cap    Slew   Delay    Time   Description
-----------------------------------------------------------------------------
                  0.00    0.00    0.00   clock clk (rise edge)
                          0.00    0.00   clock network delay (ideal)
                  0.00    0.00    0.00 ^ _4204_/CK (DFF_X1)
     4    5.50    0.02    0.09    0.09 ^ _4204_/Q (DFF_X1)
                  0.02    0.00    0.09 ^ _3685_/S (MUX2_X1)
     1    0.90    0.01    0.06    0.15 v _3685_/Z (MUX2_X1)
                  0.01    0.00    0.15 v _3686_/B (MUX2_X1)
     1    0.91    0.01    0.06    0.21 v _3686_/Z (MUX2_X1)
                  0.01    0.00    0.21 v _3687_/A (MUX2_X1)
     1    1.06    0.01    0.06    0.26 v _3687_/Z (MUX2_X1)
                  0.01    0.00    0.26 v _4203_/D (DFF_X1)
                                  0.26   data arrival time

                  0.00    0.01    0.01   clock clk (rise edge)
                          0.00    0.01   clock network delay (ideal)
                          0.00    0.01   clock reconvergence pessimism
                                  0.01 ^ _4203_/CK (DFF_X1)
                         -0.04   -0.03   library setup time
                                 -0.03   data required time
-----------------------------------------------------------------------------
                                 -0.03   data required time
                                 -0.26   data arrival time
-----------------------------------------------------------------------------
                                 -0.29   slack (VIOLATED)



==========================================================================
floorplan final report_power
--------------------------------------------------------------------------
Group                  Internal  Switching    Leakage      Total
                          Power      Power      Power      Power (Watts)
----------------------------------------------------------------
Sequential             5.26e-01   1.46e-01   4.05e-05   6.72e-01  54.0%
Combinational          4.73e-01   9.87e-02   6.02e-05   5.72e-01  46.0%
Clock                  0.00e+00   0.00e+00   0.00e+00   0.00e+00   0.0%
Macro                  0.00e+00   0.00e+00   0.00e+00   0.00e+00   0.0%
Pad                    0.00e+00   0.00e+00   0.00e+00   0.00e+00   0.0%
----------------------------------------------------------------
Total                  9.99e-01   2.45e-01   1.01e-04   1.24e+00 100.0%
                          80.3%      19.7%       0.0%

==========================================================================
floorplan final report_design_area
--------------------------------------------------------------------------
Design area 5280 u^2 1% utilization.

