OpenROAD v2.0-22532-gac667f3cc7 
Features included (+) or not (-): +GPU +GUI +Python
This program is licensed under the BSD-3 license. See the LICENSE file for details.
Components of this program may be licensed under more restrictive licenses which must be honored.
[INFO ODB-0227] LEF file: /project/cad-team/LX_Semicon/kmcho/EoR/pdk/Nangate45/Nangate45_tech.lef, created 22 layers, 27 vias
[INFO ODB-0227] LEF file: /project/cad-team/LX_Semicon/kmcho/EoR/pdk/Nangate45/Nangate45_stdcell.lef, created 135 library cells
[INFO IFP-0001] Added 142 rows of 1049 site FreePDK45_38x28_10R_NP_162NW_34O.
Default units for flow
 time 1ns
 capacitance 1fF
 resistance 1kohm
 voltage 1v
 current 1mA
 power 1nW
 distance 1um

==========================================================================
floorplan final check_setup
--------------------------------------------------------------------------
Warning: There are 3 input ports missing set_input_delay.
Warning: There are 11 output ports missing set_output_delay.
Warning: There are 15 unclocked register/latch pins.
Warning: There are 25 unconstrained endpoints.

==========================================================================
floorplan final report_tns
--------------------------------------------------------------------------
tns max 0.00

==========================================================================
floorplan final report_wns
--------------------------------------------------------------------------
wns max 0.00

==========================================================================
floorplan final report_worst_slack
--------------------------------------------------------------------------
worst slack max INF

==========================================================================
floorplan final report_checks -path_delay min
--------------------------------------------------------------------------
[WARNING STA-0168] unknown field nets.
No paths found.

==========================================================================
floorplan final report_checks -path_delay max
--------------------------------------------------------------------------
[WARNING STA-0168] unknown field nets.
No paths found.

==========================================================================
floorplan final report_checks -unconstrained
--------------------------------------------------------------------------
[WARNING STA-0168] unknown field nets.
Startpoint: _205_ (rising edge-triggered flip-flop)
Endpoint: _204_ (rising edge-triggered flip-flop)
Path Group: unconstrained
Path Type: max

Fanout     Cap    Slew   Delay    Time   Description
-----------------------------------------------------------------------------
                  0.00    0.00    0.00 ^ _205_/CK (DFFS_X1)
     2    3.40    0.01    0.09    0.09 ^ _205_/Q (DFFS_X1)
                  0.01    0.00    0.09 ^ _107_/A (BUF_X4)
     7   12.19    0.01    0.03    0.12 ^ _107_/Z (BUF_X4)
                  0.01    0.00    0.12 ^ _112_/A (INV_X2)
     1    2.99    0.00    0.01    0.12 v _112_/ZN (INV_X2)
                  0.00    0.00    0.12 v _114_/A (AOI211_X2)
     2    7.78    0.05    0.08    0.21 ^ _114_/ZN (AOI211_X2)
                  0.05    0.00    0.21 ^ _117_/C1 (OAI211_X4)
     9   15.00    0.02    0.04    0.24 v _117_/ZN (OAI211_X4)
                  0.02    0.00    0.24 v _159_/A3 (OR4_X4)
     1    5.50    0.02    0.11    0.35 v _159_/ZN (OR4_X4)
                  0.02    0.00    0.35 v _160_/A4 (NAND4_X4)
     1    1.13    0.01    0.02    0.38 ^ _160_/ZN (NAND4_X4)
                  0.01    0.00    0.38 ^ _204_/D (DFFR_X1)
                                  0.38   data arrival time
-----------------------------------------------------------------------------
(Path is unconstrained)



==========================================================================
floorplan final report_power
--------------------------------------------------------------------------
Group                  Internal  Switching    Leakage      Total
                          Power      Power      Power      Power (Watts)
----------------------------------------------------------------
Sequential             6.44e-03   3.16e-03   1.27e-06   9.60e-03  33.9%
Combinational          1.08e-02   7.93e-03   3.09e-06   1.88e-02  66.1%
Clock                  0.00e+00   0.00e+00   0.00e+00   0.00e+00   0.0%
Macro                  0.00e+00   0.00e+00   0.00e+00   0.00e+00   0.0%
Pad                    0.00e+00   0.00e+00   0.00e+00   0.00e+00   0.0%
----------------------------------------------------------------
Total                  1.73e-02   1.11e-02   4.36e-06   2.84e-02 100.0%
                          60.9%      39.1%       0.0%

==========================================================================
floorplan final report_design_area
--------------------------------------------------------------------------
Design area 199 u^2 1% utilization.

