OpenROAD v2.0-22532-gac667f3cc7 
Features included (+) or not (-): +GPU +GUI +Python
This program is licensed under the BSD-3 license. See the LICENSE file for details.
Components of this program may be licensed under more restrictive licenses which must be honored.
[INFO ODB-0227] LEF file: /project/cad-team/LX_Semicon/kmcho/EoR/pdk/Nangate45/Nangate45_tech.lef, created 22 layers, 27 vias
[INFO ODB-0227] LEF file: /project/cad-team/LX_Semicon/kmcho/EoR/pdk/Nangate45/Nangate45_stdcell.lef, created 135 library cells
[INFO IFP-0001] Added 918 rows of 6768 site FreePDK45_38x28_10R_NP_162NW_34O.
Default units for flow
 time 1ns
 capacitance 1fF
 resistance 1kohm
 voltage 1v
 current 1mA
 power 1nW
 distance 1um

==========================================================================
floorplan final check_setup
--------------------------------------------------------------------------
Warning: There are 513 input ports missing set_input_delay.
Warning: There are 512 output ports missing set_output_delay.
Warning: There are 512 unconstrained endpoints.

==========================================================================
floorplan final report_tns
--------------------------------------------------------------------------
tns max -230.63

==========================================================================
floorplan final report_wns
--------------------------------------------------------------------------
wns max -0.29

==========================================================================
floorplan final report_worst_slack
--------------------------------------------------------------------------
worst slack max -0.29

==========================================================================
floorplan final report_checks -path_delay min
--------------------------------------------------------------------------
[WARNING STA-0168] unknown field nets.
Startpoint: _7776_ (rising edge-triggered flip-flop clocked by clk)
Endpoint: _7776_ (rising edge-triggered flip-flop clocked by clk)
Path Group: clk
Path Type: min

Fanout     Cap    Slew   Delay    Time   Description
-----------------------------------------------------------------------------
                  0.00    0.00    0.00   clock clk (rise edge)
                          0.00    0.00   clock network delay (ideal)
                  0.00    0.00    0.00 ^ _7776_/CK (DFF_X1)
     2    0.95    0.01    0.08    0.08 ^ _7776_/Q (DFF_X1)
                  0.01    0.00    0.08 ^ _5347_/A (MUX2_X1)
     2    2.84    0.01    0.04    0.12 ^ _5347_/Z (MUX2_X1)
                  0.01    0.00    0.12 ^ _7776_/D (DFF_X1)
                                  0.12   data arrival time

                  0.00    0.00    0.00   clock clk (rise edge)
                          0.00    0.00   clock network delay (ideal)
                          0.00    0.00   clock reconvergence pessimism
                                  0.00 ^ _7776_/CK (DFF_X1)
                          0.01    0.01   library hold time
                                  0.01   data required time
-----------------------------------------------------------------------------
                                  0.01   data required time
                                 -0.12   data arrival time
-----------------------------------------------------------------------------
                                  0.12   slack (MET)



==========================================================================
floorplan final report_checks -path_delay max
--------------------------------------------------------------------------
[WARNING STA-0168] unknown field nets.
Startpoint: _7267_ (rising edge-triggered flip-flop clocked by clk)
Endpoint: _7266_ (rising edge-triggered flip-flop clocked by clk)
Path Group: clk
Path Type: max

Fanout     Cap    Slew   Delay    Time   Description
-----------------------------------------------------------------------------
                  0.00    0.00    0.00   clock clk (rise edge)
                          0.00    0.00   clock network delay (ideal)
                  0.00    0.00    0.00 ^ _7267_/CK (DFF_X1)
     1    0.91    0.01    0.08    0.08 v _7267_/Q (DFF_X1)
                  0.01    0.00    0.08 v _4657_/A (MUX2_X1)
     4    5.57    0.01    0.07    0.14 v _4657_/Z (MUX2_X1)
                  0.01    0.00    0.14 v _6271_/A (INV_X1)
     2    6.63    0.02    0.03    0.17 ^ _6271_/ZN (INV_X1)
                  0.02    0.00    0.17 ^ _6756_/A (HA_X1)
     1    1.70    0.01    0.03    0.20 ^ _6756_/CO (HA_X1)
                  0.01    0.00    0.20 ^ _4662_/A (INV_X1)
     1    0.91    0.00    0.01    0.21 v _4662_/ZN (INV_X1)
                  0.00    0.00    0.21 v _4663_/A (MUX2_X1)
     1    1.06    0.01    0.05    0.26 v _4663_/Z (MUX2_X1)
                  0.01    0.00    0.26 v _7266_/D (DFF_X1)
                                  0.26   data arrival time

                  0.00    0.01    0.01   clock clk (rise edge)
                          0.00    0.01   clock network delay (ideal)
                          0.00    0.01   clock reconvergence pessimism
                                  0.01 ^ _7266_/CK (DFF_X1)
                         -0.04   -0.03   library setup time
                                 -0.03   data required time
-----------------------------------------------------------------------------
                                 -0.03   data required time
                                 -0.26   data arrival time
-----------------------------------------------------------------------------
                                 -0.29   slack (VIOLATED)



==========================================================================
floorplan final report_checks -unconstrained
--------------------------------------------------------------------------
[WARNING STA-0168] unknown field nets.
Startpoint: _7267_ (rising edge-triggered flip-flop clocked by clk)
Endpoint: _7266_ (rising edge-triggered flip-flop clocked by clk)
Path Group: clk
Path Type: max

Fanout     Cap    Slew   Delay    Time   Description
-----------------------------------------------------------------------------
                  0.00    0.00    0.00   clock clk (rise edge)
                          0.00    0.00   clock network delay (ideal)
                  0.00    0.00    0.00 ^ _7267_/CK (DFF_X1)
     1    0.91    0.01    0.08    0.08 v _7267_/Q (DFF_X1)
                  0.01    0.00    0.08 v _4657_/A (MUX2_X1)
     4    5.57    0.01    0.07    0.14 v _4657_/Z (MUX2_X1)
                  0.01    0.00    0.14 v _6271_/A (INV_X1)
     2    6.63    0.02    0.03    0.17 ^ _6271_/ZN (INV_X1)
                  0.02    0.00    0.17 ^ _6756_/A (HA_X1)
     1    1.70    0.01    0.03    0.20 ^ _6756_/CO (HA_X1)
                  0.01    0.00    0.20 ^ _4662_/A (INV_X1)
     1    0.91    0.00    0.01    0.21 v _4662_/ZN (INV_X1)
                  0.00    0.00    0.21 v _4663_/A (MUX2_X1)
     1    1.06    0.01    0.05    0.26 v _4663_/Z (MUX2_X1)
                  0.01    0.00    0.26 v _7266_/D (DFF_X1)
                                  0.26   data arrival time

                  0.00    0.01    0.01   clock clk (rise edge)
                          0.00    0.01   clock network delay (ideal)
                          0.00    0.01   clock reconvergence pessimism
                                  0.01 ^ _7266_/CK (DFF_X1)
                         -0.04   -0.03   library setup time
                                 -0.03   data required time
-----------------------------------------------------------------------------
                                 -0.03   data required time
                                 -0.26   data arrival time
-----------------------------------------------------------------------------
                                 -0.29   slack (VIOLATED)



==========================================================================
floorplan final report_power
--------------------------------------------------------------------------
Group                  Internal  Switching    Leakage      Total
                          Power      Power      Power      Power (Watts)
----------------------------------------------------------------
Sequential             1.11e+00   2.84e-02   8.08e-05   1.13e+00  57.6%
Combinational          4.62e-01   3.73e-01   8.64e-05   8.35e-01  42.4%
Clock                  0.00e+00   0.00e+00   0.00e+00   0.00e+00   0.0%
Macro                  0.00e+00   0.00e+00   0.00e+00   0.00e+00   0.0%
Pad                    0.00e+00   0.00e+00   0.00e+00   0.00e+00   0.0%
----------------------------------------------------------------
Total                  1.57e+00   4.01e-01   1.67e-04   1.97e+00 100.0%
                          79.6%      20.4%       0.0%

==========================================================================
floorplan final report_design_area
--------------------------------------------------------------------------
Design area 8270 u^2 1% utilization.

