OpenROAD v2.0-22532-gac667f3cc7 
Features included (+) or not (-): +GPU +GUI +Python
This program is licensed under the BSD-3 license. See the LICENSE file for details.
Components of this program may be licensed under more restrictive licenses which must be honored.
[INFO ODB-0227] LEF file: /project/cad-team/LX_Semicon/kmcho/EoR/pdk/Nangate45/Nangate45_tech.lef, created 22 layers, 27 vias
[INFO ODB-0227] LEF file: /project/cad-team/LX_Semicon/kmcho/EoR/pdk/Nangate45/Nangate45_stdcell.lef, created 135 library cells
[INFO IFP-0001] Added 780 rows of 5747 site FreePDK45_38x28_10R_NP_162NW_34O.
Default units for flow
 time 1ns
 capacitance 1fF
 resistance 1kohm
 voltage 1v
 current 1mA
 power 1nW
 distance 1um

==========================================================================
floorplan final check_setup
--------------------------------------------------------------------------
Warning: There are 513 input ports missing set_input_delay.
Warning: There are 512 output ports missing set_output_delay.
Warning: There are 512 unconstrained endpoints.

==========================================================================
floorplan final report_tns
--------------------------------------------------------------------------
tns max -140.28

==========================================================================
floorplan final report_wns
--------------------------------------------------------------------------
wns max -0.27

==========================================================================
floorplan final report_worst_slack
--------------------------------------------------------------------------
worst slack max -0.27

==========================================================================
floorplan final report_checks -path_delay min
--------------------------------------------------------------------------
[WARNING STA-0168] unknown field nets.
Startpoint: _5735_ (rising edge-triggered flip-flop clocked by clk)
Endpoint: _5735_ (rising edge-triggered flip-flop clocked by clk)
Path Group: clk
Path Type: min

Fanout     Cap    Slew   Delay    Time   Description
-----------------------------------------------------------------------------
                  0.00    0.00    0.00   clock clk (rise edge)
                          0.00    0.00   clock network delay (ideal)
                  0.00    0.00    0.00 ^ _5735_/CK (DFF_X1)
     2    0.95    0.01    0.08    0.08 ^ _5735_/Q (DFF_X1)
                  0.01    0.00    0.08 ^ _4713_/A (MUX2_X1)
     1    1.14    0.01    0.03    0.12 ^ _4713_/Z (MUX2_X1)
                  0.01    0.00    0.12 ^ _5735_/D (DFF_X1)
                                  0.12   data arrival time

                  0.00    0.00    0.00   clock clk (rise edge)
                          0.00    0.00   clock network delay (ideal)
                          0.00    0.00   clock reconvergence pessimism
                                  0.00 ^ _5735_/CK (DFF_X1)
                          0.01    0.01   library hold time
                                  0.01   data required time
-----------------------------------------------------------------------------
                                  0.01   data required time
                                 -0.12   data arrival time
-----------------------------------------------------------------------------
                                  0.11   slack (MET)



==========================================================================
floorplan final report_checks -path_delay max
--------------------------------------------------------------------------
[WARNING STA-0168] unknown field nets.
Startpoint: _5225_ (rising edge-triggered flip-flop clocked by clk)
Endpoint: _5225_ (rising edge-triggered flip-flop clocked by clk)
Path Group: clk
Path Type: max

Fanout     Cap    Slew   Delay    Time   Description
-----------------------------------------------------------------------------
                  0.00    0.00    0.00   clock clk (rise edge)
                          0.00    0.00   clock network delay (ideal)
                  0.00    0.00    0.00 ^ _5225_/CK (DFF_X1)
     2    6.40    0.02    0.07    0.07 v _5225_/QN (DFF_X1)
                  0.02    0.00    0.07 v _4715_/B (HA_X1)
     1    0.90    0.01    0.06    0.13 v _4715_/S (HA_X1)
                  0.01    0.00    0.13 v _3130_/B (MUX2_X1)
     1    0.91    0.01    0.06    0.19 v _3130_/Z (MUX2_X1)
                  0.01    0.00    0.19 v _3131_/A (MUX2_X1)
     1    1.06    0.01    0.06    0.24 v _3131_/Z (MUX2_X1)
                  0.01    0.00    0.24 v _5225_/D (DFF_X1)
                                  0.24   data arrival time

                  0.00    0.01    0.01   clock clk (rise edge)
                          0.00    0.01   clock network delay (ideal)
                          0.00    0.01   clock reconvergence pessimism
                                  0.01 ^ _5225_/CK (DFF_X1)
                         -0.04   -0.03   library setup time
                                 -0.03   data required time
-----------------------------------------------------------------------------
                                 -0.03   data required time
                                 -0.24   data arrival time
-----------------------------------------------------------------------------
                                 -0.27   slack (VIOLATED)



==========================================================================
floorplan final report_checks -unconstrained
--------------------------------------------------------------------------
[WARNING STA-0168] unknown field nets.
Startpoint: _5225_ (rising edge-triggered flip-flop clocked by clk)
Endpoint: _5225_ (rising edge-triggered flip-flop clocked by clk)
Path Group: clk
Path Type: max

Fanout     Cap    Slew   Delay    Time   Description
-----------------------------------------------------------------------------
                  0.00    0.00    0.00   clock clk (rise edge)
                          0.00    0.00   clock network delay (ideal)
                  0.00    0.00    0.00 ^ _5225_/CK (DFF_X1)
     2    6.40    0.02    0.07    0.07 v _5225_/QN (DFF_X1)
                  0.02    0.00    0.07 v _4715_/B (HA_X1)
     1    0.90    0.01    0.06    0.13 v _4715_/S (HA_X1)
                  0.01    0.00    0.13 v _3130_/B (MUX2_X1)
     1    0.91    0.01    0.06    0.19 v _3130_/Z (MUX2_X1)
                  0.01    0.00    0.19 v _3131_/A (MUX2_X1)
     1    1.06    0.01    0.06    0.24 v _3131_/Z (MUX2_X1)
                  0.01    0.00    0.24 v _5225_/D (DFF_X1)
                                  0.24   data arrival time

                  0.00    0.01    0.01   clock clk (rise edge)
                          0.00    0.01   clock network delay (ideal)
                          0.00    0.01   clock reconvergence pessimism
                                  0.01 ^ _5225_/CK (DFF_X1)
                         -0.04   -0.03   library setup time
                                 -0.03   data required time
-----------------------------------------------------------------------------
                                 -0.03   data required time
                                 -0.24   data arrival time
-----------------------------------------------------------------------------
                                 -0.27   slack (VIOLATED)



==========================================================================
floorplan final report_power
--------------------------------------------------------------------------
Group                  Internal  Switching    Leakage      Total
                          Power      Power      Power      Power (Watts)
----------------------------------------------------------------
Sequential             4.65e-01   1.45e-01   4.04e-05   6.10e-01  50.6%
Combinational          4.74e-01   1.22e-01   7.96e-05   5.97e-01  49.4%
Clock                  0.00e+00   0.00e+00   0.00e+00   0.00e+00   0.0%
Macro                  0.00e+00   0.00e+00   0.00e+00   0.00e+00   0.0%
Pad                    0.00e+00   0.00e+00   0.00e+00   0.00e+00   0.0%
----------------------------------------------------------------
Total                  9.39e-01   2.67e-01   1.20e-04   1.21e+00 100.0%
                          77.9%      22.1%       0.0%

==========================================================================
floorplan final report_design_area
--------------------------------------------------------------------------
Design area 5963 u^2 1% utilization.

