OpenROAD v2.0-22532-gac667f3cc7 
Features included (+) or not (-): +GPU +GUI +Python
This program is licensed under the BSD-3 license. See the LICENSE file for details.
Components of this program may be licensed under more restrictive licenses which must be honored.
[INFO ODB-0227] LEF file: /project/cad-team/LX_Semicon/kmcho/EoR/pdk/Nangate45/Nangate45_tech.lef, created 22 layers, 27 vias
[INFO ODB-0227] LEF file: /project/cad-team/LX_Semicon/kmcho/EoR/pdk/Nangate45/Nangate45_stdcell.lef, created 135 library cells
[INFO IFP-0001] Added 933 rows of 6881 site FreePDK45_38x28_10R_NP_162NW_34O.
Default units for flow
 time 1ns
 capacitance 1fF
 resistance 1kohm
 voltage 1v
 current 1mA
 power 1nW
 distance 1um

==========================================================================
floorplan final check_setup
--------------------------------------------------------------------------
Warning: There are 513 input ports missing set_input_delay.
Warning: There are 512 output ports missing set_output_delay.
Warning: There are 512 unconstrained endpoints.

==========================================================================
floorplan final report_tns
--------------------------------------------------------------------------
tns max -236.56

==========================================================================
floorplan final report_wns
--------------------------------------------------------------------------
wns max -0.29

==========================================================================
floorplan final report_worst_slack
--------------------------------------------------------------------------
worst slack max -0.29

==========================================================================
floorplan final report_checks -path_delay min
--------------------------------------------------------------------------
[WARNING STA-0168] unknown field nets.
Startpoint: _7560_ (rising edge-triggered flip-flop clocked by clk)
Endpoint: _7561_ (rising edge-triggered flip-flop clocked by clk)
Path Group: clk
Path Type: min

Fanout     Cap    Slew   Delay    Time   Description
-----------------------------------------------------------------------------
                  0.00    0.00    0.00   clock clk (rise edge)
                          0.00    0.00   clock network delay (ideal)
                  0.00    0.00    0.00 ^ _7560_/CK (DFF_X1)
     2    2.61    0.01    0.09    0.09 ^ _7560_/Q (DFF_X1)
                  0.01    0.00    0.09 ^ _5735_/A2 (NOR3_X1)
     1    1.54    0.01    0.01    0.10 v _5735_/ZN (NOR3_X1)
                  0.01    0.00    0.10 v _5737_/A (AOI21_X1)
     1    1.14    0.01    0.03    0.12 ^ _5737_/ZN (AOI21_X1)
                  0.01    0.00    0.12 ^ _7561_/D (DFF_X1)
                                  0.12   data arrival time

                  0.00    0.00    0.00   clock clk (rise edge)
                          0.00    0.00   clock network delay (ideal)
                          0.00    0.00   clock reconvergence pessimism
                                  0.00 ^ _7561_/CK (DFF_X1)
                          0.01    0.01   library hold time
                                  0.01   data required time
-----------------------------------------------------------------------------
                                  0.01   data required time
                                 -0.12   data arrival time
-----------------------------------------------------------------------------
                                  0.12   slack (MET)



==========================================================================
floorplan final report_checks -path_delay max
--------------------------------------------------------------------------
[WARNING STA-0168] unknown field nets.
Startpoint: _6759_ (rising edge-triggered flip-flop clocked by clk)
Endpoint: _6759_ (rising edge-triggered flip-flop clocked by clk)
Path Group: clk
Path Type: max

Fanout     Cap    Slew   Delay    Time   Description
-----------------------------------------------------------------------------
                  0.00    0.00    0.00   clock clk (rise edge)
                          0.00    0.00   clock network delay (ideal)
                  0.00    0.00    0.00 ^ _6759_/CK (DFF_X1)
     1    0.91    0.01    0.08    0.08 v _6759_/Q (DFF_X1)
                  0.01    0.00    0.08 v _4151_/A (MUX2_X1)
     3    4.42    0.01    0.06    0.14 v _4151_/Z (MUX2_X1)
                  0.01    0.00    0.14 v _5743_/A (INV_X1)
     2    6.63    0.02    0.03    0.17 ^ _5743_/ZN (INV_X1)
                  0.02    0.00    0.17 ^ _6249_/B (HA_X1)
     1    1.70    0.01    0.03    0.20 ^ _6249_/CO (HA_X1)
                  0.01    0.00    0.20 ^ _4152_/A (INV_X1)
     1    0.91    0.00    0.01    0.21 v _4152_/ZN (INV_X1)
                  0.00    0.00    0.21 v _4153_/A (MUX2_X1)
     1    1.06    0.01    0.05    0.26 v _4153_/Z (MUX2_X1)
                  0.01    0.00    0.26 v _6759_/D (DFF_X1)
                                  0.26   data arrival time

                  0.00    0.01    0.01   clock clk (rise edge)
                          0.00    0.01   clock network delay (ideal)
                          0.00    0.01   clock reconvergence pessimism
                                  0.01 ^ _6759_/CK (DFF_X1)
                         -0.04   -0.03   library setup time
                                 -0.03   data required time
-----------------------------------------------------------------------------
                                 -0.03   data required time
                                 -0.26   data arrival time
-----------------------------------------------------------------------------
                                 -0.29   slack (VIOLATED)



==========================================================================
floorplan final report_checks -unconstrained
--------------------------------------------------------------------------
[WARNING STA-0168] unknown field nets.
Startpoint: _6759_ (rising edge-triggered flip-flop clocked by clk)
Endpoint: _6759_ (rising edge-triggered flip-flop clocked by clk)
Path Group: clk
Path Type: max

Fanout     Cap    Slew   Delay    Time   Description
-----------------------------------------------------------------------------
                  0.00    0.00    0.00   clock clk (rise edge)
                          0.00    0.00   clock network delay (ideal)
                  0.00    0.00    0.00 ^ _6759_/CK (DFF_X1)
     1    0.91    0.01    0.08    0.08 v _6759_/Q (DFF_X1)
                  0.01    0.00    0.08 v _4151_/A (MUX2_X1)
     3    4.42    0.01    0.06    0.14 v _4151_/Z (MUX2_X1)
                  0.01    0.00    0.14 v _5743_/A (INV_X1)
     2    6.63    0.02    0.03    0.17 ^ _5743_/ZN (INV_X1)
                  0.02    0.00    0.17 ^ _6249_/B (HA_X1)
     1    1.70    0.01    0.03    0.20 ^ _6249_/CO (HA_X1)
                  0.01    0.00    0.20 ^ _4152_/A (INV_X1)
     1    0.91    0.00    0.01    0.21 v _4152_/ZN (INV_X1)
                  0.00    0.00    0.21 v _4153_/A (MUX2_X1)
     1    1.06    0.01    0.05    0.26 v _4153_/Z (MUX2_X1)
                  0.01    0.00    0.26 v _6759_/D (DFF_X1)
                                  0.26   data arrival time

                  0.00    0.01    0.01   clock clk (rise edge)
                          0.00    0.01   clock network delay (ideal)
                          0.00    0.01   clock reconvergence pessimism
                                  0.01 ^ _6759_/CK (DFF_X1)
                         -0.04   -0.03   library setup time
                                 -0.03   data required time
-----------------------------------------------------------------------------
                                 -0.03   data required time
                                 -0.26   data arrival time
-----------------------------------------------------------------------------
                                 -0.29   slack (VIOLATED)



==========================================================================
floorplan final report_power
--------------------------------------------------------------------------
Group                  Internal  Switching    Leakage      Total
                          Power      Power      Power      Power (Watts)
----------------------------------------------------------------
Sequential             1.15e+00   2.93e-02   8.07e-05   1.18e+00  58.1%
Combinational          5.25e-01   3.24e-01   8.73e-05   8.48e-01  41.9%
Clock                  0.00e+00   0.00e+00   0.00e+00   0.00e+00   0.0%
Macro                  0.00e+00   0.00e+00   0.00e+00   0.00e+00   0.0%
Pad                    0.00e+00   0.00e+00   0.00e+00   0.00e+00   0.0%
----------------------------------------------------------------
Total                  1.67e+00   3.53e-01   1.68e-04   2.02e+00 100.0%
                          82.6%      17.4%       0.0%

==========================================================================
floorplan final report_design_area
--------------------------------------------------------------------------
Design area 8548 u^2 1% utilization.

