OpenROAD v2.0-22532-gac667f3cc7 
Features included (+) or not (-): +GPU +GUI +Python
This program is licensed under the BSD-3 license. See the LICENSE file for details.
Components of this program may be licensed under more restrictive licenses which must be honored.
[INFO ODB-0227] LEF file: /project/cad-team/LX_Semicon/kmcho/EoR/pdk/Nangate45/Nangate45_tech.lef, created 22 layers, 27 vias
[INFO ODB-0227] LEF file: /project/cad-team/LX_Semicon/kmcho/EoR/pdk/Nangate45/Nangate45_stdcell.lef, created 135 library cells
[INFO IFP-0001] Added 732 rows of 5400 site FreePDK45_38x28_10R_NP_162NW_34O.
Default units for flow
 time 1ns
 capacitance 1fF
 resistance 1kohm
 voltage 1v
 current 1mA
 power 1nW
 distance 1um

==========================================================================
floorplan final check_setup
--------------------------------------------------------------------------
Warning: There are 513 input ports missing set_input_delay.
Warning: There are 512 output ports missing set_output_delay.
Warning: There are 512 unconstrained endpoints.

==========================================================================
floorplan final report_tns
--------------------------------------------------------------------------
tns max -99.55

==========================================================================
floorplan final report_wns
--------------------------------------------------------------------------
wns max -0.24

==========================================================================
floorplan final report_worst_slack
--------------------------------------------------------------------------
worst slack max -0.24

==========================================================================
floorplan final report_checks -path_delay min
--------------------------------------------------------------------------
[WARNING STA-0168] unknown field nets.
Startpoint: _5822_ (rising edge-triggered flip-flop clocked by clk)
Endpoint: _5822_ (rising edge-triggered flip-flop clocked by clk)
Path Group: clk
Path Type: min

Fanout     Cap    Slew   Delay    Time   Description
-----------------------------------------------------------------------------
                  0.00    0.00    0.00   clock clk (rise edge)
                          0.00    0.00   clock network delay (ideal)
                  0.00    0.00    0.00 ^ _5822_/CK (DFF_X1)
     1    3.45    0.01    0.07    0.07 ^ _5822_/QN (DFF_X1)
                  0.01    0.00    0.07 ^ _5311_/B (HA_X1)
     1    1.55    0.01    0.02    0.08 v _5311_/S (HA_X1)
                  0.01    0.00    0.08 v _4734_/B1 (AOI22_X1)
     1    1.14    0.01    0.03    0.11 ^ _4734_/ZN (AOI22_X1)
                  0.01    0.00    0.11 ^ _5822_/D (DFF_X1)
                                  0.11   data arrival time

                  0.00    0.00    0.00   clock clk (rise edge)
                          0.00    0.00   clock network delay (ideal)
                          0.00    0.00   clock reconvergence pessimism
                                  0.00 ^ _5822_/CK (DFF_X1)
                          0.01    0.01   library hold time
                                  0.01   data required time
-----------------------------------------------------------------------------
                                  0.01   data required time
                                 -0.11   data arrival time
-----------------------------------------------------------------------------
                                  0.10   slack (MET)



==========================================================================
floorplan final report_checks -path_delay max
--------------------------------------------------------------------------
[WARNING STA-0168] unknown field nets.
Startpoint: _5851_ (rising edge-triggered flip-flop clocked by clk)
Endpoint: _5852_ (rising edge-triggered flip-flop clocked by clk)
Path Group: clk
Path Type: max

Fanout     Cap    Slew   Delay    Time   Description
-----------------------------------------------------------------------------
                  0.00    0.00    0.00   clock clk (rise edge)
                          0.00    0.00   clock network delay (ideal)
                  0.00    0.00    0.00 ^ _5851_/CK (DFF_X1)
     2    3.19    0.01    0.09    0.09 ^ _5851_/Q (DFF_X1)
                  0.01    0.00    0.09 ^ _5341_/A (HA_X1)
     1    1.67    0.02    0.05    0.14 ^ _5341_/S (HA_X1)
                  0.02    0.00    0.14 ^ _4827_/A (OAI21_X1)
     1    0.91    0.01    0.02    0.16 v _4827_/ZN (OAI21_X1)
                  0.01    0.00    0.16 v _4828_/A (MUX2_X1)
     1    1.06    0.01    0.06    0.21 v _4828_/Z (MUX2_X1)
                  0.01    0.00    0.21 v _5852_/D (DFF_X1)
                                  0.21   data arrival time

                  0.00    0.01    0.01   clock clk (rise edge)
                          0.00    0.01   clock network delay (ideal)
                          0.00    0.01   clock reconvergence pessimism
                                  0.01 ^ _5852_/CK (DFF_X1)
                         -0.04   -0.03   library setup time
                                 -0.03   data required time
-----------------------------------------------------------------------------
                                 -0.03   data required time
                                 -0.21   data arrival time
-----------------------------------------------------------------------------
                                 -0.24   slack (VIOLATED)



==========================================================================
floorplan final report_checks -unconstrained
--------------------------------------------------------------------------
[WARNING STA-0168] unknown field nets.
Startpoint: _5851_ (rising edge-triggered flip-flop clocked by clk)
Endpoint: _5852_ (rising edge-triggered flip-flop clocked by clk)
Path Group: clk
Path Type: max

Fanout     Cap    Slew   Delay    Time   Description
-----------------------------------------------------------------------------
                  0.00    0.00    0.00   clock clk (rise edge)
                          0.00    0.00   clock network delay (ideal)
                  0.00    0.00    0.00 ^ _5851_/CK (DFF_X1)
     2    3.19    0.01    0.09    0.09 ^ _5851_/Q (DFF_X1)
                  0.01    0.00    0.09 ^ _5341_/A (HA_X1)
     1    1.67    0.02    0.05    0.14 ^ _5341_/S (HA_X1)
                  0.02    0.00    0.14 ^ _4827_/A (OAI21_X1)
     1    0.91    0.01    0.02    0.16 v _4827_/ZN (OAI21_X1)
                  0.01    0.00    0.16 v _4828_/A (MUX2_X1)
     1    1.06    0.01    0.06    0.21 v _4828_/Z (MUX2_X1)
                  0.01    0.00    0.21 v _5852_/D (DFF_X1)
                                  0.21   data arrival time

                  0.00    0.01    0.01   clock clk (rise edge)
                          0.00    0.01   clock network delay (ideal)
                          0.00    0.01   clock reconvergence pessimism
                                  0.01 ^ _5852_/CK (DFF_X1)
                         -0.04   -0.03   library setup time
                                 -0.03   data required time
-----------------------------------------------------------------------------
                                 -0.03   data required time
                                 -0.21   data arrival time
-----------------------------------------------------------------------------
                                 -0.24   slack (VIOLATED)



==========================================================================
floorplan final report_power
--------------------------------------------------------------------------
Group                  Internal  Switching    Leakage      Total
                          Power      Power      Power      Power (Watts)
----------------------------------------------------------------
Sequential             3.91e-01   8.46e-02   4.04e-05   4.76e-01  56.2%
Combinational          2.64e-01   1.06e-01   7.36e-05   3.70e-01  43.8%
Clock                  0.00e+00   0.00e+00   0.00e+00   0.00e+00   0.0%
Macro                  0.00e+00   0.00e+00   0.00e+00   0.00e+00   0.0%
Pad                    0.00e+00   0.00e+00   0.00e+00   0.00e+00   0.0%
----------------------------------------------------------------
Total                  6.55e-01   1.91e-01   1.14e-04   8.46e-01 100.0%
                          77.4%      22.5%       0.0%

==========================================================================
floorplan final report_design_area
--------------------------------------------------------------------------
Design area 5264 u^2 1% utilization.

