OpenROAD v2.0-22532-gac667f3cc7 
Features included (+) or not (-): +GPU +GUI +Python
This program is licensed under the BSD-3 license. See the LICENSE file for details.
Components of this program may be licensed under more restrictive licenses which must be honored.
[INFO ODB-0227] LEF file: /project/cad-team/LX_Semicon/kmcho/EoR/pdk/Nangate45/Nangate45_tech.lef, created 22 layers, 27 vias
[INFO ODB-0227] LEF file: /project/cad-team/LX_Semicon/kmcho/EoR/pdk/Nangate45/Nangate45_stdcell.lef, created 135 library cells
[INFO IFP-0001] Added 941 rows of 6940 site FreePDK45_38x28_10R_NP_162NW_34O.
Default units for flow
 time 1ns
 capacitance 1fF
 resistance 1kohm
 voltage 1v
 current 1mA
 power 1nW
 distance 1um

==========================================================================
floorplan final check_setup
--------------------------------------------------------------------------
Warning: There are 257 input ports missing set_input_delay.
Warning: There are 256 output ports missing set_output_delay.
Warning: There are 256 unconstrained endpoints.

==========================================================================
floorplan final report_tns
--------------------------------------------------------------------------
tns max -174.84

==========================================================================
floorplan final report_wns
--------------------------------------------------------------------------
wns max -0.74

==========================================================================
floorplan final report_worst_slack
--------------------------------------------------------------------------
worst slack max -0.74

==========================================================================
floorplan final report_checks -path_delay min
--------------------------------------------------------------------------
[WARNING STA-0168] unknown field nets.
Startpoint: _9591_ (rising edge-triggered flip-flop clocked by clk)
Endpoint: _9591_ (rising edge-triggered flip-flop clocked by clk)
Path Group: clk
Path Type: min

Fanout     Cap    Slew   Delay    Time   Description
-----------------------------------------------------------------------------
                  0.00    0.00    0.00   clock clk (rise edge)
                          0.00    0.00   clock network delay (ideal)
                  0.00    0.00    0.00 ^ _9591_/CK (DFF_X1)
     2    1.44    0.01    0.08    0.08 v _9591_/Q (DFF_X1)
                  0.01    0.00    0.08 v _7136_/C1 (OAI211_X1)
     1    1.66    0.01    0.03    0.11 ^ _7136_/ZN (OAI211_X1)
                  0.01    0.00    0.11 ^ _7137_/B1 (OAI21_X1)
     1    1.06    0.01    0.01    0.12 v _7137_/ZN (OAI21_X1)
                  0.01    0.00    0.12 v _9591_/D (DFF_X1)
                                  0.12   data arrival time

                  0.00    0.00    0.00   clock clk (rise edge)
                          0.00    0.00   clock network delay (ideal)
                          0.00    0.00   clock reconvergence pessimism
                                  0.00 ^ _9591_/CK (DFF_X1)
                          0.00    0.00   library hold time
                                  0.00   data required time
-----------------------------------------------------------------------------
                                  0.00   data required time
                                 -0.12   data arrival time
-----------------------------------------------------------------------------
                                  0.12   slack (MET)



==========================================================================
floorplan final report_checks -path_delay max
--------------------------------------------------------------------------
[WARNING STA-0168] unknown field nets.
Startpoint: _9776_ (rising edge-triggered flip-flop clocked by clk)
Endpoint: _9777_ (rising edge-triggered flip-flop clocked by clk)
Path Group: clk
Path Type: max

Fanout     Cap    Slew   Delay    Time   Description
-----------------------------------------------------------------------------
                  0.00    0.00    0.00   clock clk (rise edge)
                          0.00    0.00   clock network delay (ideal)
                  0.00    0.00    0.00 ^ _9776_/CK (DFF_X1)
    10   29.62    0.07    0.15    0.15 ^ _9776_/Q (DFF_X1)
                  0.07    0.00    0.15 ^ _8112_/B (FA_X1)
     1    1.55    0.01    0.10    0.25 v _8112_/S (FA_X1)
                  0.01    0.00    0.25 v _5939_/A (INV_X1)
     1    2.76    0.01    0.02    0.27 ^ _5939_/ZN (INV_X1)
                  0.01    0.00    0.27 ^ _8113_/CI (FA_X1)
     1    1.55    0.01    0.09    0.36 v _8113_/S (FA_X1)
                  0.01    0.00    0.36 v _6636_/A (INV_X1)
     1    3.45    0.01    0.02    0.38 ^ _6636_/ZN (INV_X1)
                  0.01    0.00    0.38 ^ _9505_/B (HA_X1)
     1    1.70    0.02    0.05    0.43 ^ _9505_/S (HA_X1)
                  0.02    0.00    0.43 ^ _6672_/A (INV_X1)
     1    2.66    0.01    0.01    0.44 v _6672_/ZN (INV_X1)
                  0.01    0.00    0.44 v _8114_/CI (FA_X1)
     1    1.55    0.01    0.07    0.50 v _8114_/CO (FA_X1)
                  0.01    0.00    0.50 v _6638_/A (INV_X1)
     1    3.45    0.01    0.02    0.52 ^ _6638_/ZN (INV_X1)
                  0.01    0.00    0.52 ^ _9506_/B (HA_X1)
     1    1.70    0.02    0.05    0.57 ^ _9506_/S (HA_X1)
                  0.02    0.00    0.57 ^ _7921_/A (INV_X1)
     1    0.89    0.01    0.01    0.57 v _7921_/ZN (INV_X1)
                  0.01    0.00    0.57 v _7922_/A4 (OR4_X1)
     1    1.46    0.02    0.11    0.69 v _7922_/ZN (OR4_X1)
                  0.02    0.00    0.69 v _7925_/B1 (OAI21_X1)
     1    1.14    0.02    0.03    0.71 ^ _7925_/ZN (OAI21_X1)
                  0.02    0.00    0.71 ^ _9777_/D (DFF_X1)
                                  0.71   data arrival time

                  0.00    0.01    0.01   clock clk (rise edge)
                          0.00    0.01   clock network delay (ideal)
                          0.00    0.01   clock reconvergence pessimism
                                  0.01 ^ _9777_/CK (DFF_X1)
                         -0.03   -0.02   library setup time
                                 -0.02   data required time
-----------------------------------------------------------------------------
                                 -0.02   data required time
                                 -0.71   data arrival time
-----------------------------------------------------------------------------
                                 -0.74   slack (VIOLATED)



==========================================================================
floorplan final report_checks -unconstrained
--------------------------------------------------------------------------
[WARNING STA-0168] unknown field nets.
Startpoint: _9776_ (rising edge-triggered flip-flop clocked by clk)
Endpoint: _9777_ (rising edge-triggered flip-flop clocked by clk)
Path Group: clk
Path Type: max

Fanout     Cap    Slew   Delay    Time   Description
-----------------------------------------------------------------------------
                  0.00    0.00    0.00   clock clk (rise edge)
                          0.00    0.00   clock network delay (ideal)
                  0.00    0.00    0.00 ^ _9776_/CK (DFF_X1)
    10   29.62    0.07    0.15    0.15 ^ _9776_/Q (DFF_X1)
                  0.07    0.00    0.15 ^ _8112_/B (FA_X1)
     1    1.55    0.01    0.10    0.25 v _8112_/S (FA_X1)
                  0.01    0.00    0.25 v _5939_/A (INV_X1)
     1    2.76    0.01    0.02    0.27 ^ _5939_/ZN (INV_X1)
                  0.01    0.00    0.27 ^ _8113_/CI (FA_X1)
     1    1.55    0.01    0.09    0.36 v _8113_/S (FA_X1)
                  0.01    0.00    0.36 v _6636_/A (INV_X1)
     1    3.45    0.01    0.02    0.38 ^ _6636_/ZN (INV_X1)
                  0.01    0.00    0.38 ^ _9505_/B (HA_X1)
     1    1.70    0.02    0.05    0.43 ^ _9505_/S (HA_X1)
                  0.02    0.00    0.43 ^ _6672_/A (INV_X1)
     1    2.66    0.01    0.01    0.44 v _6672_/ZN (INV_X1)
                  0.01    0.00    0.44 v _8114_/CI (FA_X1)
     1    1.55    0.01    0.07    0.50 v _8114_/CO (FA_X1)
                  0.01    0.00    0.50 v _6638_/A (INV_X1)
     1    3.45    0.01    0.02    0.52 ^ _6638_/ZN (INV_X1)
                  0.01    0.00    0.52 ^ _9506_/B (HA_X1)
     1    1.70    0.02    0.05    0.57 ^ _9506_/S (HA_X1)
                  0.02    0.00    0.57 ^ _7921_/A (INV_X1)
     1    0.89    0.01    0.01    0.57 v _7921_/ZN (INV_X1)
                  0.01    0.00    0.57 v _7922_/A4 (OR4_X1)
     1    1.46    0.02    0.11    0.69 v _7922_/ZN (OR4_X1)
                  0.02    0.00    0.69 v _7925_/B1 (OAI21_X1)
     1    1.14    0.02    0.03    0.71 ^ _7925_/ZN (OAI21_X1)
                  0.02    0.00    0.71 ^ _9777_/D (DFF_X1)
                                  0.71   data arrival time

                  0.00    0.01    0.01   clock clk (rise edge)
                          0.00    0.01   clock network delay (ideal)
                          0.00    0.01   clock reconvergence pessimism
                                  0.01 ^ _9777_/CK (DFF_X1)
                         -0.03   -0.02   library setup time
                                 -0.02   data required time
-----------------------------------------------------------------------------
                                 -0.02   data required time
                                 -0.71   data arrival time
-----------------------------------------------------------------------------
                                 -0.74   slack (VIOLATED)



==========================================================================
floorplan final report_power
--------------------------------------------------------------------------
Group                  Internal  Switching    Leakage      Total
                          Power      Power      Power      Power (Watts)
----------------------------------------------------------------
Sequential             1.90e-01   1.47e-01   2.03e-05   3.38e-01  18.1%
Combinational          9.86e-01   5.40e-01   1.58e-04   1.53e+00  81.9%
Clock                  0.00e+00   0.00e+00   0.00e+00   0.00e+00   0.0%
Macro                  0.00e+00   0.00e+00   0.00e+00   0.00e+00   0.0%
Pad                    0.00e+00   0.00e+00   0.00e+00   0.00e+00   0.0%
----------------------------------------------------------------
Total                  1.18e+00   6.87e-01   1.78e-04   1.86e+00 100.0%
                          63.1%      36.9%       0.0%

==========================================================================
floorplan final report_design_area
--------------------------------------------------------------------------
Design area 8694 u^2 1% utilization.

