OpenROAD v2.0-22532-gac667f3cc7 
Features included (+) or not (-): +GPU +GUI +Python
This program is licensed under the BSD-3 license. See the LICENSE file for details.
Components of this program may be licensed under more restrictive licenses which must be honored.
[INFO ODB-0227] LEF file: /project/cad-team/LX_Semicon/kmcho/EoR/pdk/Nangate45/Nangate45_tech.lef, created 22 layers, 27 vias
[INFO ODB-0227] LEF file: /project/cad-team/LX_Semicon/kmcho/EoR/pdk/Nangate45/Nangate45_stdcell.lef, created 135 library cells
[INFO IFP-0001] Added 1970 rows of 14519 site FreePDK45_38x28_10R_NP_162NW_34O.
Default units for flow
 time 1ns
 capacitance 1fF
 resistance 1kohm
 voltage 1v
 current 1mA
 power 1nW
 distance 1um

==========================================================================
floorplan final check_setup
--------------------------------------------------------------------------
Warning: There are 257 input ports missing set_input_delay.
Warning: There are 256 output ports missing set_output_delay.
Warning: There are 256 unconstrained endpoints.

==========================================================================
floorplan final report_tns
--------------------------------------------------------------------------
tns max -291.74

==========================================================================
floorplan final report_wns
--------------------------------------------------------------------------
wns max -1.30

==========================================================================
floorplan final report_worst_slack
--------------------------------------------------------------------------
worst slack max -1.30

==========================================================================
floorplan final report_checks -path_delay min
--------------------------------------------------------------------------
[WARNING STA-0168] unknown field nets.
Startpoint: _57056_ (rising edge-triggered flip-flop clocked by clk)
Endpoint: _57039_ (rising edge-triggered flip-flop clocked by clk)
Path Group: clk
Path Type: min

Fanout     Cap    Slew   Delay    Time   Description
-----------------------------------------------------------------------------
                  0.00    0.00    0.00   clock clk (rise edge)
                          0.00    0.00   clock network delay (ideal)
                  0.00    0.00    0.00 ^ _57056_/CK (DFF_X1)
     5   11.46    0.03    0.09    0.09 ^ _57056_/QN (DFF_X1)
                  0.03    0.00    0.09 ^ _50816_/A1 (NAND2_X1)
     1    1.54    0.01    0.02    0.10 v _50816_/ZN (NAND2_X1)
                  0.01    0.00    0.10 v _50825_/A2 (NAND4_X1)
     1    1.66    0.01    0.02    0.12 ^ _50825_/ZN (NAND4_X1)
                  0.01    0.00    0.12 ^ _50831_/B1 (OAI21_X1)
     1    1.06    0.01    0.01    0.14 v _50831_/ZN (OAI21_X1)
                  0.01    0.00    0.14 v _57039_/D (DFF_X1)
                                  0.14   data arrival time

                  0.00    0.00    0.00   clock clk (rise edge)
                          0.00    0.00   clock network delay (ideal)
                          0.00    0.00   clock reconvergence pessimism
                                  0.00 ^ _57039_/CK (DFF_X1)
                          0.00    0.00   library hold time
                                  0.00   data required time
-----------------------------------------------------------------------------
                                  0.00   data required time
                                 -0.14   data arrival time
-----------------------------------------------------------------------------
                                  0.13   slack (MET)



==========================================================================
floorplan final report_checks -path_delay max
--------------------------------------------------------------------------
[WARNING STA-0168] unknown field nets.
Startpoint: _56917_ (rising edge-triggered flip-flop clocked by clk)
Endpoint: _56932_ (rising edge-triggered flip-flop clocked by clk)
Path Group: clk
Path Type: max

Fanout     Cap    Slew   Delay    Time   Description
-----------------------------------------------------------------------------
                  0.00    0.00    0.00   clock clk (rise edge)
                          0.00    0.00   clock network delay (ideal)
                  0.00    0.00    0.00 ^ _56917_/CK (DFF_X1)
     5   11.06    0.03    0.11    0.11 ^ _56917_/Q (DFF_X1)
                  0.03    0.00    0.11 ^ _31070_/A (BUF_X1)
     5    8.64    0.02    0.04    0.15 ^ _31070_/Z (BUF_X1)
                  0.02    0.00    0.15 ^ _31071_/A (BUF_X1)
    10   16.14    0.04    0.06    0.21 ^ _31071_/Z (BUF_X1)
                  0.04    0.00    0.21 ^ _31081_/A (BUF_X1)
    10   16.66    0.04    0.07    0.28 ^ _31081_/Z (BUF_X1)
                  0.04    0.00    0.28 ^ _46488_/A (XOR2_X1)
     1    3.34    0.02    0.03    0.30 v _46488_/Z (XOR2_X1)
                  0.02    0.00    0.30 v _53498_/B (HA_X1)
     1    0.91    0.01    0.06    0.36 v _53498_/S (HA_X1)
                  0.01    0.00    0.36 v _44288_/A (MUX2_X1)
     1    3.06    0.01    0.06    0.42 v _44288_/Z (MUX2_X1)
                  0.01    0.00    0.42 v _53499_/A (HA_X1)
     1    0.89    0.01    0.05    0.47 v _53499_/S (HA_X1)
                  0.01    0.00    0.47 v _32732_/A2 (AND2_X1)
     1    1.55    0.01    0.03    0.50 v _32732_/ZN (AND2_X1)
                  0.01    0.00    0.50 v _32733_/A4 (NOR4_X1)
     2    3.27    0.06    0.09    0.60 ^ _32733_/ZN (NOR4_X1)
                  0.06    0.00    0.60 ^ _32734_/A (INV_X1)
     2    3.96    0.02    0.02    0.61 v _32734_/ZN (INV_X1)
                  0.02    0.00    0.61 v _53500_/A (HA_X1)
     2    4.89    0.01    0.04    0.65 v _53500_/CO (HA_X1)
                  0.01    0.00    0.65 v _53505_/B (HA_X1)
     1    1.50    0.01    0.05    0.71 v _53505_/S (HA_X1)
                  0.01    0.00    0.71 v _32761_/A2 (NAND2_X1)
     1    1.52    0.01    0.02    0.72 ^ _32761_/ZN (NAND2_X1)
                  0.01    0.00    0.72 ^ _32766_/A1 (NAND4_X1)
     4    7.05    0.03    0.04    0.77 v _32766_/ZN (NAND4_X1)
                  0.03    0.00    0.77 v _53506_/A (HA_X1)
     2    3.00    0.01    0.04    0.81 v _53506_/CO (HA_X1)
                  0.01    0.00    0.81 v _32777_/A2 (NAND2_X1)
     1    1.65    0.01    0.02    0.83 ^ _32777_/ZN (NAND2_X1)
                  0.01    0.00    0.83 ^ _32778_/A3 (NAND3_X1)
     3    3.91    0.02    0.03    0.85 v _32778_/ZN (NAND3_X1)
                  0.02    0.00    0.85 v _32779_/A2 (AND2_X1)
     2    3.00    0.01    0.04    0.89 v _32779_/ZN (AND2_X1)
                  0.01    0.00    0.89 v _32780_/A4 (NOR4_X1)
     2    4.37    0.07    0.11    1.00 ^ _32780_/ZN (NOR4_X1)
                  0.07    0.00    1.00 ^ _32795_/A3 (AND4_X1)
     1    3.45    0.02    0.07    1.07 ^ _32795_/ZN (AND4_X1)
                  0.02    0.00    1.07 ^ _53510_/B (HA_X1)
     1    0.83    0.01    0.01    1.09 v _53510_/S (HA_X1)
                  0.01    0.00    1.09 v _48817_/A2 (OR4_X1)
     1    1.41    0.02    0.10    1.19 v _48817_/ZN (OR4_X1)
                  0.02    0.00    1.19 v _48818_/B2 (AOI21_X1)
     1    1.66    0.02    0.03    1.22 ^ _48818_/ZN (AOI21_X1)
                  0.02    0.00    1.22 ^ _48819_/A4 (NAND4_X1)
     1    1.45    0.02    0.03    1.25 v _48819_/ZN (NAND4_X1)
                  0.02    0.00    1.25 v _48820_/B1 (AOI21_X1)
     1    1.14    0.02    0.03    1.28 ^ _48820_/ZN (AOI21_X1)
                  0.02    0.00    1.28 ^ _56932_/D (DFF_X1)
                                  1.28   data arrival time

                  0.00    0.01    0.01   clock clk (rise edge)
                          0.00    0.01   clock network delay (ideal)
                          0.00    0.01   clock reconvergence pessimism
                                  0.01 ^ _56932_/CK (DFF_X1)
                         -0.03   -0.02   library setup time
                                 -0.02   data required time
-----------------------------------------------------------------------------
                                 -0.02   data required time
                                 -1.28   data arrival time
-----------------------------------------------------------------------------
                                 -1.30   slack (VIOLATED)



==========================================================================
floorplan final report_checks -unconstrained
--------------------------------------------------------------------------
[WARNING STA-0168] unknown field nets.
Startpoint: _56917_ (rising edge-triggered flip-flop clocked by clk)
Endpoint: _56932_ (rising edge-triggered flip-flop clocked by clk)
Path Group: clk
Path Type: max

Fanout     Cap    Slew   Delay    Time   Description
-----------------------------------------------------------------------------
                  0.00    0.00    0.00   clock clk (rise edge)
                          0.00    0.00   clock network delay (ideal)
                  0.00    0.00    0.00 ^ _56917_/CK (DFF_X1)
     5   11.06    0.03    0.11    0.11 ^ _56917_/Q (DFF_X1)
                  0.03    0.00    0.11 ^ _31070_/A (BUF_X1)
     5    8.64    0.02    0.04    0.15 ^ _31070_/Z (BUF_X1)
                  0.02    0.00    0.15 ^ _31071_/A (BUF_X1)
    10   16.14    0.04    0.06    0.21 ^ _31071_/Z (BUF_X1)
                  0.04    0.00    0.21 ^ _31081_/A (BUF_X1)
    10   16.66    0.04    0.07    0.28 ^ _31081_/Z (BUF_X1)
                  0.04    0.00    0.28 ^ _46488_/A (XOR2_X1)
     1    3.34    0.02    0.03    0.30 v _46488_/Z (XOR2_X1)
                  0.02    0.00    0.30 v _53498_/B (HA_X1)
     1    0.91    0.01    0.06    0.36 v _53498_/S (HA_X1)
                  0.01    0.00    0.36 v _44288_/A (MUX2_X1)
     1    3.06    0.01    0.06    0.42 v _44288_/Z (MUX2_X1)
                  0.01    0.00    0.42 v _53499_/A (HA_X1)
     1    0.89    0.01    0.05    0.47 v _53499_/S (HA_X1)
                  0.01    0.00    0.47 v _32732_/A2 (AND2_X1)
     1    1.55    0.01    0.03    0.50 v _32732_/ZN (AND2_X1)
                  0.01    0.00    0.50 v _32733_/A4 (NOR4_X1)
     2    3.27    0.06    0.09    0.60 ^ _32733_/ZN (NOR4_X1)
                  0.06    0.00    0.60 ^ _32734_/A (INV_X1)
     2    3.96    0.02    0.02    0.61 v _32734_/ZN (INV_X1)
                  0.02    0.00    0.61 v _53500_/A (HA_X1)
     2    4.89    0.01    0.04    0.65 v _53500_/CO (HA_X1)
                  0.01    0.00    0.65 v _53505_/B (HA_X1)
     1    1.50    0.01    0.05    0.71 v _53505_/S (HA_X1)
                  0.01    0.00    0.71 v _32761_/A2 (NAND2_X1)
     1    1.52    0.01    0.02    0.72 ^ _32761_/ZN (NAND2_X1)
                  0.01    0.00    0.72 ^ _32766_/A1 (NAND4_X1)
     4    7.05    0.03    0.04    0.77 v _32766_/ZN (NAND4_X1)
                  0.03    0.00    0.77 v _53506_/A (HA_X1)
     2    3.00    0.01    0.04    0.81 v _53506_/CO (HA_X1)
                  0.01    0.00    0.81 v _32777_/A2 (NAND2_X1)
     1    1.65    0.01    0.02    0.83 ^ _32777_/ZN (NAND2_X1)
                  0.01    0.00    0.83 ^ _32778_/A3 (NAND3_X1)
     3    3.91    0.02    0.03    0.85 v _32778_/ZN (NAND3_X1)
                  0.02    0.00    0.85 v _32779_/A2 (AND2_X1)
     2    3.00    0.01    0.04    0.89 v _32779_/ZN (AND2_X1)
                  0.01    0.00    0.89 v _32780_/A4 (NOR4_X1)
     2    4.37    0.07    0.11    1.00 ^ _32780_/ZN (NOR4_X1)
                  0.07    0.00    1.00 ^ _32795_/A3 (AND4_X1)
     1    3.45    0.02    0.07    1.07 ^ _32795_/ZN (AND4_X1)
                  0.02    0.00    1.07 ^ _53510_/B (HA_X1)
     1    0.83    0.01    0.01    1.09 v _53510_/S (HA_X1)
                  0.01    0.00    1.09 v _48817_/A2 (OR4_X1)
     1    1.41    0.02    0.10    1.19 v _48817_/ZN (OR4_X1)
                  0.02    0.00    1.19 v _48818_/B2 (AOI21_X1)
     1    1.66    0.02    0.03    1.22 ^ _48818_/ZN (AOI21_X1)
                  0.02    0.00    1.22 ^ _48819_/A4 (NAND4_X1)
     1    1.45    0.02    0.03    1.25 v _48819_/ZN (NAND4_X1)
                  0.02    0.00    1.25 v _48820_/B1 (AOI21_X1)
     1    1.14    0.02    0.03    1.28 ^ _48820_/ZN (AOI21_X1)
                  0.02    0.00    1.28 ^ _56932_/D (DFF_X1)
                                  1.28   data arrival time

                  0.00    0.01    0.01   clock clk (rise edge)
                          0.00    0.01   clock network delay (ideal)
                          0.00    0.01   clock reconvergence pessimism
                                  0.01 ^ _56932_/CK (DFF_X1)
                         -0.03   -0.02   library setup time
                                 -0.02   data required time
-----------------------------------------------------------------------------
                                 -0.02   data required time
                                 -1.28   data arrival time
-----------------------------------------------------------------------------
                                 -1.30   slack (VIOLATED)



==========================================================================
floorplan final report_power
--------------------------------------------------------------------------
Group                  Internal  Switching    Leakage      Total
                          Power      Power      Power      Power (Watts)
----------------------------------------------------------------
Sequential             2.00e-01   1.29e-01   2.02e-05   3.29e-01   6.4%
Combinational          2.65e+00   2.13e+00   7.95e-04   4.78e+00  93.6%
Clock                  0.00e+00   0.00e+00   0.00e+00   0.00e+00   0.0%
Macro                  0.00e+00   0.00e+00   0.00e+00   0.00e+00   0.0%
Pad                    0.00e+00   0.00e+00   0.00e+00   0.00e+00   0.0%
----------------------------------------------------------------
Total                  2.85e+00   2.26e+00   8.15e-04   5.11e+00 100.0%
                          55.8%      44.2%       0.0%

==========================================================================
floorplan final report_design_area
--------------------------------------------------------------------------
Design area 38051 u^2 1% utilization.

