OpenROAD v2.0-22532-gac667f3cc7 
Features included (+) or not (-): +GPU +GUI +Python
This program is licensed under the BSD-3 license. See the LICENSE file for details.
Components of this program may be licensed under more restrictive licenses which must be honored.
[INFO ODB-0227] LEF file: /project/cad-team/LX_Semicon/kmcho/EoR/pdk/Nangate45/Nangate45_tech.lef, created 22 layers, 27 vias
[INFO ODB-0227] LEF file: /project/cad-team/LX_Semicon/kmcho/EoR/pdk/Nangate45/Nangate45_stdcell.lef, created 135 library cells
[INFO IFP-0001] Added 944 rows of 6955 site FreePDK45_38x28_10R_NP_162NW_34O.
Default units for flow
 time 1ns
 capacitance 1fF
 resistance 1kohm
 voltage 1v
 current 1mA
 power 1nW
 distance 1um

==========================================================================
floorplan final check_setup
--------------------------------------------------------------------------
Warning: There are 257 input ports missing set_input_delay.
Warning: There are 256 output ports missing set_output_delay.
Warning: There are 256 unconstrained endpoints.

==========================================================================
floorplan final report_tns
--------------------------------------------------------------------------
tns max -179.83

==========================================================================
floorplan final report_wns
--------------------------------------------------------------------------
wns max -0.74

==========================================================================
floorplan final report_worst_slack
--------------------------------------------------------------------------
worst slack max -0.74

==========================================================================
floorplan final report_checks -path_delay min
--------------------------------------------------------------------------
[WARNING STA-0168] unknown field nets.
Startpoint: _9645_ (rising edge-triggered flip-flop clocked by clk)
Endpoint: _9645_ (rising edge-triggered flip-flop clocked by clk)
Path Group: clk
Path Type: min

Fanout     Cap    Slew   Delay    Time   Description
-----------------------------------------------------------------------------
                  0.00    0.00    0.00   clock clk (rise edge)
                          0.00    0.00   clock network delay (ideal)
                  0.00    0.00    0.00 ^ _9645_/CK (DFF_X1)
     2    1.44    0.01    0.08    0.08 v _9645_/Q (DFF_X1)
                  0.01    0.00    0.08 v _7838_/C1 (OAI211_X1)
     1    1.66    0.01    0.03    0.11 ^ _7838_/ZN (OAI211_X1)
                  0.01    0.00    0.11 ^ _7839_/B1 (OAI21_X1)
     1    1.06    0.01    0.01    0.12 v _7839_/ZN (OAI21_X1)
                  0.01    0.00    0.12 v _9645_/D (DFF_X1)
                                  0.12   data arrival time

                  0.00    0.00    0.00   clock clk (rise edge)
                          0.00    0.00   clock network delay (ideal)
                          0.00    0.00   clock reconvergence pessimism
                                  0.00 ^ _9645_/CK (DFF_X1)
                          0.00    0.00   library hold time
                                  0.00   data required time
-----------------------------------------------------------------------------
                                  0.00   data required time
                                 -0.12   data arrival time
-----------------------------------------------------------------------------
                                  0.12   slack (MET)



==========================================================================
floorplan final report_checks -path_delay max
--------------------------------------------------------------------------
[WARNING STA-0168] unknown field nets.
Startpoint: _9399_ (rising edge-triggered flip-flop clocked by clk)
Endpoint: _9415_ (rising edge-triggered flip-flop clocked by clk)
Path Group: clk
Path Type: max

Fanout     Cap    Slew   Delay    Time   Description
-----------------------------------------------------------------------------
                  0.00    0.00    0.00   clock clk (rise edge)
                          0.00    0.00   clock network delay (ideal)
                  0.00    0.00    0.00 ^ _9399_/CK (DFF_X1)
    10   29.68    0.07    0.15    0.15 ^ _9399_/Q (DFF_X1)
                  0.07    0.00    0.15 ^ _8551_/B (FA_X1)
     1    1.55    0.01    0.10    0.25 v _8551_/S (FA_X1)
                  0.01    0.00    0.25 v _5957_/A (INV_X1)
     1    2.76    0.01    0.02    0.27 ^ _5957_/ZN (INV_X1)
                  0.01    0.00    0.27 ^ _8552_/CI (FA_X1)
     1    2.66    0.02    0.09    0.36 v _8552_/S (FA_X1)
                  0.02    0.00    0.36 v _8553_/CI (FA_X1)
     1    1.70    0.01    0.11    0.48 ^ _8553_/S (FA_X1)
                  0.01    0.00    0.48 ^ _6506_/A (INV_X1)
     1    3.34    0.01    0.01    0.49 v _6506_/ZN (INV_X1)
                  0.01    0.00    0.49 v _9229_/B (HA_X1)
     1    3.40    0.01    0.03    0.52 v _9229_/CO (HA_X1)
                  0.01    0.00    0.52 v _8554_/B (FA_X1)
     1    1.70    0.01    0.12    0.64 ^ _8554_/S (FA_X1)
                  0.01    0.00    0.64 ^ _6891_/A (INV_X1)
     1    1.34    0.00    0.01    0.64 v _6891_/ZN (INV_X1)
                  0.00    0.00    0.64 v _6893_/A1 (NOR4_X1)
     1    0.95    0.04    0.04    0.68 ^ _6893_/ZN (NOR4_X1)
                  0.04    0.00    0.68 ^ _6894_/A (MUX2_X1)
     1    1.14    0.01    0.04    0.72 ^ _6894_/Z (MUX2_X1)
                  0.01    0.00    0.72 ^ _9415_/D (DFF_X1)
                                  0.72   data arrival time

                  0.00    0.01    0.01   clock clk (rise edge)
                          0.00    0.01   clock network delay (ideal)
                          0.00    0.01   clock reconvergence pessimism
                                  0.01 ^ _9415_/CK (DFF_X1)
                         -0.03   -0.02   library setup time
                                 -0.02   data required time
-----------------------------------------------------------------------------
                                 -0.02   data required time
                                 -0.72   data arrival time
-----------------------------------------------------------------------------
                                 -0.74   slack (VIOLATED)



==========================================================================
floorplan final report_checks -unconstrained
--------------------------------------------------------------------------
[WARNING STA-0168] unknown field nets.
Startpoint: _9399_ (rising edge-triggered flip-flop clocked by clk)
Endpoint: _9415_ (rising edge-triggered flip-flop clocked by clk)
Path Group: clk
Path Type: max

Fanout     Cap    Slew   Delay    Time   Description
-----------------------------------------------------------------------------
                  0.00    0.00    0.00   clock clk (rise edge)
                          0.00    0.00   clock network delay (ideal)
                  0.00    0.00    0.00 ^ _9399_/CK (DFF_X1)
    10   29.68    0.07    0.15    0.15 ^ _9399_/Q (DFF_X1)
                  0.07    0.00    0.15 ^ _8551_/B (FA_X1)
     1    1.55    0.01    0.10    0.25 v _8551_/S (FA_X1)
                  0.01    0.00    0.25 v _5957_/A (INV_X1)
     1    2.76    0.01    0.02    0.27 ^ _5957_/ZN (INV_X1)
                  0.01    0.00    0.27 ^ _8552_/CI (FA_X1)
     1    2.66    0.02    0.09    0.36 v _8552_/S (FA_X1)
                  0.02    0.00    0.36 v _8553_/CI (FA_X1)
     1    1.70    0.01    0.11    0.48 ^ _8553_/S (FA_X1)
                  0.01    0.00    0.48 ^ _6506_/A (INV_X1)
     1    3.34    0.01    0.01    0.49 v _6506_/ZN (INV_X1)
                  0.01    0.00    0.49 v _9229_/B (HA_X1)
     1    3.40    0.01    0.03    0.52 v _9229_/CO (HA_X1)
                  0.01    0.00    0.52 v _8554_/B (FA_X1)
     1    1.70    0.01    0.12    0.64 ^ _8554_/S (FA_X1)
                  0.01    0.00    0.64 ^ _6891_/A (INV_X1)
     1    1.34    0.00    0.01    0.64 v _6891_/ZN (INV_X1)
                  0.00    0.00    0.64 v _6893_/A1 (NOR4_X1)
     1    0.95    0.04    0.04    0.68 ^ _6893_/ZN (NOR4_X1)
                  0.04    0.00    0.68 ^ _6894_/A (MUX2_X1)
     1    1.14    0.01    0.04    0.72 ^ _6894_/Z (MUX2_X1)
                  0.01    0.00    0.72 ^ _9415_/D (DFF_X1)
                                  0.72   data arrival time

                  0.00    0.01    0.01   clock clk (rise edge)
                          0.00    0.01   clock network delay (ideal)
                          0.00    0.01   clock reconvergence pessimism
                                  0.01 ^ _9415_/CK (DFF_X1)
                         -0.03   -0.02   library setup time
                                 -0.02   data required time
-----------------------------------------------------------------------------
                                 -0.02   data required time
                                 -0.72   data arrival time
-----------------------------------------------------------------------------
                                 -0.74   slack (VIOLATED)



==========================================================================
floorplan final report_power
--------------------------------------------------------------------------
Group                  Internal  Switching    Leakage      Total
                          Power      Power      Power      Power (Watts)
----------------------------------------------------------------
Sequential             1.81e-01   1.40e-01   2.03e-05   3.22e-01  17.7%
Combinational          9.64e-01   5.29e-01   1.55e-04   1.49e+00  82.3%
Clock                  0.00e+00   0.00e+00   0.00e+00   0.00e+00   0.0%
Macro                  0.00e+00   0.00e+00   0.00e+00   0.00e+00   0.0%
Pad                    0.00e+00   0.00e+00   0.00e+00   0.00e+00   0.0%
----------------------------------------------------------------
Total                  1.15e+00   6.69e-01   1.76e-04   1.81e+00 100.0%
                          63.1%      36.9%       0.0%

==========================================================================
floorplan final report_design_area
--------------------------------------------------------------------------
Design area 8734 u^2 1% utilization.

