OpenROAD v2.0-22532-gac667f3cc7 
Features included (+) or not (-): +GPU +GUI +Python
This program is licensed under the BSD-3 license. See the LICENSE file for details.
Components of this program may be licensed under more restrictive licenses which must be honored.
[INFO ODB-0227] LEF file: /project/cad-team/LX_Semicon/kmcho/EoR/pdk/Nangate45/Nangate45_tech.lef, created 22 layers, 27 vias
[INFO ODB-0227] LEF file: /project/cad-team/LX_Semicon/kmcho/EoR/pdk/Nangate45/Nangate45_stdcell.lef, created 135 library cells
[INFO IFP-0001] Added 940 rows of 6931 site FreePDK45_38x28_10R_NP_162NW_34O.
Default units for flow
 time 1ns
 capacitance 1fF
 resistance 1kohm
 voltage 1v
 current 1mA
 power 1nW
 distance 1um

==========================================================================
floorplan final check_setup
--------------------------------------------------------------------------
Warning: There are 257 input ports missing set_input_delay.
Warning: There are 256 output ports missing set_output_delay.
Warning: There are 256 unconstrained endpoints.

==========================================================================
floorplan final report_tns
--------------------------------------------------------------------------
tns max -178.11

==========================================================================
floorplan final report_wns
--------------------------------------------------------------------------
wns max -0.73

==========================================================================
floorplan final report_worst_slack
--------------------------------------------------------------------------
worst slack max -0.73

==========================================================================
floorplan final report_checks -path_delay min
--------------------------------------------------------------------------
[WARNING STA-0168] unknown field nets.
Startpoint: _9522_ (rising edge-triggered flip-flop clocked by clk)
Endpoint: _9522_ (rising edge-triggered flip-flop clocked by clk)
Path Group: clk
Path Type: min

Fanout     Cap    Slew   Delay    Time   Description
-----------------------------------------------------------------------------
                  0.00    0.00    0.00   clock clk (rise edge)
                          0.00    0.00   clock network delay (ideal)
                  0.00    0.00    0.00 ^ _9522_/CK (DFF_X1)
     2    1.44    0.01    0.08    0.08 v _9522_/Q (DFF_X1)
                  0.01    0.00    0.08 v _7712_/C1 (OAI211_X1)
     1    1.66    0.01    0.03    0.11 ^ _7712_/ZN (OAI211_X1)
                  0.01    0.00    0.11 ^ _7713_/B1 (OAI21_X1)
     1    1.06    0.01    0.01    0.12 v _7713_/ZN (OAI21_X1)
                  0.01    0.00    0.12 v _9522_/D (DFF_X1)
                                  0.12   data arrival time

                  0.00    0.00    0.00   clock clk (rise edge)
                          0.00    0.00   clock network delay (ideal)
                          0.00    0.00   clock reconvergence pessimism
                                  0.00 ^ _9522_/CK (DFF_X1)
                          0.00    0.00   library hold time
                                  0.00   data required time
-----------------------------------------------------------------------------
                                  0.00   data required time
                                 -0.12   data arrival time
-----------------------------------------------------------------------------
                                  0.12   slack (MET)



==========================================================================
floorplan final report_checks -path_delay max
--------------------------------------------------------------------------
[WARNING STA-0168] unknown field nets.
Startpoint: _9276_ (rising edge-triggered flip-flop clocked by clk)
Endpoint: _9275_ (rising edge-triggered flip-flop clocked by clk)
Path Group: clk
Path Type: max

Fanout     Cap    Slew   Delay    Time   Description
-----------------------------------------------------------------------------
                  0.00    0.00    0.00   clock clk (rise edge)
                          0.00    0.00   clock network delay (ideal)
                  0.00    0.00    0.00 ^ _9276_/CK (DFF_X1)
    10   28.69    0.03    0.11    0.11 v _9276_/Q (DFF_X1)
                  0.03    0.00    0.11 v _7746_/B (FA_X1)
     1    1.70    0.01    0.13    0.24 ^ _7746_/S (FA_X1)
                  0.01    0.00    0.24 ^ _5662_/A (INV_X1)
     1    2.66    0.01    0.01    0.25 v _5662_/ZN (INV_X1)
                  0.01    0.00    0.25 v _7747_/CI (FA_X1)
     1    2.76    0.01    0.11    0.36 ^ _7747_/S (FA_X1)
                  0.01    0.00    0.36 ^ _7748_/CI (FA_X1)
     1    1.55    0.01    0.09    0.45 v _7748_/S (FA_X1)
                  0.01    0.00    0.45 v _6205_/A (INV_X1)
     1    3.45    0.01    0.02    0.47 ^ _6205_/ZN (INV_X1)
                  0.01    0.00    0.47 ^ _8766_/B (HA_X1)
     1    1.70    0.01    0.03    0.50 ^ _8766_/CO (HA_X1)
                  0.01    0.00    0.50 ^ _6557_/A (INV_X1)
     1    3.40    0.01    0.01    0.52 v _6557_/ZN (INV_X1)
                  0.01    0.00    0.52 v _7749_/B (FA_X1)
     1    1.74    0.01    0.12    0.63 ^ _7749_/S (FA_X1)
                  0.01    0.00    0.63 ^ _6691_/A1 (NOR4_X1)
     1    0.91    0.01    0.01    0.64 v _6691_/ZN (NOR4_X1)
                  0.01    0.00    0.64 v _6692_/A (MUX2_X1)
     1    1.06    0.01    0.06    0.70 v _6692_/Z (MUX2_X1)
                  0.01    0.00    0.70 v _9275_/D (DFF_X1)
                                  0.70   data arrival time

                  0.00    0.01    0.01   clock clk (rise edge)
                          0.00    0.01   clock network delay (ideal)
                          0.00    0.01   clock reconvergence pessimism
                                  0.01 ^ _9275_/CK (DFF_X1)
                         -0.04   -0.03   library setup time
                                 -0.03   data required time
-----------------------------------------------------------------------------
                                 -0.03   data required time
                                 -0.70   data arrival time
-----------------------------------------------------------------------------
                                 -0.73   slack (VIOLATED)



==========================================================================
floorplan final report_checks -unconstrained
--------------------------------------------------------------------------
[WARNING STA-0168] unknown field nets.
Startpoint: _9276_ (rising edge-triggered flip-flop clocked by clk)
Endpoint: _9275_ (rising edge-triggered flip-flop clocked by clk)
Path Group: clk
Path Type: max

Fanout     Cap    Slew   Delay    Time   Description
-----------------------------------------------------------------------------
                  0.00    0.00    0.00   clock clk (rise edge)
                          0.00    0.00   clock network delay (ideal)
                  0.00    0.00    0.00 ^ _9276_/CK (DFF_X1)
    10   28.69    0.03    0.11    0.11 v _9276_/Q (DFF_X1)
                  0.03    0.00    0.11 v _7746_/B (FA_X1)
     1    1.70    0.01    0.13    0.24 ^ _7746_/S (FA_X1)
                  0.01    0.00    0.24 ^ _5662_/A (INV_X1)
     1    2.66    0.01    0.01    0.25 v _5662_/ZN (INV_X1)
                  0.01    0.00    0.25 v _7747_/CI (FA_X1)
     1    2.76    0.01    0.11    0.36 ^ _7747_/S (FA_X1)
                  0.01    0.00    0.36 ^ _7748_/CI (FA_X1)
     1    1.55    0.01    0.09    0.45 v _7748_/S (FA_X1)
                  0.01    0.00    0.45 v _6205_/A (INV_X1)
     1    3.45    0.01    0.02    0.47 ^ _6205_/ZN (INV_X1)
                  0.01    0.00    0.47 ^ _8766_/B (HA_X1)
     1    1.70    0.01    0.03    0.50 ^ _8766_/CO (HA_X1)
                  0.01    0.00    0.50 ^ _6557_/A (INV_X1)
     1    3.40    0.01    0.01    0.52 v _6557_/ZN (INV_X1)
                  0.01    0.00    0.52 v _7749_/B (FA_X1)
     1    1.74    0.01    0.12    0.63 ^ _7749_/S (FA_X1)
                  0.01    0.00    0.63 ^ _6691_/A1 (NOR4_X1)
     1    0.91    0.01    0.01    0.64 v _6691_/ZN (NOR4_X1)
                  0.01    0.00    0.64 v _6692_/A (MUX2_X1)
     1    1.06    0.01    0.06    0.70 v _6692_/Z (MUX2_X1)
                  0.01    0.00    0.70 v _9275_/D (DFF_X1)
                                  0.70   data arrival time

                  0.00    0.01    0.01   clock clk (rise edge)
                          0.00    0.01   clock network delay (ideal)
                          0.00    0.01   clock reconvergence pessimism
                                  0.01 ^ _9275_/CK (DFF_X1)
                         -0.04   -0.03   library setup time
                                 -0.03   data required time
-----------------------------------------------------------------------------
                                 -0.03   data required time
                                 -0.70   data arrival time
-----------------------------------------------------------------------------
                                 -0.73   slack (VIOLATED)



==========================================================================
floorplan final report_power
--------------------------------------------------------------------------
Group                  Internal  Switching    Leakage      Total
                          Power      Power      Power      Power (Watts)
----------------------------------------------------------------
Sequential             1.84e-01   1.41e-01   2.03e-05   3.25e-01  18.0%
Combinational          9.58e-01   5.23e-01   1.53e-04   1.48e+00  82.0%
Clock                  0.00e+00   0.00e+00   0.00e+00   0.00e+00   0.0%
Macro                  0.00e+00   0.00e+00   0.00e+00   0.00e+00   0.0%
Pad                    0.00e+00   0.00e+00   0.00e+00   0.00e+00   0.0%
----------------------------------------------------------------
Total                  1.14e+00   6.64e-01   1.74e-04   1.81e+00 100.0%
                          63.2%      36.8%       0.0%

==========================================================================
floorplan final report_design_area
--------------------------------------------------------------------------
Design area 8673 u^2 1% utilization.

