OpenROAD v2.0-22532-gac667f3cc7 
Features included (+) or not (-): +GPU +GUI +Python
This program is licensed under the BSD-3 license. See the LICENSE file for details.
Components of this program may be licensed under more restrictive licenses which must be honored.
[INFO ODB-0227] LEF file: /project/cad-team/LX_Semicon/kmcho/EoR/pdk/Nangate45/Nangate45_tech.lef, created 22 layers, 27 vias
[INFO ODB-0227] LEF file: /project/cad-team/LX_Semicon/kmcho/EoR/pdk/Nangate45/Nangate45_stdcell.lef, created 135 library cells
[INFO IFP-0001] Added 941 rows of 6938 site FreePDK45_38x28_10R_NP_162NW_34O.
Default units for flow
 time 1ns
 capacitance 1fF
 resistance 1kohm
 voltage 1v
 current 1mA
 power 1nW
 distance 1um

==========================================================================
floorplan final check_setup
--------------------------------------------------------------------------
Warning: There are 257 input ports missing set_input_delay.
Warning: There are 256 output ports missing set_output_delay.
Warning: There are 256 unconstrained endpoints.

==========================================================================
floorplan final report_tns
--------------------------------------------------------------------------
tns max -177.34

==========================================================================
floorplan final report_wns
--------------------------------------------------------------------------
wns max -0.72

==========================================================================
floorplan final report_worst_slack
--------------------------------------------------------------------------
worst slack max -0.72

==========================================================================
floorplan final report_checks -path_delay min
--------------------------------------------------------------------------
[WARNING STA-0168] unknown field nets.
Startpoint: _9819_ (rising edge-triggered flip-flop clocked by clk)
Endpoint: _9819_ (rising edge-triggered flip-flop clocked by clk)
Path Group: clk
Path Type: min

Fanout     Cap    Slew   Delay    Time   Description
-----------------------------------------------------------------------------
                  0.00    0.00    0.00   clock clk (rise edge)
                          0.00    0.00   clock network delay (ideal)
                  0.00    0.00    0.00 ^ _9819_/CK (DFF_X1)
     2    1.44    0.01    0.08    0.08 v _9819_/Q (DFF_X1)
                  0.01    0.00    0.08 v _7974_/C1 (OAI211_X1)
     1    1.66    0.01    0.03    0.11 ^ _7974_/ZN (OAI211_X1)
                  0.01    0.00    0.11 ^ _7975_/B1 (OAI21_X1)
     1    1.06    0.01    0.01    0.12 v _7975_/ZN (OAI21_X1)
                  0.01    0.00    0.12 v _9819_/D (DFF_X1)
                                  0.12   data arrival time

                  0.00    0.00    0.00   clock clk (rise edge)
                          0.00    0.00   clock network delay (ideal)
                          0.00    0.00   clock reconvergence pessimism
                                  0.00 ^ _9819_/CK (DFF_X1)
                          0.00    0.00   library hold time
                                  0.00   data required time
-----------------------------------------------------------------------------
                                  0.00   data required time
                                 -0.12   data arrival time
-----------------------------------------------------------------------------
                                  0.12   slack (MET)



==========================================================================
floorplan final report_checks -path_delay max
--------------------------------------------------------------------------
[WARNING STA-0168] unknown field nets.
Startpoint: _9591_ (rising edge-triggered flip-flop clocked by clk)
Endpoint: _9830_ (rising edge-triggered flip-flop clocked by clk)
Path Group: clk
Path Type: max

Fanout     Cap    Slew   Delay    Time   Description
-----------------------------------------------------------------------------
                  0.00    0.00    0.00   clock clk (rise edge)
                          0.00    0.00   clock network delay (ideal)
                  0.00    0.00    0.00 ^ _9591_/CK (DFF_X1)
    10   29.62    0.07    0.15    0.15 ^ _9591_/Q (DFF_X1)
                  0.07    0.00    0.15 ^ _9041_/B (FA_X1)
     1    1.55    0.01    0.10    0.25 v _9041_/S (FA_X1)
                  0.01    0.00    0.25 v _6190_/A (INV_X1)
     1    2.76    0.01    0.02    0.27 ^ _6190_/ZN (INV_X1)
                  0.01    0.00    0.27 ^ _9042_/CI (FA_X1)
     1    2.66    0.02    0.09    0.36 v _9042_/S (FA_X1)
                  0.02    0.00    0.36 v _9043_/CI (FA_X1)
     1    1.70    0.01    0.11    0.48 ^ _9043_/S (FA_X1)
                  0.01    0.00    0.48 ^ _6439_/A (INV_X1)
     1    3.34    0.01    0.01    0.49 v _6439_/ZN (INV_X1)
                  0.01    0.00    0.49 v _9189_/B (HA_X1)
     1    1.55    0.01    0.03    0.52 v _9189_/CO (HA_X1)
                  0.01    0.00    0.52 v _6769_/A (INV_X1)
     1    3.47    0.01    0.02    0.53 ^ _6769_/ZN (INV_X1)
                  0.01    0.00    0.53 ^ _9044_/B (FA_X1)
     1    1.41    0.01    0.09    0.62 v _9044_/S (FA_X1)
                  0.01    0.00    0.62 v _8019_/A1 (NOR2_X1)
     1    1.66    0.02    0.03    0.65 ^ _8019_/ZN (NOR2_X1)
                  0.02    0.00    0.65 ^ _8020_/B (OAI211_X1)
     1    1.46    0.01    0.03    0.67 v _8020_/ZN (OAI211_X1)
                  0.01    0.00    0.67 v _8021_/B1 (OAI21_X1)
     1    1.14    0.02    0.03    0.70 ^ _8021_/ZN (OAI21_X1)
                  0.02    0.00    0.70 ^ _9830_/D (DFF_X1)
                                  0.70   data arrival time

                  0.00    0.01    0.01   clock clk (rise edge)
                          0.00    0.01   clock network delay (ideal)
                          0.00    0.01   clock reconvergence pessimism
                                  0.01 ^ _9830_/CK (DFF_X1)
                         -0.03   -0.02   library setup time
                                 -0.02   data required time
-----------------------------------------------------------------------------
                                 -0.02   data required time
                                 -0.70   data arrival time
-----------------------------------------------------------------------------
                                 -0.72   slack (VIOLATED)



==========================================================================
floorplan final report_checks -unconstrained
--------------------------------------------------------------------------
[WARNING STA-0168] unknown field nets.
Startpoint: _9591_ (rising edge-triggered flip-flop clocked by clk)
Endpoint: _9830_ (rising edge-triggered flip-flop clocked by clk)
Path Group: clk
Path Type: max

Fanout     Cap    Slew   Delay    Time   Description
-----------------------------------------------------------------------------
                  0.00    0.00    0.00   clock clk (rise edge)
                          0.00    0.00   clock network delay (ideal)
                  0.00    0.00    0.00 ^ _9591_/CK (DFF_X1)
    10   29.62    0.07    0.15    0.15 ^ _9591_/Q (DFF_X1)
                  0.07    0.00    0.15 ^ _9041_/B (FA_X1)
     1    1.55    0.01    0.10    0.25 v _9041_/S (FA_X1)
                  0.01    0.00    0.25 v _6190_/A (INV_X1)
     1    2.76    0.01    0.02    0.27 ^ _6190_/ZN (INV_X1)
                  0.01    0.00    0.27 ^ _9042_/CI (FA_X1)
     1    2.66    0.02    0.09    0.36 v _9042_/S (FA_X1)
                  0.02    0.00    0.36 v _9043_/CI (FA_X1)
     1    1.70    0.01    0.11    0.48 ^ _9043_/S (FA_X1)
                  0.01    0.00    0.48 ^ _6439_/A (INV_X1)
     1    3.34    0.01    0.01    0.49 v _6439_/ZN (INV_X1)
                  0.01    0.00    0.49 v _9189_/B (HA_X1)
     1    1.55    0.01    0.03    0.52 v _9189_/CO (HA_X1)
                  0.01    0.00    0.52 v _6769_/A (INV_X1)
     1    3.47    0.01    0.02    0.53 ^ _6769_/ZN (INV_X1)
                  0.01    0.00    0.53 ^ _9044_/B (FA_X1)
     1    1.41    0.01    0.09    0.62 v _9044_/S (FA_X1)
                  0.01    0.00    0.62 v _8019_/A1 (NOR2_X1)
     1    1.66    0.02    0.03    0.65 ^ _8019_/ZN (NOR2_X1)
                  0.02    0.00    0.65 ^ _8020_/B (OAI211_X1)
     1    1.46    0.01    0.03    0.67 v _8020_/ZN (OAI211_X1)
                  0.01    0.00    0.67 v _8021_/B1 (OAI21_X1)
     1    1.14    0.02    0.03    0.70 ^ _8021_/ZN (OAI21_X1)
                  0.02    0.00    0.70 ^ _9830_/D (DFF_X1)
                                  0.70   data arrival time

                  0.00    0.01    0.01   clock clk (rise edge)
                          0.00    0.01   clock network delay (ideal)
                          0.00    0.01   clock reconvergence pessimism
                                  0.01 ^ _9830_/CK (DFF_X1)
                         -0.03   -0.02   library setup time
                                 -0.02   data required time
-----------------------------------------------------------------------------
                                 -0.02   data required time
                                 -0.70   data arrival time
-----------------------------------------------------------------------------
                                 -0.72   slack (VIOLATED)



==========================================================================
floorplan final report_power
--------------------------------------------------------------------------
Group                  Internal  Switching    Leakage      Total
                          Power      Power      Power      Power (Watts)
----------------------------------------------------------------
Sequential             1.91e-01   1.44e-01   2.03e-05   3.35e-01  18.0%
Combinational          9.88e-01   5.39e-01   1.59e-04   1.53e+00  82.0%
Clock                  0.00e+00   0.00e+00   0.00e+00   0.00e+00   0.0%
Macro                  0.00e+00   0.00e+00   0.00e+00   0.00e+00   0.0%
Pad                    0.00e+00   0.00e+00   0.00e+00   0.00e+00   0.0%
----------------------------------------------------------------
Total                  1.18e+00   6.84e-01   1.79e-04   1.86e+00 100.0%
                          63.3%      36.7%       0.0%

==========================================================================
floorplan final report_design_area
--------------------------------------------------------------------------
Design area 8689 u^2 1% utilization.

