OpenROAD v2.0-22532-gac667f3cc7 
Features included (+) or not (-): +GPU +GUI +Python
This program is licensed under the BSD-3 license. See the LICENSE file for details.
Components of this program may be licensed under more restrictive licenses which must be honored.
[INFO ODB-0227] LEF file: /project/cad-team/LX_Semicon/kmcho/EoR/pdk/Nangate45/Nangate45_tech.lef, created 22 layers, 27 vias
[INFO ODB-0227] LEF file: /project/cad-team/LX_Semicon/kmcho/EoR/pdk/Nangate45/Nangate45_stdcell.lef, created 135 library cells
[INFO IFP-0001] Added 1641 rows of 12094 site FreePDK45_38x28_10R_NP_162NW_34O.
Default units for flow
 time 1ns
 capacitance 1fF
 resistance 1kohm
 voltage 1v
 current 1mA
 power 1nW
 distance 1um

==========================================================================
floorplan final check_setup
--------------------------------------------------------------------------
Warning: There are 257 input ports missing set_input_delay.
Warning: There are 256 output ports missing set_output_delay.
Warning: There are 256 unconstrained endpoints.

==========================================================================
floorplan final report_tns
--------------------------------------------------------------------------
tns max -260.58

==========================================================================
floorplan final report_wns
--------------------------------------------------------------------------
wns max -1.12

==========================================================================
floorplan final report_worst_slack
--------------------------------------------------------------------------
worst slack max -1.12

==========================================================================
floorplan final report_checks -path_delay min
--------------------------------------------------------------------------
[WARNING STA-0168] unknown field nets.
Startpoint: _32495_ (rising edge-triggered flip-flop clocked by clk)
Endpoint: _32495_ (rising edge-triggered flip-flop clocked by clk)
Path Group: clk
Path Type: min

Fanout     Cap    Slew   Delay    Time   Description
-----------------------------------------------------------------------------
                  0.00    0.00    0.00   clock clk (rise edge)
                          0.00    0.00   clock network delay (ideal)
                  0.00    0.00    0.00 ^ _32495_/CK (DFF_X1)
    10   26.30    0.03    0.11    0.11 v _32495_/Q (DFF_X1)
                  0.03    0.00    0.11 v _24747_/A2 (NOR2_X1)
     1    1.63    0.02    0.04    0.15 ^ _24747_/ZN (NOR2_X1)
                  0.02    0.00    0.15 ^ _24748_/A (AOI21_X1)
     1    1.52    0.01    0.01    0.16 v _24748_/ZN (AOI21_X1)
                  0.01    0.00    0.16 v _24753_/A1 (NAND4_X1)
     1    1.57    0.01    0.02    0.18 ^ _24753_/ZN (NAND4_X1)
                  0.01    0.00    0.18 ^ _24754_/B2 (OAI21_X1)
     1    1.06    0.01    0.01    0.19 v _24754_/ZN (OAI21_X1)
                  0.01    0.00    0.19 v _32495_/D (DFF_X1)
                                  0.19   data arrival time

                  0.00    0.00    0.00   clock clk (rise edge)
                          0.00    0.00   clock network delay (ideal)
                          0.00    0.00   clock reconvergence pessimism
                                  0.00 ^ _32495_/CK (DFF_X1)
                          0.00    0.00   library hold time
                                  0.00   data required time
-----------------------------------------------------------------------------
                                  0.00   data required time
                                 -0.19   data arrival time
-----------------------------------------------------------------------------
                                  0.19   slack (MET)



==========================================================================
floorplan final report_checks -path_delay max
--------------------------------------------------------------------------
[WARNING STA-0168] unknown field nets.
Startpoint: _32638_ (rising edge-triggered flip-flop clocked by clk)
Endpoint: _32399_ (rising edge-triggered flip-flop clocked by clk)
Path Group: clk
Path Type: max

Fanout     Cap    Slew   Delay    Time   Description
-----------------------------------------------------------------------------
                  0.00    0.00    0.00   clock clk (rise edge)
                          0.00    0.00   clock network delay (ideal)
                  0.00    0.00    0.00 ^ _32638_/CK (DFF_X1)
    15   43.07    0.10    0.18    0.18 ^ _32638_/Q (DFF_X1)
                  0.10    0.00    0.18 ^ _27665_/A (HA_X1)
     1    3.45    0.03    0.06    0.25 ^ _27665_/S (HA_X1)
                  0.03    0.00    0.25 ^ _27667_/B (HA_X1)
     2    5.15    0.02    0.05    0.29 ^ _27667_/CO (HA_X1)
                  0.02    0.00    0.29 ^ _23330_/A (INV_X1)
     1    3.40    0.01    0.01    0.30 v _23330_/ZN (INV_X1)
                  0.01    0.00    0.30 v _26709_/B (FA_X1)
     1    1.70    0.01    0.12    0.42 ^ _26709_/S (FA_X1)
                  0.01    0.00    0.42 ^ _22282_/A (INV_X1)
     1    3.06    0.01    0.01    0.43 v _22282_/ZN (INV_X1)
                  0.01    0.00    0.43 v _27670_/A (HA_X1)
     2    3.55    0.01    0.03    0.46 v _27670_/CO (HA_X1)
                  0.01    0.00    0.46 v _26710_/CI (FA_X1)
     2    4.81    0.02    0.12    0.58 ^ _26710_/S (FA_X1)
                  0.02    0.00    0.58 ^ _27679_/A (HA_X1)
     2    4.46    0.01    0.04    0.62 ^ _27679_/CO (HA_X1)
                  0.01    0.00    0.62 ^ _19213_/A (XOR2_X1)
     1    1.65    0.02    0.05    0.67 ^ _19213_/Z (XOR2_X1)
                  0.02    0.00    0.67 ^ _19214_/A3 (NAND3_X1)
     2    4.22    0.02    0.03    0.70 v _19214_/ZN (NAND3_X1)
                  0.02    0.00    0.70 v _26711_/CI (FA_X1)
     1    1.70    0.01    0.11    0.81 ^ _26711_/S (FA_X1)
                  0.01    0.00    0.81 ^ _19215_/A (INV_X1)
     2    4.59    0.01    0.01    0.82 v _19215_/ZN (INV_X1)
                  0.01    0.00    0.82 v _27683_/A (HA_X1)
     1    3.18    0.01    0.05    0.88 v _27683_/S (HA_X1)
                  0.01    0.00    0.88 v _23573_/A3 (OR4_X4)
     1    3.05    0.01    0.10    0.98 v _23573_/ZN (OR4_X4)
                  0.01    0.00    0.98 v _23574_/B (AOI211_X2)
     1    1.61    0.03    0.06    1.04 ^ _23574_/ZN (AOI211_X2)
                  0.03    0.00    1.04 ^ _23577_/A (OAI211_X1)
     1    1.56    0.01    0.03    1.07 v _23577_/ZN (OAI211_X1)
                  0.01    0.00    1.07 v _23578_/B2 (OAI21_X1)
     1    1.14    0.02    0.03    1.10 ^ _23578_/ZN (OAI21_X1)
                  0.02    0.00    1.10 ^ _32399_/D (DFF_X1)
                                  1.10   data arrival time

                  0.00    0.01    0.01   clock clk (rise edge)
                          0.00    0.01   clock network delay (ideal)
                          0.00    0.01   clock reconvergence pessimism
                                  0.01 ^ _32399_/CK (DFF_X1)
                         -0.03   -0.02   library setup time
                                 -0.02   data required time
-----------------------------------------------------------------------------
                                 -0.02   data required time
                                 -1.10   data arrival time
-----------------------------------------------------------------------------
                                 -1.12   slack (VIOLATED)



==========================================================================
floorplan final report_checks -unconstrained
--------------------------------------------------------------------------
[WARNING STA-0168] unknown field nets.
Startpoint: _32638_ (rising edge-triggered flip-flop clocked by clk)
Endpoint: _32399_ (rising edge-triggered flip-flop clocked by clk)
Path Group: clk
Path Type: max

Fanout     Cap    Slew   Delay    Time   Description
-----------------------------------------------------------------------------
                  0.00    0.00    0.00   clock clk (rise edge)
                          0.00    0.00   clock network delay (ideal)
                  0.00    0.00    0.00 ^ _32638_/CK (DFF_X1)
    15   43.07    0.10    0.18    0.18 ^ _32638_/Q (DFF_X1)
                  0.10    0.00    0.18 ^ _27665_/A (HA_X1)
     1    3.45    0.03    0.06    0.25 ^ _27665_/S (HA_X1)
                  0.03    0.00    0.25 ^ _27667_/B (HA_X1)
     2    5.15    0.02    0.05    0.29 ^ _27667_/CO (HA_X1)
                  0.02    0.00    0.29 ^ _23330_/A (INV_X1)
     1    3.40    0.01    0.01    0.30 v _23330_/ZN (INV_X1)
                  0.01    0.00    0.30 v _26709_/B (FA_X1)
     1    1.70    0.01    0.12    0.42 ^ _26709_/S (FA_X1)
                  0.01    0.00    0.42 ^ _22282_/A (INV_X1)
     1    3.06    0.01    0.01    0.43 v _22282_/ZN (INV_X1)
                  0.01    0.00    0.43 v _27670_/A (HA_X1)
     2    3.55    0.01    0.03    0.46 v _27670_/CO (HA_X1)
                  0.01    0.00    0.46 v _26710_/CI (FA_X1)
     2    4.81    0.02    0.12    0.58 ^ _26710_/S (FA_X1)
                  0.02    0.00    0.58 ^ _27679_/A (HA_X1)
     2    4.46    0.01    0.04    0.62 ^ _27679_/CO (HA_X1)
                  0.01    0.00    0.62 ^ _19213_/A (XOR2_X1)
     1    1.65    0.02    0.05    0.67 ^ _19213_/Z (XOR2_X1)
                  0.02    0.00    0.67 ^ _19214_/A3 (NAND3_X1)
     2    4.22    0.02    0.03    0.70 v _19214_/ZN (NAND3_X1)
                  0.02    0.00    0.70 v _26711_/CI (FA_X1)
     1    1.70    0.01    0.11    0.81 ^ _26711_/S (FA_X1)
                  0.01    0.00    0.81 ^ _19215_/A (INV_X1)
     2    4.59    0.01    0.01    0.82 v _19215_/ZN (INV_X1)
                  0.01    0.00    0.82 v _27683_/A (HA_X1)
     1    3.18    0.01    0.05    0.88 v _27683_/S (HA_X1)
                  0.01    0.00    0.88 v _23573_/A3 (OR4_X4)
     1    3.05    0.01    0.10    0.98 v _23573_/ZN (OR4_X4)
                  0.01    0.00    0.98 v _23574_/B (AOI211_X2)
     1    1.61    0.03    0.06    1.04 ^ _23574_/ZN (AOI211_X2)
                  0.03    0.00    1.04 ^ _23577_/A (OAI211_X1)
     1    1.56    0.01    0.03    1.07 v _23577_/ZN (OAI211_X1)
                  0.01    0.00    1.07 v _23578_/B2 (OAI21_X1)
     1    1.14    0.02    0.03    1.10 ^ _23578_/ZN (OAI21_X1)
                  0.02    0.00    1.10 ^ _32399_/D (DFF_X1)
                                  1.10   data arrival time

                  0.00    0.01    0.01   clock clk (rise edge)
                          0.00    0.01   clock network delay (ideal)
                          0.00    0.01   clock reconvergence pessimism
                                  0.01 ^ _32399_/CK (DFF_X1)
                         -0.03   -0.02   library setup time
                                 -0.02   data required time
-----------------------------------------------------------------------------
                                 -0.02   data required time
                                 -1.10   data arrival time
-----------------------------------------------------------------------------
                                 -1.12   slack (VIOLATED)



==========================================================================
floorplan final report_power
--------------------------------------------------------------------------
Group                  Internal  Switching    Leakage      Total
                          Power      Power      Power      Power (Watts)
----------------------------------------------------------------
Sequential             1.75e-01   1.23e-01   2.03e-05   2.98e-01  11.5%
Combinational          1.42e+00   8.72e-01   5.08e-04   2.29e+00  88.5%
Clock                  0.00e+00   0.00e+00   0.00e+00   0.00e+00   0.0%
Macro                  0.00e+00   0.00e+00   0.00e+00   0.00e+00   0.0%
Pad                    0.00e+00   0.00e+00   0.00e+00   0.00e+00   0.0%
----------------------------------------------------------------
Total                  1.59e+00   9.94e-01   5.29e-04   2.59e+00 100.0%
                          61.6%      38.4%       0.0%

==========================================================================
floorplan final report_design_area
--------------------------------------------------------------------------
Design area 26402 u^2 1% utilization.

