OpenROAD v2.0-22532-gac667f3cc7 
Features included (+) or not (-): +GPU +GUI +Python
This program is licensed under the BSD-3 license. See the LICENSE file for details.
Components of this program may be licensed under more restrictive licenses which must be honored.
[INFO ODB-0227] LEF file: /project/cad-team/LX_Semicon/kmcho/EoR/pdk/Nangate45/Nangate45_tech.lef, created 22 layers, 27 vias
[INFO ODB-0227] LEF file: /project/cad-team/LX_Semicon/kmcho/EoR/pdk/Nangate45/Nangate45_stdcell.lef, created 135 library cells
[INFO IFP-0001] Added 951 rows of 7014 site FreePDK45_38x28_10R_NP_162NW_34O.
Default units for flow
 time 1ns
 capacitance 1fF
 resistance 1kohm
 voltage 1v
 current 1mA
 power 1nW
 distance 1um

==========================================================================
floorplan final check_setup
--------------------------------------------------------------------------
Warning: There are 257 input ports missing set_input_delay.
Warning: There are 256 output ports missing set_output_delay.
Warning: There are 256 unconstrained endpoints.

==========================================================================
floorplan final report_tns
--------------------------------------------------------------------------
tns max -179.74

==========================================================================
floorplan final report_wns
--------------------------------------------------------------------------
wns max -0.74

==========================================================================
floorplan final report_worst_slack
--------------------------------------------------------------------------
worst slack max -0.74

==========================================================================
floorplan final report_checks -path_delay min
--------------------------------------------------------------------------
[WARNING STA-0168] unknown field nets.
Startpoint: _9656_ (rising edge-triggered flip-flop clocked by clk)
Endpoint: _9656_ (rising edge-triggered flip-flop clocked by clk)
Path Group: clk
Path Type: min

Fanout     Cap    Slew   Delay    Time   Description
-----------------------------------------------------------------------------
                  0.00    0.00    0.00   clock clk (rise edge)
                          0.00    0.00   clock network delay (ideal)
                  0.00    0.00    0.00 ^ _9656_/CK (DFF_X1)
     2    1.56    0.01    0.08    0.08 v _9656_/Q (DFF_X1)
                  0.01    0.00    0.08 v _7814_/A2 (NOR2_X1)
     1    1.61    0.02    0.03    0.11 ^ _7814_/ZN (NOR2_X1)
                  0.02    0.00    0.11 ^ _7815_/A4 (NOR4_X1)
     1    0.91    0.00    0.01    0.12 v _7815_/ZN (NOR4_X1)
                  0.00    0.00    0.12 v _7816_/A (MUX2_X1)
     1    1.06    0.01    0.05    0.17 v _7816_/Z (MUX2_X1)
                  0.01    0.00    0.17 v _9656_/D (DFF_X1)
                                  0.17   data arrival time

                  0.00    0.00    0.00   clock clk (rise edge)
                          0.00    0.00   clock network delay (ideal)
                          0.00    0.00   clock reconvergence pessimism
                                  0.00 ^ _9656_/CK (DFF_X1)
                          0.00    0.00   library hold time
                                  0.00   data required time
-----------------------------------------------------------------------------
                                  0.00   data required time
                                 -0.17   data arrival time
-----------------------------------------------------------------------------
                                  0.17   slack (MET)



==========================================================================
floorplan final report_checks -path_delay max
--------------------------------------------------------------------------
[WARNING STA-0168] unknown field nets.
Startpoint: _9420_ (rising edge-triggered flip-flop clocked by clk)
Endpoint: _9419_ (rising edge-triggered flip-flop clocked by clk)
Path Group: clk
Path Type: max

Fanout     Cap    Slew   Delay    Time   Description
-----------------------------------------------------------------------------
                  0.00    0.00    0.00   clock clk (rise edge)
                          0.00    0.00   clock network delay (ideal)
                  0.00    0.00    0.00 ^ _9420_/CK (DFF_X1)
    10   29.68    0.07    0.15    0.15 ^ _9420_/Q (DFF_X1)
                  0.07    0.00    0.15 ^ _7890_/B (FA_X1)
     1    1.55    0.01    0.10    0.25 v _7890_/S (FA_X1)
                  0.01    0.00    0.25 v _5808_/A (INV_X1)
     1    2.76    0.01    0.02    0.27 ^ _5808_/ZN (INV_X1)
                  0.01    0.00    0.27 ^ _7891_/CI (FA_X1)
     1    2.66    0.02    0.09    0.36 v _7891_/S (FA_X1)
                  0.02    0.00    0.36 v _7892_/CI (FA_X1)
     1    1.70    0.01    0.11    0.48 ^ _7892_/S (FA_X1)
                  0.01    0.00    0.48 ^ _6511_/A (INV_X1)
     1    3.34    0.01    0.01    0.49 v _6511_/ZN (INV_X1)
                  0.01    0.00    0.49 v _9239_/B (HA_X1)
     1    3.61    0.01    0.03    0.52 v _9239_/CO (HA_X1)
                  0.01    0.00    0.52 v _7893_/A (FA_X1)
     1    1.70    0.01    0.11    0.63 ^ _7893_/S (FA_X1)
                  0.01    0.00    0.63 ^ _6840_/A (INV_X1)
     1    1.34    0.00    0.01    0.64 v _6840_/ZN (INV_X1)
                  0.00    0.00    0.64 v _6842_/A1 (NOR4_X1)
     1    0.95    0.04    0.04    0.67 ^ _6842_/ZN (NOR4_X1)
                  0.04    0.00    0.67 ^ _6843_/A (MUX2_X1)
     1    1.14    0.01    0.04    0.72 ^ _6843_/Z (MUX2_X1)
                  0.01    0.00    0.72 ^ _9419_/D (DFF_X1)
                                  0.72   data arrival time

                  0.00    0.01    0.01   clock clk (rise edge)
                          0.00    0.01   clock network delay (ideal)
                          0.00    0.01   clock reconvergence pessimism
                                  0.01 ^ _9419_/CK (DFF_X1)
                         -0.03   -0.02   library setup time
                                 -0.02   data required time
-----------------------------------------------------------------------------
                                 -0.02   data required time
                                 -0.72   data arrival time
-----------------------------------------------------------------------------
                                 -0.74   slack (VIOLATED)



==========================================================================
floorplan final report_checks -unconstrained
--------------------------------------------------------------------------
[WARNING STA-0168] unknown field nets.
Startpoint: _9420_ (rising edge-triggered flip-flop clocked by clk)
Endpoint: _9419_ (rising edge-triggered flip-flop clocked by clk)
Path Group: clk
Path Type: max

Fanout     Cap    Slew   Delay    Time   Description
-----------------------------------------------------------------------------
                  0.00    0.00    0.00   clock clk (rise edge)
                          0.00    0.00   clock network delay (ideal)
                  0.00    0.00    0.00 ^ _9420_/CK (DFF_X1)
    10   29.68    0.07    0.15    0.15 ^ _9420_/Q (DFF_X1)
                  0.07    0.00    0.15 ^ _7890_/B (FA_X1)
     1    1.55    0.01    0.10    0.25 v _7890_/S (FA_X1)
                  0.01    0.00    0.25 v _5808_/A (INV_X1)
     1    2.76    0.01    0.02    0.27 ^ _5808_/ZN (INV_X1)
                  0.01    0.00    0.27 ^ _7891_/CI (FA_X1)
     1    2.66    0.02    0.09    0.36 v _7891_/S (FA_X1)
                  0.02    0.00    0.36 v _7892_/CI (FA_X1)
     1    1.70    0.01    0.11    0.48 ^ _7892_/S (FA_X1)
                  0.01    0.00    0.48 ^ _6511_/A (INV_X1)
     1    3.34    0.01    0.01    0.49 v _6511_/ZN (INV_X1)
                  0.01    0.00    0.49 v _9239_/B (HA_X1)
     1    3.61    0.01    0.03    0.52 v _9239_/CO (HA_X1)
                  0.01    0.00    0.52 v _7893_/A (FA_X1)
     1    1.70    0.01    0.11    0.63 ^ _7893_/S (FA_X1)
                  0.01    0.00    0.63 ^ _6840_/A (INV_X1)
     1    1.34    0.00    0.01    0.64 v _6840_/ZN (INV_X1)
                  0.00    0.00    0.64 v _6842_/A1 (NOR4_X1)
     1    0.95    0.04    0.04    0.67 ^ _6842_/ZN (NOR4_X1)
                  0.04    0.00    0.67 ^ _6843_/A (MUX2_X1)
     1    1.14    0.01    0.04    0.72 ^ _6843_/Z (MUX2_X1)
                  0.01    0.00    0.72 ^ _9419_/D (DFF_X1)
                                  0.72   data arrival time

                  0.00    0.01    0.01   clock clk (rise edge)
                          0.00    0.01   clock network delay (ideal)
                          0.00    0.01   clock reconvergence pessimism
                                  0.01 ^ _9419_/CK (DFF_X1)
                         -0.03   -0.02   library setup time
                                 -0.02   data required time
-----------------------------------------------------------------------------
                                 -0.02   data required time
                                 -0.72   data arrival time
-----------------------------------------------------------------------------
                                 -0.74   slack (VIOLATED)



==========================================================================
floorplan final report_power
--------------------------------------------------------------------------
Group                  Internal  Switching    Leakage      Total
                          Power      Power      Power      Power (Watts)
----------------------------------------------------------------
Sequential             1.81e-01   1.40e-01   2.03e-05   3.21e-01  17.6%
Combinational          9.73e-01   5.33e-01   1.63e-04   1.51e+00  82.4%
Clock                  0.00e+00   0.00e+00   0.00e+00   0.00e+00   0.0%
Macro                  0.00e+00   0.00e+00   0.00e+00   0.00e+00   0.0%
Pad                    0.00e+00   0.00e+00   0.00e+00   0.00e+00   0.0%
----------------------------------------------------------------
Total                  1.15e+00   6.73e-01   1.83e-04   1.83e+00 100.0%
                          63.1%      36.8%       0.0%

==========================================================================
floorplan final report_design_area
--------------------------------------------------------------------------
Design area 8880 u^2 1% utilization.

