OpenROAD v2.0-22532-gac667f3cc7 
Features included (+) or not (-): +GPU +GUI +Python
This program is licensed under the BSD-3 license. See the LICENSE file for details.
Components of this program may be licensed under more restrictive licenses which must be honored.
[INFO ODB-0227] LEF file: /project/cad-team/LX_Semicon/kmcho/EoR/pdk/Nangate45/Nangate45_tech.lef, created 22 layers, 27 vias
[INFO ODB-0227] LEF file: /project/cad-team/LX_Semicon/kmcho/EoR/pdk/Nangate45/Nangate45_stdcell.lef, created 135 library cells
[INFO IFP-0001] Added 1377 rows of 10152 site FreePDK45_38x28_10R_NP_162NW_34O.
Default units for flow
 time 1ns
 capacitance 1fF
 resistance 1kohm
 voltage 1v
 current 1mA
 power 1nW
 distance 1um

==========================================================================
floorplan final check_setup
--------------------------------------------------------------------------
Warning: There are 257 input ports missing set_input_delay.
Warning: There are 256 output ports missing set_output_delay.
Warning: There are 256 unconstrained endpoints.

==========================================================================
floorplan final report_tns
--------------------------------------------------------------------------
tns max -207.73

==========================================================================
floorplan final report_wns
--------------------------------------------------------------------------
wns max -0.84

==========================================================================
floorplan final report_worst_slack
--------------------------------------------------------------------------
worst slack max -0.84

==========================================================================
floorplan final report_checks -path_delay min
--------------------------------------------------------------------------
[WARNING STA-0168] unknown field nets.
Startpoint: _20604_ (rising edge-triggered flip-flop clocked by clk)
Endpoint: _20604_ (rising edge-triggered flip-flop clocked by clk)
Path Group: clk
Path Type: min

Fanout     Cap    Slew   Delay    Time   Description
-----------------------------------------------------------------------------
                  0.00    0.00    0.00   clock clk (rise edge)
                          0.00    0.00   clock network delay (ideal)
                  0.00    0.00    0.00 ^ _20604_/CK (DFF_X1)
    10   25.90    0.03    0.11    0.11 v _20604_/Q (DFF_X1)
                  0.03    0.00    0.11 v _15073_/C1 (OAI211_X1)
     1    1.57    0.01    0.04    0.15 ^ _15073_/ZN (OAI211_X1)
                  0.01    0.00    0.15 ^ _15074_/B2 (OAI21_X1)
     1    1.06    0.01    0.02    0.16 v _15074_/ZN (OAI21_X1)
                  0.01    0.00    0.16 v _20604_/D (DFF_X1)
                                  0.16   data arrival time

                  0.00    0.00    0.00   clock clk (rise edge)
                          0.00    0.00   clock network delay (ideal)
                          0.00    0.00   clock reconvergence pessimism
                                  0.00 ^ _20604_/CK (DFF_X1)
                          0.00    0.00   library hold time
                                  0.00   data required time
-----------------------------------------------------------------------------
                                  0.00   data required time
                                 -0.16   data arrival time
-----------------------------------------------------------------------------
                                  0.16   slack (MET)



==========================================================================
floorplan final report_checks -path_delay max
--------------------------------------------------------------------------
[WARNING STA-0168] unknown field nets.
Startpoint: _20475_ (rising edge-triggered flip-flop clocked by clk)
Endpoint: _20663_ (rising edge-triggered flip-flop clocked by clk)
Path Group: clk
Path Type: max

Fanout     Cap    Slew   Delay    Time   Description
-----------------------------------------------------------------------------
                  0.00    0.00    0.00   clock clk (rise edge)
                          0.00    0.00   clock network delay (ideal)
                  0.00    0.00    0.00 ^ _20475_/CK (DFF_X1)
     3    9.46    0.02    0.08    0.08 v _20475_/QN (DFF_X1)
                  0.02    0.00    0.08 v _16309_/B (FA_X1)
     1    1.70    0.01    0.12    0.20 ^ _16309_/S (FA_X1)
                  0.01    0.00    0.20 ^ _13515_/A (INV_X1)
     1    3.34    0.01    0.01    0.21 v _13515_/ZN (INV_X1)
                  0.01    0.00    0.21 v _20394_/B (HA_X1)
     2    6.66    0.01    0.04    0.25 v _20394_/CO (HA_X1)
                  0.01    0.00    0.25 v _16310_/A (FA_X1)
     1    3.45    0.01    0.12    0.37 ^ _16310_/S (FA_X1)
                  0.01    0.00    0.37 ^ _20401_/B (HA_X1)
     1    2.76    0.01    0.04    0.40 ^ _20401_/CO (HA_X1)
                  0.01    0.00    0.40 ^ _16311_/CI (FA_X1)
     1    3.34    0.02    0.09    0.50 v _16311_/S (FA_X1)
                  0.02    0.00    0.50 v _20405_/B (HA_X1)
     1    3.34    0.01    0.06    0.56 v _20405_/S (HA_X1)
                  0.01    0.00    0.56 v _20406_/B (HA_X1)
     1    3.06    0.01    0.06    0.62 v _20406_/S (HA_X1)
                  0.01    0.00    0.62 v _20407_/A (HA_X1)
     1    0.85    0.01    0.05    0.67 v _20407_/S (HA_X1)
                  0.01    0.00    0.67 v _15542_/A3 (OR4_X1)
     1    1.56    0.02    0.11    0.78 v _15542_/ZN (OR4_X1)
                  0.02    0.00    0.78 v _15543_/B2 (OAI21_X1)
     1    1.14    0.02    0.03    0.81 ^ _15543_/ZN (OAI21_X1)
                  0.02    0.00    0.81 ^ _20663_/D (DFF_X1)
                                  0.81   data arrival time

                  0.00    0.01    0.01   clock clk (rise edge)
                          0.00    0.01   clock network delay (ideal)
                          0.00    0.01   clock reconvergence pessimism
                                  0.01 ^ _20663_/CK (DFF_X1)
                         -0.03   -0.02   library setup time
                                 -0.02   data required time
-----------------------------------------------------------------------------
                                 -0.02   data required time
                                 -0.81   data arrival time
-----------------------------------------------------------------------------
                                 -0.84   slack (VIOLATED)



==========================================================================
floorplan final report_checks -unconstrained
--------------------------------------------------------------------------
[WARNING STA-0168] unknown field nets.
Startpoint: _20475_ (rising edge-triggered flip-flop clocked by clk)
Endpoint: _20663_ (rising edge-triggered flip-flop clocked by clk)
Path Group: clk
Path Type: max

Fanout     Cap    Slew   Delay    Time   Description
-----------------------------------------------------------------------------
                  0.00    0.00    0.00   clock clk (rise edge)
                          0.00    0.00   clock network delay (ideal)
                  0.00    0.00    0.00 ^ _20475_/CK (DFF_X1)
     3    9.46    0.02    0.08    0.08 v _20475_/QN (DFF_X1)
                  0.02    0.00    0.08 v _16309_/B (FA_X1)
     1    1.70    0.01    0.12    0.20 ^ _16309_/S (FA_X1)
                  0.01    0.00    0.20 ^ _13515_/A (INV_X1)
     1    3.34    0.01    0.01    0.21 v _13515_/ZN (INV_X1)
                  0.01    0.00    0.21 v _20394_/B (HA_X1)
     2    6.66    0.01    0.04    0.25 v _20394_/CO (HA_X1)
                  0.01    0.00    0.25 v _16310_/A (FA_X1)
     1    3.45    0.01    0.12    0.37 ^ _16310_/S (FA_X1)
                  0.01    0.00    0.37 ^ _20401_/B (HA_X1)
     1    2.76    0.01    0.04    0.40 ^ _20401_/CO (HA_X1)
                  0.01    0.00    0.40 ^ _16311_/CI (FA_X1)
     1    3.34    0.02    0.09    0.50 v _16311_/S (FA_X1)
                  0.02    0.00    0.50 v _20405_/B (HA_X1)
     1    3.34    0.01    0.06    0.56 v _20405_/S (HA_X1)
                  0.01    0.00    0.56 v _20406_/B (HA_X1)
     1    3.06    0.01    0.06    0.62 v _20406_/S (HA_X1)
                  0.01    0.00    0.62 v _20407_/A (HA_X1)
     1    0.85    0.01    0.05    0.67 v _20407_/S (HA_X1)
                  0.01    0.00    0.67 v _15542_/A3 (OR4_X1)
     1    1.56    0.02    0.11    0.78 v _15542_/ZN (OR4_X1)
                  0.02    0.00    0.78 v _15543_/B2 (OAI21_X1)
     1    1.14    0.02    0.03    0.81 ^ _15543_/ZN (OAI21_X1)
                  0.02    0.00    0.81 ^ _20663_/D (DFF_X1)
                                  0.81   data arrival time

                  0.00    0.01    0.01   clock clk (rise edge)
                          0.00    0.01   clock network delay (ideal)
                          0.00    0.01   clock reconvergence pessimism
                                  0.01 ^ _20663_/CK (DFF_X1)
                         -0.03   -0.02   library setup time
                                 -0.02   data required time
-----------------------------------------------------------------------------
                                 -0.02   data required time
                                 -0.81   data arrival time
-----------------------------------------------------------------------------
                                 -0.84   slack (VIOLATED)



==========================================================================
floorplan final report_power
--------------------------------------------------------------------------
Group                  Internal  Switching    Leakage      Total
                          Power      Power      Power      Power (Watts)
----------------------------------------------------------------
Sequential             1.82e-01   1.52e-01   2.03e-05   3.34e-01  12.6%
Combinational          1.48e+00   8.29e-01   3.62e-04   2.31e+00  87.4%
Clock                  0.00e+00   0.00e+00   0.00e+00   0.00e+00   0.0%
Macro                  0.00e+00   0.00e+00   0.00e+00   0.00e+00   0.0%
Pad                    0.00e+00   0.00e+00   0.00e+00   0.00e+00   0.0%
----------------------------------------------------------------
Total                  1.66e+00   9.81e-01   3.82e-04   2.65e+00 100.0%
                          62.9%      37.1%       0.0%

==========================================================================
floorplan final report_design_area
--------------------------------------------------------------------------
Design area 18603 u^2 1% utilization.

