OpenROAD v2.0-22532-gac667f3cc7 
Features included (+) or not (-): +GPU +GUI +Python
This program is licensed under the BSD-3 license. See the LICENSE file for details.
Components of this program may be licensed under more restrictive licenses which must be honored.
[INFO ODB-0227] LEF file: /project/cad-team/LX_Semicon/kmcho/EoR/pdk/Nangate45/Nangate45_tech.lef, created 22 layers, 27 vias
[INFO ODB-0227] LEF file: /project/cad-team/LX_Semicon/kmcho/EoR/pdk/Nangate45/Nangate45_stdcell.lef, created 135 library cells
[INFO IFP-0001] Added 1977 rows of 14568 site FreePDK45_38x28_10R_NP_162NW_34O.
Default units for flow
 time 1ns
 capacitance 1fF
 resistance 1kohm
 voltage 1v
 current 1mA
 power 1nW
 distance 1um

==========================================================================
floorplan final check_setup
--------------------------------------------------------------------------
Warning: There are 257 input ports missing set_input_delay.
Warning: There are 256 output ports missing set_output_delay.
Warning: There are 256 unconstrained endpoints.

==========================================================================
floorplan final report_tns
--------------------------------------------------------------------------
tns max -301.47

==========================================================================
floorplan final report_wns
--------------------------------------------------------------------------
wns max -1.41

==========================================================================
floorplan final report_worst_slack
--------------------------------------------------------------------------
worst slack max -1.41

==========================================================================
floorplan final report_checks -path_delay min
--------------------------------------------------------------------------
[WARNING STA-0168] unknown field nets.
Startpoint: _58388_ (rising edge-triggered flip-flop clocked by clk)
Endpoint: _58371_ (rising edge-triggered flip-flop clocked by clk)
Path Group: clk
Path Type: min

Fanout     Cap    Slew   Delay    Time   Description
-----------------------------------------------------------------------------
                  0.00    0.00    0.00   clock clk (rise edge)
                          0.00    0.00   clock network delay (ideal)
                  0.00    0.00    0.00 ^ _58388_/CK (DFF_X1)
     4   10.02    0.03    0.08    0.08 ^ _58388_/QN (DFF_X1)
                  0.03    0.00    0.08 ^ _50086_/A1 (AOI22_X1)
     1    1.49    0.01    0.02    0.10 v _50086_/ZN (AOI22_X1)
                  0.01    0.00    0.10 v _50087_/A4 (NAND4_X1)
     1    1.66    0.01    0.02    0.12 ^ _50087_/ZN (NAND4_X1)
                  0.01    0.00    0.12 ^ _50092_/B1 (OAI21_X1)
     1    1.06    0.01    0.01    0.14 v _50092_/ZN (OAI21_X1)
                  0.01    0.00    0.14 v _58371_/D (DFF_X1)
                                  0.14   data arrival time

                  0.00    0.00    0.00   clock clk (rise edge)
                          0.00    0.00   clock network delay (ideal)
                          0.00    0.00   clock reconvergence pessimism
                                  0.00 ^ _58371_/CK (DFF_X1)
                          0.00    0.00   library hold time
                                  0.00   data required time
-----------------------------------------------------------------------------
                                  0.00   data required time
                                 -0.14   data arrival time
-----------------------------------------------------------------------------
                                  0.13   slack (MET)



==========================================================================
floorplan final report_checks -path_delay max
--------------------------------------------------------------------------
[WARNING STA-0168] unknown field nets.
Startpoint: _58539_ (rising edge-triggered flip-flop clocked by clk)
Endpoint: _58554_ (rising edge-triggered flip-flop clocked by clk)
Path Group: clk
Path Type: max

Fanout     Cap    Slew   Delay    Time   Description
-----------------------------------------------------------------------------
                  0.00    0.00    0.00   clock clk (rise edge)
                          0.00    0.00   clock network delay (ideal)
                  0.00    0.00    0.00 ^ _58539_/CK (DFF_X1)
     5   11.06    0.03    0.11    0.11 ^ _58539_/Q (DFF_X1)
                  0.03    0.00    0.11 ^ _41901_/A (BUF_X1)
     5    9.14    0.02    0.05    0.15 ^ _41901_/Z (BUF_X1)
                  0.02    0.00    0.15 ^ _41906_/A (BUF_X2)
    10   15.43    0.02    0.04    0.19 ^ _41906_/Z (BUF_X2)
                  0.02    0.00    0.19 ^ _41907_/A (BUF_X1)
    10   17.58    0.04    0.06    0.26 ^ _41907_/Z (BUF_X1)
                  0.04    0.00    0.26 ^ _47200_/A (XOR2_X1)
     1    3.19    0.03    0.06    0.32 ^ _47200_/Z (XOR2_X1)
                  0.03    0.00    0.32 ^ _57772_/A (HA_X1)
     2    3.27    0.03    0.06    0.38 ^ _57772_/S (HA_X1)
                  0.03    0.00    0.38 ^ _49023_/A2 (NOR2_X1)
     1    1.54    0.01    0.01    0.39 v _49023_/ZN (NOR2_X1)
                  0.01    0.00    0.39 v _49024_/A (AOI21_X1)
     1    3.45    0.03    0.05    0.44 ^ _49024_/ZN (AOI21_X1)
                  0.03    0.00    0.44 ^ _57773_/B (HA_X1)
     1    1.65    0.02    0.05    0.49 ^ _57773_/S (HA_X1)
                  0.02    0.00    0.49 ^ _49025_/A2 (NOR2_X1)
     1    1.56    0.01    0.01    0.50 v _49025_/ZN (NOR2_X1)
                  0.01    0.00    0.50 v _49028_/A (AOI211_X1)
     3    6.00    0.07    0.10    0.60 ^ _49028_/ZN (AOI211_X1)
                  0.07    0.00    0.60 ^ _57774_/B (HA_X1)
     2    4.33    0.01    0.05    0.65 ^ _57774_/CO (HA_X1)
                  0.01    0.00    0.65 ^ _57778_/B (HA_X1)
     1    1.65    0.02    0.05    0.70 ^ _57778_/S (HA_X1)
                  0.02    0.00    0.70 ^ _43478_/A2 (NOR2_X1)
     1    1.48    0.01    0.01    0.71 v _43478_/ZN (NOR2_X1)
                  0.01    0.00    0.71 v _43480_/A2 (NOR3_X1)
     6   10.87    0.09    0.12    0.83 ^ _43480_/ZN (NOR3_X1)
                  0.09    0.00    0.83 ^ _57779_/B (HA_X1)
     2    3.90    0.01    0.05    0.88 ^ _57779_/CO (HA_X1)
                  0.01    0.00    0.88 ^ _43482_/A (XNOR2_X1)
     1    1.67    0.02    0.04    0.92 ^ _43482_/ZN (XNOR2_X1)
                  0.02    0.00    0.92 ^ _43484_/B1 (OAI22_X1)
     1    0.89    0.01    0.02    0.94 v _43484_/ZN (OAI22_X1)
                  0.01    0.00    0.94 v _43485_/A2 (AND2_X1)
     2    4.22    0.01    0.04    0.98 v _43485_/ZN (AND2_X1)
                  0.01    0.00    0.98 v _43496_/A3 (AND4_X1)
     1    3.34    0.01    0.04    1.02 v _43496_/ZN (AND4_X1)
                  0.01    0.00    1.02 v _57783_/B (HA_X1)
     1    1.45    0.01    0.05    1.07 v _57783_/S (HA_X1)
                  0.01    0.00    1.07 v _53608_/A2 (NOR4_X1)
     1    1.58    0.04    0.06    1.13 ^ _53608_/ZN (NOR4_X1)
                  0.04    0.00    1.13 ^ _53609_/B1 (AOI22_X1)
     1    1.47    0.02    0.03    1.16 v _53609_/ZN (AOI22_X1)
                  0.02    0.00    1.16 v _53610_/B (AOI211_X1)
     1    1.67    0.04    0.07    1.23 ^ _53610_/ZN (AOI211_X1)
                  0.04    0.00    1.23 ^ _53617_/A (OAI21_X1)
     1    0.85    0.01    0.02    1.25 v _53617_/ZN (OAI21_X1)
                  0.01    0.00    1.25 v _53622_/A3 (OR4_X1)
     1    1.46    0.02    0.11    1.36 v _53622_/ZN (OR4_X1)
                  0.02    0.00    1.36 v _53624_/B1 (OAI21_X1)
     1    1.14    0.02    0.03    1.39 ^ _53624_/ZN (OAI21_X1)
                  0.02    0.00    1.39 ^ _58554_/D (DFF_X1)
                                  1.39   data arrival time

                  0.00    0.01    0.01   clock clk (rise edge)
                          0.00    0.01   clock network delay (ideal)
                          0.00    0.01   clock reconvergence pessimism
                                  0.01 ^ _58554_/CK (DFF_X1)
                         -0.03   -0.02   library setup time
                                 -0.02   data required time
-----------------------------------------------------------------------------
                                 -0.02   data required time
                                 -1.39   data arrival time
-----------------------------------------------------------------------------
                                 -1.41   slack (VIOLATED)



==========================================================================
floorplan final report_checks -unconstrained
--------------------------------------------------------------------------
[WARNING STA-0168] unknown field nets.
Startpoint: _58539_ (rising edge-triggered flip-flop clocked by clk)
Endpoint: _58554_ (rising edge-triggered flip-flop clocked by clk)
Path Group: clk
Path Type: max

Fanout     Cap    Slew   Delay    Time   Description
-----------------------------------------------------------------------------
                  0.00    0.00    0.00   clock clk (rise edge)
                          0.00    0.00   clock network delay (ideal)
                  0.00    0.00    0.00 ^ _58539_/CK (DFF_X1)
     5   11.06    0.03    0.11    0.11 ^ _58539_/Q (DFF_X1)
                  0.03    0.00    0.11 ^ _41901_/A (BUF_X1)
     5    9.14    0.02    0.05    0.15 ^ _41901_/Z (BUF_X1)
                  0.02    0.00    0.15 ^ _41906_/A (BUF_X2)
    10   15.43    0.02    0.04    0.19 ^ _41906_/Z (BUF_X2)
                  0.02    0.00    0.19 ^ _41907_/A (BUF_X1)
    10   17.58    0.04    0.06    0.26 ^ _41907_/Z (BUF_X1)
                  0.04    0.00    0.26 ^ _47200_/A (XOR2_X1)
     1    3.19    0.03    0.06    0.32 ^ _47200_/Z (XOR2_X1)
                  0.03    0.00    0.32 ^ _57772_/A (HA_X1)
     2    3.27    0.03    0.06    0.38 ^ _57772_/S (HA_X1)
                  0.03    0.00    0.38 ^ _49023_/A2 (NOR2_X1)
     1    1.54    0.01    0.01    0.39 v _49023_/ZN (NOR2_X1)
                  0.01    0.00    0.39 v _49024_/A (AOI21_X1)
     1    3.45    0.03    0.05    0.44 ^ _49024_/ZN (AOI21_X1)
                  0.03    0.00    0.44 ^ _57773_/B (HA_X1)
     1    1.65    0.02    0.05    0.49 ^ _57773_/S (HA_X1)
                  0.02    0.00    0.49 ^ _49025_/A2 (NOR2_X1)
     1    1.56    0.01    0.01    0.50 v _49025_/ZN (NOR2_X1)
                  0.01    0.00    0.50 v _49028_/A (AOI211_X1)
     3    6.00    0.07    0.10    0.60 ^ _49028_/ZN (AOI211_X1)
                  0.07    0.00    0.60 ^ _57774_/B (HA_X1)
     2    4.33    0.01    0.05    0.65 ^ _57774_/CO (HA_X1)
                  0.01    0.00    0.65 ^ _57778_/B (HA_X1)
     1    1.65    0.02    0.05    0.70 ^ _57778_/S (HA_X1)
                  0.02    0.00    0.70 ^ _43478_/A2 (NOR2_X1)
     1    1.48    0.01    0.01    0.71 v _43478_/ZN (NOR2_X1)
                  0.01    0.00    0.71 v _43480_/A2 (NOR3_X1)
     6   10.87    0.09    0.12    0.83 ^ _43480_/ZN (NOR3_X1)
                  0.09    0.00    0.83 ^ _57779_/B (HA_X1)
     2    3.90    0.01    0.05    0.88 ^ _57779_/CO (HA_X1)
                  0.01    0.00    0.88 ^ _43482_/A (XNOR2_X1)
     1    1.67    0.02    0.04    0.92 ^ _43482_/ZN (XNOR2_X1)
                  0.02    0.00    0.92 ^ _43484_/B1 (OAI22_X1)
     1    0.89    0.01    0.02    0.94 v _43484_/ZN (OAI22_X1)
                  0.01    0.00    0.94 v _43485_/A2 (AND2_X1)
     2    4.22    0.01    0.04    0.98 v _43485_/ZN (AND2_X1)
                  0.01    0.00    0.98 v _43496_/A3 (AND4_X1)
     1    3.34    0.01    0.04    1.02 v _43496_/ZN (AND4_X1)
                  0.01    0.00    1.02 v _57783_/B (HA_X1)
     1    1.45    0.01    0.05    1.07 v _57783_/S (HA_X1)
                  0.01    0.00    1.07 v _53608_/A2 (NOR4_X1)
     1    1.58    0.04    0.06    1.13 ^ _53608_/ZN (NOR4_X1)
                  0.04    0.00    1.13 ^ _53609_/B1 (AOI22_X1)
     1    1.47    0.02    0.03    1.16 v _53609_/ZN (AOI22_X1)
                  0.02    0.00    1.16 v _53610_/B (AOI211_X1)
     1    1.67    0.04    0.07    1.23 ^ _53610_/ZN (AOI211_X1)
                  0.04    0.00    1.23 ^ _53617_/A (OAI21_X1)
     1    0.85    0.01    0.02    1.25 v _53617_/ZN (OAI21_X1)
                  0.01    0.00    1.25 v _53622_/A3 (OR4_X1)
     1    1.46    0.02    0.11    1.36 v _53622_/ZN (OR4_X1)
                  0.02    0.00    1.36 v _53624_/B1 (OAI21_X1)
     1    1.14    0.02    0.03    1.39 ^ _53624_/ZN (OAI21_X1)
                  0.02    0.00    1.39 ^ _58554_/D (DFF_X1)
                                  1.39   data arrival time

                  0.00    0.01    0.01   clock clk (rise edge)
                          0.00    0.01   clock network delay (ideal)
                          0.00    0.01   clock reconvergence pessimism
                                  0.01 ^ _58554_/CK (DFF_X1)
                         -0.03   -0.02   library setup time
                                 -0.02   data required time
-----------------------------------------------------------------------------
                                 -0.02   data required time
                                 -1.39   data arrival time
-----------------------------------------------------------------------------
                                 -1.41   slack (VIOLATED)



==========================================================================
floorplan final report_power
--------------------------------------------------------------------------
Group                  Internal  Switching    Leakage      Total
                          Power      Power      Power      Power (Watts)
----------------------------------------------------------------
Sequential             2.01e-01   1.31e-01   2.02e-05   3.32e-01   6.6%
Combinational          2.58e+00   2.11e+00   7.92e-04   4.69e+00  93.4%
Clock                  0.00e+00   0.00e+00   0.00e+00   0.00e+00   0.0%
Macro                  0.00e+00   0.00e+00   0.00e+00   0.00e+00   0.0%
Pad                    0.00e+00   0.00e+00   0.00e+00   0.00e+00   0.0%
----------------------------------------------------------------
Total                  2.78e+00   2.24e+00   8.12e-04   5.02e+00 100.0%
                          55.3%      44.6%       0.0%

==========================================================================
floorplan final report_design_area
--------------------------------------------------------------------------
Design area 38307 u^2 1% utilization.

