OpenROAD v2.0-22532-gac667f3cc7 
Features included (+) or not (-): +GPU +GUI +Python
This program is licensed under the BSD-3 license. See the LICENSE file for details.
Components of this program may be licensed under more restrictive licenses which must be honored.
[INFO ODB-0227] LEF file: /project/cad-team/LX_Semicon/kmcho/EoR/pdk/Nangate45/Nangate45_tech.lef, created 22 layers, 27 vias
[INFO ODB-0227] LEF file: /project/cad-team/LX_Semicon/kmcho/EoR/pdk/Nangate45/Nangate45_stdcell.lef, created 135 library cells
[INFO IFP-0001] Added 1979 rows of 14584 site FreePDK45_38x28_10R_NP_162NW_34O.
Default units for flow
 time 1ns
 capacitance 1fF
 resistance 1kohm
 voltage 1v
 current 1mA
 power 1nW
 distance 1um

==========================================================================
floorplan final check_setup
--------------------------------------------------------------------------
Warning: There are 257 input ports missing set_input_delay.
Warning: There are 256 output ports missing set_output_delay.
Warning: There are 256 unconstrained endpoints.

==========================================================================
floorplan final report_tns
--------------------------------------------------------------------------
tns max -297.79

==========================================================================
floorplan final report_wns
--------------------------------------------------------------------------
wns max -1.47

==========================================================================
floorplan final report_worst_slack
--------------------------------------------------------------------------
worst slack max -1.47

==========================================================================
floorplan final report_checks -path_delay min
--------------------------------------------------------------------------
[WARNING STA-0168] unknown field nets.
Startpoint: _58143_ (rising edge-triggered flip-flop clocked by clk)
Endpoint: _58126_ (rising edge-triggered flip-flop clocked by clk)
Path Group: clk
Path Type: min

Fanout     Cap    Slew   Delay    Time   Description
-----------------------------------------------------------------------------
                  0.00    0.00    0.00   clock clk (rise edge)
                          0.00    0.00   clock network delay (ideal)
                  0.00    0.00    0.00 ^ _58143_/CK (DFF_X1)
     4   10.01    0.03    0.08    0.08 ^ _58143_/QN (DFF_X1)
                  0.03    0.00    0.08 ^ _51860_/B2 (AOI21_X1)
     1    1.55    0.01    0.02    0.10 v _51860_/ZN (AOI21_X1)
                  0.01    0.00    0.10 v _51861_/A (INV_X1)
     2    3.34    0.01    0.02    0.12 ^ _51861_/ZN (INV_X1)
                  0.01    0.00    0.12 ^ _51866_/A2 (NOR3_X1)
     1    1.43    0.01    0.01    0.13 v _51866_/ZN (NOR3_X1)
                  0.01    0.00    0.13 v _51870_/A2 (AOI22_X1)
     1    1.14    0.01    0.02    0.15 ^ _51870_/ZN (AOI22_X1)
                  0.01    0.00    0.15 ^ _58126_/D (DFF_X1)
                                  0.15   data arrival time

                  0.00    0.00    0.00   clock clk (rise edge)
                          0.00    0.00   clock network delay (ideal)
                          0.00    0.00   clock reconvergence pessimism
                                  0.00 ^ _58126_/CK (DFF_X1)
                          0.01    0.01   library hold time
                                  0.01   data required time
-----------------------------------------------------------------------------
                                  0.01   data required time
                                 -0.15   data arrival time
-----------------------------------------------------------------------------
                                  0.14   slack (MET)



==========================================================================
floorplan final report_checks -path_delay max
--------------------------------------------------------------------------
[WARNING STA-0168] unknown field nets.
Startpoint: _58017_ (rising edge-triggered flip-flop clocked by clk)
Endpoint: _58032_ (rising edge-triggered flip-flop clocked by clk)
Path Group: clk
Path Type: max

Fanout     Cap    Slew   Delay    Time   Description
-----------------------------------------------------------------------------
                  0.00    0.00    0.00   clock clk (rise edge)
                          0.00    0.00   clock network delay (ideal)
                  0.00    0.00    0.00 ^ _58017_/CK (DFF_X1)
     6   15.05    0.04    0.11    0.11 ^ _58017_/Q (DFF_X1)
                  0.04    0.00    0.11 ^ _32389_/A (BUF_X2)
     5    9.55    0.01    0.04    0.15 ^ _32389_/Z (BUF_X2)
                  0.01    0.00    0.15 ^ _32390_/A (BUF_X2)
    10   14.21    0.02    0.04    0.19 ^ _32390_/Z (BUF_X2)
                  0.02    0.00    0.19 ^ _32391_/A (BUF_X1)
    10   15.87    0.04    0.06    0.25 ^ _32391_/Z (BUF_X1)
                  0.04    0.00    0.25 ^ _32392_/A (BUF_X1)
    10   16.82    0.04    0.07    0.31 ^ _32392_/Z (BUF_X1)
                  0.04    0.00    0.31 ^ _47523_/A (XOR2_X1)
     1    3.45    0.03    0.06    0.38 ^ _47523_/Z (XOR2_X1)
                  0.03    0.00    0.38 ^ _54739_/B (HA_X1)
     3    3.56    0.01    0.04    0.42 ^ _54739_/CO (HA_X1)
                  0.01    0.00    0.42 ^ _34043_/A2 (AND2_X1)
     2    3.23    0.01    0.04    0.45 ^ _34043_/ZN (AND2_X1)
                  0.01    0.00    0.45 ^ _34044_/A3 (NOR3_X1)
     2    2.45    0.01    0.01    0.47 v _34044_/ZN (NOR3_X1)
                  0.01    0.00    0.47 v _34045_/A2 (OR2_X1)
     3    4.84    0.01    0.06    0.52 v _34045_/ZN (OR2_X1)
                  0.01    0.00    0.52 v _54743_/A (HA_X1)
     2    2.39    0.01    0.05    0.58 v _54743_/S (HA_X1)
                  0.01    0.00    0.58 v _34049_/A (MUX2_X1)
     2    3.94    0.01    0.06    0.64 v _34049_/Z (MUX2_X1)
                  0.01    0.00    0.64 v _54744_/A (HA_X1)
     1    1.50    0.01    0.05    0.69 v _54744_/S (HA_X1)
                  0.01    0.00    0.69 v _34054_/A2 (NAND2_X1)
     1    1.52    0.01    0.02    0.71 ^ _34054_/ZN (NAND2_X1)
                  0.01    0.00    0.71 ^ _34059_/A1 (NAND4_X1)
     3    4.84    0.03    0.04    0.75 v _34059_/ZN (NAND4_X1)
                  0.03    0.00    0.75 v _54745_/A (HA_X1)
     2    2.40    0.01    0.04    0.78 v _54745_/CO (HA_X1)
                  0.01    0.00    0.78 v _34064_/A2 (AND2_X1)
     4    5.40    0.01    0.04    0.82 v _34064_/ZN (AND2_X1)
                  0.01    0.00    0.82 v _34077_/A2 (OR3_X1)
     1    0.90    0.01    0.07    0.89 v _34077_/ZN (OR3_X1)
                  0.01    0.00    0.89 v _34078_/B (MUX2_X1)
     1    1.49    0.01    0.06    0.95 v _34078_/Z (MUX2_X1)
                  0.01    0.00    0.95 v _34079_/A4 (NAND4_X1)
     2    2.88    0.02    0.03    0.98 ^ _34079_/ZN (NAND4_X1)
                  0.02    0.00    0.98 ^ _34080_/A3 (AND3_X1)
     2    4.37    0.02    0.05    1.03 ^ _34080_/ZN (AND3_X1)
                  0.02    0.00    1.03 ^ _34094_/A3 (AND4_X1)
     1    3.45    0.02    0.06    1.10 ^ _34094_/ZN (AND4_X1)
                  0.02    0.00    1.10 ^ _54749_/B (HA_X1)
     1    1.56    0.01    0.02    1.11 v _54749_/S (HA_X1)
                  0.01    0.00    1.11 v _49975_/A2 (NOR2_X1)
     1    1.68    0.02    0.03    1.14 ^ _49975_/ZN (NOR2_X1)
                  0.02    0.00    1.14 ^ _49976_/B2 (AOI21_X1)
     1    1.47    0.01    0.02    1.16 v _49976_/ZN (AOI21_X1)
                  0.01    0.00    1.16 v _49978_/B (AOI211_X1)
     2    3.32    0.05    0.08    1.23 ^ _49978_/ZN (AOI211_X1)
                  0.05    0.00    1.23 ^ _49980_/A (OAI21_X1)
     1    0.91    0.01    0.02    1.26 v _49980_/ZN (OAI21_X1)
                  0.01    0.00    1.26 v _49982_/A (MUX2_X1)
     1    1.47    0.01    0.06    1.32 v _49982_/Z (MUX2_X1)
                  0.01    0.00    1.32 v _49984_/B (AOI211_X1)
     1    1.61    0.04    0.06    1.38 ^ _49984_/ZN (AOI211_X1)
                  0.04    0.00    1.38 ^ _49988_/A (OAI211_X1)
     1    1.46    0.02    0.03    1.41 v _49988_/ZN (OAI211_X1)
                  0.02    0.00    1.41 v _49995_/B1 (OAI21_X1)
     1    1.14    0.02    0.03    1.44 ^ _49995_/ZN (OAI21_X1)
                  0.02    0.00    1.44 ^ _58032_/D (DFF_X1)
                                  1.44   data arrival time

                  0.00    0.01    0.01   clock clk (rise edge)
                          0.00    0.01   clock network delay (ideal)
                          0.00    0.01   clock reconvergence pessimism
                                  0.01 ^ _58032_/CK (DFF_X1)
                         -0.03   -0.02   library setup time
                                 -0.02   data required time
-----------------------------------------------------------------------------
                                 -0.02   data required time
                                 -1.44   data arrival time
-----------------------------------------------------------------------------
                                 -1.47   slack (VIOLATED)



==========================================================================
floorplan final report_checks -unconstrained
--------------------------------------------------------------------------
[WARNING STA-0168] unknown field nets.
Startpoint: _58017_ (rising edge-triggered flip-flop clocked by clk)
Endpoint: _58032_ (rising edge-triggered flip-flop clocked by clk)
Path Group: clk
Path Type: max

Fanout     Cap    Slew   Delay    Time   Description
-----------------------------------------------------------------------------
                  0.00    0.00    0.00   clock clk (rise edge)
                          0.00    0.00   clock network delay (ideal)
                  0.00    0.00    0.00 ^ _58017_/CK (DFF_X1)
     6   15.05    0.04    0.11    0.11 ^ _58017_/Q (DFF_X1)
                  0.04    0.00    0.11 ^ _32389_/A (BUF_X2)
     5    9.55    0.01    0.04    0.15 ^ _32389_/Z (BUF_X2)
                  0.01    0.00    0.15 ^ _32390_/A (BUF_X2)
    10   14.21    0.02    0.04    0.19 ^ _32390_/Z (BUF_X2)
                  0.02    0.00    0.19 ^ _32391_/A (BUF_X1)
    10   15.87    0.04    0.06    0.25 ^ _32391_/Z (BUF_X1)
                  0.04    0.00    0.25 ^ _32392_/A (BUF_X1)
    10   16.82    0.04    0.07    0.31 ^ _32392_/Z (BUF_X1)
                  0.04    0.00    0.31 ^ _47523_/A (XOR2_X1)
     1    3.45    0.03    0.06    0.38 ^ _47523_/Z (XOR2_X1)
                  0.03    0.00    0.38 ^ _54739_/B (HA_X1)
     3    3.56    0.01    0.04    0.42 ^ _54739_/CO (HA_X1)
                  0.01    0.00    0.42 ^ _34043_/A2 (AND2_X1)
     2    3.23    0.01    0.04    0.45 ^ _34043_/ZN (AND2_X1)
                  0.01    0.00    0.45 ^ _34044_/A3 (NOR3_X1)
     2    2.45    0.01    0.01    0.47 v _34044_/ZN (NOR3_X1)
                  0.01    0.00    0.47 v _34045_/A2 (OR2_X1)
     3    4.84    0.01    0.06    0.52 v _34045_/ZN (OR2_X1)
                  0.01    0.00    0.52 v _54743_/A (HA_X1)
     2    2.39    0.01    0.05    0.58 v _54743_/S (HA_X1)
                  0.01    0.00    0.58 v _34049_/A (MUX2_X1)
     2    3.94    0.01    0.06    0.64 v _34049_/Z (MUX2_X1)
                  0.01    0.00    0.64 v _54744_/A (HA_X1)
     1    1.50    0.01    0.05    0.69 v _54744_/S (HA_X1)
                  0.01    0.00    0.69 v _34054_/A2 (NAND2_X1)
     1    1.52    0.01    0.02    0.71 ^ _34054_/ZN (NAND2_X1)
                  0.01    0.00    0.71 ^ _34059_/A1 (NAND4_X1)
     3    4.84    0.03    0.04    0.75 v _34059_/ZN (NAND4_X1)
                  0.03    0.00    0.75 v _54745_/A (HA_X1)
     2    2.40    0.01    0.04    0.78 v _54745_/CO (HA_X1)
                  0.01    0.00    0.78 v _34064_/A2 (AND2_X1)
     4    5.40    0.01    0.04    0.82 v _34064_/ZN (AND2_X1)
                  0.01    0.00    0.82 v _34077_/A2 (OR3_X1)
     1    0.90    0.01    0.07    0.89 v _34077_/ZN (OR3_X1)
                  0.01    0.00    0.89 v _34078_/B (MUX2_X1)
     1    1.49    0.01    0.06    0.95 v _34078_/Z (MUX2_X1)
                  0.01    0.00    0.95 v _34079_/A4 (NAND4_X1)
     2    2.88    0.02    0.03    0.98 ^ _34079_/ZN (NAND4_X1)
                  0.02    0.00    0.98 ^ _34080_/A3 (AND3_X1)
     2    4.37    0.02    0.05    1.03 ^ _34080_/ZN (AND3_X1)
                  0.02    0.00    1.03 ^ _34094_/A3 (AND4_X1)
     1    3.45    0.02    0.06    1.10 ^ _34094_/ZN (AND4_X1)
                  0.02    0.00    1.10 ^ _54749_/B (HA_X1)
     1    1.56    0.01    0.02    1.11 v _54749_/S (HA_X1)
                  0.01    0.00    1.11 v _49975_/A2 (NOR2_X1)
     1    1.68    0.02    0.03    1.14 ^ _49975_/ZN (NOR2_X1)
                  0.02    0.00    1.14 ^ _49976_/B2 (AOI21_X1)
     1    1.47    0.01    0.02    1.16 v _49976_/ZN (AOI21_X1)
                  0.01    0.00    1.16 v _49978_/B (AOI211_X1)
     2    3.32    0.05    0.08    1.23 ^ _49978_/ZN (AOI211_X1)
                  0.05    0.00    1.23 ^ _49980_/A (OAI21_X1)
     1    0.91    0.01    0.02    1.26 v _49980_/ZN (OAI21_X1)
                  0.01    0.00    1.26 v _49982_/A (MUX2_X1)
     1    1.47    0.01    0.06    1.32 v _49982_/Z (MUX2_X1)
                  0.01    0.00    1.32 v _49984_/B (AOI211_X1)
     1    1.61    0.04    0.06    1.38 ^ _49984_/ZN (AOI211_X1)
                  0.04    0.00    1.38 ^ _49988_/A (OAI211_X1)
     1    1.46    0.02    0.03    1.41 v _49988_/ZN (OAI211_X1)
                  0.02    0.00    1.41 v _49995_/B1 (OAI21_X1)
     1    1.14    0.02    0.03    1.44 ^ _49995_/ZN (OAI21_X1)
                  0.02    0.00    1.44 ^ _58032_/D (DFF_X1)
                                  1.44   data arrival time

                  0.00    0.01    0.01   clock clk (rise edge)
                          0.00    0.01   clock network delay (ideal)
                          0.00    0.01   clock reconvergence pessimism
                                  0.01 ^ _58032_/CK (DFF_X1)
                         -0.03   -0.02   library setup time
                                 -0.02   data required time
-----------------------------------------------------------------------------
                                 -0.02   data required time
                                 -1.44   data arrival time
-----------------------------------------------------------------------------
                                 -1.47   slack (VIOLATED)



==========================================================================
floorplan final report_power
--------------------------------------------------------------------------
Group                  Internal  Switching    Leakage      Total
                          Power      Power      Power      Power (Watts)
----------------------------------------------------------------
Sequential             2.01e-01   1.32e-01   2.02e-05   3.33e-01   6.6%
Combinational          2.61e+00   2.11e+00   7.97e-04   4.73e+00  93.4%
Clock                  0.00e+00   0.00e+00   0.00e+00   0.00e+00   0.0%
Macro                  0.00e+00   0.00e+00   0.00e+00   0.00e+00   0.0%
Pad                    0.00e+00   0.00e+00   0.00e+00   0.00e+00   0.0%
----------------------------------------------------------------
Total                  2.81e+00   2.25e+00   8.17e-04   5.06e+00 100.0%
                          55.6%      44.4%       0.0%

==========================================================================
floorplan final report_design_area
--------------------------------------------------------------------------
Design area 38392 u^2 1% utilization.

