OpenROAD v2.0-22532-gac667f3cc7 
Features included (+) or not (-): +GPU +GUI +Python
This program is licensed under the BSD-3 license. See the LICENSE file for details.
Components of this program may be licensed under more restrictive licenses which must be honored.
[INFO ODB-0227] LEF file: /project/cad-team/LX_Semicon/kmcho/EoR/pdk/Nangate45/Nangate45_tech.lef, created 22 layers, 27 vias
[INFO ODB-0227] LEF file: /project/cad-team/LX_Semicon/kmcho/EoR/pdk/Nangate45/Nangate45_stdcell.lef, created 135 library cells
[INFO IFP-0001] Added 52 rows of 387 site FreePDK45_38x28_10R_NP_162NW_34O.
Default units for flow
 time 1ns
 capacitance 1fF
 resistance 1kohm
 voltage 1v
 current 1mA
 power 1nW
 distance 1um

==========================================================================
floorplan final check_setup
--------------------------------------------------------------------------
Warning: There are 9 input ports missing set_input_delay.
Warning: There is 1 output port missing set_output_delay.
Warning: There is 1 unconstrained endpoint.

==========================================================================
floorplan final report_tns
--------------------------------------------------------------------------
tns max -0.58

==========================================================================
floorplan final report_wns
--------------------------------------------------------------------------
wns max -0.16

==========================================================================
floorplan final report_worst_slack
--------------------------------------------------------------------------
worst slack max -0.16

==========================================================================
floorplan final report_checks -path_delay min
--------------------------------------------------------------------------
[WARNING STA-0168] unknown field nets.
Startpoint: _20_ (rising edge-triggered flip-flop clocked by clk)
Endpoint: _19_ (rising edge-triggered flip-flop clocked by clk)
Path Group: clk
Path Type: min

Fanout     Cap    Slew   Delay    Time   Description
-----------------------------------------------------------------------------
                  0.00    0.00    0.00   clock clk (rise edge)
                          0.00    0.00   clock network delay (ideal)
                  0.00    0.00    0.00 ^ _20_/CK (DFF_X1)
     1    0.89    0.01    0.08    0.08 v _20_/Q (DFF_X1)
                  0.01    0.00    0.08 v _15_/A2 (AND2_X1)
     1    1.06    0.01    0.03    0.10 v _15_/ZN (AND2_X1)
                  0.01    0.00    0.10 v _19_/D (DFF_X1)
                                  0.10   data arrival time

                  0.00    0.00    0.00   clock clk (rise edge)
                          0.00    0.00   clock network delay (ideal)
                          0.00    0.00   clock reconvergence pessimism
                                  0.00 ^ _19_/CK (DFF_X1)
                          0.00    0.00   library hold time
                                  0.00   data required time
-----------------------------------------------------------------------------
                                  0.00   data required time
                                 -0.10   data arrival time
-----------------------------------------------------------------------------
                                  0.10   slack (MET)



==========================================================================
floorplan final report_checks -path_delay max
--------------------------------------------------------------------------
[WARNING STA-0168] unknown field nets.
Startpoint: _18_ (rising edge-triggered flip-flop clocked by clk)
Endpoint: _18_ (rising edge-triggered flip-flop clocked by clk)
Path Group: clk
Path Type: max

Fanout     Cap    Slew   Delay    Time   Description
-----------------------------------------------------------------------------
                  0.00    0.00    0.00   clock clk (rise edge)
                          0.00    0.00   clock network delay (ideal)
                  0.00    0.00    0.00 ^ _18_/CK (DFF_X1)
     2    5.28    0.02    0.09    0.09 ^ _18_/Q (DFF_X1)
                  0.02    0.00    0.09 ^ _13_/A (INV_X1)
     1    3.22    0.01    0.01    0.10 v _13_/ZN (INV_X1)
                  0.01    0.00    0.10 v _14_/C2 (OAI211_X2)
     1    1.14    0.02    0.03    0.13 ^ _14_/ZN (OAI211_X2)
                  0.02    0.00    0.13 ^ _18_/D (DFF_X1)
                                  0.13   data arrival time

                  0.00    0.01    0.01   clock clk (rise edge)
                          0.00    0.01   clock network delay (ideal)
                          0.00    0.01   clock reconvergence pessimism
                                  0.01 ^ _18_/CK (DFF_X1)
                         -0.03   -0.02   library setup time
                                 -0.02   data required time
-----------------------------------------------------------------------------
                                 -0.02   data required time
                                 -0.13   data arrival time
-----------------------------------------------------------------------------
                                 -0.16   slack (VIOLATED)



==========================================================================
floorplan final report_checks -unconstrained
--------------------------------------------------------------------------
[WARNING STA-0168] unknown field nets.
Startpoint: _18_ (rising edge-triggered flip-flop clocked by clk)
Endpoint: _18_ (rising edge-triggered flip-flop clocked by clk)
Path Group: clk
Path Type: max

Fanout     Cap    Slew   Delay    Time   Description
-----------------------------------------------------------------------------
                  0.00    0.00    0.00   clock clk (rise edge)
                          0.00    0.00   clock network delay (ideal)
                  0.00    0.00    0.00 ^ _18_/CK (DFF_X1)
     2    5.28    0.02    0.09    0.09 ^ _18_/Q (DFF_X1)
                  0.02    0.00    0.09 ^ _13_/A (INV_X1)
     1    3.22    0.01    0.01    0.10 v _13_/ZN (INV_X1)
                  0.01    0.00    0.10 v _14_/C2 (OAI211_X2)
     1    1.14    0.02    0.03    0.13 ^ _14_/ZN (OAI211_X2)
                  0.02    0.00    0.13 ^ _18_/D (DFF_X1)
                                  0.13   data arrival time

                  0.00    0.01    0.01   clock clk (rise edge)
                          0.00    0.01   clock network delay (ideal)
                          0.00    0.01   clock reconvergence pessimism
                                  0.01 ^ _18_/CK (DFF_X1)
                         -0.03   -0.02   library setup time
                                 -0.02   data required time
-----------------------------------------------------------------------------
                                 -0.02   data required time
                                 -0.13   data arrival time
-----------------------------------------------------------------------------
                                 -0.16   slack (VIOLATED)



==========================================================================
floorplan final report_power
--------------------------------------------------------------------------
Group                  Internal  Switching    Leakage      Total
                          Power      Power      Power      Power (Watts)
----------------------------------------------------------------
Sequential             2.51e-03   6.10e-05   3.11e-07   2.57e-03  87.6%
Combinational          2.44e-04   1.20e-04   2.77e-07   3.65e-04  12.4%
Clock                  0.00e+00   0.00e+00   0.00e+00   0.00e+00   0.0%
Macro                  0.00e+00   0.00e+00   0.00e+00   0.00e+00   0.0%
Pad                    0.00e+00   0.00e+00   0.00e+00   0.00e+00   0.0%
----------------------------------------------------------------
Total                  2.75e-03   1.81e-04   5.88e-07   2.93e-03 100.0%
                          93.8%       6.2%       0.0%

==========================================================================
floorplan final report_design_area
--------------------------------------------------------------------------
Design area 27 u^2 1% utilization.

