OpenROAD v2.0-22532-gac667f3cc7 
Features included (+) or not (-): +GPU +GUI +Python
This program is licensed under the BSD-3 license. See the LICENSE file for details.
Components of this program may be licensed under more restrictive licenses which must be honored.
[INFO ODB-0227] LEF file: /project/cad-team/LX_Semicon/kmcho/EoR/pdk/Nangate45/Nangate45_tech.lef, created 22 layers, 27 vias
[INFO ODB-0227] LEF file: /project/cad-team/LX_Semicon/kmcho/EoR/pdk/Nangate45/Nangate45_stdcell.lef, created 135 library cells
[WARNING STA-0366] port 'f_clk' not found.
[INFO IFP-0001] Added 76 rows of 566 site FreePDK45_38x28_10R_NP_162NW_34O.
Default units for flow
 time 1ns
 capacitance 1fF
 resistance 1kohm
 voltage 1v
 current 1mA
 power 1nW
 distance 1um

==========================================================================
floorplan final check_setup
--------------------------------------------------------------------------
Warning: There are 16 input ports missing set_input_delay.
Warning: There are 9 output ports missing set_output_delay.
Warning: There are 9 unconstrained endpoints.

==========================================================================
floorplan final report_tns
--------------------------------------------------------------------------
tns max 0.00

==========================================================================
floorplan final report_wns
--------------------------------------------------------------------------
wns max 0.00

==========================================================================
floorplan final report_worst_slack
--------------------------------------------------------------------------
worst slack max INF

==========================================================================
floorplan final report_checks -path_delay min
--------------------------------------------------------------------------
[WARNING STA-0168] unknown field nets.
No paths found.

==========================================================================
floorplan final report_checks -path_delay max
--------------------------------------------------------------------------
[WARNING STA-0168] unknown field nets.
No paths found.

==========================================================================
floorplan final report_checks -unconstrained
--------------------------------------------------------------------------
[WARNING STA-0168] unknown field nets.
Startpoint: b[0] (input port)
Endpoint: s[7] (output port)
Path Group: unconstrained
Path Type: max

Fanout     Cap    Slew   Delay    Time   Description
-----------------------------------------------------------------------------
                          0.00    0.00 v input external delay
     1    3.34    0.00    0.00    0.00 v b[0] (in)
                  0.00    0.00    0.00 v _59_/B (HA_X1)
     1    2.66    0.01    0.03    0.03 v _59_/CO (HA_X1)
                  0.01    0.00    0.03 v _49_/CI (FA_X1)
     3    5.61    0.02    0.08    0.10 v _49_/CO (FA_X1)
                  0.02    0.00    0.10 v _36_/C1 (AOI211_X2)
     1    3.33    0.04    0.04    0.14 ^ _36_/ZN (AOI211_X2)
                  0.04    0.00    0.14 ^ _37_/B2 (OAI21_X2)
     2    5.65    0.02    0.03    0.17 v _37_/ZN (OAI21_X2)
                  0.02    0.00    0.17 v _52_/CI (FA_X1)
     2    4.31    0.02    0.08    0.25 v _52_/CO (FA_X1)
                  0.02    0.00    0.25 v _32_/A (XOR2_X1)
     1    0.00    0.01    0.05    0.30 v _32_/Z (XOR2_X1)
                  0.01    0.00    0.30 v s[7] (out)
                                  0.30   data arrival time
-----------------------------------------------------------------------------
(Path is unconstrained)



==========================================================================
floorplan final report_power
--------------------------------------------------------------------------
Group                  Internal  Switching    Leakage      Total
                          Power      Power      Power      Power (Watts)
----------------------------------------------------------------
Sequential             0.00e+00   0.00e+00   0.00e+00   0.00e+00   0.0%
Combinational          2.55e-03   1.08e-03   1.28e-06   3.63e-03 100.0%
Clock                  0.00e+00   0.00e+00   0.00e+00   0.00e+00   0.0%
Macro                  0.00e+00   0.00e+00   0.00e+00   0.00e+00   0.0%
Pad                    0.00e+00   0.00e+00   0.00e+00   0.00e+00   0.0%
----------------------------------------------------------------
Total                  2.55e-03   1.08e-03   1.28e-06   3.63e-03 100.0%
                          70.1%      29.8%       0.0%

==========================================================================
floorplan final report_design_area
--------------------------------------------------------------------------
Design area 58 u^2 1% utilization.

