OpenROAD v2.0-22532-gac667f3cc7 
Features included (+) or not (-): +GPU +GUI +Python
This program is licensed under the BSD-3 license. See the LICENSE file for details.
Components of this program may be licensed under more restrictive licenses which must be honored.
[INFO ODB-0227] LEF file: /project/cad-team/LX_Semicon/kmcho/EoR/pdk/Nangate45/Nangate45_tech.lef, created 22 layers, 27 vias
[INFO ODB-0227] LEF file: /project/cad-team/LX_Semicon/kmcho/EoR/pdk/Nangate45/Nangate45_stdcell.lef, created 135 library cells
[INFO IFP-0001] Added 313 rows of 2311 site FreePDK45_38x28_10R_NP_162NW_34O.
Default units for flow
 time 1ns
 capacitance 1fF
 resistance 1kohm
 voltage 1v
 current 1mA
 power 1nW
 distance 1um

==========================================================================
floorplan final check_setup
--------------------------------------------------------------------------
Warning: There are 103 input ports missing set_input_delay.
Warning: There are 100 output ports missing set_output_delay.
Warning: There are 100 unconstrained endpoints.

==========================================================================
floorplan final report_tns
--------------------------------------------------------------------------
tns max -20.22

==========================================================================
floorplan final report_wns
--------------------------------------------------------------------------
wns max -0.21

==========================================================================
floorplan final report_worst_slack
--------------------------------------------------------------------------
worst slack max -0.21

==========================================================================
floorplan final report_checks -path_delay min
--------------------------------------------------------------------------
[WARNING STA-0168] unknown field nets.
Startpoint: _1022_ (rising edge-triggered flip-flop clocked by clk)
Endpoint: _1022_ (rising edge-triggered flip-flop clocked by clk)
Path Group: clk
Path Type: min

Fanout     Cap    Slew   Delay    Time   Description
-----------------------------------------------------------------------------
                  0.00    0.00    0.00   clock clk (rise edge)
                          0.00    0.00   clock network delay (ideal)
                  0.00    0.00    0.00 ^ _1022_/CK (DFF_X1)
     4    4.51    0.01    0.08    0.08 v _1022_/Q (DFF_X1)
                  0.01    0.00    0.08 v _0566_/A1 (NAND2_X1)
     1    1.67    0.01    0.01    0.10 ^ _0566_/ZN (NAND2_X1)
                  0.01    0.00    0.10 ^ _0580_/A (OAI21_X1)
     1    1.06    0.01    0.01    0.11 v _0580_/ZN (OAI21_X1)
                  0.01    0.00    0.11 v _1022_/D (DFF_X1)
                                  0.11   data arrival time

                  0.00    0.00    0.00   clock clk (rise edge)
                          0.00    0.00   clock network delay (ideal)
                          0.00    0.00   clock reconvergence pessimism
                                  0.00 ^ _1022_/CK (DFF_X1)
                          0.00    0.00   library hold time
                                  0.00   data required time
-----------------------------------------------------------------------------
                                  0.00   data required time
                                 -0.11   data arrival time
-----------------------------------------------------------------------------
                                  0.11   slack (MET)



==========================================================================
floorplan final report_checks -path_delay max
--------------------------------------------------------------------------
[WARNING STA-0168] unknown field nets.
Startpoint: _1024_ (rising edge-triggered flip-flop clocked by clk)
Endpoint: _1023_ (rising edge-triggered flip-flop clocked by clk)
Path Group: clk
Path Type: max

Fanout     Cap    Slew   Delay    Time   Description
-----------------------------------------------------------------------------
                  0.00    0.00    0.00   clock clk (rise edge)
                          0.00    0.00   clock network delay (ideal)
                  0.00    0.00    0.00 ^ _1024_/CK (DFF_X1)
     4    5.98    0.01    0.09    0.09 v _1024_/Q (DFF_X1)
                  0.01    0.00    0.09 v _0582_/B1 (AOI221_X1)
     1    1.66    0.04    0.07    0.16 ^ _0582_/ZN (AOI221_X1)
                  0.04    0.00    0.16 ^ _0584_/B1 (OAI21_X1)
     1    1.06    0.01    0.02    0.17 v _0584_/ZN (OAI21_X1)
                  0.01    0.00    0.17 v _1023_/D (DFF_X1)
                                  0.17   data arrival time

                  0.00    0.01    0.01   clock clk (rise edge)
                          0.00    0.01   clock network delay (ideal)
                          0.00    0.01   clock reconvergence pessimism
                                  0.01 ^ _1023_/CK (DFF_X1)
                         -0.04   -0.03   library setup time
                                 -0.03   data required time
-----------------------------------------------------------------------------
                                 -0.03   data required time
                                 -0.17   data arrival time
-----------------------------------------------------------------------------
                                 -0.21   slack (VIOLATED)



==========================================================================
floorplan final report_checks -unconstrained
--------------------------------------------------------------------------
[WARNING STA-0168] unknown field nets.
Startpoint: _1024_ (rising edge-triggered flip-flop clocked by clk)
Endpoint: _1023_ (rising edge-triggered flip-flop clocked by clk)
Path Group: clk
Path Type: max

Fanout     Cap    Slew   Delay    Time   Description
-----------------------------------------------------------------------------
                  0.00    0.00    0.00   clock clk (rise edge)
                          0.00    0.00   clock network delay (ideal)
                  0.00    0.00    0.00 ^ _1024_/CK (DFF_X1)
     4    5.98    0.01    0.09    0.09 v _1024_/Q (DFF_X1)
                  0.01    0.00    0.09 v _0582_/B1 (AOI221_X1)
     1    1.66    0.04    0.07    0.16 ^ _0582_/ZN (AOI221_X1)
                  0.04    0.00    0.16 ^ _0584_/B1 (OAI21_X1)
     1    1.06    0.01    0.02    0.17 v _0584_/ZN (OAI21_X1)
                  0.01    0.00    0.17 v _1023_/D (DFF_X1)
                                  0.17   data arrival time

                  0.00    0.01    0.01   clock clk (rise edge)
                          0.00    0.01   clock network delay (ideal)
                          0.00    0.01   clock reconvergence pessimism
                                  0.01 ^ _1023_/CK (DFF_X1)
                         -0.04   -0.03   library setup time
                                 -0.03   data required time
-----------------------------------------------------------------------------
                                 -0.03   data required time
                                 -0.17   data arrival time
-----------------------------------------------------------------------------
                                 -0.21   slack (VIOLATED)



==========================================================================
floorplan final report_power
--------------------------------------------------------------------------
Group                  Internal  Switching    Leakage      Total
                          Power      Power      Power      Power (Watts)
----------------------------------------------------------------
Sequential             5.91e-02   7.36e-03   7.90e-06   6.65e-02  69.3%
Combinational          1.70e-02   1.24e-02   1.38e-05   2.95e-02  30.7%
Clock                  0.00e+00   0.00e+00   0.00e+00   0.00e+00   0.0%
Macro                  0.00e+00   0.00e+00   0.00e+00   0.00e+00   0.0%
Pad                    0.00e+00   0.00e+00   0.00e+00   0.00e+00   0.0%
----------------------------------------------------------------
Total                  7.61e-02   1.98e-02   2.17e-05   9.60e-02 100.0%
                          79.3%      20.6%       0.0%

==========================================================================
floorplan final report_design_area
--------------------------------------------------------------------------
Design area 965 u^2 1% utilization.

