OpenROAD v2.0-22532-gac667f3cc7 
Features included (+) or not (-): +GPU +GUI +Python
This program is licensed under the BSD-3 license. See the LICENSE file for details.
Components of this program may be licensed under more restrictive licenses which must be honored.
[INFO ODB-0227] LEF file: /project/cad-team/LX_Semicon/kmcho/EoR/pdk/Nangate45/Nangate45_tech.lef, created 22 layers, 27 vias
[INFO ODB-0227] LEF file: /project/cad-team/LX_Semicon/kmcho/EoR/pdk/Nangate45/Nangate45_stdcell.lef, created 135 library cells
[INFO IFP-0001] Added 55 rows of 409 site FreePDK45_38x28_10R_NP_162NW_34O.
Default units for flow
 time 1ns
 capacitance 1fF
 resistance 1kohm
 voltage 1v
 current 1mA
 power 1nW
 distance 1um

==========================================================================
floorplan final check_setup
--------------------------------------------------------------------------
Warning: There is 1 input port missing set_input_delay.
Warning: There are 4 output ports missing set_output_delay.
Warning: There are 4 unconstrained endpoints.

==========================================================================
floorplan final report_tns
--------------------------------------------------------------------------
tns max -0.77

==========================================================================
floorplan final report_wns
--------------------------------------------------------------------------
wns max -0.24

==========================================================================
floorplan final report_worst_slack
--------------------------------------------------------------------------
worst slack max -0.24

==========================================================================
floorplan final report_checks -path_delay min
--------------------------------------------------------------------------
[WARNING STA-0168] unknown field nets.
Startpoint: _26_ (rising edge-triggered flip-flop clocked by clk)
Endpoint: _26_ (rising edge-triggered flip-flop clocked by clk)
Path Group: clk
Path Type: min

Fanout     Cap    Slew   Delay    Time   Description
-----------------------------------------------------------------------------
                  0.00    0.00    0.00   clock clk (rise edge)
                          0.00    0.00   clock network delay (ideal)
                  0.00    0.00    0.00 ^ _26_/CK (DFF_X1)
     1    1.70    0.01    0.06    0.06 ^ _26_/QN (DFF_X1)
                  0.01    0.00    0.06 ^ _16_/A (INV_X1)
     1    1.41    0.00    0.01    0.07 v _16_/ZN (INV_X1)
                  0.00    0.00    0.07 v _17_/A1 (NOR2_X1)
     1    1.14    0.01    0.02    0.09 ^ _17_/ZN (NOR2_X1)
                  0.01    0.00    0.09 ^ _26_/D (DFF_X1)
                                  0.09   data arrival time

                  0.00    0.00    0.00   clock clk (rise edge)
                          0.00    0.00   clock network delay (ideal)
                          0.00    0.00   clock reconvergence pessimism
                                  0.00 ^ _26_/CK (DFF_X1)
                          0.01    0.01   library hold time
                                  0.01   data required time
-----------------------------------------------------------------------------
                                  0.01   data required time
                                 -0.09   data arrival time
-----------------------------------------------------------------------------
                                  0.08   slack (MET)



==========================================================================
floorplan final report_checks -path_delay max
--------------------------------------------------------------------------
[WARNING STA-0168] unknown field nets.
Startpoint: _27_ (rising edge-triggered flip-flop clocked by clk)
Endpoint: _29_ (rising edge-triggered flip-flop clocked by clk)
Path Group: clk
Path Type: max

Fanout     Cap    Slew   Delay    Time   Description
-----------------------------------------------------------------------------
                  0.00    0.00    0.00   clock clk (rise edge)
                          0.00    0.00   clock network delay (ideal)
                  0.00    0.00    0.00 ^ _27_/CK (DFF_X1)
     2    3.45    0.01    0.09    0.09 ^ _27_/Q (DFF_X1)
                  0.01    0.00    0.09 ^ _24_/B (HA_X1)
     1    3.45    0.01    0.04    0.13 ^ _24_/CO (HA_X1)
                  0.01    0.00    0.13 ^ _25_/B (HA_X1)
     1    2.23    0.01    0.03    0.16 ^ _25_/CO (HA_X1)
                  0.01    0.00    0.16 ^ _22_/A (XNOR2_X1)
     1    3.35    0.03    0.04    0.20 ^ _22_/ZN (XNOR2_X1)
                  0.03    0.00    0.20 ^ _23_/A2 (NOR2_X2)
     1    1.06    0.01    0.01    0.21 v _23_/ZN (NOR2_X2)
                  0.01    0.00    0.21 v _29_/D (DFF_X1)
                                  0.21   data arrival time

                  0.00    0.01    0.01   clock clk (rise edge)
                          0.00    0.01   clock network delay (ideal)
                          0.00    0.01   clock reconvergence pessimism
                                  0.01 ^ _29_/CK (DFF_X1)
                         -0.04   -0.03   library setup time
                                 -0.03   data required time
-----------------------------------------------------------------------------
                                 -0.03   data required time
                                 -0.21   data arrival time
-----------------------------------------------------------------------------
                                 -0.24   slack (VIOLATED)



==========================================================================
floorplan final report_checks -unconstrained
--------------------------------------------------------------------------
[WARNING STA-0168] unknown field nets.
Startpoint: _27_ (rising edge-triggered flip-flop clocked by clk)
Endpoint: _29_ (rising edge-triggered flip-flop clocked by clk)
Path Group: clk
Path Type: max

Fanout     Cap    Slew   Delay    Time   Description
-----------------------------------------------------------------------------
                  0.00    0.00    0.00   clock clk (rise edge)
                          0.00    0.00   clock network delay (ideal)
                  0.00    0.00    0.00 ^ _27_/CK (DFF_X1)
     2    3.45    0.01    0.09    0.09 ^ _27_/Q (DFF_X1)
                  0.01    0.00    0.09 ^ _24_/B (HA_X1)
     1    3.45    0.01    0.04    0.13 ^ _24_/CO (HA_X1)
                  0.01    0.00    0.13 ^ _25_/B (HA_X1)
     1    2.23    0.01    0.03    0.16 ^ _25_/CO (HA_X1)
                  0.01    0.00    0.16 ^ _22_/A (XNOR2_X1)
     1    3.35    0.03    0.04    0.20 ^ _22_/ZN (XNOR2_X1)
                  0.03    0.00    0.20 ^ _23_/A2 (NOR2_X2)
     1    1.06    0.01    0.01    0.21 v _23_/ZN (NOR2_X2)
                  0.01    0.00    0.21 v _29_/D (DFF_X1)
                                  0.21   data arrival time

                  0.00    0.01    0.01   clock clk (rise edge)
                          0.00    0.01   clock network delay (ideal)
                          0.00    0.01   clock reconvergence pessimism
                                  0.01 ^ _29_/CK (DFF_X1)
                         -0.04   -0.03   library setup time
                                 -0.03   data required time
-----------------------------------------------------------------------------
                                 -0.03   data required time
                                 -0.21   data arrival time
-----------------------------------------------------------------------------
                                 -0.24   slack (VIOLATED)



==========================================================================
floorplan final report_power
--------------------------------------------------------------------------
Group                  Internal  Switching    Leakage      Total
                          Power      Power      Power      Power (Watts)
----------------------------------------------------------------
Sequential             2.66e-03   1.10e-04   3.11e-07   2.77e-03  83.5%
Combinational          3.58e-04   1.90e-04   2.87e-07   5.49e-04  16.5%
Clock                  0.00e+00   0.00e+00   0.00e+00   0.00e+00   0.0%
Macro                  0.00e+00   0.00e+00   0.00e+00   0.00e+00   0.0%
Pad                    0.00e+00   0.00e+00   0.00e+00   0.00e+00   0.0%
----------------------------------------------------------------
Total                  3.02e-03   3.00e-04   5.98e-07   3.32e-03 100.0%
                          91.0%       9.0%       0.0%

==========================================================================
floorplan final report_design_area
--------------------------------------------------------------------------
Design area 30 u^2 1% utilization.

