OpenROAD v2.0-22532-gac667f3cc7 
Features included (+) or not (-): +GPU +GUI +Python
This program is licensed under the BSD-3 license. See the LICENSE file for details.
Components of this program may be licensed under more restrictive licenses which must be honored.
[INFO ODB-0227] LEF file: /project/cad-team/LX_Semicon/kmcho/EoR/pdk/Nangate45/Nangate45_tech.lef, created 22 layers, 27 vias
[INFO ODB-0227] LEF file: /project/cad-team/LX_Semicon/kmcho/EoR/pdk/Nangate45/Nangate45_stdcell.lef, created 135 library cells
[WARNING STA-0366] port 'f_clk' not found.
[INFO IFP-0001] Added 369 rows of 2724 site FreePDK45_38x28_10R_NP_162NW_34O.
Default units for flow
 time 1ns
 capacitance 1fF
 resistance 1kohm
 voltage 1v
 current 1mA
 power 1nW
 distance 1um

==========================================================================
floorplan final check_setup
--------------------------------------------------------------------------
Warning: There are 255 input ports missing set_input_delay.
Warning: There are 8 output ports missing set_output_delay.
Warning: There are 8 unconstrained endpoints.

==========================================================================
floorplan final report_tns
--------------------------------------------------------------------------
tns max 0.00

==========================================================================
floorplan final report_wns
--------------------------------------------------------------------------
wns max 0.00

==========================================================================
floorplan final report_worst_slack
--------------------------------------------------------------------------
worst slack max INF

==========================================================================
floorplan final report_checks -path_delay min
--------------------------------------------------------------------------
[WARNING STA-0168] unknown field nets.
No paths found.

==========================================================================
floorplan final report_checks -path_delay max
--------------------------------------------------------------------------
[WARNING STA-0168] unknown field nets.
No paths found.

==========================================================================
floorplan final report_checks -unconstrained
--------------------------------------------------------------------------
[WARNING STA-0168] unknown field nets.
Startpoint: in[187] (input port)
Endpoint: out[7] (output port)
Path Group: unconstrained
Path Type: max

Fanout     Cap    Slew   Delay    Time   Description
-----------------------------------------------------------------------------
                          0.00    0.00 ^ input external delay
     1    1.70    0.00    0.00    0.00 ^ in[187] (in)
                  0.00    0.00    0.00 ^ _1004_/A (INV_X1)
     1    3.40    0.00    0.01    0.01 v _1004_/ZN (INV_X1)
                  0.00    0.00    0.01 v _1347_/B (FA_X1)
     1    1.70    0.01    0.12    0.12 ^ _1347_/S (FA_X1)
                  0.01    0.00    0.12 ^ _1206_/A (INV_X1)
     1    3.40    0.01    0.01    0.13 v _1206_/ZN (INV_X1)
                  0.01    0.00    0.13 v _1348_/B (FA_X1)
     1    1.70    0.01    0.12    0.25 ^ _1348_/S (FA_X1)
                  0.01    0.00    0.25 ^ _1081_/A (INV_X1)
     1    2.66    0.01    0.01    0.26 v _1081_/ZN (INV_X1)
                  0.01    0.00    0.26 v _1349_/CI (FA_X1)
     1    1.70    0.01    0.11    0.37 ^ _1349_/S (FA_X1)
                  0.01    0.00    0.37 ^ _1207_/A (INV_X1)
     1    3.40    0.01    0.01    0.38 v _1207_/ZN (INV_X1)
                  0.01    0.00    0.38 v _1350_/B (FA_X1)
     1    1.70    0.01    0.12    0.49 ^ _1350_/S (FA_X1)
                  0.01    0.00    0.49 ^ _1082_/A (INV_X1)
     1    2.66    0.01    0.01    0.50 v _1082_/ZN (INV_X1)
                  0.01    0.00    0.50 v _1351_/CI (FA_X1)
     1    2.66    0.02    0.09    0.59 v _1351_/S (FA_X1)
                  0.02    0.00    0.59 v _1352_/CI (FA_X1)
     1    1.70    0.01    0.11    0.70 ^ _1352_/S (FA_X1)
                  0.01    0.00    0.70 ^ _1208_/A (INV_X1)
     1    2.66    0.01    0.01    0.71 v _1208_/ZN (INV_X1)
                  0.01    0.00    0.71 v _1378_/CI (FA_X1)
     1    1.70    0.01    0.11    0.82 ^ _1378_/S (FA_X1)
                  0.01    0.00    0.82 ^ _1088_/A (INV_X1)
     1    2.66    0.01    0.01    0.83 v _1088_/ZN (INV_X1)
                  0.01    0.00    0.83 v _1379_/CI (FA_X1)
     1    1.70    0.01    0.11    0.94 ^ _1379_/S (FA_X1)
                  0.01    0.00    0.94 ^ _1215_/A (INV_X1)
     1    3.40    0.01    0.01    0.95 v _1215_/ZN (INV_X1)
                  0.01    0.00    0.95 v _1380_/B (FA_X1)
     1    2.66    0.02    0.09    1.04 v _1380_/S (FA_X1)
                  0.02    0.00    1.04 v _1388_/CI (FA_X1)
     1    1.70    0.01    0.11    1.16 ^ _1388_/S (FA_X1)
                  0.01    0.00    1.16 ^ _1090_/A (INV_X1)
     1    2.66    0.01    0.01    1.17 v _1090_/ZN (INV_X1)
                  0.01    0.00    1.17 v _1389_/CI (FA_X1)
     1    1.70    0.01    0.11    1.27 ^ _1389_/S (FA_X1)
                  0.01    0.00    1.27 ^ _1236_/A (INV_X1)
     1    2.66    0.01    0.01    1.28 v _1236_/ZN (INV_X1)
                  0.01    0.00    1.28 v _1390_/CI (FA_X1)
     1    1.55    0.01    0.06    1.35 v _1390_/CO (FA_X1)
                  0.01    0.00    1.35 v _1158_/A (INV_X1)
     1    3.75    0.01    0.02    1.37 ^ _1158_/ZN (INV_X1)
                  0.01    0.00    1.37 ^ _1446_/A (FA_X1)
     2    9.26    0.03    0.07    1.43 ^ _1446_/CO (FA_X1)
                  0.03    0.00    1.43 ^ _1048_/B2 (OAI21_X4)
     1    5.61    0.01    0.02    1.46 v _1048_/ZN (OAI21_X4)
                  0.01    0.00    1.46 v _1049_/B1 (AOI21_X4)
     2    9.26    0.02    0.03    1.49 ^ _1049_/ZN (AOI21_X4)
                  0.02    0.00    1.49 ^ _1052_/B2 (OAI21_X4)
     1    2.66    0.01    0.02    1.50 v _1052_/ZN (OAI21_X4)
                  0.01    0.00    1.50 v _1507_/CI (FA_X1)
     1    4.42    0.02    0.07    1.58 v _1507_/CO (FA_X1)
                  0.02    0.00    1.58 v _0910_/B (XNOR2_X2)
     1    4.42    0.01    0.04    1.62 v _0910_/ZN (XNOR2_X2)
                  0.01    0.00    1.62 v _0911_/B (XNOR2_X2)
     1    0.00    0.01    0.03    1.65 v _0911_/ZN (XNOR2_X2)
                  0.01    0.00    1.65 v out[7] (out)
                                  1.65   data arrival time
-----------------------------------------------------------------------------
(Path is unconstrained)



==========================================================================
floorplan final report_power
--------------------------------------------------------------------------
Group                  Internal  Switching    Leakage      Total
                          Power      Power      Power      Power (Watts)
----------------------------------------------------------------
Sequential             0.00e+00   0.00e+00   0.00e+00   0.00e+00   0.0%
Combinational          1.33e-01   8.20e-02   2.62e-05   2.15e-01 100.0%
Clock                  0.00e+00   0.00e+00   0.00e+00   0.00e+00   0.0%
Macro                  0.00e+00   0.00e+00   0.00e+00   0.00e+00   0.0%
Pad                    0.00e+00   0.00e+00   0.00e+00   0.00e+00   0.0%
----------------------------------------------------------------
Total                  1.33e-01   8.20e-02   2.62e-05   2.15e-01 100.0%
                          61.9%      38.1%       0.0%

==========================================================================
floorplan final report_design_area
--------------------------------------------------------------------------
Design area 1340 u^2 1% utilization.

