OpenROAD v2.0-22532-gac667f3cc7 
Features included (+) or not (-): +GPU +GUI +Python
This program is licensed under the BSD-3 license. See the LICENSE file for details.
Components of this program may be licensed under more restrictive licenses which must be honored.
[INFO ODB-0227] LEF file: /project/cad-team/LX_Semicon/kmcho/EoR/pdk/Nangate45/Nangate45_tech.lef, created 22 layers, 27 vias
[INFO ODB-0227] LEF file: /project/cad-team/LX_Semicon/kmcho/EoR/pdk/Nangate45/Nangate45_stdcell.lef, created 135 library cells
[WARNING STA-0366] port 'f_clk' not found.
[INFO IFP-0001] Added 136 rows of 1004 site FreePDK45_38x28_10R_NP_162NW_34O.
Default units for flow
 time 1ns
 capacitance 1fF
 resistance 1kohm
 voltage 1v
 current 1mA
 power 1nW
 distance 1um

==========================================================================
floorplan final check_setup
--------------------------------------------------------------------------
Warning: There are 33 input ports missing set_input_delay.
Warning: There are 17 output ports missing set_output_delay.
Warning: There are 17 unconstrained endpoints.

==========================================================================
floorplan final report_tns
--------------------------------------------------------------------------
tns max 0.00

==========================================================================
floorplan final report_wns
--------------------------------------------------------------------------
wns max 0.00

==========================================================================
floorplan final report_worst_slack
--------------------------------------------------------------------------
worst slack max INF

==========================================================================
floorplan final report_checks -path_delay min
--------------------------------------------------------------------------
[WARNING STA-0168] unknown field nets.
No paths found.

==========================================================================
floorplan final report_checks -path_delay max
--------------------------------------------------------------------------
[WARNING STA-0168] unknown field nets.
No paths found.

==========================================================================
floorplan final report_checks -unconstrained
--------------------------------------------------------------------------
[WARNING STA-0168] unknown field nets.
Startpoint: B[4] (input port)
Endpoint: S[14] (output port)
Path Group: unconstrained
Path Type: max

Fanout     Cap    Slew   Delay    Time   Description
-----------------------------------------------------------------------------
                          0.00    0.00 v input external delay
     1    3.34    0.00    0.00    0.00 v B[4] (in)
                  0.00    0.00    0.00 v _211_/B (HA_X1)
     1    3.00    0.01    0.05    0.05 v _211_/S (HA_X1)
                  0.01    0.00    0.05 v _125_/A (BUF_X4)
     4   15.55    0.01    0.03    0.08 v _125_/Z (BUF_X4)
                  0.01    0.00    0.08 v _128_/B2 (AOI21_X4)
     1    6.55    0.02    0.03    0.11 ^ _128_/ZN (AOI21_X4)
                  0.02    0.00    0.11 ^ _131_/B (OAI211_X4)
     6   16.22    0.02    0.04    0.15 v _131_/ZN (OAI211_X4)
                  0.02    0.00    0.15 v _132_/B2 (AOI21_X4)
     5    8.16    0.02    0.04    0.19 ^ _132_/ZN (AOI21_X4)
                  0.02    0.00    0.19 ^ _172_/A1 (NAND2_X1)
     2    3.13    0.01    0.02    0.21 v _172_/ZN (NAND2_X1)
                  0.01    0.00    0.21 v _194_/A2 (OR2_X2)
     1    2.66    0.01    0.05    0.26 v _194_/ZN (OR2_X2)
                  0.01    0.00    0.26 v _198_/CI (FA_X1)
     1    2.18    0.01    0.07    0.33 v _198_/CO (FA_X1)
                  0.01    0.00    0.33 v _179_/A (XOR2_X1)
     1    0.00    0.01    0.05    0.37 v _179_/Z (XOR2_X1)
                  0.01    0.00    0.37 v S[14] (out)
                                  0.37   data arrival time
-----------------------------------------------------------------------------
(Path is unconstrained)



==========================================================================
floorplan final report_power
--------------------------------------------------------------------------
Group                  Internal  Switching    Leakage      Total
                          Power      Power      Power      Power (Watts)
----------------------------------------------------------------
Sequential             0.00e+00   0.00e+00   0.00e+00   0.00e+00   0.0%
Combinational          8.10e-03   5.51e-03   4.68e-06   1.36e-02 100.0%
Clock                  0.00e+00   0.00e+00   0.00e+00   0.00e+00   0.0%
Macro                  0.00e+00   0.00e+00   0.00e+00   0.00e+00   0.0%
Pad                    0.00e+00   0.00e+00   0.00e+00   0.00e+00   0.0%
----------------------------------------------------------------
Total                  8.10e-03   5.51e-03   4.68e-06   1.36e-02 100.0%
                          59.5%      40.5%       0.0%

==========================================================================
floorplan final report_design_area
--------------------------------------------------------------------------
Design area 182 u^2 1% utilization.

