OpenROAD v2.0-22532-gac667f3cc7 
Features included (+) or not (-): +GPU +GUI +Python
This program is licensed under the BSD-3 license. See the LICENSE file for details.
Components of this program may be licensed under more restrictive licenses which must be honored.
[INFO ODB-0227] LEF file: /project/cad-team/LX_Semicon/kmcho/EoR/pdk/Nangate45/Nangate45_tech.lef, created 22 layers, 27 vias
[INFO ODB-0227] LEF file: /project/cad-team/LX_Semicon/kmcho/EoR/pdk/Nangate45/Nangate45_stdcell.lef, created 135 library cells
[INFO IFP-0001] Added 141 rows of 1041 site FreePDK45_38x28_10R_NP_162NW_34O.
Default units for flow
 time 1ns
 capacitance 1fF
 resistance 1kohm
 voltage 1v
 current 1mA
 power 1nW
 distance 1um

==========================================================================
floorplan final check_setup
--------------------------------------------------------------------------
Warning: There is 1 input port missing set_input_delay.
Warning: There are 18 output ports missing set_output_delay.
Warning: There are 18 unconstrained endpoints.

==========================================================================
floorplan final report_tns
--------------------------------------------------------------------------
tns max -6.23

==========================================================================
floorplan final report_wns
--------------------------------------------------------------------------
wns max -0.37

==========================================================================
floorplan final report_worst_slack
--------------------------------------------------------------------------
worst slack max -0.37

==========================================================================
floorplan final report_checks -path_delay min
--------------------------------------------------------------------------
[WARNING STA-0168] unknown field nets.
Startpoint: _173_ (rising edge-triggered flip-flop clocked by clk)
Endpoint: _173_ (rising edge-triggered flip-flop clocked by clk)
Path Group: clk
Path Type: min

Fanout     Cap    Slew   Delay    Time   Description
-----------------------------------------------------------------------------
                  0.00    0.00    0.00   clock clk (rise edge)
                          0.00    0.00   clock network delay (ideal)
                  0.00    0.00    0.00 ^ _173_/CK (DFFR_X1)
     4    7.53    0.01    0.09    0.09 v _173_/Q (DFFR_X1)
                  0.01    0.00    0.09 v _099_/A1 (NOR2_X1)
     1    1.13    0.01    0.02    0.12 ^ _099_/ZN (NOR2_X1)
                  0.01    0.00    0.12 ^ _173_/D (DFFR_X1)
                                  0.12   data arrival time

                  0.00    0.00    0.00   clock clk (rise edge)
                          0.00    0.00   clock network delay (ideal)
                          0.00    0.00   clock reconvergence pessimism
                                  0.00 ^ _173_/CK (DFFR_X1)
                          0.01    0.01   library hold time
                                  0.01   data required time
-----------------------------------------------------------------------------
                                  0.01   data required time
                                 -0.12   data arrival time
-----------------------------------------------------------------------------
                                  0.11   slack (MET)



==========================================================================
floorplan final report_checks -path_delay max
--------------------------------------------------------------------------
[WARNING STA-0168] unknown field nets.
Startpoint: _161_ (rising edge-triggered flip-flop clocked by clk)
Endpoint: _168_ (rising edge-triggered flip-flop clocked by clk)
Path Group: clk
Path Type: max

Fanout     Cap    Slew   Delay    Time   Description
-----------------------------------------------------------------------------
                  0.00    0.00    0.00   clock clk (rise edge)
                          0.00    0.00   clock network delay (ideal)
                  0.00    0.00    0.00 ^ _161_/CK (DFFR_X1)
     4    6.36    0.02    0.11    0.11 ^ _161_/Q (DFFR_X1)
                  0.02    0.00    0.11 ^ _155_/A (HA_X1)
     3    8.23    0.02    0.05    0.16 ^ _155_/CO (HA_X1)
                  0.02    0.00    0.16 ^ _115_/A4 (NAND4_X2)
     1    6.34    0.02    0.04    0.20 v _115_/ZN (NAND4_X2)
                  0.02    0.00    0.20 v _116_/A2 (NOR2_X4)
     9   15.29    0.03    0.04    0.24 ^ _116_/ZN (NOR2_X4)
                  0.03    0.00    0.24 ^ _138_/A2 (AND2_X2)
     4    7.42    0.01    0.04    0.28 ^ _138_/ZN (AND2_X2)
                  0.01    0.00    0.28 ^ _141_/S (MUX2_X1)
     1    1.05    0.01    0.06    0.34 v _141_/Z (MUX2_X1)
                  0.01    0.00    0.34 v _168_/D (DFFR_X1)
                                  0.34   data arrival time

                  0.00    0.01    0.01   clock clk (rise edge)
                          0.00    0.01   clock network delay (ideal)
                          0.00    0.01   clock reconvergence pessimism
                                  0.01 ^ _168_/CK (DFFR_X1)
                         -0.04   -0.03   library setup time
                                 -0.03   data required time
-----------------------------------------------------------------------------
                                 -0.03   data required time
                                 -0.34   data arrival time
-----------------------------------------------------------------------------
                                 -0.37   slack (VIOLATED)



==========================================================================
floorplan final report_checks -unconstrained
--------------------------------------------------------------------------
[WARNING STA-0168] unknown field nets.
Startpoint: _161_ (rising edge-triggered flip-flop clocked by clk)
Endpoint: _168_ (rising edge-triggered flip-flop clocked by clk)
Path Group: clk
Path Type: max

Fanout     Cap    Slew   Delay    Time   Description
-----------------------------------------------------------------------------
                  0.00    0.00    0.00   clock clk (rise edge)
                          0.00    0.00   clock network delay (ideal)
                  0.00    0.00    0.00 ^ _161_/CK (DFFR_X1)
     4    6.36    0.02    0.11    0.11 ^ _161_/Q (DFFR_X1)
                  0.02    0.00    0.11 ^ _155_/A (HA_X1)
     3    8.23    0.02    0.05    0.16 ^ _155_/CO (HA_X1)
                  0.02    0.00    0.16 ^ _115_/A4 (NAND4_X2)
     1    6.34    0.02    0.04    0.20 v _115_/ZN (NAND4_X2)
                  0.02    0.00    0.20 v _116_/A2 (NOR2_X4)
     9   15.29    0.03    0.04    0.24 ^ _116_/ZN (NOR2_X4)
                  0.03    0.00    0.24 ^ _138_/A2 (AND2_X2)
     4    7.42    0.01    0.04    0.28 ^ _138_/ZN (AND2_X2)
                  0.01    0.00    0.28 ^ _141_/S (MUX2_X1)
     1    1.05    0.01    0.06    0.34 v _141_/Z (MUX2_X1)
                  0.01    0.00    0.34 v _168_/D (DFFR_X1)
                                  0.34   data arrival time

                  0.00    0.01    0.01   clock clk (rise edge)
                          0.00    0.01   clock network delay (ideal)
                          0.00    0.01   clock reconvergence pessimism
                                  0.01 ^ _168_/CK (DFFR_X1)
                         -0.04   -0.03   library setup time
                                 -0.03   data required time
-----------------------------------------------------------------------------
                                 -0.03   data required time
                                 -0.34   data arrival time
-----------------------------------------------------------------------------
                                 -0.37   slack (VIOLATED)



==========================================================================
floorplan final report_power
--------------------------------------------------------------------------
Group                  Internal  Switching    Leakage      Total
                          Power      Power      Power      Power (Watts)
----------------------------------------------------------------
Sequential             1.22e-02   0.00e+00   1.48e-06   1.22e-02  98.3%
Combinational          1.00e-05   1.94e-04   2.41e-06   2.06e-04   1.7%
Clock                  0.00e+00   0.00e+00   0.00e+00   0.00e+00   0.0%
Macro                  0.00e+00   0.00e+00   0.00e+00   0.00e+00   0.0%
Pad                    0.00e+00   0.00e+00   0.00e+00   0.00e+00   0.0%
----------------------------------------------------------------
Total                  1.22e-02   1.94e-04   3.89e-06   1.24e-02 100.0%
                          98.4%       1.6%       0.0%

==========================================================================
floorplan final report_design_area
--------------------------------------------------------------------------
Design area 196 u^2 1% utilization.

