OpenROAD v2.0-22532-gac667f3cc7 
Features included (+) or not (-): +GPU +GUI +Python
This program is licensed under the BSD-3 license. See the LICENSE file for details.
Components of this program may be licensed under more restrictive licenses which must be honored.
[INFO ODB-0227] LEF file: /project/cad-team/LX_Semicon/kmcho/EoR/pdk/Nangate45/Nangate45_tech.lef, created 22 layers, 27 vias
[INFO ODB-0227] LEF file: /project/cad-team/LX_Semicon/kmcho/EoR/pdk/Nangate45/Nangate45_stdcell.lef, created 135 library cells
[INFO IFP-0001] Added 49 rows of 364 site FreePDK45_38x28_10R_NP_162NW_34O.
Default units for flow
 time 1ns
 capacitance 1fF
 resistance 1kohm
 voltage 1v
 current 1mA
 power 1nW
 distance 1um

==========================================================================
floorplan final check_setup
--------------------------------------------------------------------------
Warning: There is 1 input port missing set_input_delay.
Warning: There is 1 output port missing set_output_delay.
Warning: There are 2 unconstrained endpoints.

==========================================================================
floorplan final report_tns
--------------------------------------------------------------------------
tns max -0.41

==========================================================================
floorplan final report_wns
--------------------------------------------------------------------------
wns max -0.14

==========================================================================
floorplan final report_worst_slack
--------------------------------------------------------------------------
worst slack max -0.14

==========================================================================
floorplan final report_checks -path_delay min
--------------------------------------------------------------------------
[WARNING STA-0168] unknown field nets.
Startpoint: _18_ (rising edge-triggered flip-flop clocked by clk)
Endpoint: _20_ (rising edge-triggered flip-flop clocked by clk)
Path Group: clk
Path Type: min

Fanout     Cap    Slew   Delay    Time   Description
-----------------------------------------------------------------------------
                  0.00    0.00    0.00   clock clk (rise edge)
                          0.00    0.00   clock network delay (ideal)
                  0.00    0.00    0.00 ^ _18_/CK (DFF_X1)
     2    2.89    0.01    0.08    0.08 v _18_/Q (DFF_X1)
                  0.01    0.00    0.08 v _15_/A (INV_X1)
     1    1.71    0.01    0.01    0.09 ^ _15_/ZN (INV_X1)
                  0.01    0.00    0.09 ^ _16_/A1 (NOR2_X1)
     1    1.06    0.00    0.01    0.10 v _16_/ZN (NOR2_X1)
                  0.00    0.00    0.10 v _20_/D (DFF_X1)
                                  0.10   data arrival time

                  0.00    0.00    0.00   clock clk (rise edge)
                          0.00    0.00   clock network delay (ideal)
                          0.00    0.00   clock reconvergence pessimism
                                  0.00 ^ _20_/CK (DFF_X1)
                          0.00    0.00   library hold time
                                  0.00   data required time
-----------------------------------------------------------------------------
                                  0.00   data required time
                                 -0.10   data arrival time
-----------------------------------------------------------------------------
                                  0.10   slack (MET)



==========================================================================
floorplan final report_checks -path_delay max
--------------------------------------------------------------------------
[WARNING STA-0168] unknown field nets.
Startpoint: _18_ (rising edge-triggered flip-flop clocked by clk)
Endpoint: _20_ (rising edge-triggered flip-flop clocked by clk)
Path Group: clk
Path Type: max

Fanout     Cap    Slew   Delay    Time   Description
-----------------------------------------------------------------------------
                  0.00    0.00    0.00   clock clk (rise edge)
                          0.00    0.00   clock network delay (ideal)
                  0.00    0.00    0.00 ^ _18_/CK (DFF_X1)
     2    3.42    0.01    0.09    0.09 ^ _18_/Q (DFF_X1)
                  0.01    0.00    0.09 ^ _15_/A (INV_X1)
     1    1.41    0.00    0.01    0.10 v _15_/ZN (INV_X1)
                  0.00    0.00    0.10 v _16_/A1 (NOR2_X1)
     1    1.14    0.01    0.02    0.11 ^ _16_/ZN (NOR2_X1)
                  0.01    0.00    0.11 ^ _20_/D (DFF_X1)
                                  0.11   data arrival time

                  0.00    0.01    0.01   clock clk (rise edge)
                          0.00    0.01   clock network delay (ideal)
                          0.00    0.01   clock reconvergence pessimism
                                  0.01 ^ _20_/CK (DFF_X1)
                         -0.03   -0.02   library setup time
                                 -0.02   data required time
-----------------------------------------------------------------------------
                                 -0.02   data required time
                                 -0.11   data arrival time
-----------------------------------------------------------------------------
                                 -0.14   slack (VIOLATED)



==========================================================================
floorplan final report_checks -unconstrained
--------------------------------------------------------------------------
[WARNING STA-0168] unknown field nets.
Startpoint: _18_ (rising edge-triggered flip-flop clocked by clk)
Endpoint: _20_ (rising edge-triggered flip-flop clocked by clk)
Path Group: clk
Path Type: max

Fanout     Cap    Slew   Delay    Time   Description
-----------------------------------------------------------------------------
                  0.00    0.00    0.00   clock clk (rise edge)
                          0.00    0.00   clock network delay (ideal)
                  0.00    0.00    0.00 ^ _18_/CK (DFF_X1)
     2    3.42    0.01    0.09    0.09 ^ _18_/Q (DFF_X1)
                  0.01    0.00    0.09 ^ _15_/A (INV_X1)
     1    1.41    0.00    0.01    0.10 v _15_/ZN (INV_X1)
                  0.00    0.00    0.10 v _16_/A1 (NOR2_X1)
     1    1.14    0.01    0.02    0.11 ^ _16_/ZN (NOR2_X1)
                  0.01    0.00    0.11 ^ _20_/D (DFF_X1)
                                  0.11   data arrival time

                  0.00    0.01    0.01   clock clk (rise edge)
                          0.00    0.01   clock network delay (ideal)
                          0.00    0.01   clock reconvergence pessimism
                                  0.01 ^ _20_/CK (DFF_X1)
                         -0.03   -0.02   library setup time
                                 -0.02   data required time
-----------------------------------------------------------------------------
                                 -0.02   data required time
                                 -0.11   data arrival time
-----------------------------------------------------------------------------
                                 -0.14   slack (VIOLATED)



==========================================================================
floorplan final report_power
--------------------------------------------------------------------------
Group                  Internal  Switching    Leakage      Total
                          Power      Power      Power      Power (Watts)
----------------------------------------------------------------
Sequential             2.29e-03   6.11e-05   3.13e-07   2.35e-03  92.7%
Combinational          1.41e-04   4.40e-05   1.58e-07   1.85e-04   7.3%
Clock                  0.00e+00   0.00e+00   0.00e+00   0.00e+00   0.0%
Macro                  0.00e+00   0.00e+00   0.00e+00   0.00e+00   0.0%
Pad                    0.00e+00   0.00e+00   0.00e+00   0.00e+00   0.0%
----------------------------------------------------------------
Total                  2.43e-03   1.05e-04   4.70e-07   2.54e-03 100.0%
                          95.8%       4.1%       0.0%

==========================================================================
floorplan final report_design_area
--------------------------------------------------------------------------
Design area 24 u^2 1% utilization.

