OpenROAD v2.0-22532-gac667f3cc7 
Features included (+) or not (-): +GPU +GUI +Python
This program is licensed under the BSD-3 license. See the LICENSE file for details.
Components of this program may be licensed under more restrictive licenses which must be honored.
[INFO ODB-0227] LEF file: /project/cad-team/LX_Semicon/kmcho/EoR/pdk/Nangate45/Nangate45_tech.lef, created 22 layers, 27 vias
[INFO ODB-0227] LEF file: /project/cad-team/LX_Semicon/kmcho/EoR/pdk/Nangate45/Nangate45_stdcell.lef, created 135 library cells
[INFO IFP-0001] Added 114 rows of 847 site FreePDK45_38x28_10R_NP_162NW_34O.
Default units for flow
 time 1ns
 capacitance 1fF
 resistance 1kohm
 voltage 1v
 current 1mA
 power 1nW
 distance 1um

==========================================================================
floorplan final check_setup
--------------------------------------------------------------------------
Warning: There are 11 input ports missing set_input_delay.
Warning: There is 1 output port missing set_output_delay.
Warning: There is 1 unconstrained endpoint.

==========================================================================
floorplan final report_tns
--------------------------------------------------------------------------
tns max -3.72

==========================================================================
floorplan final report_wns
--------------------------------------------------------------------------
wns max -0.41

==========================================================================
floorplan final report_worst_slack
--------------------------------------------------------------------------
worst slack max -0.41

==========================================================================
floorplan final report_checks -path_delay min
--------------------------------------------------------------------------
[WARNING STA-0168] unknown field nets.
Startpoint: _134_ (rising edge-triggered flip-flop clocked by clk)
Endpoint: _134_ (rising edge-triggered flip-flop clocked by clk)
Path Group: clk
Path Type: min

Fanout     Cap    Slew   Delay    Time   Description
-----------------------------------------------------------------------------
                  0.00    0.00    0.00   clock clk (rise edge)
                          0.00    0.00   clock network delay (ideal)
                  0.00    0.00    0.00 ^ _134_/CK (DFF_X1)
     1    0.94    0.01    0.08    0.08 ^ _134_/Q (DFF_X1)
                  0.01    0.00    0.08 ^ _098_/B (MUX2_X1)
     1    1.14    0.01    0.03    0.12 ^ _098_/Z (MUX2_X1)
                  0.01    0.00    0.12 ^ _134_/D (DFF_X1)
                                  0.12   data arrival time

                  0.00    0.00    0.00   clock clk (rise edge)
                          0.00    0.00   clock network delay (ideal)
                          0.00    0.00   clock reconvergence pessimism
                                  0.00 ^ _134_/CK (DFF_X1)
                          0.01    0.01   library hold time
                                  0.01   data required time
-----------------------------------------------------------------------------
                                  0.01   data required time
                                 -0.12   data arrival time
-----------------------------------------------------------------------------
                                  0.11   slack (MET)



==========================================================================
floorplan final report_checks -path_delay max
--------------------------------------------------------------------------
[WARNING STA-0168] unknown field nets.
Startpoint: _135_ (rising edge-triggered flip-flop clocked by clk)
Endpoint: _140_ (rising edge-triggered flip-flop clocked by clk)
Path Group: clk
Path Type: max

Fanout     Cap    Slew   Delay    Time   Description
-----------------------------------------------------------------------------
                  0.00    0.00    0.00   clock clk (rise edge)
                          0.00    0.00   clock network delay (ideal)
                  0.00    0.00    0.00 ^ _135_/CK (DFF_X1)
     1    1.56    0.01    0.08    0.08 v _135_/Q (DFF_X1)
                  0.01    0.00    0.08 v _077_/A2 (NOR2_X1)
     4    8.03    0.04    0.06    0.14 ^ _077_/ZN (NOR2_X1)
                  0.04    0.00    0.14 ^ _088_/A2 (NAND2_X1)
     2    3.10    0.01    0.02    0.16 v _088_/ZN (NAND2_X1)
                  0.01    0.00    0.16 v _090_/A3 (NOR3_X1)
     1    3.45    0.04    0.06    0.23 ^ _090_/ZN (NOR3_X1)
                  0.04    0.00    0.23 ^ _131_/B (HA_X1)
     1    2.36    0.01    0.04    0.27 ^ _131_/CO (HA_X1)
                  0.01    0.00    0.27 ^ _116_/B (XOR2_X1)
     1    1.65    0.02    0.04    0.31 ^ _116_/Z (XOR2_X1)
                  0.02    0.00    0.31 ^ _117_/A2 (NOR2_X1)
     1    1.47    0.01    0.01    0.32 v _117_/ZN (NOR2_X1)
                  0.01    0.00    0.32 v _119_/B (AOI211_X1)
     1    1.14    0.03    0.06    0.38 ^ _119_/ZN (AOI211_X1)
                  0.03    0.00    0.38 ^ _140_/D (DFF_X1)
                                  0.38   data arrival time

                  0.00    0.01    0.01   clock clk (rise edge)
                          0.00    0.01   clock network delay (ideal)
                          0.00    0.01   clock reconvergence pessimism
                                  0.01 ^ _140_/CK (DFF_X1)
                         -0.04   -0.03   library setup time
                                 -0.03   data required time
-----------------------------------------------------------------------------
                                 -0.03   data required time
                                 -0.38   data arrival time
-----------------------------------------------------------------------------
                                 -0.41   slack (VIOLATED)



==========================================================================
floorplan final report_checks -unconstrained
--------------------------------------------------------------------------
[WARNING STA-0168] unknown field nets.
Startpoint: _135_ (rising edge-triggered flip-flop clocked by clk)
Endpoint: _140_ (rising edge-triggered flip-flop clocked by clk)
Path Group: clk
Path Type: max

Fanout     Cap    Slew   Delay    Time   Description
-----------------------------------------------------------------------------
                  0.00    0.00    0.00   clock clk (rise edge)
                          0.00    0.00   clock network delay (ideal)
                  0.00    0.00    0.00 ^ _135_/CK (DFF_X1)
     1    1.56    0.01    0.08    0.08 v _135_/Q (DFF_X1)
                  0.01    0.00    0.08 v _077_/A2 (NOR2_X1)
     4    8.03    0.04    0.06    0.14 ^ _077_/ZN (NOR2_X1)
                  0.04    0.00    0.14 ^ _088_/A2 (NAND2_X1)
     2    3.10    0.01    0.02    0.16 v _088_/ZN (NAND2_X1)
                  0.01    0.00    0.16 v _090_/A3 (NOR3_X1)
     1    3.45    0.04    0.06    0.23 ^ _090_/ZN (NOR3_X1)
                  0.04    0.00    0.23 ^ _131_/B (HA_X1)
     1    2.36    0.01    0.04    0.27 ^ _131_/CO (HA_X1)
                  0.01    0.00    0.27 ^ _116_/B (XOR2_X1)
     1    1.65    0.02    0.04    0.31 ^ _116_/Z (XOR2_X1)
                  0.02    0.00    0.31 ^ _117_/A2 (NOR2_X1)
     1    1.47    0.01    0.01    0.32 v _117_/ZN (NOR2_X1)
                  0.01    0.00    0.32 v _119_/B (AOI211_X1)
     1    1.14    0.03    0.06    0.38 ^ _119_/ZN (AOI211_X1)
                  0.03    0.00    0.38 ^ _140_/D (DFF_X1)
                                  0.38   data arrival time

                  0.00    0.01    0.01   clock clk (rise edge)
                          0.00    0.01   clock network delay (ideal)
                          0.00    0.01   clock reconvergence pessimism
                                  0.01 ^ _140_/CK (DFF_X1)
                         -0.04   -0.03   library setup time
                                 -0.03   data required time
-----------------------------------------------------------------------------
                                 -0.03   data required time
                                 -0.38   data arrival time
-----------------------------------------------------------------------------
                                 -0.41   slack (VIOLATED)



==========================================================================
floorplan final report_power
--------------------------------------------------------------------------
Group                  Internal  Switching    Leakage      Total
                          Power      Power      Power      Power (Watts)
----------------------------------------------------------------
Sequential             6.87e-03   1.13e-03   8.67e-07   8.01e-03  60.6%
Combinational          3.40e-03   1.80e-03   1.91e-06   5.20e-03  39.4%
Clock                  0.00e+00   0.00e+00   0.00e+00   0.00e+00   0.0%
Macro                  0.00e+00   0.00e+00   0.00e+00   0.00e+00   0.0%
Pad                    0.00e+00   0.00e+00   0.00e+00   0.00e+00   0.0%
----------------------------------------------------------------
Total                  1.03e-02   2.93e-03   2.77e-06   1.32e-02 100.0%
                          77.8%      22.2%       0.0%

==========================================================================
floorplan final report_design_area
--------------------------------------------------------------------------
Design area 130 u^2 1% utilization.

