OpenROAD v2.0-22532-gac667f3cc7 
Features included (+) or not (-): +GPU +GUI +Python
This program is licensed under the BSD-3 license. See the LICENSE file for details.
Components of this program may be licensed under more restrictive licenses which must be honored.
[INFO ODB-0227] LEF file: /project/cad-team/LX_Semicon/kmcho/EoR/pdk/Nangate45/Nangate45_tech.lef, created 22 layers, 27 vias
[INFO ODB-0227] LEF file: /project/cad-team/LX_Semicon/kmcho/EoR/pdk/Nangate45/Nangate45_stdcell.lef, created 135 library cells
[WARNING STA-0366] port 'f_clk' not found.
[INFO IFP-0001] Added 78 rows of 575 site FreePDK45_38x28_10R_NP_162NW_34O.
Default units for flow
 time 1ns
 capacitance 1fF
 resistance 1kohm
 voltage 1v
 current 1mA
 power 1nW
 distance 1um

==========================================================================
floorplan final check_setup
--------------------------------------------------------------------------
Warning: There are 3 input ports missing set_input_delay.
Warning: There are 16 output ports missing set_output_delay.
Warning: There are 16 unconstrained endpoints.

==========================================================================
floorplan final report_tns
--------------------------------------------------------------------------
tns max 0.00

==========================================================================
floorplan final report_wns
--------------------------------------------------------------------------
wns max 0.00

==========================================================================
floorplan final report_worst_slack
--------------------------------------------------------------------------
worst slack max INF

==========================================================================
floorplan final report_checks -path_delay min
--------------------------------------------------------------------------
[WARNING STA-0168] unknown field nets.
No paths found.

==========================================================================
floorplan final report_checks -path_delay max
--------------------------------------------------------------------------
[WARNING STA-0168] unknown field nets.
No paths found.

==========================================================================
floorplan final report_checks -unconstrained
--------------------------------------------------------------------------
[WARNING STA-0168] unknown field nets.
Startpoint: a[0] (input port)
Endpoint: q[1] (output port)
Path Group: unconstrained
Path Type: max

Fanout     Cap    Slew   Delay    Time   Description
-----------------------------------------------------------------------------
                          0.00    0.00 v input external delay
     7   13.43    0.00    0.00    0.00 v a[0] (in)
                  0.00    0.00    0.00 v _35_/A (INV_X1)
     4   12.74    0.03    0.04    0.04 ^ _35_/ZN (INV_X1)
                  0.03    0.00    0.04 ^ _48_/A (HA_X1)
     5    7.13    0.05    0.08    0.11 ^ _48_/S (HA_X1)
                  0.05    0.00    0.11 ^ _26_/A (MUX2_X1)
     1    1.70    0.01    0.05    0.16 ^ _26_/Z (MUX2_X1)
                  0.01    0.00    0.16 ^ _27_/A (INV_X1)
     1    0.00    0.00    0.00    0.16 v _27_/ZN (INV_X1)
                  0.00    0.00    0.16 v q[1] (out)
                                  0.16   data arrival time
-----------------------------------------------------------------------------
(Path is unconstrained)



==========================================================================
floorplan final report_power
--------------------------------------------------------------------------
Group                  Internal  Switching    Leakage      Total
                          Power      Power      Power      Power (Watts)
----------------------------------------------------------------
Sequential             0.00e+00   0.00e+00   0.00e+00   0.00e+00   0.0%
Combinational          2.01e-03   8.20e-04   1.64e-06   2.83e-03 100.0%
Clock                  0.00e+00   0.00e+00   0.00e+00   0.00e+00   0.0%
Macro                  0.00e+00   0.00e+00   0.00e+00   0.00e+00   0.0%
Pad                    0.00e+00   0.00e+00   0.00e+00   0.00e+00   0.0%
----------------------------------------------------------------
Total                  2.01e-03   8.20e-04   1.64e-06   2.83e-03 100.0%
                          70.9%      29.0%       0.1%

==========================================================================
floorplan final report_design_area
--------------------------------------------------------------------------
Design area 60 u^2 1% utilization.

