OpenROAD v2.0-22532-gac667f3cc7 
Features included (+) or not (-): +GPU +GUI +Python
This program is licensed under the BSD-3 license. See the LICENSE file for details.
Components of this program may be licensed under more restrictive licenses which must be honored.
[INFO ODB-0227] LEF file: /project/cad-team/LX_Semicon/kmcho/EoR/pdk/Nangate45/Nangate45_tech.lef, created 22 layers, 27 vias
[INFO ODB-0227] LEF file: /project/cad-team/LX_Semicon/kmcho/EoR/pdk/Nangate45/Nangate45_stdcell.lef, created 135 library cells
[INFO IFP-0001] Added 173 rows of 1274 site FreePDK45_38x28_10R_NP_162NW_34O.
Default units for flow
 time 1ns
 capacitance 1fF
 resistance 1kohm
 voltage 1v
 current 1mA
 power 1nW
 distance 1um

==========================================================================
floorplan final check_setup
--------------------------------------------------------------------------
Warning: There are 2 input ports missing set_input_delay.
Warning: There are 25 output ports missing set_output_delay.
Warning: There are 25 unconstrained endpoints.

==========================================================================
floorplan final report_tns
--------------------------------------------------------------------------
tns max -8.95

==========================================================================
floorplan final report_wns
--------------------------------------------------------------------------
wns max -0.42

==========================================================================
floorplan final report_worst_slack
--------------------------------------------------------------------------
worst slack max -0.42

==========================================================================
floorplan final report_checks -path_delay min
--------------------------------------------------------------------------
[WARNING STA-0168] unknown field nets.
Startpoint: _363_ (rising edge-triggered flip-flop clocked by clk)
Endpoint: _364_ (rising edge-triggered flip-flop clocked by clk)
Path Group: clk
Path Type: min

Fanout     Cap    Slew   Delay    Time   Description
-----------------------------------------------------------------------------
                  0.00    0.00    0.00   clock clk (rise edge)
                          0.00    0.00   clock network delay (ideal)
                  0.00    0.00    0.00 ^ _363_/CK (DFF_X1)
     1    3.19    0.01    0.07    0.07 ^ _363_/QN (DFF_X1)
                  0.01    0.00    0.07 ^ _333_/A (HA_X1)
     1    1.56    0.01    0.01    0.08 v _333_/S (HA_X1)
                  0.01    0.00    0.08 v _322_/A1 (NAND3_X1)
     1    1.68    0.01    0.02    0.10 ^ _322_/ZN (NAND3_X1)
                  0.01    0.00    0.10 ^ _323_/B2 (AOI21_X1)
     1    1.06    0.01    0.01    0.11 v _323_/ZN (AOI21_X1)
                  0.01    0.00    0.11 v _364_/D (DFF_X1)
                                  0.11   data arrival time

                  0.00    0.00    0.00   clock clk (rise edge)
                          0.00    0.00   clock network delay (ideal)
                          0.00    0.00   clock reconvergence pessimism
                                  0.00 ^ _364_/CK (DFF_X1)
                          0.00    0.00   library hold time
                                  0.00   data required time
-----------------------------------------------------------------------------
                                  0.00   data required time
                                 -0.11   data arrival time
-----------------------------------------------------------------------------
                                  0.11   slack (MET)



==========================================================================
floorplan final report_checks -path_delay max
--------------------------------------------------------------------------
[WARNING STA-0168] unknown field nets.
Startpoint: _346_ (rising edge-triggered flip-flop clocked by clk)
Endpoint: _342_ (rising edge-triggered flip-flop clocked by clk)
Path Group: clk
Path Type: max

Fanout     Cap    Slew   Delay    Time   Description
-----------------------------------------------------------------------------
                  0.00    0.00    0.00   clock clk (rise edge)
                          0.00    0.00   clock network delay (ideal)
                  0.00    0.00    0.00 ^ _346_/CK (DFF_X1)
     3    3.36    0.01    0.09    0.09 ^ _346_/Q (DFF_X1)
                  0.01    0.00    0.09 ^ _214_/A (INV_X1)
     3    8.82    0.01    0.02    0.11 v _214_/ZN (INV_X1)
                  0.01    0.00    0.11 v _215_/A4 (NOR4_X4)
     4    6.78    0.04    0.08    0.19 ^ _215_/ZN (NOR4_X4)
                  0.04    0.00    0.19 ^ _222_/A2 (AND4_X2)
     1    3.40    0.01    0.06    0.25 ^ _222_/ZN (AND4_X2)
                  0.01    0.00    0.25 ^ _223_/A (BUF_X4)
     7   12.80    0.01    0.03    0.28 ^ _223_/Z (BUF_X4)
                  0.01    0.00    0.28 ^ _224_/A4 (NAND4_X1)
     1    1.81    0.02    0.03    0.31 v _224_/ZN (NAND4_X1)
                  0.02    0.00    0.31 v _225_/S (MUX2_X1)
     1    0.89    0.01    0.05    0.36 v _225_/Z (MUX2_X1)
                  0.01    0.00    0.36 v _226_/A2 (AND2_X1)
     1    1.06    0.01    0.03    0.39 v _226_/ZN (AND2_X1)
                  0.01    0.00    0.39 v _342_/D (DFF_X1)
                                  0.39   data arrival time

                  0.00    0.01    0.01   clock clk (rise edge)
                          0.00    0.01   clock network delay (ideal)
                          0.00    0.01   clock reconvergence pessimism
                                  0.01 ^ _342_/CK (DFF_X1)
                         -0.04   -0.03   library setup time
                                 -0.03   data required time
-----------------------------------------------------------------------------
                                 -0.03   data required time
                                 -0.39   data arrival time
-----------------------------------------------------------------------------
                                 -0.42   slack (VIOLATED)



==========================================================================
floorplan final report_checks -unconstrained
--------------------------------------------------------------------------
[WARNING STA-0168] unknown field nets.
Startpoint: _346_ (rising edge-triggered flip-flop clocked by clk)
Endpoint: _342_ (rising edge-triggered flip-flop clocked by clk)
Path Group: clk
Path Type: max

Fanout     Cap    Slew   Delay    Time   Description
-----------------------------------------------------------------------------
                  0.00    0.00    0.00   clock clk (rise edge)
                          0.00    0.00   clock network delay (ideal)
                  0.00    0.00    0.00 ^ _346_/CK (DFF_X1)
     3    3.36    0.01    0.09    0.09 ^ _346_/Q (DFF_X1)
                  0.01    0.00    0.09 ^ _214_/A (INV_X1)
     3    8.82    0.01    0.02    0.11 v _214_/ZN (INV_X1)
                  0.01    0.00    0.11 v _215_/A4 (NOR4_X4)
     4    6.78    0.04    0.08    0.19 ^ _215_/ZN (NOR4_X4)
                  0.04    0.00    0.19 ^ _222_/A2 (AND4_X2)
     1    3.40    0.01    0.06    0.25 ^ _222_/ZN (AND4_X2)
                  0.01    0.00    0.25 ^ _223_/A (BUF_X4)
     7   12.80    0.01    0.03    0.28 ^ _223_/Z (BUF_X4)
                  0.01    0.00    0.28 ^ _224_/A4 (NAND4_X1)
     1    1.81    0.02    0.03    0.31 v _224_/ZN (NAND4_X1)
                  0.02    0.00    0.31 v _225_/S (MUX2_X1)
     1    0.89    0.01    0.05    0.36 v _225_/Z (MUX2_X1)
                  0.01    0.00    0.36 v _226_/A2 (AND2_X1)
     1    1.06    0.01    0.03    0.39 v _226_/ZN (AND2_X1)
                  0.01    0.00    0.39 v _342_/D (DFF_X1)
                                  0.39   data arrival time

                  0.00    0.01    0.01   clock clk (rise edge)
                          0.00    0.01   clock network delay (ideal)
                          0.00    0.01   clock reconvergence pessimism
                                  0.01 ^ _342_/CK (DFF_X1)
                         -0.04   -0.03   library setup time
                                 -0.03   data required time
-----------------------------------------------------------------------------
                                 -0.03   data required time
                                 -0.39   data arrival time
-----------------------------------------------------------------------------
                                 -0.42   slack (VIOLATED)



==========================================================================
floorplan final report_power
--------------------------------------------------------------------------
Group                  Internal  Switching    Leakage      Total
                          Power      Power      Power      Power (Watts)
----------------------------------------------------------------
Sequential             1.73e-02   1.86e-04   1.91e-06   1.75e-02  93.0%
Combinational          5.67e-04   7.35e-04   3.82e-06   1.31e-03   7.0%
Clock                  0.00e+00   0.00e+00   0.00e+00   0.00e+00   0.0%
Macro                  0.00e+00   0.00e+00   0.00e+00   0.00e+00   0.0%
Pad                    0.00e+00   0.00e+00   0.00e+00   0.00e+00   0.0%
----------------------------------------------------------------
Total                  1.79e-02   9.22e-04   5.73e-06   1.88e-02 100.0%
                          95.1%       4.9%       0.0%

==========================================================================
floorplan final report_design_area
--------------------------------------------------------------------------
Design area 293 u^2 1% utilization.

