OpenROAD v2.0-22532-gac667f3cc7 
Features included (+) or not (-): +GPU +GUI +Python
This program is licensed under the BSD-3 license. See the LICENSE file for details.
Components of this program may be licensed under more restrictive licenses which must be honored.
[INFO ODB-0227] LEF file: /project/cad-team/LX_Semicon/kmcho/EoR/pdk/Nangate45/Nangate45_tech.lef, created 22 layers, 27 vias
[INFO ODB-0227] LEF file: /project/cad-team/LX_Semicon/kmcho/EoR/pdk/Nangate45/Nangate45_stdcell.lef, created 135 library cells
[INFO IFP-0001] Added 176 rows of 1298 site FreePDK45_38x28_10R_NP_162NW_34O.
Default units for flow
 time 1ns
 capacitance 1fF
 resistance 1kohm
 voltage 1v
 current 1mA
 power 1nW
 distance 1um

==========================================================================
floorplan final check_setup
--------------------------------------------------------------------------
Warning: There are 2 input ports missing set_input_delay.
Warning: There are 25 output ports missing set_output_delay.
Warning: There are 25 unconstrained endpoints.

==========================================================================
floorplan final report_tns
--------------------------------------------------------------------------
tns max -8.95

==========================================================================
floorplan final report_wns
--------------------------------------------------------------------------
wns max -0.42

==========================================================================
floorplan final report_worst_slack
--------------------------------------------------------------------------
worst slack max -0.42

==========================================================================
floorplan final report_checks -path_delay min
--------------------------------------------------------------------------
[WARNING STA-0168] unknown field nets.
Startpoint: _319_ (rising edge-triggered flip-flop clocked by clk)
Endpoint: _319_ (rising edge-triggered flip-flop clocked by clk)
Path Group: clk
Path Type: min

Fanout     Cap    Slew   Delay    Time   Description
-----------------------------------------------------------------------------
                  0.00    0.00    0.00   clock clk (rise edge)
                          0.00    0.00   clock network delay (ideal)
                  0.00    0.00    0.00 ^ _319_/CK (DFF_X1)
     1    1.55    0.01    0.06    0.06 v _319_/QN (DFF_X1)
                  0.01    0.00    0.06 v _200_/A (INV_X1)
     1    3.37    0.01    0.02    0.08 ^ _200_/ZN (INV_X1)
                  0.01    0.00    0.08 ^ _212_/A1 (OR3_X4)
     1    3.13    0.01    0.02    0.10 ^ _212_/ZN (OR3_X4)
                  0.01    0.00    0.10 ^ _214_/B1 (AOI21_X2)
     1    1.06    0.00    0.01    0.11 v _214_/ZN (AOI21_X2)
                  0.00    0.00    0.11 v _319_/D (DFF_X1)
                                  0.11   data arrival time

                  0.00    0.00    0.00   clock clk (rise edge)
                          0.00    0.00   clock network delay (ideal)
                          0.00    0.00   clock reconvergence pessimism
                                  0.00 ^ _319_/CK (DFF_X1)
                          0.00    0.00   library hold time
                                  0.00   data required time
-----------------------------------------------------------------------------
                                  0.00   data required time
                                 -0.11   data arrival time
-----------------------------------------------------------------------------
                                  0.11   slack (MET)



==========================================================================
floorplan final report_checks -path_delay max
--------------------------------------------------------------------------
[WARNING STA-0168] unknown field nets.
Startpoint: _328_ (rising edge-triggered flip-flop clocked by clk)
Endpoint: _314_ (rising edge-triggered flip-flop clocked by clk)
Path Group: clk
Path Type: max

Fanout     Cap    Slew   Delay    Time   Description
-----------------------------------------------------------------------------
                  0.00    0.00    0.00   clock clk (rise edge)
                          0.00    0.00   clock network delay (ideal)
                  0.00    0.00    0.00 ^ _328_/CK (DFF_X1)
     5    7.80    0.02    0.10    0.10 ^ _328_/Q (DFF_X1)
                  0.02    0.00    0.10 ^ _186_/A1 (NAND2_X2)
     3    8.15    0.01    0.02    0.12 v _186_/ZN (NAND2_X2)
                  0.01    0.00    0.12 v _189_/A4 (NOR4_X4)
     3   12.62    0.06    0.10    0.22 ^ _189_/ZN (NOR4_X4)
                  0.06    0.00    0.22 ^ _190_/A (BUF_X8)
    10   28.30    0.01    0.03    0.25 ^ _190_/Z (BUF_X8)
                  0.01    0.00    0.25 ^ _290_/A2 (NAND4_X2)
     1    2.41    0.02    0.03    0.28 v _290_/ZN (NAND4_X2)
                  0.02    0.00    0.28 v _291_/B (XOR2_X1)
     1    5.83    0.02    0.07    0.35 v _291_/Z (XOR2_X1)
                  0.02    0.00    0.35 v _292_/A3 (NOR3_X4)
     1    1.14    0.02    0.04    0.39 ^ _292_/ZN (NOR3_X4)
                  0.02    0.00    0.39 ^ _314_/D (DFF_X1)
                                  0.39   data arrival time

                  0.00    0.01    0.01   clock clk (rise edge)
                          0.00    0.01   clock network delay (ideal)
                          0.00    0.01   clock reconvergence pessimism
                                  0.01 ^ _314_/CK (DFF_X1)
                         -0.03   -0.02   library setup time
                                 -0.02   data required time
-----------------------------------------------------------------------------
                                 -0.02   data required time
                                 -0.39   data arrival time
-----------------------------------------------------------------------------
                                 -0.42   slack (VIOLATED)



==========================================================================
floorplan final report_checks -unconstrained
--------------------------------------------------------------------------
[WARNING STA-0168] unknown field nets.
Startpoint: _328_ (rising edge-triggered flip-flop clocked by clk)
Endpoint: _314_ (rising edge-triggered flip-flop clocked by clk)
Path Group: clk
Path Type: max

Fanout     Cap    Slew   Delay    Time   Description
-----------------------------------------------------------------------------
                  0.00    0.00    0.00   clock clk (rise edge)
                          0.00    0.00   clock network delay (ideal)
                  0.00    0.00    0.00 ^ _328_/CK (DFF_X1)
     5    7.80    0.02    0.10    0.10 ^ _328_/Q (DFF_X1)
                  0.02    0.00    0.10 ^ _186_/A1 (NAND2_X2)
     3    8.15    0.01    0.02    0.12 v _186_/ZN (NAND2_X2)
                  0.01    0.00    0.12 v _189_/A4 (NOR4_X4)
     3   12.62    0.06    0.10    0.22 ^ _189_/ZN (NOR4_X4)
                  0.06    0.00    0.22 ^ _190_/A (BUF_X8)
    10   28.30    0.01    0.03    0.25 ^ _190_/Z (BUF_X8)
                  0.01    0.00    0.25 ^ _290_/A2 (NAND4_X2)
     1    2.41    0.02    0.03    0.28 v _290_/ZN (NAND4_X2)
                  0.02    0.00    0.28 v _291_/B (XOR2_X1)
     1    5.83    0.02    0.07    0.35 v _291_/Z (XOR2_X1)
                  0.02    0.00    0.35 v _292_/A3 (NOR3_X4)
     1    1.14    0.02    0.04    0.39 ^ _292_/ZN (NOR3_X4)
                  0.02    0.00    0.39 ^ _314_/D (DFF_X1)
                                  0.39   data arrival time

                  0.00    0.01    0.01   clock clk (rise edge)
                          0.00    0.01   clock network delay (ideal)
                          0.00    0.01   clock reconvergence pessimism
                                  0.01 ^ _314_/CK (DFF_X1)
                         -0.03   -0.02   library setup time
                                 -0.02   data required time
-----------------------------------------------------------------------------
                                 -0.02   data required time
                                 -0.39   data arrival time
-----------------------------------------------------------------------------
                                 -0.42   slack (VIOLATED)



==========================================================================
floorplan final report_power
--------------------------------------------------------------------------
Group                  Internal  Switching    Leakage      Total
                          Power      Power      Power      Power (Watts)
----------------------------------------------------------------
Sequential             1.73e-02   2.00e-04   1.91e-06   1.75e-02  92.5%
Combinational          6.28e-04   7.88e-04   4.15e-06   1.42e-03   7.5%
Clock                  0.00e+00   0.00e+00   0.00e+00   0.00e+00   0.0%
Macro                  0.00e+00   0.00e+00   0.00e+00   0.00e+00   0.0%
Pad                    0.00e+00   0.00e+00   0.00e+00   0.00e+00   0.0%
----------------------------------------------------------------
Total                  1.79e-02   9.88e-04   6.07e-06   1.89e-02 100.0%
                          94.7%       5.2%       0.0%

==========================================================================
floorplan final report_design_area
--------------------------------------------------------------------------
Design area 304 u^2 1% utilization.

