OpenROAD v2.0-22532-gac667f3cc7 
Features included (+) or not (-): +GPU +GUI +Python
This program is licensed under the BSD-3 license. See the LICENSE file for details.
Components of this program may be licensed under more restrictive licenses which must be honored.
[INFO ODB-0227] LEF file: /project/cad-team/LX_Semicon/kmcho/EoR/pdk/Nangate45/Nangate45_tech.lef, created 22 layers, 27 vias
[INFO ODB-0227] LEF file: /project/cad-team/LX_Semicon/kmcho/EoR/pdk/Nangate45/Nangate45_stdcell.lef, created 135 library cells
[INFO IFP-0001] Added 176 rows of 1300 site FreePDK45_38x28_10R_NP_162NW_34O.
Default units for flow
 time 1ns
 capacitance 1fF
 resistance 1kohm
 voltage 1v
 current 1mA
 power 1nW
 distance 1um

==========================================================================
floorplan final check_setup
--------------------------------------------------------------------------
Warning: There are 2 input ports missing set_input_delay.
Warning: There are 25 output ports missing set_output_delay.
Warning: There are 25 unconstrained endpoints.

==========================================================================
floorplan final report_tns
--------------------------------------------------------------------------
tns max -9.45

==========================================================================
floorplan final report_wns
--------------------------------------------------------------------------
wns max -0.41

==========================================================================
floorplan final report_worst_slack
--------------------------------------------------------------------------
worst slack max -0.41

==========================================================================
floorplan final report_checks -path_delay min
--------------------------------------------------------------------------
[WARNING STA-0168] unknown field nets.
Startpoint: _334_ (rising edge-triggered flip-flop clocked by clk)
Endpoint: _334_ (rising edge-triggered flip-flop clocked by clk)
Path Group: clk
Path Type: min

Fanout     Cap    Slew   Delay    Time   Description
-----------------------------------------------------------------------------
                  0.00    0.00    0.00   clock clk (rise edge)
                          0.00    0.00   clock network delay (ideal)
                  0.00    0.00    0.00 ^ _334_/CK (DFF_X1)
     1    1.52    0.01    0.06    0.06 v _334_/QN (DFF_X1)
                  0.01    0.00    0.06 v _265_/A1 (NAND4_X1)
     1    1.68    0.01    0.02    0.08 ^ _265_/ZN (NAND4_X1)
                  0.01    0.00    0.08 ^ _266_/B2 (AOI21_X1)
     1    1.06    0.01    0.01    0.09 v _266_/ZN (AOI21_X1)
                  0.01    0.00    0.09 v _334_/D (DFF_X1)
                                  0.09   data arrival time

                  0.00    0.00    0.00   clock clk (rise edge)
                          0.00    0.00   clock network delay (ideal)
                          0.00    0.00   clock reconvergence pessimism
                                  0.00 ^ _334_/CK (DFF_X1)
                          0.00    0.00   library hold time
                                  0.00   data required time
-----------------------------------------------------------------------------
                                  0.00   data required time
                                 -0.09   data arrival time
-----------------------------------------------------------------------------
                                  0.09   slack (MET)



==========================================================================
floorplan final report_checks -path_delay max
--------------------------------------------------------------------------
[WARNING STA-0168] unknown field nets.
Startpoint: _343_ (rising edge-triggered flip-flop clocked by clk)
Endpoint: _330_ (rising edge-triggered flip-flop clocked by clk)
Path Group: clk
Path Type: max

Fanout     Cap    Slew   Delay    Time   Description
-----------------------------------------------------------------------------
                  0.00    0.00    0.00   clock clk (rise edge)
                          0.00    0.00   clock network delay (ideal)
                  0.00    0.00    0.00 ^ _343_/CK (DFF_X1)
     4    8.95    0.02    0.10    0.10 ^ _343_/Q (DFF_X1)
                  0.02    0.00    0.10 ^ _305_/A (HA_X1)
     1    3.45    0.01    0.04    0.14 ^ _305_/CO (HA_X1)
                  0.01    0.00    0.14 ^ _191_/A2 (NAND2_X2)
     3    8.14    0.01    0.02    0.16 v _191_/ZN (NAND2_X2)
                  0.01    0.00    0.16 v _205_/A3 (NOR3_X4)
     8   20.28    0.05    0.08    0.24 ^ _205_/ZN (NOR3_X4)
                  0.05    0.00    0.24 ^ _231_/A1 (NAND4_X2)
     9   14.47    0.04    0.06    0.30 v _231_/ZN (NAND4_X2)
                  0.04    0.00    0.30 v _238_/B1 (OAI21_X1)
     1    3.21    0.03    0.05    0.35 ^ _238_/ZN (OAI21_X1)
                  0.03    0.00    0.35 ^ _247_/B (OAI211_X2)
     1    1.06    0.01    0.03    0.38 v _247_/ZN (OAI211_X2)
                  0.01    0.00    0.38 v _330_/D (DFF_X1)
                                  0.38   data arrival time

                  0.00    0.01    0.01   clock clk (rise edge)
                          0.00    0.01   clock network delay (ideal)
                          0.00    0.01   clock reconvergence pessimism
                                  0.01 ^ _330_/CK (DFF_X1)
                         -0.04   -0.03   library setup time
                                 -0.03   data required time
-----------------------------------------------------------------------------
                                 -0.03   data required time
                                 -0.38   data arrival time
-----------------------------------------------------------------------------
                                 -0.41   slack (VIOLATED)



==========================================================================
floorplan final report_checks -unconstrained
--------------------------------------------------------------------------
[WARNING STA-0168] unknown field nets.
Startpoint: _343_ (rising edge-triggered flip-flop clocked by clk)
Endpoint: _330_ (rising edge-triggered flip-flop clocked by clk)
Path Group: clk
Path Type: max

Fanout     Cap    Slew   Delay    Time   Description
-----------------------------------------------------------------------------
                  0.00    0.00    0.00   clock clk (rise edge)
                          0.00    0.00   clock network delay (ideal)
                  0.00    0.00    0.00 ^ _343_/CK (DFF_X1)
     4    8.95    0.02    0.10    0.10 ^ _343_/Q (DFF_X1)
                  0.02    0.00    0.10 ^ _305_/A (HA_X1)
     1    3.45    0.01    0.04    0.14 ^ _305_/CO (HA_X1)
                  0.01    0.00    0.14 ^ _191_/A2 (NAND2_X2)
     3    8.14    0.01    0.02    0.16 v _191_/ZN (NAND2_X2)
                  0.01    0.00    0.16 v _205_/A3 (NOR3_X4)
     8   20.28    0.05    0.08    0.24 ^ _205_/ZN (NOR3_X4)
                  0.05    0.00    0.24 ^ _231_/A1 (NAND4_X2)
     9   14.47    0.04    0.06    0.30 v _231_/ZN (NAND4_X2)
                  0.04    0.00    0.30 v _238_/B1 (OAI21_X1)
     1    3.21    0.03    0.05    0.35 ^ _238_/ZN (OAI21_X1)
                  0.03    0.00    0.35 ^ _247_/B (OAI211_X2)
     1    1.06    0.01    0.03    0.38 v _247_/ZN (OAI211_X2)
                  0.01    0.00    0.38 v _330_/D (DFF_X1)
                                  0.38   data arrival time

                  0.00    0.01    0.01   clock clk (rise edge)
                          0.00    0.01   clock network delay (ideal)
                          0.00    0.01   clock reconvergence pessimism
                                  0.01 ^ _330_/CK (DFF_X1)
                         -0.04   -0.03   library setup time
                                 -0.03   data required time
-----------------------------------------------------------------------------
                                 -0.03   data required time
                                 -0.38   data arrival time
-----------------------------------------------------------------------------
                                 -0.41   slack (VIOLATED)



==========================================================================
floorplan final report_power
--------------------------------------------------------------------------
Group                  Internal  Switching    Leakage      Total
                          Power      Power      Power      Power (Watts)
----------------------------------------------------------------
Sequential             1.73e-02   2.89e-04   1.91e-06   1.76e-02  91.6%
Combinational          8.80e-04   7.27e-04   4.63e-06   1.61e-03   8.4%
Clock                  0.00e+00   0.00e+00   0.00e+00   0.00e+00   0.0%
Macro                  0.00e+00   0.00e+00   0.00e+00   0.00e+00   0.0%
Pad                    0.00e+00   0.00e+00   0.00e+00   0.00e+00   0.0%
----------------------------------------------------------------
Total                  1.82e-02   1.02e-03   6.54e-06   1.92e-02 100.0%
                          94.7%       5.3%       0.0%

==========================================================================
floorplan final report_design_area
--------------------------------------------------------------------------
Design area 305 u^2 1% utilization.

