OpenROAD v2.0-22532-gac667f3cc7 
Features included (+) or not (-): +GPU +GUI +Python
This program is licensed under the BSD-3 license. See the LICENSE file for details.
Components of this program may be licensed under more restrictive licenses which must be honored.
[INFO ODB-0227] LEF file: /project/cad-team/LX_Semicon/kmcho/EoR/pdk/Nangate45/Nangate45_tech.lef, created 22 layers, 27 vias
[INFO ODB-0227] LEF file: /project/cad-team/LX_Semicon/kmcho/EoR/pdk/Nangate45/Nangate45_stdcell.lef, created 135 library cells
[WARNING STA-0366] port 'f_clk' not found.
[INFO IFP-0001] Added 77 rows of 571 site FreePDK45_38x28_10R_NP_162NW_34O.
Default units for flow
 time 1ns
 capacitance 1fF
 resistance 1kohm
 voltage 1v
 current 1mA
 power 1nW
 distance 1um

==========================================================================
floorplan final check_setup
--------------------------------------------------------------------------
Warning: There are 8 input ports missing set_input_delay.
Warning: There are 5 output ports missing set_output_delay.
Warning: There are 5 unconstrained endpoints.

==========================================================================
floorplan final report_tns
--------------------------------------------------------------------------
tns max 0.00

==========================================================================
floorplan final report_wns
--------------------------------------------------------------------------
wns max 0.00

==========================================================================
floorplan final report_worst_slack
--------------------------------------------------------------------------
worst slack max INF

==========================================================================
floorplan final report_checks -path_delay min
--------------------------------------------------------------------------
[WARNING STA-0168] unknown field nets.
No paths found.

==========================================================================
floorplan final report_checks -path_delay max
--------------------------------------------------------------------------
[WARNING STA-0168] unknown field nets.
No paths found.

==========================================================================
floorplan final report_checks -unconstrained
--------------------------------------------------------------------------
[WARNING STA-0168] unknown field nets.
Startpoint: code[3] (input port)
Endpoint: valid (output port)
Path Group: unconstrained
Path Type: max

Fanout     Cap    Slew   Delay    Time   Description
-----------------------------------------------------------------------------
                          0.00    0.00 v input external delay
     1    3.00    0.00    0.00    0.00 v code[3] (in)
                  0.00    0.00    0.00 v _47_/A (BUF_X4)
     7   11.54    0.01    0.02    0.02 v _47_/Z (BUF_X4)
                  0.01    0.00    0.02 v _49_/A3 (OR4_X4)
     3    8.96    0.02    0.10    0.13 v _49_/ZN (OR4_X4)
                  0.02    0.00    0.13 v _63_/A3 (NOR3_X4)
     1    3.14    0.02    0.05    0.17 ^ _63_/ZN (NOR3_X4)
                  0.02    0.00    0.17 ^ _64_/A (AOI21_X2)
     2    4.54    0.02    0.02    0.19 v _64_/ZN (AOI21_X2)
                  0.02    0.00    0.19 v _72_/B1 (OAI221_X2)
     1    0.00    0.03    0.04    0.23 ^ _72_/ZN (OAI221_X2)
                  0.03    0.00    0.23 ^ valid (out)
                                  0.23   data arrival time
-----------------------------------------------------------------------------
(Path is unconstrained)



==========================================================================
floorplan final report_power
--------------------------------------------------------------------------
Group                  Internal  Switching    Leakage      Total
                          Power      Power      Power      Power (Watts)
----------------------------------------------------------------
Sequential             0.00e+00   0.00e+00   0.00e+00   0.00e+00   0.0%
Combinational          8.73e-04   1.01e-03   1.69e-06   1.89e-03 100.0%
Clock                  0.00e+00   0.00e+00   0.00e+00   0.00e+00   0.0%
Macro                  0.00e+00   0.00e+00   0.00e+00   0.00e+00   0.0%
Pad                    0.00e+00   0.00e+00   0.00e+00   0.00e+00   0.0%
----------------------------------------------------------------
Total                  8.73e-04   1.01e-03   1.69e-06   1.89e-03 100.0%
                          46.3%      53.6%       0.1%

==========================================================================
floorplan final report_design_area
--------------------------------------------------------------------------
Design area 59 u^2 1% utilization.

