OpenROAD v2.0-22532-gac667f3cc7 
Features included (+) or not (-): +GPU +GUI +Python
This program is licensed under the BSD-3 license. See the LICENSE file for details.
Components of this program may be licensed under more restrictive licenses which must be honored.
[INFO ODB-0227] LEF file: /project/cad-team/LX_Semicon/kmcho/EoR/pdk/Nangate45/Nangate45_tech.lef, created 22 layers, 27 vias
[INFO ODB-0227] LEF file: /project/cad-team/LX_Semicon/kmcho/EoR/pdk/Nangate45/Nangate45_stdcell.lef, created 135 library cells
[INFO IFP-0001] Added 65 rows of 485 site FreePDK45_38x28_10R_NP_162NW_34O.
Default units for flow
 time 1ns
 capacitance 1fF
 resistance 1kohm
 voltage 1v
 current 1mA
 power 1nW
 distance 1um

==========================================================================
floorplan final check_setup
--------------------------------------------------------------------------
Warning: There are 4 input ports missing set_input_delay.
Warning: There are 3 output ports missing set_output_delay.
Warning: There are 3 unconstrained endpoints.

==========================================================================
floorplan final report_tns
--------------------------------------------------------------------------
tns max -0.87

==========================================================================
floorplan final report_wns
--------------------------------------------------------------------------
wns max -0.25

==========================================================================
floorplan final report_worst_slack
--------------------------------------------------------------------------
worst slack max -0.25

==========================================================================
floorplan final report_checks -path_delay min
--------------------------------------------------------------------------
[WARNING STA-0168] unknown field nets.
Startpoint: _37_ (rising edge-triggered flip-flop clocked by clk)
Endpoint: _37_ (rising edge-triggered flip-flop clocked by clk)
Path Group: clk
Path Type: min

Fanout     Cap    Slew   Delay    Time   Description
-----------------------------------------------------------------------------
                  0.00    0.00    0.00   clock clk (rise edge)
                          0.00    0.00   clock network delay (ideal)
                  0.00    0.00    0.00 ^ _37_/CK (DFFR_X1)
     1    1.49    0.01    0.06    0.06 v _37_/QN (DFFR_X1)
                  0.01    0.00    0.06 v _24_/A4 (NAND4_X1)
     1    1.61    0.01    0.02    0.09 ^ _24_/ZN (NAND4_X1)
                  0.01    0.00    0.09 ^ _27_/A (OAI211_X1)
     1    1.05    0.01    0.02    0.11 v _27_/ZN (OAI211_X1)
                  0.01    0.00    0.11 v _37_/D (DFFR_X1)
                                  0.11   data arrival time

                  0.00    0.00    0.00   clock clk (rise edge)
                          0.00    0.00   clock network delay (ideal)
                          0.00    0.00   clock reconvergence pessimism
                                  0.00 ^ _37_/CK (DFFR_X1)
                          0.00    0.00   library hold time
                                  0.00   data required time
-----------------------------------------------------------------------------
                                  0.00   data required time
                                 -0.11   data arrival time
-----------------------------------------------------------------------------
                                  0.10   slack (MET)



==========================================================================
floorplan final report_checks -path_delay max
--------------------------------------------------------------------------
[WARNING STA-0168] unknown field nets.
Startpoint: _38_ (rising edge-triggered flip-flop clocked by clk)
Endpoint: _38_ (rising edge-triggered flip-flop clocked by clk)
Path Group: clk
Path Type: max

Fanout     Cap    Slew   Delay    Time   Description
-----------------------------------------------------------------------------
                  0.00    0.00    0.00   clock clk (rise edge)
                          0.00    0.00   clock network delay (ideal)
                  0.00    0.00    0.00 ^ _38_/CK (DFFR_X1)
     1    3.40    0.01    0.10    0.10 ^ _38_/Q (DFFR_X1)
                  0.01    0.00    0.10 ^ _17_/A (BUF_X4)
     6   14.75    0.01    0.03    0.13 ^ _17_/Z (BUF_X4)
                  0.01    0.00    0.13 ^ _18_/A (INV_X4)
     5    8.87    0.01    0.01    0.14 v _18_/ZN (INV_X4)
                  0.01    0.00    0.14 v _29_/A (AOI211_X2)
     1    1.75    0.03    0.06    0.20 ^ _29_/ZN (AOI211_X2)
                  0.03    0.00    0.20 ^ _31_/A1 (OR2_X2)
     1    1.13    0.01    0.02    0.22 ^ _31_/ZN (OR2_X2)
                  0.01    0.00    0.22 ^ _38_/D (DFFR_X1)
                                  0.22   data arrival time

                  0.00    0.01    0.01   clock clk (rise edge)
                          0.00    0.01   clock network delay (ideal)
                          0.00    0.01   clock reconvergence pessimism
                                  0.01 ^ _38_/CK (DFFR_X1)
                         -0.03   -0.02   library setup time
                                 -0.02   data required time
-----------------------------------------------------------------------------
                                 -0.02   data required time
                                 -0.22   data arrival time
-----------------------------------------------------------------------------
                                 -0.25   slack (VIOLATED)



==========================================================================
floorplan final report_checks -unconstrained
--------------------------------------------------------------------------
[WARNING STA-0168] unknown field nets.
Startpoint: _38_ (rising edge-triggered flip-flop clocked by clk)
Endpoint: _38_ (rising edge-triggered flip-flop clocked by clk)
Path Group: clk
Path Type: max

Fanout     Cap    Slew   Delay    Time   Description
-----------------------------------------------------------------------------
                  0.00    0.00    0.00   clock clk (rise edge)
                          0.00    0.00   clock network delay (ideal)
                  0.00    0.00    0.00 ^ _38_/CK (DFFR_X1)
     1    3.40    0.01    0.10    0.10 ^ _38_/Q (DFFR_X1)
                  0.01    0.00    0.10 ^ _17_/A (BUF_X4)
     6   14.75    0.01    0.03    0.13 ^ _17_/Z (BUF_X4)
                  0.01    0.00    0.13 ^ _18_/A (INV_X4)
     5    8.87    0.01    0.01    0.14 v _18_/ZN (INV_X4)
                  0.01    0.00    0.14 v _29_/A (AOI211_X2)
     1    1.75    0.03    0.06    0.20 ^ _29_/ZN (AOI211_X2)
                  0.03    0.00    0.20 ^ _31_/A1 (OR2_X2)
     1    1.13    0.01    0.02    0.22 ^ _31_/ZN (OR2_X2)
                  0.01    0.00    0.22 ^ _38_/D (DFFR_X1)
                                  0.22   data arrival time

                  0.00    0.01    0.01   clock clk (rise edge)
                          0.00    0.01   clock network delay (ideal)
                          0.00    0.01   clock reconvergence pessimism
                                  0.01 ^ _38_/CK (DFFR_X1)
                         -0.03   -0.02   library setup time
                                 -0.02   data required time
-----------------------------------------------------------------------------
                                 -0.02   data required time
                                 -0.22   data arrival time
-----------------------------------------------------------------------------
                                 -0.25   slack (VIOLATED)



==========================================================================
floorplan final report_power
--------------------------------------------------------------------------
Group                  Internal  Switching    Leakage      Total
                          Power      Power      Power      Power (Watts)
----------------------------------------------------------------
Sequential             3.60e-03   2.37e-04   3.32e-07   3.84e-03  58.9%
Combinational          1.58e-03   1.09e-03   6.02e-07   2.68e-03  41.1%
Clock                  0.00e+00   0.00e+00   0.00e+00   0.00e+00   0.0%
Macro                  0.00e+00   0.00e+00   0.00e+00   0.00e+00   0.0%
Pad                    0.00e+00   0.00e+00   0.00e+00   0.00e+00   0.0%
----------------------------------------------------------------
Total                  5.18e-03   1.33e-03   9.34e-07   6.51e-03 100.0%
                          79.5%      20.4%       0.0%

==========================================================================
floorplan final report_design_area
--------------------------------------------------------------------------
Design area 43 u^2 1% utilization.

