OpenROAD v2.0-22532-gac667f3cc7 
Features included (+) or not (-): +GPU +GUI +Python
This program is licensed under the BSD-3 license. See the LICENSE file for details.
Components of this program may be licensed under more restrictive licenses which must be honored.
[INFO ODB-0227] LEF file: /project/cad-team/LX_Semicon/kmcho/EoR/pdk/Nangate45/Nangate45_tech.lef, created 22 layers, 27 vias
[INFO ODB-0227] LEF file: /project/cad-team/LX_Semicon/kmcho/EoR/pdk/Nangate45/Nangate45_stdcell.lef, created 135 library cells
[INFO IFP-0001] Added 68 rows of 504 site FreePDK45_38x28_10R_NP_162NW_34O.
Default units for flow
 time 1ns
 capacitance 1fF
 resistance 1kohm
 voltage 1v
 current 1mA
 power 1nW
 distance 1um

==========================================================================
floorplan final check_setup
--------------------------------------------------------------------------
Warning: There are 4 input ports missing set_input_delay.
Warning: There are 3 output ports missing set_output_delay.
Warning: There are 3 unconstrained endpoints.

==========================================================================
floorplan final report_tns
--------------------------------------------------------------------------
tns max -0.96

==========================================================================
floorplan final report_wns
--------------------------------------------------------------------------
wns max -0.25

==========================================================================
floorplan final report_worst_slack
--------------------------------------------------------------------------
worst slack max -0.25

==========================================================================
floorplan final report_checks -path_delay min
--------------------------------------------------------------------------
[WARNING STA-0168] unknown field nets.
Startpoint: _43_ (rising edge-triggered flip-flop clocked by clk)
Endpoint: _43_ (rising edge-triggered flip-flop clocked by clk)
Path Group: clk
Path Type: min

Fanout     Cap    Slew   Delay    Time   Description
-----------------------------------------------------------------------------
                  0.00    0.00    0.00   clock clk (rise edge)
                          0.00    0.00   clock network delay (ideal)
                  0.00    0.00    0.00 ^ _43_/CK (DFFR_X1)
     2    3.05    0.01    0.09    0.09 v _43_/Q (DFFR_X1)
                  0.01    0.00    0.09 v _34_/A (INV_X1)
     1    1.71    0.01    0.01    0.10 ^ _34_/ZN (INV_X1)
                  0.01    0.00    0.10 ^ _36_/A1 (NOR2_X1)
     1    1.05    0.00    0.01    0.11 v _36_/ZN (NOR2_X1)
                  0.00    0.00    0.11 v _43_/D (DFFR_X1)
                                  0.11   data arrival time

                  0.00    0.00    0.00   clock clk (rise edge)
                          0.00    0.00   clock network delay (ideal)
                          0.00    0.00   clock reconvergence pessimism
                                  0.00 ^ _43_/CK (DFFR_X1)
                          0.00    0.00   library hold time
                                  0.00   data required time
-----------------------------------------------------------------------------
                                  0.00   data required time
                                 -0.11   data arrival time
-----------------------------------------------------------------------------
                                  0.10   slack (MET)



==========================================================================
floorplan final report_checks -path_delay max
--------------------------------------------------------------------------
[WARNING STA-0168] unknown field nets.
Startpoint: _45_ (rising edge-triggered flip-flop clocked by clk)
Endpoint: _44_ (rising edge-triggered flip-flop clocked by clk)
Path Group: clk
Path Type: max

Fanout     Cap    Slew   Delay    Time   Description
-----------------------------------------------------------------------------
                  0.00    0.00    0.00   clock clk (rise edge)
                          0.00    0.00   clock network delay (ideal)
                  0.00    0.00    0.00 ^ _45_/CK (DFFR_X1)
     1    3.40    0.01    0.10    0.10 ^ _45_/Q (DFFR_X1)
                  0.01    0.00    0.10 ^ _22_/A (BUF_X4)
     8   13.79    0.01    0.03    0.13 ^ _22_/Z (BUF_X4)
                  0.01    0.00    0.13 ^ _24_/S (MUX2_X1)
     1    1.44    0.01    0.06    0.19 v _24_/Z (MUX2_X1)
                  0.01    0.00    0.19 v _25_/C1 (OAI211_X1)
     1    1.70    0.02    0.03    0.22 ^ _25_/ZN (OAI211_X1)
                  0.02    0.00    0.22 ^ _26_/A (INV_X1)
     1    1.05    0.01    0.01    0.23 v _26_/ZN (INV_X1)
                  0.01    0.00    0.23 v _44_/D (DFFR_X1)
                                  0.23   data arrival time

                  0.00    0.01    0.01   clock clk (rise edge)
                          0.00    0.01   clock network delay (ideal)
                          0.00    0.01   clock reconvergence pessimism
                                  0.01 ^ _44_/CK (DFFR_X1)
                         -0.04   -0.03   library setup time
                                 -0.03   data required time
-----------------------------------------------------------------------------
                                 -0.03   data required time
                                 -0.23   data arrival time
-----------------------------------------------------------------------------
                                 -0.25   slack (VIOLATED)



==========================================================================
floorplan final report_checks -unconstrained
--------------------------------------------------------------------------
[WARNING STA-0168] unknown field nets.
Startpoint: _45_ (rising edge-triggered flip-flop clocked by clk)
Endpoint: _44_ (rising edge-triggered flip-flop clocked by clk)
Path Group: clk
Path Type: max

Fanout     Cap    Slew   Delay    Time   Description
-----------------------------------------------------------------------------
                  0.00    0.00    0.00   clock clk (rise edge)
                          0.00    0.00   clock network delay (ideal)
                  0.00    0.00    0.00 ^ _45_/CK (DFFR_X1)
     1    3.40    0.01    0.10    0.10 ^ _45_/Q (DFFR_X1)
                  0.01    0.00    0.10 ^ _22_/A (BUF_X4)
     8   13.79    0.01    0.03    0.13 ^ _22_/Z (BUF_X4)
                  0.01    0.00    0.13 ^ _24_/S (MUX2_X1)
     1    1.44    0.01    0.06    0.19 v _24_/Z (MUX2_X1)
                  0.01    0.00    0.19 v _25_/C1 (OAI211_X1)
     1    1.70    0.02    0.03    0.22 ^ _25_/ZN (OAI211_X1)
                  0.02    0.00    0.22 ^ _26_/A (INV_X1)
     1    1.05    0.01    0.01    0.23 v _26_/ZN (INV_X1)
                  0.01    0.00    0.23 v _44_/D (DFFR_X1)
                                  0.23   data arrival time

                  0.00    0.01    0.01   clock clk (rise edge)
                          0.00    0.01   clock network delay (ideal)
                          0.00    0.01   clock reconvergence pessimism
                                  0.01 ^ _44_/CK (DFFR_X1)
                         -0.04   -0.03   library setup time
                                 -0.03   data required time
-----------------------------------------------------------------------------
                                 -0.03   data required time
                                 -0.23   data arrival time
-----------------------------------------------------------------------------
                                 -0.25   slack (VIOLATED)



==========================================================================
floorplan final report_power
--------------------------------------------------------------------------
Group                  Internal  Switching    Leakage      Total
                          Power      Power      Power      Power (Watts)
----------------------------------------------------------------
Sequential             3.00e-03   1.55e-04   3.34e-07   3.16e-03  58.8%
Combinational          1.29e-03   9.22e-04   6.76e-07   2.21e-03  41.2%
Clock                  0.00e+00   0.00e+00   0.00e+00   0.00e+00   0.0%
Macro                  0.00e+00   0.00e+00   0.00e+00   0.00e+00   0.0%
Pad                    0.00e+00   0.00e+00   0.00e+00   0.00e+00   0.0%
----------------------------------------------------------------
Total                  4.29e-03   1.08e-03   1.01e-06   5.37e-03 100.0%
                          79.9%      20.1%       0.0%

==========================================================================
floorplan final report_design_area
--------------------------------------------------------------------------
Design area 46 u^2 1% utilization.

