OpenROAD v2.0-22532-gac667f3cc7 
Features included (+) or not (-): +GPU +GUI +Python
This program is licensed under the BSD-3 license. See the LICENSE file for details.
Components of this program may be licensed under more restrictive licenses which must be honored.
[INFO ODB-0227] LEF file: /project/cad-team/LX_Semicon/kmcho/EoR/pdk/Nangate45/Nangate45_tech.lef, created 22 layers, 27 vias
[INFO ODB-0227] LEF file: /project/cad-team/LX_Semicon/kmcho/EoR/pdk/Nangate45/Nangate45_stdcell.lef, created 135 library cells
[INFO IFP-0001] Added 590 rows of 4354 site FreePDK45_38x28_10R_NP_162NW_34O.
Default units for flow
 time 1ns
 capacitance 1fF
 resistance 1kohm
 voltage 1v
 current 1mA
 power 1nW
 distance 1um

==========================================================================
floorplan final check_setup
--------------------------------------------------------------------------
Warning: There are 65 input ports missing set_input_delay.
Warning: There are 32 output ports missing set_output_delay.
Warning: There are 32 unconstrained endpoints.

==========================================================================
floorplan final report_tns
--------------------------------------------------------------------------
tns max -32.82

==========================================================================
floorplan final report_wns
--------------------------------------------------------------------------
wns max -1.60

==========================================================================
floorplan final report_worst_slack
--------------------------------------------------------------------------
worst slack max -1.60

==========================================================================
floorplan final report_checks -path_delay min
--------------------------------------------------------------------------
[WARNING STA-0168] unknown field nets.
Startpoint: _4136_ (rising edge-triggered flip-flop clocked by clk)
Endpoint: _4136_ (rising edge-triggered flip-flop clocked by clk)
Path Group: clk
Path Type: min

Fanout     Cap    Slew   Delay    Time   Description
-----------------------------------------------------------------------------
                  0.00    0.00    0.00   clock clk (rise edge)
                          0.00    0.00   clock network delay (ideal)
                  0.00    0.00    0.00 ^ _4136_/CK (DFF_X1)
     2    3.19    0.01    0.09    0.09 ^ _4136_/Q (DFF_X1)
                  0.01    0.00    0.09 ^ _3998_/A (HA_X1)
     1    1.55    0.01    0.01    0.10 v _3998_/S (HA_X1)
                  0.01    0.00    0.10 v _3520_/A (INV_X1)
     1    1.65    0.01    0.01    0.11 ^ _3520_/ZN (INV_X1)
                  0.01    0.00    0.11 ^ _3521_/A2 (NOR2_X1)
     1    1.06    0.00    0.01    0.12 v _3521_/ZN (NOR2_X1)
                  0.00    0.00    0.12 v _4136_/D (DFF_X1)
                                  0.12   data arrival time

                  0.00    0.00    0.00   clock clk (rise edge)
                          0.00    0.00   clock network delay (ideal)
                          0.00    0.00   clock reconvergence pessimism
                                  0.00 ^ _4136_/CK (DFF_X1)
                          0.00    0.00   library hold time
                                  0.00   data required time
-----------------------------------------------------------------------------
                                  0.00   data required time
                                 -0.12   data arrival time
-----------------------------------------------------------------------------
                                  0.12   slack (MET)



==========================================================================
floorplan final report_checks -path_delay max
--------------------------------------------------------------------------
[WARNING STA-0168] unknown field nets.
Startpoint: _4119_ (rising edge-triggered flip-flop clocked by clk)
Endpoint: _4135_ (rising edge-triggered flip-flop clocked by clk)
Path Group: clk
Path Type: max

Fanout     Cap    Slew   Delay    Time   Description
-----------------------------------------------------------------------------
                  0.00    0.00    0.00   clock clk (rise edge)
                          0.00    0.00   clock network delay (ideal)
                  0.00    0.00    0.00 ^ _4119_/CK (DFF_X1)
     1    3.61    0.01    0.07    0.07 v _4119_/QN (DFF_X1)
                  0.01    0.00    0.07 v _3644_/A (FA_X1)
     1    2.76    0.01    0.12    0.18 ^ _3644_/S (FA_X1)
                  0.01    0.00    0.18 ^ _3646_/CI (FA_X1)
     1    2.66    0.02    0.09    0.28 v _3646_/S (FA_X1)
                  0.02    0.00    0.28 v _3649_/CI (FA_X1)
     1    2.76    0.01    0.12    0.39 ^ _3649_/S (FA_X1)
                  0.01    0.00    0.39 ^ _3654_/CI (FA_X1)
     1    2.66    0.02    0.09    0.48 v _3654_/S (FA_X1)
                  0.02    0.00    0.48 v _3655_/CI (FA_X1)
     1    2.76    0.01    0.12    0.60 ^ _3655_/S (FA_X1)
                  0.01    0.00    0.60 ^ _3656_/CI (FA_X1)
     1    1.55    0.01    0.09    0.69 v _3656_/S (FA_X1)
                  0.01    0.00    0.69 v _3030_/A (INV_X1)
     1    3.45    0.01    0.02    0.71 ^ _3030_/ZN (INV_X1)
                  0.01    0.00    0.71 ^ _4058_/B (HA_X1)
     1    3.45    0.03    0.05    0.76 ^ _4058_/S (HA_X1)
                  0.03    0.00    0.76 ^ _4059_/B (HA_X1)
     1    3.45    0.03    0.06    0.82 ^ _4059_/S (HA_X1)
                  0.03    0.00    0.82 ^ _4060_/B (HA_X1)
     4    6.72    0.05    0.08    0.90 ^ _4060_/S (HA_X1)
                  0.05    0.00    0.90 ^ _2887_/A2 (AND4_X1)
     1    3.48    0.02    0.07    0.97 ^ _2887_/ZN (AND4_X1)
                  0.02    0.00    0.97 ^ _2888_/B2 (AOI21_X2)
     3    6.53    0.02    0.02    0.99 v _2888_/ZN (AOI21_X2)
                  0.02    0.00    0.99 v _2890_/B1 (OAI21_X1)
     3    8.90    0.05    0.07    1.06 ^ _2890_/ZN (OAI21_X1)
                  0.05    0.00    1.06 ^ _2891_/C2 (AOI221_X2)
     2    5.02    0.02    0.03    1.08 v _2891_/ZN (AOI221_X2)
                  0.02    0.00    1.08 v _2894_/A1 (NOR2_X1)
     2    2.62    0.02    0.03    1.12 ^ _2894_/ZN (NOR2_X1)
                  0.02    0.00    1.12 ^ _2895_/A3 (AND3_X1)
     2    4.88    0.02    0.06    1.17 ^ _2895_/ZN (AND3_X1)
                  0.02    0.00    1.17 ^ _2967_/B1 (AOI221_X2)
     1    2.66    0.01    0.02    1.20 v _2967_/ZN (AOI221_X2)
                  0.01    0.00    1.20 v _3996_/CI (FA_X1)
     1    2.13    0.01    0.07    1.26 v _3996_/CO (FA_X1)
                  0.01    0.00    1.26 v _3482_/A (XNOR2_X1)
     1    2.13    0.01    0.04    1.31 v _3482_/ZN (XNOR2_X1)
                  0.01    0.00    1.31 v _3484_/A (XNOR2_X1)
     1    4.42    0.01    0.04    1.35 v _3484_/ZN (XNOR2_X1)
                  0.01    0.00    1.35 v _3485_/B (XNOR2_X2)
     1    4.42    0.01    0.04    1.39 v _3485_/ZN (XNOR2_X2)
                  0.01    0.00    1.39 v _3486_/B (XNOR2_X2)
     2    4.77    0.01    0.04    1.43 v _3486_/ZN (XNOR2_X2)
                  0.01    0.00    1.43 v _3516_/A3 (OR3_X4)
     2    4.65    0.01    0.07    1.50 v _3516_/ZN (OR3_X4)
                  0.01    0.00    1.50 v _3517_/A3 (AND3_X4)
     1    3.04    0.01    0.03    1.54 v _3517_/ZN (AND3_X4)
                  0.01    0.00    1.54 v _3519_/A2 (NOR3_X2)
     1    1.14    0.02    0.04    1.57 ^ _3519_/ZN (NOR3_X2)
                  0.02    0.00    1.57 ^ _4135_/D (DFF_X1)
                                  1.57   data arrival time

                  0.00    0.01    0.01   clock clk (rise edge)
                          0.00    0.01   clock network delay (ideal)
                          0.00    0.01   clock reconvergence pessimism
                                  0.01 ^ _4135_/CK (DFF_X1)
                         -0.03   -0.02   library setup time
                                 -0.02   data required time
-----------------------------------------------------------------------------
                                 -0.02   data required time
                                 -1.57   data arrival time
-----------------------------------------------------------------------------
                                 -1.60   slack (VIOLATED)



==========================================================================
floorplan final report_checks -unconstrained
--------------------------------------------------------------------------
[WARNING STA-0168] unknown field nets.
Startpoint: _4119_ (rising edge-triggered flip-flop clocked by clk)
Endpoint: _4135_ (rising edge-triggered flip-flop clocked by clk)
Path Group: clk
Path Type: max

Fanout     Cap    Slew   Delay    Time   Description
-----------------------------------------------------------------------------
                  0.00    0.00    0.00   clock clk (rise edge)
                          0.00    0.00   clock network delay (ideal)
                  0.00    0.00    0.00 ^ _4119_/CK (DFF_X1)
     1    3.61    0.01    0.07    0.07 v _4119_/QN (DFF_X1)
                  0.01    0.00    0.07 v _3644_/A (FA_X1)
     1    2.76    0.01    0.12    0.18 ^ _3644_/S (FA_X1)
                  0.01    0.00    0.18 ^ _3646_/CI (FA_X1)
     1    2.66    0.02    0.09    0.28 v _3646_/S (FA_X1)
                  0.02    0.00    0.28 v _3649_/CI (FA_X1)
     1    2.76    0.01    0.12    0.39 ^ _3649_/S (FA_X1)
                  0.01    0.00    0.39 ^ _3654_/CI (FA_X1)
     1    2.66    0.02    0.09    0.48 v _3654_/S (FA_X1)
                  0.02    0.00    0.48 v _3655_/CI (FA_X1)
     1    2.76    0.01    0.12    0.60 ^ _3655_/S (FA_X1)
                  0.01    0.00    0.60 ^ _3656_/CI (FA_X1)
     1    1.55    0.01    0.09    0.69 v _3656_/S (FA_X1)
                  0.01    0.00    0.69 v _3030_/A (INV_X1)
     1    3.45    0.01    0.02    0.71 ^ _3030_/ZN (INV_X1)
                  0.01    0.00    0.71 ^ _4058_/B (HA_X1)
     1    3.45    0.03    0.05    0.76 ^ _4058_/S (HA_X1)
                  0.03    0.00    0.76 ^ _4059_/B (HA_X1)
     1    3.45    0.03    0.06    0.82 ^ _4059_/S (HA_X1)
                  0.03    0.00    0.82 ^ _4060_/B (HA_X1)
     4    6.72    0.05    0.08    0.90 ^ _4060_/S (HA_X1)
                  0.05    0.00    0.90 ^ _2887_/A2 (AND4_X1)
     1    3.48    0.02    0.07    0.97 ^ _2887_/ZN (AND4_X1)
                  0.02    0.00    0.97 ^ _2888_/B2 (AOI21_X2)
     3    6.53    0.02    0.02    0.99 v _2888_/ZN (AOI21_X2)
                  0.02    0.00    0.99 v _2890_/B1 (OAI21_X1)
     3    8.90    0.05    0.07    1.06 ^ _2890_/ZN (OAI21_X1)
                  0.05    0.00    1.06 ^ _2891_/C2 (AOI221_X2)
     2    5.02    0.02    0.03    1.08 v _2891_/ZN (AOI221_X2)
                  0.02    0.00    1.08 v _2894_/A1 (NOR2_X1)
     2    2.62    0.02    0.03    1.12 ^ _2894_/ZN (NOR2_X1)
                  0.02    0.00    1.12 ^ _2895_/A3 (AND3_X1)
     2    4.88    0.02    0.06    1.17 ^ _2895_/ZN (AND3_X1)
                  0.02    0.00    1.17 ^ _2967_/B1 (AOI221_X2)
     1    2.66    0.01    0.02    1.20 v _2967_/ZN (AOI221_X2)
                  0.01    0.00    1.20 v _3996_/CI (FA_X1)
     1    2.13    0.01    0.07    1.26 v _3996_/CO (FA_X1)
                  0.01    0.00    1.26 v _3482_/A (XNOR2_X1)
     1    2.13    0.01    0.04    1.31 v _3482_/ZN (XNOR2_X1)
                  0.01    0.00    1.31 v _3484_/A (XNOR2_X1)
     1    4.42    0.01    0.04    1.35 v _3484_/ZN (XNOR2_X1)
                  0.01    0.00    1.35 v _3485_/B (XNOR2_X2)
     1    4.42    0.01    0.04    1.39 v _3485_/ZN (XNOR2_X2)
                  0.01    0.00    1.39 v _3486_/B (XNOR2_X2)
     2    4.77    0.01    0.04    1.43 v _3486_/ZN (XNOR2_X2)
                  0.01    0.00    1.43 v _3516_/A3 (OR3_X4)
     2    4.65    0.01    0.07    1.50 v _3516_/ZN (OR3_X4)
                  0.01    0.00    1.50 v _3517_/A3 (AND3_X4)
     1    3.04    0.01    0.03    1.54 v _3517_/ZN (AND3_X4)
                  0.01    0.00    1.54 v _3519_/A2 (NOR3_X2)
     1    1.14    0.02    0.04    1.57 ^ _3519_/ZN (NOR3_X2)
                  0.02    0.00    1.57 ^ _4135_/D (DFF_X1)
                                  1.57   data arrival time

                  0.00    0.01    0.01   clock clk (rise edge)
                          0.00    0.01   clock network delay (ideal)
                          0.00    0.01   clock reconvergence pessimism
                                  0.01 ^ _4135_/CK (DFF_X1)
                         -0.03   -0.02   library setup time
                                 -0.02   data required time
-----------------------------------------------------------------------------
                                 -0.02   data required time
                                 -1.57   data arrival time
-----------------------------------------------------------------------------
                                 -1.60   slack (VIOLATED)



==========================================================================
floorplan final report_power
--------------------------------------------------------------------------
Group                  Internal  Switching    Leakage      Total
                          Power      Power      Power      Power (Watts)
----------------------------------------------------------------
Sequential             2.73e-02   3.03e-03   2.52e-06   3.04e-02   7.1%
Combinational          2.42e-01   1.55e-01   6.75e-05   3.97e-01  92.9%
Clock                  0.00e+00   0.00e+00   0.00e+00   0.00e+00   0.0%
Macro                  0.00e+00   0.00e+00   0.00e+00   0.00e+00   0.0%
Pad                    0.00e+00   0.00e+00   0.00e+00   0.00e+00   0.0%
----------------------------------------------------------------
Total                  2.69e-01   1.58e-01   7.00e-05   4.28e-01 100.0%
                          63.0%      37.0%       0.0%

==========================================================================
floorplan final report_design_area
--------------------------------------------------------------------------
Design area 3422 u^2 1% utilization.

