OpenROAD v2.0-22532-gac667f3cc7 
Features included (+) or not (-): +GPU +GUI +Python
This program is licensed under the BSD-3 license. See the LICENSE file for details.
Components of this program may be licensed under more restrictive licenses which must be honored.
[INFO ODB-0227] LEF file: /project/cad-team/LX_Semicon/kmcho/EoR/pdk/Nangate45/Nangate45_tech.lef, created 22 layers, 27 vias
[INFO ODB-0227] LEF file: /project/cad-team/LX_Semicon/kmcho/EoR/pdk/Nangate45/Nangate45_stdcell.lef, created 135 library cells
[WARNING STA-0366] port 'f_clk' not found.
[INFO IFP-0001] Added 165 rows of 1220 site FreePDK45_38x28_10R_NP_162NW_34O.
Default units for flow
 time 1ns
 capacitance 1fF
 resistance 1kohm
 voltage 1v
 current 1mA
 power 1nW
 distance 1um

==========================================================================
floorplan final check_setup
--------------------------------------------------------------------------
Warning: There are 148 input ports missing set_input_delay.
Warning: There are 16 output ports missing set_output_delay.
Warning: There are 16 unconstrained endpoints.

==========================================================================
floorplan final report_tns
--------------------------------------------------------------------------
tns max 0.00

==========================================================================
floorplan final report_wns
--------------------------------------------------------------------------
wns max 0.00

==========================================================================
floorplan final report_worst_slack
--------------------------------------------------------------------------
worst slack max INF

==========================================================================
floorplan final report_checks -path_delay min
--------------------------------------------------------------------------
[WARNING STA-0168] unknown field nets.
No paths found.

==========================================================================
floorplan final report_checks -path_delay max
--------------------------------------------------------------------------
[WARNING STA-0168] unknown field nets.
No paths found.

==========================================================================
floorplan final report_checks -unconstrained
--------------------------------------------------------------------------
[WARNING STA-0168] unknown field nets.
Startpoint: sel[1] (input port)
Endpoint: out[12] (output port)
Path Group: unconstrained
Path Type: max

Fanout     Cap    Slew   Delay    Time   Description
-----------------------------------------------------------------------------
                          0.00    0.00 ^ input external delay
     1    6.59    0.00    0.00    0.00 ^ sel[1] (in)
                  0.00    0.00    0.00 ^ _195_/A (BUF_X8)
     8   28.07    0.01    0.02    0.02 ^ _195_/Z (BUF_X8)
                  0.01    0.00    0.02 ^ _371_/S (MUX2_X1)
     1    2.73    0.01    0.06    0.08 v _371_/Z (MUX2_X1)
                  0.01    0.00    0.08 v _372_/B1 (AOI21_X2)
     1    1.58    0.02    0.02    0.11 ^ _372_/ZN (AOI21_X2)
                  0.02    0.00    0.11 ^ _374_/A2 (OAI22_X1)
     1    1.59    0.01    0.02    0.13 v _374_/ZN (OAI22_X1)
                  0.01    0.00    0.13 v _375_/A4 (OR4_X2)
     1    0.00    0.01    0.10    0.23 v _375_/ZN (OR4_X2)
                  0.01    0.00    0.23 v out[12] (out)
                                  0.23   data arrival time
-----------------------------------------------------------------------------
(Path is unconstrained)



==========================================================================
floorplan final report_power
--------------------------------------------------------------------------
Group                  Internal  Switching    Leakage      Total
                          Power      Power      Power      Power (Watts)
----------------------------------------------------------------
Sequential             0.00e+00   0.00e+00   0.00e+00   0.00e+00   0.0%
Combinational          7.36e-03   4.82e-03   6.80e-06   1.22e-02 100.0%
Clock                  0.00e+00   0.00e+00   0.00e+00   0.00e+00   0.0%
Macro                  0.00e+00   0.00e+00   0.00e+00   0.00e+00   0.0%
Pad                    0.00e+00   0.00e+00   0.00e+00   0.00e+00   0.0%
----------------------------------------------------------------
Total                  7.36e-03   4.82e-03   6.80e-06   1.22e-02 100.0%
                          60.4%      39.6%       0.1%

==========================================================================
floorplan final report_design_area
--------------------------------------------------------------------------
Design area 269 u^2 1% utilization.

