OpenROAD v2.0-22532-gac667f3cc7 
Features included (+) or not (-): +GPU +GUI +Python
This program is licensed under the BSD-3 license. See the LICENSE file for details.
Components of this program may be licensed under more restrictive licenses which must be honored.
[INFO ODB-0227] LEF file: /project/cad-team/LX_Semicon/kmcho/EoR/pdk/Nangate45/Nangate45_tech.lef, created 22 layers, 27 vias
[INFO ODB-0227] LEF file: /project/cad-team/LX_Semicon/kmcho/EoR/pdk/Nangate45/Nangate45_stdcell.lef, created 135 library cells
[INFO IFP-0001] Added 141 rows of 1040 site FreePDK45_38x28_10R_NP_162NW_34O.
Default units for flow
 time 1ns
 capacitance 1fF
 resistance 1kohm
 voltage 1v
 current 1mA
 power 1nW
 distance 1um

==========================================================================
floorplan final check_setup
--------------------------------------------------------------------------
Warning: There is 1 input port missing set_input_delay.
Warning: There are 19 output ports missing set_output_delay.
Warning: There are 19 unconstrained endpoints.

==========================================================================
floorplan final report_tns
--------------------------------------------------------------------------
tns max -5.40

==========================================================================
floorplan final report_wns
--------------------------------------------------------------------------
wns max -0.38

==========================================================================
floorplan final report_worst_slack
--------------------------------------------------------------------------
worst slack max -0.38

==========================================================================
floorplan final report_checks -path_delay min
--------------------------------------------------------------------------
[WARNING STA-0168] unknown field nets.
Startpoint: _193_ (rising edge-triggered flip-flop clocked by clk)
Endpoint: _193_ (rising edge-triggered flip-flop clocked by clk)
Path Group: clk
Path Type: min

Fanout     Cap    Slew   Delay    Time   Description
-----------------------------------------------------------------------------
                  0.00    0.00    0.00   clock clk (rise edge)
                          0.00    0.00   clock network delay (ideal)
                  0.00    0.00    0.00 ^ _193_/CK (DFF_X1)
     1    0.92    0.01    0.06    0.06 ^ _193_/QN (DFF_X1)
                  0.01    0.00    0.06 ^ _131_/A1 (AND2_X1)
     1    1.14    0.01    0.03    0.09 ^ _131_/ZN (AND2_X1)
                  0.01    0.00    0.09 ^ _193_/D (DFF_X1)
                                  0.09   data arrival time

                  0.00    0.00    0.00   clock clk (rise edge)
                          0.00    0.00   clock network delay (ideal)
                          0.00    0.00   clock reconvergence pessimism
                                  0.00 ^ _193_/CK (DFF_X1)
                          0.01    0.01   library hold time
                                  0.01   data required time
-----------------------------------------------------------------------------
                                  0.01   data required time
                                 -0.09   data arrival time
-----------------------------------------------------------------------------
                                  0.08   slack (MET)



==========================================================================
floorplan final report_checks -path_delay max
--------------------------------------------------------------------------
[WARNING STA-0168] unknown field nets.
Startpoint: _193_ (rising edge-triggered flip-flop clocked by clk)
Endpoint: _205_ (rising edge-triggered flip-flop clocked by clk)
Path Group: clk
Path Type: max

Fanout     Cap    Slew   Delay    Time   Description
-----------------------------------------------------------------------------
                  0.00    0.00    0.00   clock clk (rise edge)
                          0.00    0.00   clock network delay (ideal)
                  0.00    0.00    0.00 ^ _193_/CK (DFF_X1)
     3    6.37    0.02    0.10    0.10 ^ _193_/Q (DFF_X1)
                  0.02    0.00    0.10 ^ _190_/A (HA_X1)
     1    3.45    0.01    0.04    0.13 ^ _190_/CO (HA_X1)
                  0.01    0.00    0.13 ^ _106_/A2 (NAND2_X2)
     2    4.78    0.01    0.02    0.15 v _106_/ZN (NAND2_X2)
                  0.01    0.00    0.15 v _107_/A2 (OR2_X4)
     1    5.81    0.01    0.05    0.19 v _107_/ZN (OR2_X4)
                  0.01    0.00    0.19 v _108_/A (BUF_X8)
    10   21.54    0.01    0.03    0.22 v _108_/Z (BUF_X8)
                  0.01    0.00    0.22 v _121_/A1 (OR3_X4)
     3    9.31    0.01    0.06    0.28 v _121_/ZN (OR3_X4)
                  0.01    0.00    0.28 v _122_/A (INV_X4)
     3    5.31    0.01    0.01    0.29 ^ _122_/ZN (INV_X4)
                  0.01    0.00    0.29 ^ _171_/S (MUX2_X1)
     1    1.06    0.01    0.06    0.35 v _171_/Z (MUX2_X1)
                  0.01    0.00    0.35 v _205_/D (DFF_X1)
                                  0.35   data arrival time

                  0.00    0.01    0.01   clock clk (rise edge)
                          0.00    0.01   clock network delay (ideal)
                          0.00    0.01   clock reconvergence pessimism
                                  0.01 ^ _205_/CK (DFF_X1)
                         -0.04   -0.03   library setup time
                                 -0.03   data required time
-----------------------------------------------------------------------------
                                 -0.03   data required time
                                 -0.35   data arrival time
-----------------------------------------------------------------------------
                                 -0.38   slack (VIOLATED)



==========================================================================
floorplan final report_checks -unconstrained
--------------------------------------------------------------------------
[WARNING STA-0168] unknown field nets.
Startpoint: _193_ (rising edge-triggered flip-flop clocked by clk)
Endpoint: _205_ (rising edge-triggered flip-flop clocked by clk)
Path Group: clk
Path Type: max

Fanout     Cap    Slew   Delay    Time   Description
-----------------------------------------------------------------------------
                  0.00    0.00    0.00   clock clk (rise edge)
                          0.00    0.00   clock network delay (ideal)
                  0.00    0.00    0.00 ^ _193_/CK (DFF_X1)
     3    6.37    0.02    0.10    0.10 ^ _193_/Q (DFF_X1)
                  0.02    0.00    0.10 ^ _190_/A (HA_X1)
     1    3.45    0.01    0.04    0.13 ^ _190_/CO (HA_X1)
                  0.01    0.00    0.13 ^ _106_/A2 (NAND2_X2)
     2    4.78    0.01    0.02    0.15 v _106_/ZN (NAND2_X2)
                  0.01    0.00    0.15 v _107_/A2 (OR2_X4)
     1    5.81    0.01    0.05    0.19 v _107_/ZN (OR2_X4)
                  0.01    0.00    0.19 v _108_/A (BUF_X8)
    10   21.54    0.01    0.03    0.22 v _108_/Z (BUF_X8)
                  0.01    0.00    0.22 v _121_/A1 (OR3_X4)
     3    9.31    0.01    0.06    0.28 v _121_/ZN (OR3_X4)
                  0.01    0.00    0.28 v _122_/A (INV_X4)
     3    5.31    0.01    0.01    0.29 ^ _122_/ZN (INV_X4)
                  0.01    0.00    0.29 ^ _171_/S (MUX2_X1)
     1    1.06    0.01    0.06    0.35 v _171_/Z (MUX2_X1)
                  0.01    0.00    0.35 v _205_/D (DFF_X1)
                                  0.35   data arrival time

                  0.00    0.01    0.01   clock clk (rise edge)
                          0.00    0.01   clock network delay (ideal)
                          0.00    0.01   clock reconvergence pessimism
                                  0.01 ^ _205_/CK (DFF_X1)
                         -0.04   -0.03   library setup time
                                 -0.03   data required time
-----------------------------------------------------------------------------
                                 -0.03   data required time
                                 -0.35   data arrival time
-----------------------------------------------------------------------------
                                 -0.38   slack (VIOLATED)



==========================================================================
floorplan final report_power
--------------------------------------------------------------------------
Group                  Internal  Switching    Leakage      Total
                          Power      Power      Power      Power (Watts)
----------------------------------------------------------------
Sequential             1.12e-02   2.59e-04   1.22e-06   1.15e-02  86.7%
Combinational          1.00e-03   7.52e-04   3.01e-06   1.76e-03  13.3%
Clock                  0.00e+00   0.00e+00   0.00e+00   0.00e+00   0.0%
Macro                  0.00e+00   0.00e+00   0.00e+00   0.00e+00   0.0%
Pad                    0.00e+00   0.00e+00   0.00e+00   0.00e+00   0.0%
----------------------------------------------------------------
Total                  1.22e-02   1.01e-03   4.23e-06   1.32e-02 100.0%
                          92.3%       7.6%       0.0%

==========================================================================
floorplan final report_design_area
--------------------------------------------------------------------------
Design area 195 u^2 1% utilization.

