OpenROAD v2.0-22532-gac667f3cc7 
Features included (+) or not (-): +GPU +GUI +Python
This program is licensed under the BSD-3 license. See the LICENSE file for details.
Components of this program may be licensed under more restrictive licenses which must be honored.
[INFO ODB-0227] LEF file: /project/cad-team/LX_Semicon/kmcho/EoR/pdk/Nangate45/Nangate45_tech.lef, created 22 layers, 27 vias
[INFO ODB-0227] LEF file: /project/cad-team/LX_Semicon/kmcho/EoR/pdk/Nangate45/Nangate45_stdcell.lef, created 135 library cells
[INFO IFP-0001] Added 69 rows of 509 site FreePDK45_38x28_10R_NP_162NW_34O.
Default units for flow
 time 1ns
 capacitance 1fF
 resistance 1kohm
 voltage 1v
 current 1mA
 power 1nW
 distance 1um

==========================================================================
floorplan final check_setup
--------------------------------------------------------------------------
Warning: There is 1 input port missing set_input_delay.
Warning: There is 1 output port missing set_output_delay.
Warning: There is 1 unconstrained endpoint.

==========================================================================
floorplan final report_tns
--------------------------------------------------------------------------
tns max -1.19

==========================================================================
floorplan final report_wns
--------------------------------------------------------------------------
wns max -0.28

==========================================================================
floorplan final report_worst_slack
--------------------------------------------------------------------------
worst slack max -0.28

==========================================================================
floorplan final report_checks -path_delay min
--------------------------------------------------------------------------
[WARNING STA-0168] unknown field nets.
Startpoint: _36_ (rising edge-triggered flip-flop clocked by clk)
Endpoint: _36_ (rising edge-triggered flip-flop clocked by clk)
Path Group: clk
Path Type: min

Fanout     Cap    Slew   Delay    Time   Description
-----------------------------------------------------------------------------
                  0.00    0.00    0.00   clock clk (rise edge)
                          0.00    0.00   clock network delay (ideal)
                  0.00    0.00    0.00 ^ _36_/CK (DFFR_X1)
     1    0.95    0.01    0.06    0.06 ^ _36_/QN (DFFR_X1)
                  0.01    0.00    0.06 ^ _34_/A (MUX2_X1)
     1    1.13    0.01    0.03    0.10 ^ _34_/Z (MUX2_X1)
                  0.01    0.00    0.10 ^ _36_/D (DFFR_X1)
                                  0.10   data arrival time

                  0.00    0.00    0.00   clock clk (rise edge)
                          0.00    0.00   clock network delay (ideal)
                          0.00    0.00   clock reconvergence pessimism
                                  0.00 ^ _36_/CK (DFFR_X1)
                          0.01    0.01   library hold time
                                  0.01   data required time
-----------------------------------------------------------------------------
                                  0.01   data required time
                                 -0.10   data arrival time
-----------------------------------------------------------------------------
                                  0.09   slack (MET)



==========================================================================
floorplan final report_checks -path_delay max
--------------------------------------------------------------------------
[WARNING STA-0168] unknown field nets.
Startpoint: _38_ (rising edge-triggered flip-flop clocked by clk)
Endpoint: _40_ (rising edge-triggered flip-flop clocked by clk)
Path Group: clk
Path Type: max

Fanout     Cap    Slew   Delay    Time   Description
-----------------------------------------------------------------------------
                  0.00    0.00    0.00   clock clk (rise edge)
                          0.00    0.00   clock network delay (ideal)
                  0.00    0.00    0.00 ^ _38_/CK (DFFR_X1)
     3    6.74    0.02    0.11    0.11 ^ _38_/Q (DFFR_X1)
                  0.02    0.00    0.11 ^ _24_/A (INV_X1)
     3    6.12    0.01    0.02    0.13 v _24_/ZN (INV_X1)
                  0.01    0.00    0.13 v _33_/A2 (NOR2_X1)
     1    3.45    0.02    0.04    0.17 ^ _33_/ZN (NOR2_X1)
                  0.02    0.00    0.17 ^ _35_/B (HA_X1)
     2    2.61    0.01    0.04    0.20 ^ _35_/CO (HA_X1)
                  0.01    0.00    0.20 ^ _29_/A2 (OR2_X1)
     1    1.67    0.01    0.02    0.23 ^ _29_/ZN (OR2_X1)
                  0.01    0.00    0.23 ^ _32_/A (OAI21_X1)
     1    1.05    0.01    0.02    0.24 v _32_/ZN (OAI21_X1)
                  0.01    0.00    0.24 v _40_/D (DFFR_X1)
                                  0.24   data arrival time

                  0.00    0.01    0.01   clock clk (rise edge)
                          0.00    0.01   clock network delay (ideal)
                          0.00    0.01   clock reconvergence pessimism
                                  0.01 ^ _40_/CK (DFFR_X1)
                         -0.04   -0.03   library setup time
                                 -0.03   data required time
-----------------------------------------------------------------------------
                                 -0.03   data required time
                                 -0.24   data arrival time
-----------------------------------------------------------------------------
                                 -0.28   slack (VIOLATED)



==========================================================================
floorplan final report_checks -unconstrained
--------------------------------------------------------------------------
[WARNING STA-0168] unknown field nets.
Startpoint: _38_ (rising edge-triggered flip-flop clocked by clk)
Endpoint: _40_ (rising edge-triggered flip-flop clocked by clk)
Path Group: clk
Path Type: max

Fanout     Cap    Slew   Delay    Time   Description
-----------------------------------------------------------------------------
                  0.00    0.00    0.00   clock clk (rise edge)
                          0.00    0.00   clock network delay (ideal)
                  0.00    0.00    0.00 ^ _38_/CK (DFFR_X1)
     3    6.74    0.02    0.11    0.11 ^ _38_/Q (DFFR_X1)
                  0.02    0.00    0.11 ^ _24_/A (INV_X1)
     3    6.12    0.01    0.02    0.13 v _24_/ZN (INV_X1)
                  0.01    0.00    0.13 v _33_/A2 (NOR2_X1)
     1    3.45    0.02    0.04    0.17 ^ _33_/ZN (NOR2_X1)
                  0.02    0.00    0.17 ^ _35_/B (HA_X1)
     2    2.61    0.01    0.04    0.20 ^ _35_/CO (HA_X1)
                  0.01    0.00    0.20 ^ _29_/A2 (OR2_X1)
     1    1.67    0.01    0.02    0.23 ^ _29_/ZN (OR2_X1)
                  0.01    0.00    0.23 ^ _32_/A (OAI21_X1)
     1    1.05    0.01    0.02    0.24 v _32_/ZN (OAI21_X1)
                  0.01    0.00    0.24 v _40_/D (DFFR_X1)
                                  0.24   data arrival time

                  0.00    0.01    0.01   clock clk (rise edge)
                          0.00    0.01   clock network delay (ideal)
                          0.00    0.01   clock reconvergence pessimism
                                  0.01 ^ _40_/CK (DFFR_X1)
                         -0.04   -0.03   library setup time
                                 -0.03   data required time
-----------------------------------------------------------------------------
                                 -0.03   data required time
                                 -0.24   data arrival time
-----------------------------------------------------------------------------
                                 -0.28   slack (VIOLATED)



==========================================================================
floorplan final report_power
--------------------------------------------------------------------------
Group                  Internal  Switching    Leakage      Total
                          Power      Power      Power      Power (Watts)
----------------------------------------------------------------
Sequential             3.96e-03   0.00e+00   4.18e-07   3.96e-03 100.0%
Combinational          0.00e+00   0.00e+00   5.50e-07   5.50e-07   0.0%
Clock                  0.00e+00   0.00e+00   0.00e+00   0.00e+00   0.0%
Macro                  0.00e+00   0.00e+00   0.00e+00   0.00e+00   0.0%
Pad                    0.00e+00   0.00e+00   0.00e+00   0.00e+00   0.0%
----------------------------------------------------------------
Total                  3.96e-03   0.00e+00   9.68e-07   3.96e-03 100.0%
                         100.0%       0.0%       0.0%

==========================================================================
floorplan final report_design_area
--------------------------------------------------------------------------
Design area 47 u^2 1% utilization.

