OpenROAD v2.0-22532-gac667f3cc7 
Features included (+) or not (-): +GPU +GUI +Python
This program is licensed under the BSD-3 license. See the LICENSE file for details.
Components of this program may be licensed under more restrictive licenses which must be honored.
[INFO ODB-0227] LEF file: /project/cad-team/LX_Semicon/kmcho/EoR/pdk/Nangate45/Nangate45_tech.lef, created 22 layers, 27 vias
[INFO ODB-0227] LEF file: /project/cad-team/LX_Semicon/kmcho/EoR/pdk/Nangate45/Nangate45_stdcell.lef, created 135 library cells
[INFO IFP-0001] Added 94 rows of 695 site FreePDK45_38x28_10R_NP_162NW_34O.
Default units for flow
 time 1ns
 capacitance 1fF
 resistance 1kohm
 voltage 1v
 current 1mA
 power 1nW
 distance 1um

==========================================================================
floorplan final check_setup
--------------------------------------------------------------------------
Warning: There are 8 input ports missing set_input_delay.
Warning: There are 8 output ports missing set_output_delay.
Warning: There are 16 unconstrained endpoints.

==========================================================================
floorplan final report_tns
--------------------------------------------------------------------------
tns max -1.00

==========================================================================
floorplan final report_wns
--------------------------------------------------------------------------
wns max -0.13

==========================================================================
floorplan final report_worst_slack
--------------------------------------------------------------------------
worst slack max -0.13

==========================================================================
floorplan final report_checks -path_delay min
--------------------------------------------------------------------------
[WARNING STA-0168] unknown field nets.
Startpoint: _48_ (rising edge-triggered flip-flop clocked by clk)
Endpoint: _56_ (rising edge-triggered flip-flop clocked by clk)
Path Group: clk
Path Type: min

Fanout     Cap    Slew   Delay    Time   Description
-----------------------------------------------------------------------------
                  0.00    0.00    0.00   clock clk (rise edge)
                          0.00    0.00   clock network delay (ideal)
                  0.00    0.00    0.00 ^ _48_/CK (DFF_X1)
     1    3.35    0.01    0.09    0.09 ^ _48_/Q (DFF_X1)
                  0.01    0.00    0.09 ^ _33_/A2 (NOR2_X2)
     1    1.06    0.00    0.01    0.10 v _33_/ZN (NOR2_X2)
                  0.00    0.00    0.10 v _56_/D (DFF_X1)
                                  0.10   data arrival time

                  0.00    0.00    0.00   clock clk (rise edge)
                          0.00    0.00   clock network delay (ideal)
                          0.00    0.00   clock reconvergence pessimism
                                  0.00 ^ _56_/CK (DFF_X1)
                          0.00    0.00   library hold time
                                  0.00   data required time
-----------------------------------------------------------------------------
                                  0.00   data required time
                                 -0.10   data arrival time
-----------------------------------------------------------------------------
                                  0.10   slack (MET)



==========================================================================
floorplan final report_checks -path_delay max
--------------------------------------------------------------------------
[WARNING STA-0168] unknown field nets.
Startpoint: _48_ (rising edge-triggered flip-flop clocked by clk)
Endpoint: _56_ (rising edge-triggered flip-flop clocked by clk)
Path Group: clk
Path Type: max

Fanout     Cap    Slew   Delay    Time   Description
-----------------------------------------------------------------------------
                  0.00    0.00    0.00   clock clk (rise edge)
                          0.00    0.00   clock network delay (ideal)
                  0.00    0.00    0.00 ^ _48_/CK (DFF_X1)
     1    3.35    0.01    0.09    0.09 ^ _48_/Q (DFF_X1)
                  0.01    0.00    0.09 ^ _33_/A2 (NOR2_X2)
     1    1.06    0.00    0.01    0.10 v _33_/ZN (NOR2_X2)
                  0.00    0.00    0.10 v _56_/D (DFF_X1)
                                  0.10   data arrival time

                  0.00    0.01    0.01   clock clk (rise edge)
                          0.00    0.01   clock network delay (ideal)
                          0.00    0.01   clock reconvergence pessimism
                                  0.01 ^ _56_/CK (DFF_X1)
                         -0.04   -0.03   library setup time
                                 -0.03   data required time
-----------------------------------------------------------------------------
                                 -0.03   data required time
                                 -0.10   data arrival time
-----------------------------------------------------------------------------
                                 -0.13   slack (VIOLATED)



==========================================================================
floorplan final report_checks -unconstrained
--------------------------------------------------------------------------
[WARNING STA-0168] unknown field nets.
Startpoint: _48_ (rising edge-triggered flip-flop clocked by clk)
Endpoint: _56_ (rising edge-triggered flip-flop clocked by clk)
Path Group: clk
Path Type: max

Fanout     Cap    Slew   Delay    Time   Description
-----------------------------------------------------------------------------
                  0.00    0.00    0.00   clock clk (rise edge)
                          0.00    0.00   clock network delay (ideal)
                  0.00    0.00    0.00 ^ _48_/CK (DFF_X1)
     1    3.35    0.01    0.09    0.09 ^ _48_/Q (DFF_X1)
                  0.01    0.00    0.09 ^ _33_/A2 (NOR2_X2)
     1    1.06    0.00    0.01    0.10 v _33_/ZN (NOR2_X2)
                  0.00    0.00    0.10 v _56_/D (DFF_X1)
                                  0.10   data arrival time

                  0.00    0.01    0.01   clock clk (rise edge)
                          0.00    0.01   clock network delay (ideal)
                          0.00    0.01   clock reconvergence pessimism
                                  0.01 ^ _56_/CK (DFF_X1)
                         -0.04   -0.03   library setup time
                                 -0.03   data required time
-----------------------------------------------------------------------------
                                 -0.03   data required time
                                 -0.10   data arrival time
-----------------------------------------------------------------------------
                                 -0.13   slack (VIOLATED)



==========================================================================
floorplan final report_power
--------------------------------------------------------------------------
Group                  Internal  Switching    Leakage      Total
                          Power      Power      Power      Power (Watts)
----------------------------------------------------------------
Sequential             7.97e-03   1.62e-04   1.26e-06   8.14e-03  94.2%
Combinational          2.89e-04   2.15e-04   4.54e-07   5.04e-04   5.8%
Clock                  0.00e+00   0.00e+00   0.00e+00   0.00e+00   0.0%
Macro                  0.00e+00   0.00e+00   0.00e+00   0.00e+00   0.0%
Pad                    0.00e+00   0.00e+00   0.00e+00   0.00e+00   0.0%
----------------------------------------------------------------
Total                  8.26e-03   3.77e-04   1.72e-06   8.64e-03 100.0%
                          95.6%       4.4%       0.0%

==========================================================================
floorplan final report_design_area
--------------------------------------------------------------------------
Design area 87 u^2 1% utilization.

