OpenROAD v2.0-22532-gac667f3cc7 
Features included (+) or not (-): +GPU +GUI +Python
This program is licensed under the BSD-3 license. See the LICENSE file for details.
Components of this program may be licensed under more restrictive licenses which must be honored.
[INFO ODB-0227] LEF file: /project/cad-team/LX_Semicon/kmcho/EoR/pdk/Nangate45/Nangate45_tech.lef, created 22 layers, 27 vias
[INFO ODB-0227] LEF file: /project/cad-team/LX_Semicon/kmcho/EoR/pdk/Nangate45/Nangate45_stdcell.lef, created 135 library cells
[INFO IFP-0001] Added 65 rows of 485 site FreePDK45_38x28_10R_NP_162NW_34O.
Default units for flow
 time 1ns
 capacitance 1fF
 resistance 1kohm
 voltage 1v
 current 1mA
 power 1nW
 distance 1um

==========================================================================
floorplan final check_setup
--------------------------------------------------------------------------
Warning: There are 3 input ports missing set_input_delay.
Warning: There are 4 output ports missing set_output_delay.
Warning: There are 4 unconstrained endpoints.

==========================================================================
floorplan final report_tns
--------------------------------------------------------------------------
tns max -0.97

==========================================================================
floorplan final report_wns
--------------------------------------------------------------------------
wns max -0.28

==========================================================================
floorplan final report_worst_slack
--------------------------------------------------------------------------
worst slack max -0.28

==========================================================================
floorplan final report_checks -path_delay min
--------------------------------------------------------------------------
[WARNING STA-0168] unknown field nets.
Startpoint: _36_ (rising edge-triggered flip-flop clocked by clk)
Endpoint: _37_ (rising edge-triggered flip-flop clocked by clk)
Path Group: clk
Path Type: min

Fanout     Cap    Slew   Delay    Time   Description
-----------------------------------------------------------------------------
                  0.00    0.00    0.00   clock clk (rise edge)
                          0.00    0.00   clock network delay (ideal)
                  0.00    0.00    0.00 ^ _36_/CK (DFF_X1)
     3    1.89    0.01    0.09    0.09 ^ _36_/Q (DFF_X1)
                  0.01    0.00    0.09 ^ _27_/B (MUX2_X1)
     1    1.14    0.01    0.03    0.12 ^ _27_/Z (MUX2_X1)
                  0.01    0.00    0.12 ^ _37_/D (DFF_X1)
                                  0.12   data arrival time

                  0.00    0.00    0.00   clock clk (rise edge)
                          0.00    0.00   clock network delay (ideal)
                          0.00    0.00   clock reconvergence pessimism
                                  0.00 ^ _37_/CK (DFF_X1)
                          0.01    0.01   library hold time
                                  0.01   data required time
-----------------------------------------------------------------------------
                                  0.01   data required time
                                 -0.12   data arrival time
-----------------------------------------------------------------------------
                                  0.11   slack (MET)



==========================================================================
floorplan final report_checks -path_delay max
--------------------------------------------------------------------------
[WARNING STA-0168] unknown field nets.
Startpoint: _36_ (rising edge-triggered flip-flop clocked by clk)
Endpoint: _39_ (rising edge-triggered flip-flop clocked by clk)
Path Group: clk
Path Type: max

Fanout     Cap    Slew   Delay    Time   Description
-----------------------------------------------------------------------------
                  0.00    0.00    0.00   clock clk (rise edge)
                          0.00    0.00   clock network delay (ideal)
                  0.00    0.00    0.00 ^ _36_/CK (DFF_X1)
     2    4.13    0.02    0.07    0.07 ^ _36_/QN (DFF_X1)
                  0.02    0.00    0.07 ^ _35_/A (HA_X1)
     1    3.45    0.01    0.04    0.11 ^ _35_/CO (HA_X1)
                  0.01    0.00    0.11 ^ _34_/B (HA_X1)
     1    3.45    0.01    0.04    0.14 ^ _34_/CO (HA_X1)
                  0.01    0.00    0.14 ^ _31_/A2 (NAND2_X2)
     1    2.37    0.01    0.01    0.16 v _31_/ZN (NAND2_X2)
                  0.01    0.00    0.16 v _32_/B (XNOR2_X1)
     1    0.91    0.01    0.03    0.19 v _32_/ZN (XNOR2_X1)
                  0.01    0.00    0.19 v _33_/A (MUX2_X1)
     1    1.06    0.01    0.06    0.25 v _33_/Z (MUX2_X1)
                  0.01    0.00    0.25 v _39_/D (DFF_X1)
                                  0.25   data arrival time

                  0.00    0.01    0.01   clock clk (rise edge)
                          0.00    0.01   clock network delay (ideal)
                          0.00    0.01   clock reconvergence pessimism
                                  0.01 ^ _39_/CK (DFF_X1)
                         -0.04   -0.03   library setup time
                                 -0.03   data required time
-----------------------------------------------------------------------------
                                 -0.03   data required time
                                 -0.25   data arrival time
-----------------------------------------------------------------------------
                                 -0.28   slack (VIOLATED)



==========================================================================
floorplan final report_checks -unconstrained
--------------------------------------------------------------------------
[WARNING STA-0168] unknown field nets.
Startpoint: _36_ (rising edge-triggered flip-flop clocked by clk)
Endpoint: _39_ (rising edge-triggered flip-flop clocked by clk)
Path Group: clk
Path Type: max

Fanout     Cap    Slew   Delay    Time   Description
-----------------------------------------------------------------------------
                  0.00    0.00    0.00   clock clk (rise edge)
                          0.00    0.00   clock network delay (ideal)
                  0.00    0.00    0.00 ^ _36_/CK (DFF_X1)
     2    4.13    0.02    0.07    0.07 ^ _36_/QN (DFF_X1)
                  0.02    0.00    0.07 ^ _35_/A (HA_X1)
     1    3.45    0.01    0.04    0.11 ^ _35_/CO (HA_X1)
                  0.01    0.00    0.11 ^ _34_/B (HA_X1)
     1    3.45    0.01    0.04    0.14 ^ _34_/CO (HA_X1)
                  0.01    0.00    0.14 ^ _31_/A2 (NAND2_X2)
     1    2.37    0.01    0.01    0.16 v _31_/ZN (NAND2_X2)
                  0.01    0.00    0.16 v _32_/B (XNOR2_X1)
     1    0.91    0.01    0.03    0.19 v _32_/ZN (XNOR2_X1)
                  0.01    0.00    0.19 v _33_/A (MUX2_X1)
     1    1.06    0.01    0.06    0.25 v _33_/Z (MUX2_X1)
                  0.01    0.00    0.25 v _39_/D (DFF_X1)
                                  0.25   data arrival time

                  0.00    0.01    0.01   clock clk (rise edge)
                          0.00    0.01   clock network delay (ideal)
                          0.00    0.01   clock reconvergence pessimism
                                  0.01 ^ _39_/CK (DFF_X1)
                         -0.04   -0.03   library setup time
                                 -0.03   data required time
-----------------------------------------------------------------------------
                                 -0.03   data required time
                                 -0.25   data arrival time
-----------------------------------------------------------------------------
                                 -0.28   slack (VIOLATED)



==========================================================================
floorplan final report_power
--------------------------------------------------------------------------
Group                  Internal  Switching    Leakage      Total
                          Power      Power      Power      Power (Watts)
----------------------------------------------------------------
Sequential             3.35e-03   5.45e-04   3.16e-07   3.90e-03  57.8%
Combinational          2.10e-03   7.52e-04   5.76e-07   2.85e-03  42.2%
Clock                  0.00e+00   0.00e+00   0.00e+00   0.00e+00   0.0%
Macro                  0.00e+00   0.00e+00   0.00e+00   0.00e+00   0.0%
Pad                    0.00e+00   0.00e+00   0.00e+00   0.00e+00   0.0%
----------------------------------------------------------------
Total                  5.45e-03   1.30e-03   8.92e-07   6.74e-03 100.0%
                          80.8%      19.2%       0.0%

==========================================================================
floorplan final report_design_area
--------------------------------------------------------------------------
Design area 43 u^2 1% utilization.

