OpenROAD v2.0-22532-gac667f3cc7 
Features included (+) or not (-): +GPU +GUI +Python
This program is licensed under the BSD-3 license. See the LICENSE file for details.
Components of this program may be licensed under more restrictive licenses which must be honored.
[INFO ODB-0227] LEF file: /project/cad-team/LX_Semicon/kmcho/EoR/pdk/Nangate45/Nangate45_tech.lef, created 22 layers, 27 vias
[INFO ODB-0227] LEF file: /project/cad-team/LX_Semicon/kmcho/EoR/pdk/Nangate45/Nangate45_stdcell.lef, created 135 library cells
[INFO IFP-0001] Added 336 rows of 2483 site FreePDK45_38x28_10R_NP_162NW_34O.
Default units for flow
 time 1ns
 capacitance 1fF
 resistance 1kohm
 voltage 1v
 current 1mA
 power 1nW
 distance 1um

==========================================================================
floorplan final check_setup
--------------------------------------------------------------------------
Warning: There are 34 input ports missing set_input_delay.
Warning: There are 33 output ports missing set_output_delay.
Warning: There are 33 unconstrained endpoints.

==========================================================================
floorplan final report_tns
--------------------------------------------------------------------------
tns max -47.19

==========================================================================
floorplan final report_wns
--------------------------------------------------------------------------
wns max -1.06

==========================================================================
floorplan final report_worst_slack
--------------------------------------------------------------------------
worst slack max -1.06

==========================================================================
floorplan final report_checks -path_delay min
--------------------------------------------------------------------------
[WARNING STA-0168] unknown field nets.
Startpoint: _1160_ (rising edge-triggered flip-flop clocked by clk)
Endpoint: _1160_ (rising edge-triggered flip-flop clocked by clk)
Path Group: clk
Path Type: min

Fanout     Cap    Slew   Delay    Time   Description
-----------------------------------------------------------------------------
                  0.00    0.00    0.00   clock clk (rise edge)
                          0.00    0.00   clock network delay (ideal)
                  0.00    0.00    0.00 ^ _1160_/CK (DFFR_X1)
     3    4.59    0.01    0.09    0.09 v _1160_/Q (DFFR_X1)
                  0.01    0.00    0.09 v _0954_/A1 (NAND2_X1)
     1    1.67    0.01    0.01    0.10 ^ _0954_/ZN (NAND2_X1)
                  0.01    0.00    0.10 ^ _0959_/A (OAI21_X1)
     1    1.05    0.01    0.01    0.12 v _0959_/ZN (OAI21_X1)
                  0.01    0.00    0.12 v _1160_/D (DFFR_X1)
                                  0.12   data arrival time

                  0.00    0.00    0.00   clock clk (rise edge)
                          0.00    0.00   clock network delay (ideal)
                          0.00    0.00   clock reconvergence pessimism
                                  0.00 ^ _1160_/CK (DFFR_X1)
                          0.00    0.00   library hold time
                                  0.00   data required time
-----------------------------------------------------------------------------
                                  0.00   data required time
                                 -0.12   data arrival time
-----------------------------------------------------------------------------
                                  0.11   slack (MET)



==========================================================================
floorplan final report_checks -path_delay max
--------------------------------------------------------------------------
[WARNING STA-0168] unknown field nets.
Startpoint: _1193_ (rising edge-triggered flip-flop clocked by clk)
Endpoint: _1191_ (rising edge-triggered flip-flop clocked by clk)
Path Group: clk
Path Type: max

Fanout     Cap    Slew   Delay    Time   Description
-----------------------------------------------------------------------------
                  0.00    0.00    0.00   clock clk (rise edge)
                          0.00    0.00   clock network delay (ideal)
                  0.00    0.00    0.00 ^ _1193_/CK (DFFR_X1)
     2    4.80    0.02    0.07    0.07 ^ _1193_/QN (DFFR_X1)
                  0.02    0.00    0.07 ^ _1157_/A (HA_X1)
     2    5.15    0.02    0.04    0.12 ^ _1157_/CO (HA_X1)
                  0.02    0.00    0.12 ^ _0642_/A (INV_X1)
     2    3.11    0.01    0.01    0.13 v _0642_/ZN (INV_X1)
                  0.01    0.00    0.13 v _0924_/A3 (NOR3_X1)
     1    3.45    0.04    0.06    0.19 ^ _0924_/ZN (NOR3_X1)
                  0.04    0.00    0.19 ^ _1127_/B (HA_X1)
     1    1.78    0.01    0.04    0.23 ^ _1127_/CO (HA_X1)
                  0.01    0.00    0.23 ^ _0650_/A (BUF_X2)
    10   19.54    0.03    0.04    0.27 ^ _0650_/Z (BUF_X2)
                  0.03    0.00    0.27 ^ _0661_/A (INV_X1)
     7    8.79    0.01    0.02    0.29 v _0661_/ZN (INV_X1)
                  0.01    0.00    0.29 v _0706_/A (BUF_X2)
    10   15.54    0.01    0.04    0.33 v _0706_/Z (BUF_X2)
                  0.01    0.00    0.33 v _0783_/A1 (NAND3_X1)
     1    1.60    0.01    0.02    0.35 ^ _0783_/ZN (NAND3_X1)
                  0.01    0.00    0.35 ^ _0785_/A1 (NAND2_X1)
     2    2.88    0.01    0.02    0.36 v _0785_/ZN (NAND2_X1)
                  0.01    0.00    0.36 v _0787_/A2 (AOI22_X1)
     2    2.59    0.03    0.04    0.40 ^ _0787_/ZN (AOI22_X1)
                  0.03    0.00    0.40 ^ _0788_/A2 (OR2_X1)
     1    1.67    0.01    0.03    0.43 ^ _0788_/ZN (OR2_X1)
                  0.01    0.00    0.43 ^ _0789_/A (OAI21_X1)
     2    1.80    0.01    0.02    0.45 v _0789_/ZN (OAI21_X1)
                  0.01    0.00    0.45 v _0790_/A2 (AND2_X1)
     1    3.34    0.01    0.04    0.49 v _0790_/ZN (AND2_X1)
                  0.01    0.00    0.49 v _1140_/B (HA_X1)
     4    8.46    0.05    0.07    0.55 ^ _1140_/S (HA_X1)
                  0.05    0.00    0.55 ^ _0797_/A1 (AND2_X1)
     2    4.10    0.01    0.05    0.60 ^ _0797_/ZN (AND2_X1)
                  0.01    0.00    0.60 ^ _0815_/A3 (AND3_X1)
     2    3.24    0.01    0.05    0.65 ^ _0815_/ZN (AND3_X1)
                  0.01    0.00    0.65 ^ _0823_/A4 (NAND4_X1)
     1    1.46    0.02    0.03    0.68 v _0823_/ZN (NAND4_X1)
                  0.02    0.00    0.68 v _0826_/B1 (OAI21_X1)
     4    8.28    0.05    0.06    0.74 ^ _0826_/ZN (OAI21_X1)
                  0.05    0.00    0.74 ^ _0896_/B2 (AOI22_X1)
     3    4.36    0.02    0.04    0.78 v _0896_/ZN (AOI22_X1)
                  0.02    0.00    0.78 v _0899_/A1 (NOR3_X1)
     1    1.71    0.03    0.04    0.82 ^ _0899_/ZN (NOR3_X1)
                  0.03    0.00    0.82 ^ _0907_/A1 (NOR2_X1)
     1    3.40    0.01    0.01    0.83 v _0907_/ZN (NOR2_X1)
                  0.01    0.00    0.83 v _1121_/B (FA_X1)
     2    3.08    0.02    0.08    0.91 v _1121_/CO (FA_X1)
                  0.02    0.00    0.91 v _1048_/A (INV_X1)
     2    3.85    0.01    0.02    0.93 ^ _1048_/ZN (INV_X1)
                  0.01    0.00    0.93 ^ _1049_/A2 (NAND3_X1)
     1    0.90    0.01    0.02    0.95 v _1049_/ZN (NAND3_X1)
                  0.01    0.00    0.95 v _1051_/B (MUX2_X1)
     1    3.17    0.01    0.06    1.01 v _1051_/Z (MUX2_X1)
                  0.01    0.00    1.01 v _1055_/A (OAI211_X2)
     1    1.13    0.02    0.02    1.04 ^ _1055_/ZN (OAI211_X2)
                  0.02    0.00    1.04 ^ _1191_/D (DFFR_X1)
                                  1.04   data arrival time

                  0.00    0.01    0.01   clock clk (rise edge)
                          0.00    0.01   clock network delay (ideal)
                          0.00    0.01   clock reconvergence pessimism
                                  0.01 ^ _1191_/CK (DFFR_X1)
                         -0.03   -0.02   library setup time
                                 -0.02   data required time
-----------------------------------------------------------------------------
                                 -0.02   data required time
                                 -1.04   data arrival time
-----------------------------------------------------------------------------
                                 -1.06   slack (VIOLATED)



==========================================================================
floorplan final report_checks -unconstrained
--------------------------------------------------------------------------
[WARNING STA-0168] unknown field nets.
Startpoint: _1193_ (rising edge-triggered flip-flop clocked by clk)
Endpoint: _1191_ (rising edge-triggered flip-flop clocked by clk)
Path Group: clk
Path Type: max

Fanout     Cap    Slew   Delay    Time   Description
-----------------------------------------------------------------------------
                  0.00    0.00    0.00   clock clk (rise edge)
                          0.00    0.00   clock network delay (ideal)
                  0.00    0.00    0.00 ^ _1193_/CK (DFFR_X1)
     2    4.80    0.02    0.07    0.07 ^ _1193_/QN (DFFR_X1)
                  0.02    0.00    0.07 ^ _1157_/A (HA_X1)
     2    5.15    0.02    0.04    0.12 ^ _1157_/CO (HA_X1)
                  0.02    0.00    0.12 ^ _0642_/A (INV_X1)
     2    3.11    0.01    0.01    0.13 v _0642_/ZN (INV_X1)
                  0.01    0.00    0.13 v _0924_/A3 (NOR3_X1)
     1    3.45    0.04    0.06    0.19 ^ _0924_/ZN (NOR3_X1)
                  0.04    0.00    0.19 ^ _1127_/B (HA_X1)
     1    1.78    0.01    0.04    0.23 ^ _1127_/CO (HA_X1)
                  0.01    0.00    0.23 ^ _0650_/A (BUF_X2)
    10   19.54    0.03    0.04    0.27 ^ _0650_/Z (BUF_X2)
                  0.03    0.00    0.27 ^ _0661_/A (INV_X1)
     7    8.79    0.01    0.02    0.29 v _0661_/ZN (INV_X1)
                  0.01    0.00    0.29 v _0706_/A (BUF_X2)
    10   15.54    0.01    0.04    0.33 v _0706_/Z (BUF_X2)
                  0.01    0.00    0.33 v _0783_/A1 (NAND3_X1)
     1    1.60    0.01    0.02    0.35 ^ _0783_/ZN (NAND3_X1)
                  0.01    0.00    0.35 ^ _0785_/A1 (NAND2_X1)
     2    2.88    0.01    0.02    0.36 v _0785_/ZN (NAND2_X1)
                  0.01    0.00    0.36 v _0787_/A2 (AOI22_X1)
     2    2.59    0.03    0.04    0.40 ^ _0787_/ZN (AOI22_X1)
                  0.03    0.00    0.40 ^ _0788_/A2 (OR2_X1)
     1    1.67    0.01    0.03    0.43 ^ _0788_/ZN (OR2_X1)
                  0.01    0.00    0.43 ^ _0789_/A (OAI21_X1)
     2    1.80    0.01    0.02    0.45 v _0789_/ZN (OAI21_X1)
                  0.01    0.00    0.45 v _0790_/A2 (AND2_X1)
     1    3.34    0.01    0.04    0.49 v _0790_/ZN (AND2_X1)
                  0.01    0.00    0.49 v _1140_/B (HA_X1)
     4    8.46    0.05    0.07    0.55 ^ _1140_/S (HA_X1)
                  0.05    0.00    0.55 ^ _0797_/A1 (AND2_X1)
     2    4.10    0.01    0.05    0.60 ^ _0797_/ZN (AND2_X1)
                  0.01    0.00    0.60 ^ _0815_/A3 (AND3_X1)
     2    3.24    0.01    0.05    0.65 ^ _0815_/ZN (AND3_X1)
                  0.01    0.00    0.65 ^ _0823_/A4 (NAND4_X1)
     1    1.46    0.02    0.03    0.68 v _0823_/ZN (NAND4_X1)
                  0.02    0.00    0.68 v _0826_/B1 (OAI21_X1)
     4    8.28    0.05    0.06    0.74 ^ _0826_/ZN (OAI21_X1)
                  0.05    0.00    0.74 ^ _0896_/B2 (AOI22_X1)
     3    4.36    0.02    0.04    0.78 v _0896_/ZN (AOI22_X1)
                  0.02    0.00    0.78 v _0899_/A1 (NOR3_X1)
     1    1.71    0.03    0.04    0.82 ^ _0899_/ZN (NOR3_X1)
                  0.03    0.00    0.82 ^ _0907_/A1 (NOR2_X1)
     1    3.40    0.01    0.01    0.83 v _0907_/ZN (NOR2_X1)
                  0.01    0.00    0.83 v _1121_/B (FA_X1)
     2    3.08    0.02    0.08    0.91 v _1121_/CO (FA_X1)
                  0.02    0.00    0.91 v _1048_/A (INV_X1)
     2    3.85    0.01    0.02    0.93 ^ _1048_/ZN (INV_X1)
                  0.01    0.00    0.93 ^ _1049_/A2 (NAND3_X1)
     1    0.90    0.01    0.02    0.95 v _1049_/ZN (NAND3_X1)
                  0.01    0.00    0.95 v _1051_/B (MUX2_X1)
     1    3.17    0.01    0.06    1.01 v _1051_/Z (MUX2_X1)
                  0.01    0.00    1.01 v _1055_/A (OAI211_X2)
     1    1.13    0.02    0.02    1.04 ^ _1055_/ZN (OAI211_X2)
                  0.02    0.00    1.04 ^ _1191_/D (DFFR_X1)
                                  1.04   data arrival time

                  0.00    0.01    0.01   clock clk (rise edge)
                          0.00    0.01   clock network delay (ideal)
                          0.00    0.01   clock reconvergence pessimism
                                  0.01 ^ _1191_/CK (DFFR_X1)
                         -0.03   -0.02   library setup time
                                 -0.02   data required time
-----------------------------------------------------------------------------
                                 -0.02   data required time
                                 -1.04   data arrival time
-----------------------------------------------------------------------------
                                 -1.06   slack (VIOLATED)



==========================================================================
floorplan final report_power
--------------------------------------------------------------------------
Group                  Internal  Switching    Leakage      Total
                          Power      Power      Power      Power (Watts)
----------------------------------------------------------------
Sequential             6.99e-02   9.51e-03   5.85e-06   7.95e-02  45.8%
Combinational          5.64e-02   3.77e-02   1.65e-05   9.41e-02  54.2%
Clock                  0.00e+00   0.00e+00   0.00e+00   0.00e+00   0.0%
Macro                  0.00e+00   0.00e+00   0.00e+00   0.00e+00   0.0%
Pad                    0.00e+00   0.00e+00   0.00e+00   0.00e+00   0.0%
----------------------------------------------------------------
Total                  1.26e-01   4.73e-02   2.24e-05   1.74e-01 100.0%
                          72.8%      27.2%       0.0%

==========================================================================
floorplan final report_design_area
--------------------------------------------------------------------------
Design area 1113 u^2 1% utilization.

