OpenROAD v2.0-22532-gac667f3cc7 
Features included (+) or not (-): +GPU +GUI +Python
This program is licensed under the BSD-3 license. See the LICENSE file for details.
Components of this program may be licensed under more restrictive licenses which must be honored.
[INFO ODB-0227] LEF file: /project/cad-team/LX_Semicon/kmcho/EoR/pdk/Nangate45/Nangate45_tech.lef, created 22 layers, 27 vias
[INFO ODB-0227] LEF file: /project/cad-team/LX_Semicon/kmcho/EoR/pdk/Nangate45/Nangate45_stdcell.lef, created 135 library cells
[INFO IFP-0001] Added 88 rows of 654 site FreePDK45_38x28_10R_NP_162NW_34O.
Default units for flow
 time 1ns
 capacitance 1fF
 resistance 1kohm
 voltage 1v
 current 1mA
 power 1nW
 distance 1um

==========================================================================
floorplan final check_setup
--------------------------------------------------------------------------
Warning: There are 2 input ports missing set_input_delay.
Warning: There is 1 output port missing set_output_delay.
Warning: There is 1 unconstrained endpoint.

==========================================================================
floorplan final report_tns
--------------------------------------------------------------------------
tns max -1.93

==========================================================================
floorplan final report_wns
--------------------------------------------------------------------------
wns max -0.26

==========================================================================
floorplan final report_worst_slack
--------------------------------------------------------------------------
worst slack max -0.26

==========================================================================
floorplan final report_checks -path_delay min
--------------------------------------------------------------------------
[WARNING STA-0168] unknown field nets.
Startpoint: _72_ (rising edge-triggered flip-flop clocked by clk)
Endpoint: _72_ (rising edge-triggered flip-flop clocked by clk)
Path Group: clk
Path Type: min

Fanout     Cap    Slew   Delay    Time   Description
-----------------------------------------------------------------------------
                  0.00    0.00    0.00   clock clk (rise edge)
                          0.00    0.00   clock network delay (ideal)
                  0.00    0.00    0.00 ^ _72_/CK (DFF_X1)
     2    3.10    0.01    0.08    0.08 v _72_/Q (DFF_X1)
                  0.01    0.00    0.08 v _48_/A (INV_X1)
     1    3.17    0.01    0.02    0.10 ^ _48_/ZN (INV_X1)
                  0.01    0.00    0.10 ^ _52_/C1 (AOI211_X2)
     1    1.06    0.01    0.01    0.11 v _52_/ZN (AOI211_X2)
                  0.01    0.00    0.11 v _72_/D (DFF_X1)
                                  0.11   data arrival time

                  0.00    0.00    0.00   clock clk (rise edge)
                          0.00    0.00   clock network delay (ideal)
                          0.00    0.00   clock reconvergence pessimism
                                  0.00 ^ _72_/CK (DFF_X1)
                          0.00    0.00   library hold time
                                  0.00   data required time
-----------------------------------------------------------------------------
                                  0.00   data required time
                                 -0.11   data arrival time
-----------------------------------------------------------------------------
                                  0.11   slack (MET)



==========================================================================
floorplan final report_checks -path_delay max
--------------------------------------------------------------------------
[WARNING STA-0168] unknown field nets.
Startpoint: _76_ (rising edge-triggered flip-flop clocked by clk)
Endpoint: _74_ (rising edge-triggered flip-flop clocked by clk)
Path Group: clk
Path Type: max

Fanout     Cap    Slew   Delay    Time   Description
-----------------------------------------------------------------------------
                  0.00    0.00    0.00   clock clk (rise edge)
                          0.00    0.00   clock network delay (ideal)
                  0.00    0.00    0.00 ^ _76_/CK (DFF_X1)
     1    3.45    0.01    0.07    0.07 ^ _76_/QN (DFF_X1)
                  0.01    0.00    0.07 ^ _68_/B (HA_X1)
     1    3.45    0.01    0.04    0.10 ^ _68_/CO (HA_X1)
                  0.01    0.00    0.10 ^ _44_/A2 (NAND2_X2)
     3    5.71    0.01    0.02    0.12 v _44_/ZN (NAND2_X2)
                  0.01    0.00    0.12 v _51_/A3 (OR3_X4)
     2    8.65    0.01    0.08    0.20 v _51_/ZN (OR3_X4)
                  0.01    0.00    0.20 v _56_/A3 (NOR3_X4)
     1    1.14    0.02    0.04    0.24 ^ _56_/ZN (NOR3_X4)
                  0.02    0.00    0.24 ^ _74_/D (DFF_X1)
                                  0.24   data arrival time

                  0.00    0.01    0.01   clock clk (rise edge)
                          0.00    0.01   clock network delay (ideal)
                          0.00    0.01   clock reconvergence pessimism
                                  0.01 ^ _74_/CK (DFF_X1)
                         -0.03   -0.02   library setup time
                                 -0.02   data required time
-----------------------------------------------------------------------------
                                 -0.02   data required time
                                 -0.24   data arrival time
-----------------------------------------------------------------------------
                                 -0.26   slack (VIOLATED)



==========================================================================
floorplan final report_checks -unconstrained
--------------------------------------------------------------------------
[WARNING STA-0168] unknown field nets.
Startpoint: _76_ (rising edge-triggered flip-flop clocked by clk)
Endpoint: _74_ (rising edge-triggered flip-flop clocked by clk)
Path Group: clk
Path Type: max

Fanout     Cap    Slew   Delay    Time   Description
-----------------------------------------------------------------------------
                  0.00    0.00    0.00   clock clk (rise edge)
                          0.00    0.00   clock network delay (ideal)
                  0.00    0.00    0.00 ^ _76_/CK (DFF_X1)
     1    3.45    0.01    0.07    0.07 ^ _76_/QN (DFF_X1)
                  0.01    0.00    0.07 ^ _68_/B (HA_X1)
     1    3.45    0.01    0.04    0.10 ^ _68_/CO (HA_X1)
                  0.01    0.00    0.10 ^ _44_/A2 (NAND2_X2)
     3    5.71    0.01    0.02    0.12 v _44_/ZN (NAND2_X2)
                  0.01    0.00    0.12 v _51_/A3 (OR3_X4)
     2    8.65    0.01    0.08    0.20 v _51_/ZN (OR3_X4)
                  0.01    0.00    0.20 v _56_/A3 (NOR3_X4)
     1    1.14    0.02    0.04    0.24 ^ _56_/ZN (NOR3_X4)
                  0.02    0.00    0.24 ^ _74_/D (DFF_X1)
                                  0.24   data arrival time

                  0.00    0.01    0.01   clock clk (rise edge)
                          0.00    0.01   clock network delay (ideal)
                          0.00    0.01   clock reconvergence pessimism
                                  0.01 ^ _74_/CK (DFF_X1)
                         -0.03   -0.02   library setup time
                                 -0.02   data required time
-----------------------------------------------------------------------------
                                 -0.02   data required time
                                 -0.24   data arrival time
-----------------------------------------------------------------------------
                                 -0.26   slack (VIOLATED)



==========================================================================
floorplan final report_power
--------------------------------------------------------------------------
Group                  Internal  Switching    Leakage      Total
                          Power      Power      Power      Power (Watts)
----------------------------------------------------------------
Sequential             5.42e-03   2.52e-04   6.18e-07   5.67e-03  77.5%
Combinational          9.08e-04   7.42e-04   1.03e-06   1.65e-03  22.5%
Clock                  0.00e+00   0.00e+00   0.00e+00   0.00e+00   0.0%
Macro                  0.00e+00   0.00e+00   0.00e+00   0.00e+00   0.0%
Pad                    0.00e+00   0.00e+00   0.00e+00   0.00e+00   0.0%
----------------------------------------------------------------
Total                  6.33e-03   9.93e-04   1.65e-06   7.32e-03 100.0%
                          86.4%      13.6%       0.0%

==========================================================================
floorplan final report_design_area
--------------------------------------------------------------------------
Design area 77 u^2 1% utilization.

