OpenROAD v2.0-22532-gac667f3cc7 
Features included (+) or not (-): +GPU +GUI +Python
This program is licensed under the BSD-3 license. See the LICENSE file for details.
Components of this program may be licensed under more restrictive licenses which must be honored.
[INFO ODB-0227] LEF file: /project/cad-team/LX_Semicon/kmcho/EoR/pdk/Nangate45/Nangate45_tech.lef, created 22 layers, 27 vias
[INFO ODB-0227] LEF file: /project/cad-team/LX_Semicon/kmcho/EoR/pdk/Nangate45/Nangate45_stdcell.lef, created 135 library cells
[INFO IFP-0001] Added 85 rows of 628 site FreePDK45_38x28_10R_NP_162NW_34O.
Default units for flow
 time 1ns
 capacitance 1fF
 resistance 1kohm
 voltage 1v
 current 1mA
 power 1nW
 distance 1um

==========================================================================
floorplan final check_setup
--------------------------------------------------------------------------
Warning: There are 2 input ports missing set_input_delay.
Warning: There is 1 output port missing set_output_delay.
Warning: There is 1 unconstrained endpoint.

==========================================================================
floorplan final report_tns
--------------------------------------------------------------------------
tns max -1.84

==========================================================================
floorplan final report_wns
--------------------------------------------------------------------------
wns max -0.24

==========================================================================
floorplan final report_worst_slack
--------------------------------------------------------------------------
worst slack max -0.24

==========================================================================
floorplan final report_checks -path_delay min
--------------------------------------------------------------------------
[WARNING STA-0168] unknown field nets.
Startpoint: _55_ (rising edge-triggered flip-flop clocked by clk)
Endpoint: _55_ (rising edge-triggered flip-flop clocked by clk)
Path Group: clk
Path Type: min

Fanout     Cap    Slew   Delay    Time   Description
-----------------------------------------------------------------------------
                  0.00    0.00    0.00   clock clk (rise edge)
                          0.00    0.00   clock network delay (ideal)
                  0.00    0.00    0.00 ^ _55_/CK (DFF_X1)
     1    0.92    0.01    0.06    0.06 ^ _55_/QN (DFF_X1)
                  0.01    0.00    0.06 ^ _47_/A1 (AND2_X1)
     1    1.14    0.01    0.03    0.09 ^ _47_/ZN (AND2_X1)
                  0.01    0.00    0.09 ^ _55_/D (DFF_X1)
                                  0.09   data arrival time

                  0.00    0.00    0.00   clock clk (rise edge)
                          0.00    0.00   clock network delay (ideal)
                          0.00    0.00   clock reconvergence pessimism
                                  0.00 ^ _55_/CK (DFF_X1)
                          0.01    0.01   library hold time
                                  0.01   data required time
-----------------------------------------------------------------------------
                                  0.01   data required time
                                 -0.09   data arrival time
-----------------------------------------------------------------------------
                                  0.08   slack (MET)



==========================================================================
floorplan final report_checks -path_delay max
--------------------------------------------------------------------------
[WARNING STA-0168] unknown field nets.
Startpoint: _56_ (rising edge-triggered flip-flop clocked by clk)
Endpoint: _58_ (rising edge-triggered flip-flop clocked by clk)
Path Group: clk
Path Type: max

Fanout     Cap    Slew   Delay    Time   Description
-----------------------------------------------------------------------------
                  0.00    0.00    0.00   clock clk (rise edge)
                          0.00    0.00   clock network delay (ideal)
                  0.00    0.00    0.00 ^ _56_/CK (DFF_X1)
     1    3.45    0.01    0.09    0.09 ^ _56_/Q (DFF_X1)
                  0.01    0.00    0.09 ^ _53_/B (HA_X1)
     2    5.11    0.02    0.04    0.13 ^ _53_/CO (HA_X1)
                  0.02    0.00    0.13 ^ _54_/B (HA_X1)
     1    2.57    0.01    0.04    0.17 ^ _54_/CO (HA_X1)
                  0.01    0.00    0.17 ^ _50_/B (XNOR2_X1)
     1    1.65    0.02    0.04    0.20 ^ _50_/ZN (XNOR2_X1)
                  0.02    0.00    0.20 ^ _51_/A2 (NOR2_X1)
     1    1.06    0.01    0.01    0.21 v _51_/ZN (NOR2_X1)
                  0.01    0.00    0.21 v _58_/D (DFF_X1)
                                  0.21   data arrival time

                  0.00    0.01    0.01   clock clk (rise edge)
                          0.00    0.01   clock network delay (ideal)
                          0.00    0.01   clock reconvergence pessimism
                                  0.01 ^ _58_/CK (DFF_X1)
                         -0.04   -0.03   library setup time
                                 -0.03   data required time
-----------------------------------------------------------------------------
                                 -0.03   data required time
                                 -0.21   data arrival time
-----------------------------------------------------------------------------
                                 -0.24   slack (VIOLATED)



==========================================================================
floorplan final report_checks -unconstrained
--------------------------------------------------------------------------
[WARNING STA-0168] unknown field nets.
Startpoint: _56_ (rising edge-triggered flip-flop clocked by clk)
Endpoint: _58_ (rising edge-triggered flip-flop clocked by clk)
Path Group: clk
Path Type: max

Fanout     Cap    Slew   Delay    Time   Description
-----------------------------------------------------------------------------
                  0.00    0.00    0.00   clock clk (rise edge)
                          0.00    0.00   clock network delay (ideal)
                  0.00    0.00    0.00 ^ _56_/CK (DFF_X1)
     1    3.45    0.01    0.09    0.09 ^ _56_/Q (DFF_X1)
                  0.01    0.00    0.09 ^ _53_/B (HA_X1)
     2    5.11    0.02    0.04    0.13 ^ _53_/CO (HA_X1)
                  0.02    0.00    0.13 ^ _54_/B (HA_X1)
     1    2.57    0.01    0.04    0.17 ^ _54_/CO (HA_X1)
                  0.01    0.00    0.17 ^ _50_/B (XNOR2_X1)
     1    1.65    0.02    0.04    0.20 ^ _50_/ZN (XNOR2_X1)
                  0.02    0.00    0.20 ^ _51_/A2 (NOR2_X1)
     1    1.06    0.01    0.01    0.21 v _51_/ZN (NOR2_X1)
                  0.01    0.00    0.21 v _58_/D (DFF_X1)
                                  0.21   data arrival time

                  0.00    0.01    0.01   clock clk (rise edge)
                          0.00    0.01   clock network delay (ideal)
                          0.00    0.01   clock reconvergence pessimism
                                  0.01 ^ _58_/CK (DFF_X1)
                         -0.04   -0.03   library setup time
                                 -0.03   data required time
-----------------------------------------------------------------------------
                                 -0.03   data required time
                                 -0.21   data arrival time
-----------------------------------------------------------------------------
                                 -0.24   slack (VIOLATED)



==========================================================================
floorplan final report_power
--------------------------------------------------------------------------
Group                  Internal  Switching    Leakage      Total
                          Power      Power      Power      Power (Watts)
----------------------------------------------------------------
Sequential             5.96e-03   1.34e-04   6.92e-07   6.10e-03  88.9%
Combinational          5.20e-04   2.39e-04   7.64e-07   7.59e-04  11.1%
Clock                  0.00e+00   0.00e+00   0.00e+00   0.00e+00   0.0%
Macro                  0.00e+00   0.00e+00   0.00e+00   0.00e+00   0.0%
Pad                    0.00e+00   0.00e+00   0.00e+00   0.00e+00   0.0%
----------------------------------------------------------------
Total                  6.48e-03   3.73e-04   1.46e-06   6.86e-03 100.0%
                          94.5%       5.4%       0.0%

==========================================================================
floorplan final report_design_area
--------------------------------------------------------------------------
Design area 71 u^2 1% utilization.

