OpenROAD v2.0-22532-gac667f3cc7 
Features included (+) or not (-): +GPU +GUI +Python
This program is licensed under the BSD-3 license. See the LICENSE file for details.
Components of this program may be licensed under more restrictive licenses which must be honored.
[INFO ODB-0227] LEF file: /project/cad-team/LX_Semicon/kmcho/EoR/pdk/Nangate45/Nangate45_tech.lef, created 22 layers, 27 vias
[INFO ODB-0227] LEF file: /project/cad-team/LX_Semicon/kmcho/EoR/pdk/Nangate45/Nangate45_stdcell.lef, created 135 library cells
[INFO IFP-0001] Added 78 rows of 577 site FreePDK45_38x28_10R_NP_162NW_34O.
Default units for flow
 time 1ns
 capacitance 1fF
 resistance 1kohm
 voltage 1v
 current 1mA
 power 1nW
 distance 1um

==========================================================================
floorplan final check_setup
--------------------------------------------------------------------------
Warning: There are 2 input ports missing set_input_delay.
Warning: There is 1 output port missing set_output_delay.
Warning: There is 1 unconstrained endpoint.

==========================================================================
floorplan final report_tns
--------------------------------------------------------------------------
tns max -1.15

==========================================================================
floorplan final report_wns
--------------------------------------------------------------------------
wns max -0.26

==========================================================================
floorplan final report_worst_slack
--------------------------------------------------------------------------
worst slack max -0.26

==========================================================================
floorplan final report_checks -path_delay min
--------------------------------------------------------------------------
[WARNING STA-0168] unknown field nets.
Startpoint: _58_ (rising edge-triggered flip-flop clocked by clk)
Endpoint: _58_ (rising edge-triggered flip-flop clocked by clk)
Path Group: clk
Path Type: min

Fanout     Cap    Slew   Delay    Time   Description
-----------------------------------------------------------------------------
                  0.00    0.00    0.00   clock clk (rise edge)
                          0.00    0.00   clock network delay (ideal)
                  0.00    0.00    0.00 ^ _58_/CK (DFF_X1)
     4    9.83    0.01    0.09    0.09 v _58_/Q (DFF_X1)
                  0.01    0.00    0.09 v _34_/A (INV_X1)
     1    1.66    0.01    0.01    0.11 ^ _34_/ZN (INV_X1)
                  0.01    0.00    0.11 ^ _36_/B1 (OAI21_X1)
     1    1.06    0.01    0.01    0.12 v _36_/ZN (OAI21_X1)
                  0.01    0.00    0.12 v _58_/D (DFF_X1)
                                  0.12   data arrival time

                  0.00    0.00    0.00   clock clk (rise edge)
                          0.00    0.00   clock network delay (ideal)
                          0.00    0.00   clock reconvergence pessimism
                                  0.00 ^ _58_/CK (DFF_X1)
                          0.00    0.00   library hold time
                                  0.00   data required time
-----------------------------------------------------------------------------
                                  0.00   data required time
                                 -0.12   data arrival time
-----------------------------------------------------------------------------
                                  0.12   slack (MET)



==========================================================================
floorplan final report_checks -path_delay max
--------------------------------------------------------------------------
[WARNING STA-0168] unknown field nets.
Startpoint: _62_ (rising edge-triggered flip-flop clocked by clk)
Endpoint: _63_ (rising edge-triggered flip-flop clocked by clk)
Path Group: clk
Path Type: max

Fanout     Cap    Slew   Delay    Time   Description
-----------------------------------------------------------------------------
                  0.00    0.00    0.00   clock clk (rise edge)
                          0.00    0.00   clock network delay (ideal)
                  0.00    0.00    0.00 ^ _62_/CK (DFF_X1)
     1    1.78    0.01    0.09    0.09 ^ _62_/Q (DFF_X1)
                  0.01    0.00    0.09 ^ _37_/A (BUF_X2)
     5   11.64    0.02    0.03    0.12 ^ _37_/Z (BUF_X2)
                  0.02    0.00    0.12 ^ _54_/A1 (AND2_X1)
     1    1.58    0.01    0.03    0.15 ^ _54_/ZN (AND2_X1)
                  0.01    0.00    0.15 ^ _55_/B1 (AOI22_X1)
     1    1.59    0.01    0.02    0.17 v _55_/ZN (AOI22_X1)
                  0.01    0.00    0.17 v _56_/A2 (OR2_X2)
     1    2.95    0.01    0.05    0.22 v _56_/ZN (OR2_X2)
                  0.01    0.00    0.22 v _57_/B2 (AOI21_X2)
     1    1.14    0.02    0.02    0.24 ^ _57_/ZN (AOI21_X2)
                  0.02    0.00    0.24 ^ _63_/D (DFF_X1)
                                  0.24   data arrival time

                  0.00    0.01    0.01   clock clk (rise edge)
                          0.00    0.01   clock network delay (ideal)
                          0.00    0.01   clock reconvergence pessimism
                                  0.01 ^ _63_/CK (DFF_X1)
                         -0.03   -0.02   library setup time
                                 -0.02   data required time
-----------------------------------------------------------------------------
                                 -0.02   data required time
                                 -0.24   data arrival time
-----------------------------------------------------------------------------
                                 -0.26   slack (VIOLATED)



==========================================================================
floorplan final report_checks -unconstrained
--------------------------------------------------------------------------
[WARNING STA-0168] unknown field nets.
Startpoint: _62_ (rising edge-triggered flip-flop clocked by clk)
Endpoint: _63_ (rising edge-triggered flip-flop clocked by clk)
Path Group: clk
Path Type: max

Fanout     Cap    Slew   Delay    Time   Description
-----------------------------------------------------------------------------
                  0.00    0.00    0.00   clock clk (rise edge)
                          0.00    0.00   clock network delay (ideal)
                  0.00    0.00    0.00 ^ _62_/CK (DFF_X1)
     1    1.78    0.01    0.09    0.09 ^ _62_/Q (DFF_X1)
                  0.01    0.00    0.09 ^ _37_/A (BUF_X2)
     5   11.64    0.02    0.03    0.12 ^ _37_/Z (BUF_X2)
                  0.02    0.00    0.12 ^ _54_/A1 (AND2_X1)
     1    1.58    0.01    0.03    0.15 ^ _54_/ZN (AND2_X1)
                  0.01    0.00    0.15 ^ _55_/B1 (AOI22_X1)
     1    1.59    0.01    0.02    0.17 v _55_/ZN (AOI22_X1)
                  0.01    0.00    0.17 v _56_/A2 (OR2_X2)
     1    2.95    0.01    0.05    0.22 v _56_/ZN (OR2_X2)
                  0.01    0.00    0.22 v _57_/B2 (AOI21_X2)
     1    1.14    0.02    0.02    0.24 ^ _57_/ZN (AOI21_X2)
                  0.02    0.00    0.24 ^ _63_/D (DFF_X1)
                                  0.24   data arrival time

                  0.00    0.01    0.01   clock clk (rise edge)
                          0.00    0.01   clock network delay (ideal)
                          0.00    0.01   clock reconvergence pessimism
                                  0.01 ^ _63_/CK (DFF_X1)
                         -0.03   -0.02   library setup time
                                 -0.02   data required time
-----------------------------------------------------------------------------
                                 -0.02   data required time
                                 -0.24   data arrival time
-----------------------------------------------------------------------------
                                 -0.26   slack (VIOLATED)



==========================================================================
floorplan final report_power
--------------------------------------------------------------------------
Group                  Internal  Switching    Leakage      Total
                          Power      Power      Power      Power (Watts)
----------------------------------------------------------------
Sequential             3.89e-03   2.12e-04   4.65e-07   4.10e-03  78.7%
Combinational          6.49e-04   4.60e-04   9.05e-07   1.11e-03  21.3%
Clock                  0.00e+00   0.00e+00   0.00e+00   0.00e+00   0.0%
Macro                  0.00e+00   0.00e+00   0.00e+00   0.00e+00   0.0%
Pad                    0.00e+00   0.00e+00   0.00e+00   0.00e+00   0.0%
----------------------------------------------------------------
Total                  4.54e-03   6.72e-04   1.37e-06   5.21e-03 100.0%
                          87.1%      12.9%       0.0%

==========================================================================
floorplan final report_design_area
--------------------------------------------------------------------------
Design area 60 u^2 1% utilization.

