OpenROAD v2.0-22532-gac667f3cc7 
Features included (+) or not (-): +GPU +GUI +Python
This program is licensed under the BSD-3 license. See the LICENSE file for details.
Components of this program may be licensed under more restrictive licenses which must be honored.
[INFO ODB-0227] LEF file: /project/cad-team/LX_Semicon/kmcho/EoR/pdk/Nangate45/Nangate45_tech.lef, created 22 layers, 27 vias
[INFO ODB-0227] LEF file: /project/cad-team/LX_Semicon/kmcho/EoR/pdk/Nangate45/Nangate45_stdcell.lef, created 135 library cells
[INFO IFP-0001] Added 62 rows of 463 site FreePDK45_38x28_10R_NP_162NW_34O.
Default units for flow
 time 1ns
 capacitance 1fF
 resistance 1kohm
 voltage 1v
 current 1mA
 power 1nW
 distance 1um

==========================================================================
floorplan final check_setup
--------------------------------------------------------------------------
Warning: There are 2 input ports missing set_input_delay.
Warning: There is 1 output port missing set_output_delay.
Warning: There is 1 unconstrained endpoint.

==========================================================================
floorplan final report_tns
--------------------------------------------------------------------------
tns max -0.85

==========================================================================
floorplan final report_wns
--------------------------------------------------------------------------
wns max -0.20

==========================================================================
floorplan final report_worst_slack
--------------------------------------------------------------------------
worst slack max -0.20

==========================================================================
floorplan final report_checks -path_delay min
--------------------------------------------------------------------------
[WARNING STA-0168] unknown field nets.
Startpoint: _32_ (rising edge-triggered flip-flop clocked by clk)
Endpoint: _32_ (rising edge-triggered flip-flop clocked by clk)
Path Group: clk
Path Type: min

Fanout     Cap    Slew   Delay    Time   Description
-----------------------------------------------------------------------------
                  0.00    0.00    0.00   clock clk (rise edge)
                          0.00    0.00   clock network delay (ideal)
                  0.00    0.00    0.00 ^ _32_/CK (DFF_X1)
     2    2.96    0.01    0.08    0.08 v _32_/Q (DFF_X1)
                  0.01    0.00    0.08 v _20_/A (INV_X1)
     1    1.57    0.01    0.01    0.09 ^ _20_/ZN (INV_X1)
                  0.01    0.00    0.09 ^ _21_/B2 (OAI21_X1)
     1    1.06    0.01    0.01    0.11 v _21_/ZN (OAI21_X1)
                  0.01    0.00    0.11 v _32_/D (DFF_X1)
                                  0.11   data arrival time

                  0.00    0.00    0.00   clock clk (rise edge)
                          0.00    0.00   clock network delay (ideal)
                          0.00    0.00   clock reconvergence pessimism
                                  0.00 ^ _32_/CK (DFF_X1)
                          0.00    0.00   library hold time
                                  0.00   data required time
-----------------------------------------------------------------------------
                                  0.00   data required time
                                 -0.11   data arrival time
-----------------------------------------------------------------------------
                                  0.10   slack (MET)



==========================================================================
floorplan final report_checks -path_delay max
--------------------------------------------------------------------------
[WARNING STA-0168] unknown field nets.
Startpoint: _36_ (rising edge-triggered flip-flop clocked by clk)
Endpoint: _34_ (rising edge-triggered flip-flop clocked by clk)
Path Group: clk
Path Type: max

Fanout     Cap    Slew   Delay    Time   Description
-----------------------------------------------------------------------------
                  0.00    0.00    0.00   clock clk (rise edge)
                          0.00    0.00   clock network delay (ideal)
                  0.00    0.00    0.00 ^ _36_/CK (DFF_X1)
     3    3.17    0.01    0.08    0.08 v _36_/Q (DFF_X1)
                  0.01    0.00    0.08 v _26_/B (MUX2_X1)
     1    1.57    0.01    0.06    0.14 v _26_/Z (MUX2_X1)
                  0.01    0.00    0.14 v _27_/A2 (AND2_X2)
     1    1.06    0.00    0.03    0.17 v _27_/ZN (AND2_X2)
                  0.00    0.00    0.17 v _34_/D (DFF_X1)
                                  0.17   data arrival time

                  0.00    0.01    0.01   clock clk (rise edge)
                          0.00    0.01   clock network delay (ideal)
                          0.00    0.01   clock reconvergence pessimism
                                  0.01 ^ _34_/CK (DFF_X1)
                         -0.04   -0.03   library setup time
                                 -0.03   data required time
-----------------------------------------------------------------------------
                                 -0.03   data required time
                                 -0.17   data arrival time
-----------------------------------------------------------------------------
                                 -0.20   slack (VIOLATED)



==========================================================================
floorplan final report_checks -unconstrained
--------------------------------------------------------------------------
[WARNING STA-0168] unknown field nets.
Startpoint: _36_ (rising edge-triggered flip-flop clocked by clk)
Endpoint: _34_ (rising edge-triggered flip-flop clocked by clk)
Path Group: clk
Path Type: max

Fanout     Cap    Slew   Delay    Time   Description
-----------------------------------------------------------------------------
                  0.00    0.00    0.00   clock clk (rise edge)
                          0.00    0.00   clock network delay (ideal)
                  0.00    0.00    0.00 ^ _36_/CK (DFF_X1)
     3    3.17    0.01    0.08    0.08 v _36_/Q (DFF_X1)
                  0.01    0.00    0.08 v _26_/B (MUX2_X1)
     1    1.57    0.01    0.06    0.14 v _26_/Z (MUX2_X1)
                  0.01    0.00    0.14 v _27_/A2 (AND2_X2)
     1    1.06    0.00    0.03    0.17 v _27_/ZN (AND2_X2)
                  0.00    0.00    0.17 v _34_/D (DFF_X1)
                                  0.17   data arrival time

                  0.00    0.01    0.01   clock clk (rise edge)
                          0.00    0.01   clock network delay (ideal)
                          0.00    0.01   clock reconvergence pessimism
                                  0.01 ^ _34_/CK (DFF_X1)
                         -0.04   -0.03   library setup time
                                 -0.03   data required time
-----------------------------------------------------------------------------
                                 -0.03   data required time
                                 -0.17   data arrival time
-----------------------------------------------------------------------------
                                 -0.20   slack (VIOLATED)



==========================================================================
floorplan final report_power
--------------------------------------------------------------------------
Group                  Internal  Switching    Leakage      Total
                          Power      Power      Power      Power (Watts)
----------------------------------------------------------------
Sequential             3.18e-03   8.38e-05   3.88e-07   3.26e-03  84.6%
Combinational          3.66e-04   2.26e-04   4.28e-07   5.93e-04  15.4%
Clock                  0.00e+00   0.00e+00   0.00e+00   0.00e+00   0.0%
Macro                  0.00e+00   0.00e+00   0.00e+00   0.00e+00   0.0%
Pad                    0.00e+00   0.00e+00   0.00e+00   0.00e+00   0.0%
----------------------------------------------------------------
Total                  3.55e-03   3.10e-04   8.15e-07   3.86e-03 100.0%
                          91.9%       8.0%       0.0%

==========================================================================
floorplan final report_design_area
--------------------------------------------------------------------------
Design area 39 u^2 1% utilization.

