OpenROAD v2.0-22532-gac667f3cc7 
Features included (+) or not (-): +GPU +GUI +Python
This program is licensed under the BSD-3 license. See the LICENSE file for details.
Components of this program may be licensed under more restrictive licenses which must be honored.
[INFO ODB-0227] LEF file: /project/cad-team/LX_Semicon/kmcho/EoR/pdk/Nangate45/Nangate45_tech.lef, created 22 layers, 27 vias
[INFO ODB-0227] LEF file: /project/cad-team/LX_Semicon/kmcho/EoR/pdk/Nangate45/Nangate45_stdcell.lef, created 135 library cells
[INFO IFP-0001] Added 70 rows of 517 site FreePDK45_38x28_10R_NP_162NW_34O.
Default units for flow
 time 1ns
 capacitance 1fF
 resistance 1kohm
 voltage 1v
 current 1mA
 power 1nW
 distance 1um

==========================================================================
floorplan final check_setup
--------------------------------------------------------------------------
Warning: There are 2 input ports missing set_input_delay.
Warning: There is 1 output port missing set_output_delay.
Warning: There is 1 unconstrained endpoint.

==========================================================================
floorplan final report_tns
--------------------------------------------------------------------------
tns max -1.18

==========================================================================
floorplan final report_wns
--------------------------------------------------------------------------
wns max -0.22

==========================================================================
floorplan final report_worst_slack
--------------------------------------------------------------------------
worst slack max -0.22

==========================================================================
floorplan final report_checks -path_delay min
--------------------------------------------------------------------------
[WARNING STA-0168] unknown field nets.
Startpoint: _49_ (rising edge-triggered flip-flop clocked by clk)
Endpoint: _49_ (rising edge-triggered flip-flop clocked by clk)
Path Group: clk
Path Type: min

Fanout     Cap    Slew   Delay    Time   Description
-----------------------------------------------------------------------------
                  0.00    0.00    0.00   clock clk (rise edge)
                          0.00    0.00   clock network delay (ideal)
                  0.00    0.00    0.00 ^ _49_/CK (DFF_X1)
     1    1.55    0.01    0.06    0.06 v _49_/QN (DFF_X1)
                  0.01    0.00    0.06 v _38_/A (INV_X1)
     1    1.71    0.01    0.01    0.08 ^ _38_/ZN (INV_X1)
                  0.01    0.00    0.08 ^ _39_/A1 (NOR2_X1)
     1    2.73    0.01    0.01    0.09 v _39_/ZN (NOR2_X1)
                  0.01    0.00    0.09 v _43_/B1 (AOI21_X2)
     1    1.14    0.01    0.02    0.10 ^ _43_/ZN (AOI21_X2)
                  0.01    0.00    0.10 ^ _49_/D (DFF_X1)
                                  0.10   data arrival time

                  0.00    0.00    0.00   clock clk (rise edge)
                          0.00    0.00   clock network delay (ideal)
                          0.00    0.00   clock reconvergence pessimism
                                  0.00 ^ _49_/CK (DFF_X1)
                          0.01    0.01   library hold time
                                  0.01   data required time
-----------------------------------------------------------------------------
                                  0.01   data required time
                                 -0.10   data arrival time
-----------------------------------------------------------------------------
                                  0.10   slack (MET)



==========================================================================
floorplan final report_checks -path_delay max
--------------------------------------------------------------------------
[WARNING STA-0168] unknown field nets.
Startpoint: _44_ (rising edge-triggered flip-flop clocked by clk)
Endpoint: _44_ (rising edge-triggered flip-flop clocked by clk)
Path Group: clk
Path Type: max

Fanout     Cap    Slew   Delay    Time   Description
-----------------------------------------------------------------------------
                  0.00    0.00    0.00   clock clk (rise edge)
                          0.00    0.00   clock network delay (ideal)
                  0.00    0.00    0.00 ^ _44_/CK (DFF_X1)
     2    2.43    0.01    0.08    0.08 v _44_/Q (DFF_X1)
                  0.01    0.00    0.08 v _26_/A3 (NOR3_X1)
     1    1.62    0.03    0.05    0.13 ^ _26_/ZN (NOR3_X1)
                  0.03    0.00    0.13 ^ _27_/A3 (NOR3_X1)
     1    0.90    0.01    0.01    0.14 v _27_/ZN (NOR3_X1)
                  0.01    0.00    0.14 v _28_/A2 (OR2_X1)
     1    1.06    0.01    0.05    0.19 v _28_/ZN (OR2_X1)
                  0.01    0.00    0.19 v _44_/D (DFF_X1)
                                  0.19   data arrival time

                  0.00    0.01    0.01   clock clk (rise edge)
                          0.00    0.01   clock network delay (ideal)
                          0.00    0.01   clock reconvergence pessimism
                                  0.01 ^ _44_/CK (DFF_X1)
                         -0.04   -0.03   library setup time
                                 -0.03   data required time
-----------------------------------------------------------------------------
                                 -0.03   data required time
                                 -0.19   data arrival time
-----------------------------------------------------------------------------
                                 -0.22   slack (VIOLATED)



==========================================================================
floorplan final report_checks -unconstrained
--------------------------------------------------------------------------
[WARNING STA-0168] unknown field nets.
Startpoint: _44_ (rising edge-triggered flip-flop clocked by clk)
Endpoint: _44_ (rising edge-triggered flip-flop clocked by clk)
Path Group: clk
Path Type: max

Fanout     Cap    Slew   Delay    Time   Description
-----------------------------------------------------------------------------
                  0.00    0.00    0.00   clock clk (rise edge)
                          0.00    0.00   clock network delay (ideal)
                  0.00    0.00    0.00 ^ _44_/CK (DFF_X1)
     2    2.43    0.01    0.08    0.08 v _44_/Q (DFF_X1)
                  0.01    0.00    0.08 v _26_/A3 (NOR3_X1)
     1    1.62    0.03    0.05    0.13 ^ _26_/ZN (NOR3_X1)
                  0.03    0.00    0.13 ^ _27_/A3 (NOR3_X1)
     1    0.90    0.01    0.01    0.14 v _27_/ZN (NOR3_X1)
                  0.01    0.00    0.14 v _28_/A2 (OR2_X1)
     1    1.06    0.01    0.05    0.19 v _28_/ZN (OR2_X1)
                  0.01    0.00    0.19 v _44_/D (DFF_X1)
                                  0.19   data arrival time

                  0.00    0.01    0.01   clock clk (rise edge)
                          0.00    0.01   clock network delay (ideal)
                          0.00    0.01   clock reconvergence pessimism
                                  0.01 ^ _44_/CK (DFF_X1)
                         -0.04   -0.03   library setup time
                                 -0.03   data required time
-----------------------------------------------------------------------------
                                 -0.03   data required time
                                 -0.19   data arrival time
-----------------------------------------------------------------------------
                                 -0.22   slack (VIOLATED)



==========================================================================
floorplan final report_power
--------------------------------------------------------------------------
Group                  Internal  Switching    Leakage      Total
                          Power      Power      Power      Power (Watts)
----------------------------------------------------------------
Sequential             4.08e-03   2.99e-04   4.67e-07   4.38e-03  78.8%
Combinational          7.23e-04   4.54e-04   5.79e-07   1.18e-03  21.2%
Clock                  0.00e+00   0.00e+00   0.00e+00   0.00e+00   0.0%
Macro                  0.00e+00   0.00e+00   0.00e+00   0.00e+00   0.0%
Pad                    0.00e+00   0.00e+00   0.00e+00   0.00e+00   0.0%
----------------------------------------------------------------
Total                  4.81e-03   7.53e-04   1.05e-06   5.56e-03 100.0%
                          86.4%      13.5%       0.0%

==========================================================================
floorplan final report_design_area
--------------------------------------------------------------------------
Design area 48 u^2 1% utilization.

