OpenROAD v2.0-22532-gac667f3cc7 
Features included (+) or not (-): +GPU +GUI +Python
This program is licensed under the BSD-3 license. See the LICENSE file for details.
Components of this program may be licensed under more restrictive licenses which must be honored.
[INFO ODB-0227] LEF file: /project/cad-team/LX_Semicon/kmcho/EoR/pdk/Nangate45/Nangate45_tech.lef, created 22 layers, 27 vias
[INFO ODB-0227] LEF file: /project/cad-team/LX_Semicon/kmcho/EoR/pdk/Nangate45/Nangate45_stdcell.lef, created 135 library cells
[INFO IFP-0001] Added 70 rows of 522 site FreePDK45_38x28_10R_NP_162NW_34O.
Default units for flow
 time 1ns
 capacitance 1fF
 resistance 1kohm
 voltage 1v
 current 1mA
 power 1nW
 distance 1um

==========================================================================
floorplan final check_setup
--------------------------------------------------------------------------
Warning: There are 2 input ports missing set_input_delay.
Warning: There is 1 output port missing set_output_delay.
Warning: There is 1 unconstrained endpoint.

==========================================================================
floorplan final report_tns
--------------------------------------------------------------------------
tns max -1.02

==========================================================================
floorplan final report_wns
--------------------------------------------------------------------------
wns max -0.20

==========================================================================
floorplan final report_worst_slack
--------------------------------------------------------------------------
worst slack max -0.20

==========================================================================
floorplan final report_checks -path_delay min
--------------------------------------------------------------------------
[WARNING STA-0168] unknown field nets.
Startpoint: _43_ (rising edge-triggered flip-flop clocked by clk)
Endpoint: _45_ (rising edge-triggered flip-flop clocked by clk)
Path Group: clk
Path Type: min

Fanout     Cap    Slew   Delay    Time   Description
-----------------------------------------------------------------------------
                  0.00    0.00    0.00   clock clk (rise edge)
                          0.00    0.00   clock network delay (ideal)
                  0.00    0.00    0.00 ^ _43_/CK (DFF_X1)
     2    4.59    0.02    0.07    0.07 ^ _43_/QN (DFF_X1)
                  0.02    0.00    0.07 ^ _30_/A3 (NOR3_X1)
     1    1.06    0.01    0.01    0.08 v _30_/ZN (NOR3_X1)
                  0.01    0.00    0.08 v _45_/D (DFF_X1)
                                  0.08   data arrival time

                  0.00    0.00    0.00   clock clk (rise edge)
                          0.00    0.00   clock network delay (ideal)
                          0.00    0.00   clock reconvergence pessimism
                                  0.00 ^ _45_/CK (DFF_X1)
                          0.00    0.00   library hold time
                                  0.00   data required time
-----------------------------------------------------------------------------
                                  0.00   data required time
                                 -0.08   data arrival time
-----------------------------------------------------------------------------
                                  0.08   slack (MET)



==========================================================================
floorplan final report_checks -path_delay max
--------------------------------------------------------------------------
[WARNING STA-0168] unknown field nets.
Startpoint: _45_ (rising edge-triggered flip-flop clocked by clk)
Endpoint: _40_ (rising edge-triggered flip-flop clocked by clk)
Path Group: clk
Path Type: max

Fanout     Cap    Slew   Delay    Time   Description
-----------------------------------------------------------------------------
                  0.00    0.00    0.00   clock clk (rise edge)
                          0.00    0.00   clock network delay (ideal)
                  0.00    0.00    0.00 ^ _45_/CK (DFF_X1)
     2    8.02    0.02    0.10    0.10 ^ _45_/Q (DFF_X1)
                  0.02    0.00    0.10 ^ _28_/B1 (AOI21_X4)
     1    6.34    0.01    0.02    0.12 v _28_/ZN (AOI21_X4)
                  0.01    0.00    0.12 v _29_/A2 (NOR2_X4)
     2    4.43    0.01    0.03    0.14 ^ _29_/ZN (NOR2_X4)
                  0.01    0.00    0.14 ^ _37_/A2 (NAND3_X2)
     1    2.88    0.01    0.02    0.16 v _37_/ZN (NAND3_X2)
                  0.01    0.00    0.16 v _39_/A (OAI21_X2)
     1    1.14    0.01    0.02    0.18 ^ _39_/ZN (OAI21_X2)
                  0.01    0.00    0.18 ^ _40_/D (DFF_X1)
                                  0.18   data arrival time

                  0.00    0.01    0.01   clock clk (rise edge)
                          0.00    0.01   clock network delay (ideal)
                          0.00    0.01   clock reconvergence pessimism
                                  0.01 ^ _40_/CK (DFF_X1)
                         -0.03   -0.02   library setup time
                                 -0.02   data required time
-----------------------------------------------------------------------------
                                 -0.02   data required time
                                 -0.18   data arrival time
-----------------------------------------------------------------------------
                                 -0.20   slack (VIOLATED)



==========================================================================
floorplan final report_checks -unconstrained
--------------------------------------------------------------------------
[WARNING STA-0168] unknown field nets.
Startpoint: _45_ (rising edge-triggered flip-flop clocked by clk)
Endpoint: _40_ (rising edge-triggered flip-flop clocked by clk)
Path Group: clk
Path Type: max

Fanout     Cap    Slew   Delay    Time   Description
-----------------------------------------------------------------------------
                  0.00    0.00    0.00   clock clk (rise edge)
                          0.00    0.00   clock network delay (ideal)
                  0.00    0.00    0.00 ^ _45_/CK (DFF_X1)
     2    8.02    0.02    0.10    0.10 ^ _45_/Q (DFF_X1)
                  0.02    0.00    0.10 ^ _28_/B1 (AOI21_X4)
     1    6.34    0.01    0.02    0.12 v _28_/ZN (AOI21_X4)
                  0.01    0.00    0.12 v _29_/A2 (NOR2_X4)
     2    4.43    0.01    0.03    0.14 ^ _29_/ZN (NOR2_X4)
                  0.01    0.00    0.14 ^ _37_/A2 (NAND3_X2)
     1    2.88    0.01    0.02    0.16 v _37_/ZN (NAND3_X2)
                  0.01    0.00    0.16 v _39_/A (OAI21_X2)
     1    1.14    0.01    0.02    0.18 ^ _39_/ZN (OAI21_X2)
                  0.01    0.00    0.18 ^ _40_/D (DFF_X1)
                                  0.18   data arrival time

                  0.00    0.01    0.01   clock clk (rise edge)
                          0.00    0.01   clock network delay (ideal)
                          0.00    0.01   clock reconvergence pessimism
                                  0.01 ^ _40_/CK (DFF_X1)
                         -0.03   -0.02   library setup time
                                 -0.02   data required time
-----------------------------------------------------------------------------
                                 -0.02   data required time
                                 -0.18   data arrival time
-----------------------------------------------------------------------------
                                 -0.20   slack (VIOLATED)



==========================================================================
floorplan final report_power
--------------------------------------------------------------------------
Group                  Internal  Switching    Leakage      Total
                          Power      Power      Power      Power (Watts)
----------------------------------------------------------------
Sequential             3.94e-03   1.07e-04   4.63e-07   4.04e-03  85.6%
Combinational          3.58e-04   3.21e-04   6.52e-07   6.80e-04  14.4%
Clock                  0.00e+00   0.00e+00   0.00e+00   0.00e+00   0.0%
Macro                  0.00e+00   0.00e+00   0.00e+00   0.00e+00   0.0%
Pad                    0.00e+00   0.00e+00   0.00e+00   0.00e+00   0.0%
----------------------------------------------------------------
Total                  4.29e-03   4.28e-04   1.11e-06   4.72e-03 100.0%
                          90.9%       9.1%       0.0%

==========================================================================
floorplan final report_design_area
--------------------------------------------------------------------------
Design area 49 u^2 1% utilization.

