OpenROAD v2.0-22532-gac667f3cc7 
Features included (+) or not (-): +GPU +GUI +Python
This program is licensed under the BSD-3 license. See the LICENSE file for details.
Components of this program may be licensed under more restrictive licenses which must be honored.
[INFO ODB-0227] LEF file: /project/cad-team/LX_Semicon/kmcho/EoR/pdk/Nangate45/Nangate45_tech.lef, created 22 layers, 27 vias
[INFO ODB-0227] LEF file: /project/cad-team/LX_Semicon/kmcho/EoR/pdk/Nangate45/Nangate45_stdcell.lef, created 135 library cells
[INFO IFP-0001] Added 311 rows of 2294 site FreePDK45_38x28_10R_NP_162NW_34O.
Default units for flow
 time 1ns
 capacitance 1fF
 resistance 1kohm
 voltage 1v
 current 1mA
 power 1nW
 distance 1um

==========================================================================
floorplan final check_setup
--------------------------------------------------------------------------
Warning: There are 68 input ports missing set_input_delay.
Warning: There are 64 output ports missing set_output_delay.
Warning: There are 64 unconstrained endpoints.

==========================================================================
floorplan final report_tns
--------------------------------------------------------------------------
tns max -19.31

==========================================================================
floorplan final report_wns
--------------------------------------------------------------------------
wns max -0.36

==========================================================================
floorplan final report_worst_slack
--------------------------------------------------------------------------
worst slack max -0.36

==========================================================================
floorplan final report_checks -path_delay min
--------------------------------------------------------------------------
[WARNING STA-0168] unknown field nets.
Startpoint: _894_ (rising edge-triggered flip-flop clocked by clk)
Endpoint: _894_ (rising edge-triggered flip-flop clocked by clk)
Path Group: clk
Path Type: min

Fanout     Cap    Slew   Delay    Time   Description
-----------------------------------------------------------------------------
                  0.00    0.00    0.00   clock clk (rise edge)
                          0.00    0.00   clock network delay (ideal)
                  0.00    0.00    0.00 ^ _894_/CK (DFF_X1)
     3    3.38    0.01    0.09    0.09 ^ _894_/Q (DFF_X1)
                  0.01    0.00    0.09 ^ _527_/B2 (AOI21_X1)
     1    1.45    0.01    0.01    0.10 v _527_/ZN (AOI21_X1)
                  0.01    0.00    0.10 v _534_/B1 (AOI21_X1)
     1    1.14    0.01    0.02    0.13 ^ _534_/ZN (AOI21_X1)
                  0.01    0.00    0.13 ^ _894_/D (DFF_X1)
                                  0.13   data arrival time

                  0.00    0.00    0.00   clock clk (rise edge)
                          0.00    0.00   clock network delay (ideal)
                          0.00    0.00   clock reconvergence pessimism
                                  0.00 ^ _894_/CK (DFF_X1)
                          0.01    0.01   library hold time
                                  0.01   data required time
-----------------------------------------------------------------------------
                                  0.01   data required time
                                 -0.13   data arrival time
-----------------------------------------------------------------------------
                                  0.12   slack (MET)



==========================================================================
floorplan final report_checks -path_delay max
--------------------------------------------------------------------------
[WARNING STA-0168] unknown field nets.
Startpoint: _901_ (rising edge-triggered flip-flop clocked by clk)
Endpoint: _909_ (rising edge-triggered flip-flop clocked by clk)
Path Group: clk
Path Type: max

Fanout     Cap    Slew   Delay    Time   Description
-----------------------------------------------------------------------------
                  0.00    0.00    0.00   clock clk (rise edge)
                          0.00    0.00   clock network delay (ideal)
                  0.00    0.00    0.00 ^ _901_/CK (DFF_X1)
     2    0.88    0.01    0.08    0.08 v _901_/Q (DFF_X1)
                  0.01    0.00    0.08 v _514_/A (BUF_X1)
     5    6.21    0.01    0.03    0.11 v _514_/Z (BUF_X1)
                  0.01    0.00    0.11 v _637_/B (MUX2_X1)
     1    0.90    0.01    0.06    0.17 v _637_/Z (MUX2_X1)
                  0.01    0.00    0.17 v _638_/B (MUX2_X1)
     1    1.48    0.01    0.06    0.22 v _638_/Z (MUX2_X1)
                  0.01    0.00    0.22 v _639_/B (MUX2_X2)
     1    1.56    0.01    0.05    0.28 v _639_/Z (MUX2_X2)
                  0.01    0.00    0.28 v _640_/A (MUX2_X2)
     1    1.06    0.01    0.05    0.33 v _640_/Z (MUX2_X2)
                  0.01    0.00    0.33 v _909_/D (DFF_X1)
                                  0.33   data arrival time

                  0.00    0.01    0.01   clock clk (rise edge)
                          0.00    0.01   clock network delay (ideal)
                          0.00    0.01   clock reconvergence pessimism
                                  0.01 ^ _909_/CK (DFF_X1)
                         -0.04   -0.03   library setup time
                                 -0.03   data required time
-----------------------------------------------------------------------------
                                 -0.03   data required time
                                 -0.33   data arrival time
-----------------------------------------------------------------------------
                                 -0.36   slack (VIOLATED)



==========================================================================
floorplan final report_checks -unconstrained
--------------------------------------------------------------------------
[WARNING STA-0168] unknown field nets.
Startpoint: _901_ (rising edge-triggered flip-flop clocked by clk)
Endpoint: _909_ (rising edge-triggered flip-flop clocked by clk)
Path Group: clk
Path Type: max

Fanout     Cap    Slew   Delay    Time   Description
-----------------------------------------------------------------------------
                  0.00    0.00    0.00   clock clk (rise edge)
                          0.00    0.00   clock network delay (ideal)
                  0.00    0.00    0.00 ^ _901_/CK (DFF_X1)
     2    0.88    0.01    0.08    0.08 v _901_/Q (DFF_X1)
                  0.01    0.00    0.08 v _514_/A (BUF_X1)
     5    6.21    0.01    0.03    0.11 v _514_/Z (BUF_X1)
                  0.01    0.00    0.11 v _637_/B (MUX2_X1)
     1    0.90    0.01    0.06    0.17 v _637_/Z (MUX2_X1)
                  0.01    0.00    0.17 v _638_/B (MUX2_X1)
     1    1.48    0.01    0.06    0.22 v _638_/Z (MUX2_X1)
                  0.01    0.00    0.22 v _639_/B (MUX2_X2)
     1    1.56    0.01    0.05    0.28 v _639_/Z (MUX2_X2)
                  0.01    0.00    0.28 v _640_/A (MUX2_X2)
     1    1.06    0.01    0.05    0.33 v _640_/Z (MUX2_X2)
                  0.01    0.00    0.33 v _909_/D (DFF_X1)
                                  0.33   data arrival time

                  0.00    0.01    0.01   clock clk (rise edge)
                          0.00    0.01   clock network delay (ideal)
                          0.00    0.01   clock reconvergence pessimism
                                  0.01 ^ _909_/CK (DFF_X1)
                         -0.04   -0.03   library setup time
                                 -0.03   data required time
-----------------------------------------------------------------------------
                                 -0.03   data required time
                                 -0.33   data arrival time
-----------------------------------------------------------------------------
                                 -0.36   slack (VIOLATED)



==========================================================================
floorplan final report_power
--------------------------------------------------------------------------
Group                  Internal  Switching    Leakage      Total
                          Power      Power      Power      Power (Watts)
----------------------------------------------------------------
Sequential             3.91e-02   5.37e-03   5.06e-06   4.45e-02  46.2%
Combinational          3.79e-02   1.39e-02   1.66e-05   5.18e-02  53.8%
Clock                  0.00e+00   0.00e+00   0.00e+00   0.00e+00   0.0%
Macro                  0.00e+00   0.00e+00   0.00e+00   0.00e+00   0.0%
Pad                    0.00e+00   0.00e+00   0.00e+00   0.00e+00   0.0%
----------------------------------------------------------------
Total                  7.70e-02   1.93e-02   2.16e-05   9.63e-02 100.0%
                          80.0%      20.0%       0.0%

==========================================================================
floorplan final report_design_area
--------------------------------------------------------------------------
Design area 950 u^2 1% utilization.

