OpenROAD v2.0-22532-gac667f3cc7 
Features included (+) or not (-): +GPU +GUI +Python
This program is licensed under the BSD-3 license. See the LICENSE file for details.
Components of this program may be licensed under more restrictive licenses which must be honored.
[INFO ODB-0227] LEF file: /project/cad-team/LX_Semicon/kmcho/EoR/pdk/Nangate45/Nangate45_tech.lef, created 22 layers, 27 vias
[INFO ODB-0227] LEF file: /project/cad-team/LX_Semicon/kmcho/EoR/pdk/Nangate45/Nangate45_stdcell.lef, created 135 library cells
[INFO IFP-0001] Added 51 rows of 378 site FreePDK45_38x28_10R_NP_162NW_34O.
Default units for flow
 time 1ns
 capacitance 1fF
 resistance 1kohm
 voltage 1v
 current 1mA
 power 1nW
 distance 1um

==========================================================================
floorplan final check_setup
--------------------------------------------------------------------------
Warning: There is 1 input port missing set_input_delay.
Warning: There are 3 output ports missing set_output_delay.
Warning: There are 3 unconstrained endpoints.

==========================================================================
floorplan final report_tns
--------------------------------------------------------------------------
tns max -0.63

==========================================================================
floorplan final report_wns
--------------------------------------------------------------------------
wns max -0.23

==========================================================================
floorplan final report_worst_slack
--------------------------------------------------------------------------
worst slack max -0.23

==========================================================================
floorplan final report_checks -path_delay min
--------------------------------------------------------------------------
[WARNING STA-0168] unknown field nets.
Startpoint: _23_ (rising edge-triggered flip-flop clocked by clk)
Endpoint: _23_ (rising edge-triggered flip-flop clocked by clk)
Path Group: clk
Path Type: min

Fanout     Cap    Slew   Delay    Time   Description
-----------------------------------------------------------------------------
                  0.00    0.00    0.00   clock clk (rise edge)
                          0.00    0.00   clock network delay (ideal)
                  0.00    0.00    0.00 ^ _23_/CK (DFF_X1)
     2    4.61    0.02    0.07    0.07 v _23_/QN (DFF_X1)
                  0.02    0.00    0.07 v _14_/A (INV_X1)
     1    1.66    0.01    0.02    0.09 ^ _14_/ZN (INV_X1)
                  0.01    0.00    0.09 ^ _16_/B (AOI211_X1)
     1    1.06    0.01    0.01    0.10 v _16_/ZN (AOI211_X1)
                  0.01    0.00    0.10 v _23_/D (DFF_X1)
                                  0.10   data arrival time

                  0.00    0.00    0.00   clock clk (rise edge)
                          0.00    0.00   clock network delay (ideal)
                          0.00    0.00   clock reconvergence pessimism
                                  0.00 ^ _23_/CK (DFF_X1)
                          0.00    0.00   library hold time
                                  0.00   data required time
-----------------------------------------------------------------------------
                                  0.00   data required time
                                 -0.10   data arrival time
-----------------------------------------------------------------------------
                                  0.09   slack (MET)



==========================================================================
floorplan final report_checks -path_delay max
--------------------------------------------------------------------------
[WARNING STA-0168] unknown field nets.
Startpoint: _24_ (rising edge-triggered flip-flop clocked by clk)
Endpoint: _24_ (rising edge-triggered flip-flop clocked by clk)
Path Group: clk
Path Type: max

Fanout     Cap    Slew   Delay    Time   Description
-----------------------------------------------------------------------------
                  0.00    0.00    0.00   clock clk (rise edge)
                          0.00    0.00   clock network delay (ideal)
                  0.00    0.00    0.00 ^ _24_/CK (DFF_X1)
     3    6.68    0.01    0.09    0.09 v _24_/Q (DFF_X1)
                  0.01    0.00    0.09 v _21_/B (HA_X1)
     1    1.47    0.01    0.06    0.14 v _21_/S (HA_X1)
                  0.01    0.00    0.14 v _17_/B (AOI211_X1)
     1    1.14    0.03    0.06    0.20 ^ _17_/ZN (AOI211_X1)
                  0.03    0.00    0.20 ^ _24_/D (DFF_X1)
                                  0.20   data arrival time

                  0.00    0.01    0.01   clock clk (rise edge)
                          0.00    0.01   clock network delay (ideal)
                          0.00    0.01   clock reconvergence pessimism
                                  0.01 ^ _24_/CK (DFF_X1)
                         -0.04   -0.03   library setup time
                                 -0.03   data required time
-----------------------------------------------------------------------------
                                 -0.03   data required time
                                 -0.20   data arrival time
-----------------------------------------------------------------------------
                                 -0.23   slack (VIOLATED)



==========================================================================
floorplan final report_checks -unconstrained
--------------------------------------------------------------------------
[WARNING STA-0168] unknown field nets.
Startpoint: _24_ (rising edge-triggered flip-flop clocked by clk)
Endpoint: _24_ (rising edge-triggered flip-flop clocked by clk)
Path Group: clk
Path Type: max

Fanout     Cap    Slew   Delay    Time   Description
-----------------------------------------------------------------------------
                  0.00    0.00    0.00   clock clk (rise edge)
                          0.00    0.00   clock network delay (ideal)
                  0.00    0.00    0.00 ^ _24_/CK (DFF_X1)
     3    6.68    0.01    0.09    0.09 v _24_/Q (DFF_X1)
                  0.01    0.00    0.09 v _21_/B (HA_X1)
     1    1.47    0.01    0.06    0.14 v _21_/S (HA_X1)
                  0.01    0.00    0.14 v _17_/B (AOI211_X1)
     1    1.14    0.03    0.06    0.20 ^ _17_/ZN (AOI211_X1)
                  0.03    0.00    0.20 ^ _24_/D (DFF_X1)
                                  0.20   data arrival time

                  0.00    0.01    0.01   clock clk (rise edge)
                          0.00    0.01   clock network delay (ideal)
                          0.00    0.01   clock reconvergence pessimism
                                  0.01 ^ _24_/CK (DFF_X1)
                         -0.04   -0.03   library setup time
                                 -0.03   data required time
-----------------------------------------------------------------------------
                                 -0.03   data required time
                                 -0.20   data arrival time
-----------------------------------------------------------------------------
                                 -0.23   slack (VIOLATED)



==========================================================================
floorplan final report_power
--------------------------------------------------------------------------
Group                  Internal  Switching    Leakage      Total
                          Power      Power      Power      Power (Watts)
----------------------------------------------------------------
Sequential             2.65e-03   4.67e-04   2.36e-07   3.11e-03  65.5%
Combinational          1.15e-03   4.94e-04   2.68e-07   1.64e-03  34.5%
Clock                  0.00e+00   0.00e+00   0.00e+00   0.00e+00   0.0%
Macro                  0.00e+00   0.00e+00   0.00e+00   0.00e+00   0.0%
Pad                    0.00e+00   0.00e+00   0.00e+00   0.00e+00   0.0%
----------------------------------------------------------------
Total                  3.79e-03   9.61e-04   5.04e-07   4.75e-03 100.0%
                          79.8%      20.2%       0.0%

==========================================================================
floorplan final report_design_area
--------------------------------------------------------------------------
Design area 26 u^2 1% utilization.

