OpenROAD v2.0-22532-gac667f3cc7 
Features included (+) or not (-): +GPU +GUI +Python
This program is licensed under the BSD-3 license. See the LICENSE file for details.
Components of this program may be licensed under more restrictive licenses which must be honored.
[INFO ODB-0227] LEF file: /project/cad-team/LX_Semicon/kmcho/EoR/pdk/Nangate45/Nangate45_tech.lef, created 22 layers, 27 vias
[INFO ODB-0227] LEF file: /project/cad-team/LX_Semicon/kmcho/EoR/pdk/Nangate45/Nangate45_stdcell.lef, created 135 library cells
[INFO IFP-0001] Added 28 rows of 206 site FreePDK45_38x28_10R_NP_162NW_34O.
Default units for flow
 time 1ns
 capacitance 1fF
 resistance 1kohm
 voltage 1v
 current 1mA
 power 1nW
 distance 1um

==========================================================================
floorplan final check_setup
--------------------------------------------------------------------------
Warning: There is 1 input port missing set_input_delay.
Warning: There are 2 output ports missing set_output_delay.
Warning: There are 3 unconstrained endpoints.

==========================================================================
floorplan final report_tns
--------------------------------------------------------------------------
tns max -0.09

==========================================================================
floorplan final report_wns
--------------------------------------------------------------------------
wns max -0.09

==========================================================================
floorplan final report_worst_slack
--------------------------------------------------------------------------
worst slack max -0.09

==========================================================================
floorplan final report_checks -path_delay min
--------------------------------------------------------------------------
[WARNING STA-0168] unknown field nets.
Startpoint: _3_ (positive level-sensitive latch clocked by clk)
Endpoint: _4_ (rising edge-triggered flip-flop clocked by clk')
Path Group: clk
Path Type: min

Fanout     Cap    Slew   Delay    Time   Description
-----------------------------------------------------------------------------
                  0.00    0.01    0.01   clock clk (rise edge)
                          0.00    0.01   clock network delay (ideal)
                  0.00    0.00    0.01 ^ _3_/G (DLH_X1)
     2    1.14    0.01    0.05    0.06 ^ _3_/Q (DLH_X1)
                  0.01    0.00    0.06 ^ _4_/D (DFF_X1)
                                  0.06   data arrival time

                  0.00    0.01    0.01   clock clk' (rise edge)
                          0.00    0.01   clock network delay (ideal)
                          0.00    0.01   clock reconvergence pessimism
                                  0.01 ^ _4_/CK (DFF_X1)
                          0.01    0.01   library hold time
                                  0.01   data required time
-----------------------------------------------------------------------------
                                  0.01   data required time
                                 -0.06   data arrival time
-----------------------------------------------------------------------------
                                  0.05   slack (MET)



==========================================================================
floorplan final report_checks -path_delay max
--------------------------------------------------------------------------
[WARNING STA-0168] unknown field nets.
Startpoint: _3_ (positive level-sensitive latch clocked by clk)
Endpoint: _4_ (rising edge-triggered flip-flop clocked by clk')
Path Group: clk
Path Type: max

Fanout     Cap    Slew   Delay    Time   Description
-----------------------------------------------------------------------------
                  0.00    0.00    0.00   clock clk (rise edge)
                          0.00    0.00   clock network delay (ideal)
                  0.00    0.00    0.00 ^ _3_/G (DLH_X1)
     2    1.06    0.01    0.05    0.05 v _3_/Q (DLH_X1)
                  0.01    0.00    0.05 v _4_/D (DFF_X1)
                                  0.05   data arrival time

                  0.00    0.01    0.01   clock clk' (rise edge)
                          0.00    0.01   clock network delay (ideal)
                          0.00    0.01   clock reconvergence pessimism
                                  0.01 ^ _4_/CK (DFF_X1)
                         -0.04   -0.04   library setup time
                                 -0.04   data required time
-----------------------------------------------------------------------------
                                 -0.04   data required time
                                 -0.05   data arrival time
-----------------------------------------------------------------------------
                                 -0.09   slack (VIOLATED)



==========================================================================
floorplan final report_checks -unconstrained
--------------------------------------------------------------------------
[WARNING STA-0168] unknown field nets.
Startpoint: _3_ (positive level-sensitive latch clocked by clk)
Endpoint: _4_ (rising edge-triggered flip-flop clocked by clk')
Path Group: clk
Path Type: max

Fanout     Cap    Slew   Delay    Time   Description
-----------------------------------------------------------------------------
                  0.00    0.00    0.00   clock clk (rise edge)
                          0.00    0.00   clock network delay (ideal)
                  0.00    0.00    0.00 ^ _3_/G (DLH_X1)
     2    1.06    0.01    0.05    0.05 v _3_/Q (DLH_X1)
                  0.01    0.00    0.05 v _4_/D (DFF_X1)
                                  0.05   data arrival time

                  0.00    0.01    0.01   clock clk' (rise edge)
                          0.00    0.01   clock network delay (ideal)
                          0.00    0.01   clock reconvergence pessimism
                                  0.01 ^ _4_/CK (DFF_X1)
                         -0.04   -0.04   library setup time
                                 -0.04   data required time
-----------------------------------------------------------------------------
                                 -0.04   data required time
                                 -0.05   data arrival time
-----------------------------------------------------------------------------
                                 -0.09   slack (VIOLATED)



==========================================================================
floorplan final report_power
--------------------------------------------------------------------------
Group                  Internal  Switching    Leakage      Total
                          Power      Power      Power      Power (Watts)
----------------------------------------------------------------
Sequential             7.69e-04   6.90e-06   1.20e-07   7.76e-04  71.8%
Combinational          0.00e+00   0.00e+00   0.00e+00   0.00e+00   0.0%
Clock                  1.90e-04   1.15e-04   1.44e-08   3.04e-04  28.2%
Macro                  0.00e+00   0.00e+00   0.00e+00   0.00e+00   0.0%
Pad                    0.00e+00   0.00e+00   0.00e+00   0.00e+00   0.0%
----------------------------------------------------------------
Total                  9.59e-04   1.22e-04   1.34e-07   1.08e-03 100.0%
                          88.7%      11.3%       0.0%

==========================================================================
floorplan final report_design_area
--------------------------------------------------------------------------
Design area 8 u^2 1% utilization.

