OpenROAD v2.0-22532-gac667f3cc7 
Features included (+) or not (-): +GPU +GUI +Python
This program is licensed under the BSD-3 license. See the LICENSE file for details.
Components of this program may be licensed under more restrictive licenses which must be honored.
[INFO ODB-0227] LEF file: /project/cad-team/LX_Semicon/kmcho/EoR/pdk/Nangate45/Nangate45_tech.lef, created 22 layers, 27 vias
[INFO ODB-0227] LEF file: /project/cad-team/LX_Semicon/kmcho/EoR/pdk/Nangate45/Nangate45_stdcell.lef, created 135 library cells
[INFO IFP-0001] Added 105 rows of 774 site FreePDK45_38x28_10R_NP_162NW_34O.
Default units for flow
 time 1ns
 capacitance 1fF
 resistance 1kohm
 voltage 1v
 current 1mA
 power 1nW
 distance 1um

==========================================================================
floorplan final check_setup
--------------------------------------------------------------------------
Warning: There are 11 input ports missing set_input_delay.
Warning: There is 1 output port missing set_output_delay.
Warning: There is 1 unconstrained endpoint.

==========================================================================
floorplan final report_tns
--------------------------------------------------------------------------
tns max -3.58

==========================================================================
floorplan final report_wns
--------------------------------------------------------------------------
wns max -0.36

==========================================================================
floorplan final report_worst_slack
--------------------------------------------------------------------------
worst slack max -0.36

==========================================================================
floorplan final report_checks -path_delay min
--------------------------------------------------------------------------
[WARNING STA-0168] unknown field nets.
Startpoint: _105_ (rising edge-triggered flip-flop clocked by clk)
Endpoint: _105_ (rising edge-triggered flip-flop clocked by clk)
Path Group: clk
Path Type: min

Fanout     Cap    Slew   Delay    Time   Description
-----------------------------------------------------------------------------
                  0.00    0.00    0.00   clock clk (rise edge)
                          0.00    0.00   clock network delay (ideal)
                  0.00    0.00    0.00 ^ _105_/CK (DFF_X1)
     1    1.66    0.01    0.09    0.09 ^ _105_/Q (DFF_X1)
                  0.01    0.00    0.09 ^ _072_/C1 (AOI211_X1)
     1    1.06    0.01    0.01    0.10 v _072_/ZN (AOI211_X1)
                  0.01    0.00    0.10 v _105_/D (DFF_X1)
                                  0.10   data arrival time

                  0.00    0.00    0.00   clock clk (rise edge)
                          0.00    0.00   clock network delay (ideal)
                          0.00    0.00   clock reconvergence pessimism
                                  0.00 ^ _105_/CK (DFF_X1)
                          0.00    0.00   library hold time
                                  0.00   data required time
-----------------------------------------------------------------------------
                                  0.00   data required time
                                 -0.10   data arrival time
-----------------------------------------------------------------------------
                                  0.10   slack (MET)



==========================================================================
floorplan final report_checks -path_delay max
--------------------------------------------------------------------------
[WARNING STA-0168] unknown field nets.
Startpoint: _112_ (rising edge-triggered flip-flop clocked by clk)
Endpoint: _114_ (rising edge-triggered flip-flop clocked by clk)
Path Group: clk
Path Type: max

Fanout     Cap    Slew   Delay    Time   Description
-----------------------------------------------------------------------------
                  0.00    0.00    0.00   clock clk (rise edge)
                          0.00    0.00   clock network delay (ideal)
                  0.00    0.00    0.00 ^ _112_/CK (DFF_X1)
     2    3.63    0.01    0.08    0.08 v _112_/Q (DFF_X1)
                  0.01    0.00    0.08 v _060_/A3 (OR4_X2)
     3    8.34    0.02    0.11    0.19 v _060_/ZN (OR4_X2)
                  0.02    0.00    0.19 v _098_/A1 (NOR2_X1)
     1    3.45    0.02    0.04    0.23 ^ _098_/ZN (NOR2_X1)
                  0.02    0.00    0.23 ^ _104_/B (HA_X1)
     1    2.57    0.01    0.04    0.27 ^ _104_/CO (HA_X1)
                  0.01    0.00    0.27 ^ _095_/B (XNOR2_X1)
     1    1.66    0.02    0.04    0.31 ^ _095_/ZN (XNOR2_X1)
                  0.02    0.00    0.31 ^ _096_/C1 (AOI211_X1)
     1    1.06    0.02    0.02    0.32 v _096_/ZN (AOI211_X1)
                  0.02    0.00    0.32 v _114_/D (DFF_X1)
                                  0.32   data arrival time

                  0.00    0.01    0.01   clock clk (rise edge)
                          0.00    0.01   clock network delay (ideal)
                          0.00    0.01   clock reconvergence pessimism
                                  0.01 ^ _114_/CK (DFF_X1)
                         -0.04   -0.03   library setup time
                                 -0.03   data required time
-----------------------------------------------------------------------------
                                 -0.03   data required time
                                 -0.32   data arrival time
-----------------------------------------------------------------------------
                                 -0.36   slack (VIOLATED)



==========================================================================
floorplan final report_checks -unconstrained
--------------------------------------------------------------------------
[WARNING STA-0168] unknown field nets.
Startpoint: _112_ (rising edge-triggered flip-flop clocked by clk)
Endpoint: _114_ (rising edge-triggered flip-flop clocked by clk)
Path Group: clk
Path Type: max

Fanout     Cap    Slew   Delay    Time   Description
-----------------------------------------------------------------------------
                  0.00    0.00    0.00   clock clk (rise edge)
                          0.00    0.00   clock network delay (ideal)
                  0.00    0.00    0.00 ^ _112_/CK (DFF_X1)
     2    3.63    0.01    0.08    0.08 v _112_/Q (DFF_X1)
                  0.01    0.00    0.08 v _060_/A3 (OR4_X2)
     3    8.34    0.02    0.11    0.19 v _060_/ZN (OR4_X2)
                  0.02    0.00    0.19 v _098_/A1 (NOR2_X1)
     1    3.45    0.02    0.04    0.23 ^ _098_/ZN (NOR2_X1)
                  0.02    0.00    0.23 ^ _104_/B (HA_X1)
     1    2.57    0.01    0.04    0.27 ^ _104_/CO (HA_X1)
                  0.01    0.00    0.27 ^ _095_/B (XNOR2_X1)
     1    1.66    0.02    0.04    0.31 ^ _095_/ZN (XNOR2_X1)
                  0.02    0.00    0.31 ^ _096_/C1 (AOI211_X1)
     1    1.06    0.02    0.02    0.32 v _096_/ZN (AOI211_X1)
                  0.02    0.00    0.32 v _114_/D (DFF_X1)
                                  0.32   data arrival time

                  0.00    0.01    0.01   clock clk (rise edge)
                          0.00    0.01   clock network delay (ideal)
                          0.00    0.01   clock reconvergence pessimism
                                  0.01 ^ _114_/CK (DFF_X1)
                         -0.04   -0.03   library setup time
                                 -0.03   data required time
-----------------------------------------------------------------------------
                                 -0.03   data required time
                                 -0.32   data arrival time
-----------------------------------------------------------------------------
                                 -0.36   slack (VIOLATED)



==========================================================================
floorplan final report_power
--------------------------------------------------------------------------
Group                  Internal  Switching    Leakage      Total
                          Power      Power      Power      Power (Watts)
----------------------------------------------------------------
Sequential             5.80e-03   9.07e-04   7.89e-07   6.70e-03  67.9%
Combinational          2.04e-03   1.13e-03   1.59e-06   3.17e-03  32.1%
Clock                  0.00e+00   0.00e+00   0.00e+00   0.00e+00   0.0%
Macro                  0.00e+00   0.00e+00   0.00e+00   0.00e+00   0.0%
Pad                    0.00e+00   0.00e+00   0.00e+00   0.00e+00   0.0%
----------------------------------------------------------------
Total                  7.84e-03   2.03e-03   2.38e-06   9.87e-03 100.0%
                          79.4%      20.6%       0.0%

==========================================================================
floorplan final report_design_area
--------------------------------------------------------------------------
Design area 108 u^2 1% utilization.

