OpenROAD v2.0-22532-gac667f3cc7 
Features included (+) or not (-): +GPU +GUI +Python
This program is licensed under the BSD-3 license. See the LICENSE file for details.
Components of this program may be licensed under more restrictive licenses which must be honored.
[INFO ODB-0227] LEF file: /project/cad-team/LX_Semicon/kmcho/EoR/pdk/Nangate45/Nangate45_tech.lef, created 22 layers, 27 vias
[INFO ODB-0227] LEF file: /project/cad-team/LX_Semicon/kmcho/EoR/pdk/Nangate45/Nangate45_stdcell.lef, created 135 library cells
[INFO IFP-0001] Added 107 rows of 790 site FreePDK45_38x28_10R_NP_162NW_34O.
Default units for flow
 time 1ns
 capacitance 1fF
 resistance 1kohm
 voltage 1v
 current 1mA
 power 1nW
 distance 1um

==========================================================================
floorplan final check_setup
--------------------------------------------------------------------------
Warning: There are 11 input ports missing set_input_delay.
Warning: There is 1 output port missing set_output_delay.
Warning: There is 1 unconstrained endpoint.

==========================================================================
floorplan final report_tns
--------------------------------------------------------------------------
tns max -3.67

==========================================================================
floorplan final report_wns
--------------------------------------------------------------------------
wns max -0.44

==========================================================================
floorplan final report_worst_slack
--------------------------------------------------------------------------
worst slack max -0.44

==========================================================================
floorplan final report_checks -path_delay min
--------------------------------------------------------------------------
[WARNING STA-0168] unknown field nets.
Startpoint: _116_ (rising edge-triggered flip-flop clocked by clk)
Endpoint: _116_ (rising edge-triggered flip-flop clocked by clk)
Path Group: clk
Path Type: min

Fanout     Cap    Slew   Delay    Time   Description
-----------------------------------------------------------------------------
                  0.00    0.00    0.00   clock clk (rise edge)
                          0.00    0.00   clock network delay (ideal)
                  0.00    0.00    0.00 ^ _116_/CK (DFF_X1)
     2    3.88    0.01    0.09    0.09 ^ _116_/Q (DFF_X1)
                  0.01    0.00    0.09 ^ _091_/A (XOR2_X1)
     1    1.50    0.01    0.01    0.10 v _091_/Z (XOR2_X1)
                  0.01    0.00    0.10 v _092_/A2 (NAND2_X1)
     1    1.66    0.01    0.02    0.12 ^ _092_/ZN (NAND2_X1)
                  0.01    0.00    0.12 ^ _093_/B1 (OAI21_X1)
     1    1.06    0.01    0.01    0.13 v _093_/ZN (OAI21_X1)
                  0.01    0.00    0.13 v _116_/D (DFF_X1)
                                  0.13   data arrival time

                  0.00    0.00    0.00   clock clk (rise edge)
                          0.00    0.00   clock network delay (ideal)
                          0.00    0.00   clock reconvergence pessimism
                                  0.00 ^ _116_/CK (DFF_X1)
                          0.00    0.00   library hold time
                                  0.00   data required time
-----------------------------------------------------------------------------
                                  0.00   data required time
                                 -0.13   data arrival time
-----------------------------------------------------------------------------
                                  0.13   slack (MET)



==========================================================================
floorplan final report_checks -path_delay max
--------------------------------------------------------------------------
[WARNING STA-0168] unknown field nets.
Startpoint: _110_ (rising edge-triggered flip-flop clocked by clk)
Endpoint: _117_ (rising edge-triggered flip-flop clocked by clk)
Path Group: clk
Path Type: max

Fanout     Cap    Slew   Delay    Time   Description
-----------------------------------------------------------------------------
                  0.00    0.00    0.00   clock clk (rise edge)
                          0.00    0.00   clock network delay (ideal)
                  0.00    0.00    0.00 ^ _110_/CK (DFF_X1)
     2    4.39    0.02    0.07    0.07 ^ _110_/QN (DFF_X1)
                  0.02    0.00    0.07 ^ _105_/B (HA_X1)
     3   10.72    0.03    0.06    0.13 ^ _105_/CO (HA_X1)
                  0.03    0.00    0.13 ^ _106_/B (HA_X1)
     3    6.74    0.02    0.05    0.18 ^ _106_/CO (HA_X1)
                  0.02    0.00    0.18 ^ _067_/A (INV_X1)
     1    1.55    0.01    0.01    0.18 v _067_/ZN (INV_X1)
                  0.01    0.00    0.18 v _068_/A3 (NOR3_X1)
     2    4.42    0.05    0.07    0.25 ^ _068_/ZN (NOR3_X1)
                  0.05    0.00    0.25 ^ _069_/A2 (AND2_X1)
     1    3.45    0.01    0.05    0.30 ^ _069_/ZN (AND2_X1)
                  0.01    0.00    0.30 ^ _109_/B (HA_X1)
     1    1.65    0.02    0.05    0.34 ^ _109_/S (HA_X1)
                  0.02    0.00    0.34 ^ _094_/A2 (NOR2_X1)
     1    1.52    0.01    0.01    0.36 v _094_/ZN (NOR2_X1)
                  0.01    0.00    0.36 v _095_/B2 (AOI22_X1)
     1    1.70    0.02    0.05    0.40 ^ _095_/ZN (AOI22_X1)
                  0.02    0.00    0.40 ^ _096_/A (INV_X1)
     1    1.06    0.01    0.01    0.41 v _096_/ZN (INV_X1)
                  0.01    0.00    0.41 v _117_/D (DFF_X1)
                                  0.41   data arrival time

                  0.00    0.01    0.01   clock clk (rise edge)
                          0.00    0.01   clock network delay (ideal)
                          0.00    0.01   clock reconvergence pessimism
                                  0.01 ^ _117_/CK (DFF_X1)
                         -0.04   -0.03   library setup time
                                 -0.03   data required time
-----------------------------------------------------------------------------
                                 -0.03   data required time
                                 -0.41   data arrival time
-----------------------------------------------------------------------------
                                 -0.44   slack (VIOLATED)



==========================================================================
floorplan final report_checks -unconstrained
--------------------------------------------------------------------------
[WARNING STA-0168] unknown field nets.
Startpoint: _110_ (rising edge-triggered flip-flop clocked by clk)
Endpoint: _117_ (rising edge-triggered flip-flop clocked by clk)
Path Group: clk
Path Type: max

Fanout     Cap    Slew   Delay    Time   Description
-----------------------------------------------------------------------------
                  0.00    0.00    0.00   clock clk (rise edge)
                          0.00    0.00   clock network delay (ideal)
                  0.00    0.00    0.00 ^ _110_/CK (DFF_X1)
     2    4.39    0.02    0.07    0.07 ^ _110_/QN (DFF_X1)
                  0.02    0.00    0.07 ^ _105_/B (HA_X1)
     3   10.72    0.03    0.06    0.13 ^ _105_/CO (HA_X1)
                  0.03    0.00    0.13 ^ _106_/B (HA_X1)
     3    6.74    0.02    0.05    0.18 ^ _106_/CO (HA_X1)
                  0.02    0.00    0.18 ^ _067_/A (INV_X1)
     1    1.55    0.01    0.01    0.18 v _067_/ZN (INV_X1)
                  0.01    0.00    0.18 v _068_/A3 (NOR3_X1)
     2    4.42    0.05    0.07    0.25 ^ _068_/ZN (NOR3_X1)
                  0.05    0.00    0.25 ^ _069_/A2 (AND2_X1)
     1    3.45    0.01    0.05    0.30 ^ _069_/ZN (AND2_X1)
                  0.01    0.00    0.30 ^ _109_/B (HA_X1)
     1    1.65    0.02    0.05    0.34 ^ _109_/S (HA_X1)
                  0.02    0.00    0.34 ^ _094_/A2 (NOR2_X1)
     1    1.52    0.01    0.01    0.36 v _094_/ZN (NOR2_X1)
                  0.01    0.00    0.36 v _095_/B2 (AOI22_X1)
     1    1.70    0.02    0.05    0.40 ^ _095_/ZN (AOI22_X1)
                  0.02    0.00    0.40 ^ _096_/A (INV_X1)
     1    1.06    0.01    0.01    0.41 v _096_/ZN (INV_X1)
                  0.01    0.00    0.41 v _117_/D (DFF_X1)
                                  0.41   data arrival time

                  0.00    0.01    0.01   clock clk (rise edge)
                          0.00    0.01   clock network delay (ideal)
                          0.00    0.01   clock reconvergence pessimism
                                  0.01 ^ _117_/CK (DFF_X1)
                         -0.04   -0.03   library setup time
                                 -0.03   data required time
-----------------------------------------------------------------------------
                                 -0.03   data required time
                                 -0.41   data arrival time
-----------------------------------------------------------------------------
                                 -0.44   slack (VIOLATED)



==========================================================================
floorplan final report_power
--------------------------------------------------------------------------
Group                  Internal  Switching    Leakage      Total
                          Power      Power      Power      Power (Watts)
----------------------------------------------------------------
Sequential             6.33e-03   1.12e-03   7.92e-07   7.46e-03  56.2%
Combinational          3.65e-03   2.15e-03   1.43e-06   5.80e-03  43.8%
Clock                  0.00e+00   0.00e+00   0.00e+00   0.00e+00   0.0%
Macro                  0.00e+00   0.00e+00   0.00e+00   0.00e+00   0.0%
Pad                    0.00e+00   0.00e+00   0.00e+00   0.00e+00   0.0%
----------------------------------------------------------------
Total                  9.98e-03   3.28e-03   2.22e-06   1.33e-02 100.0%
                          75.3%      24.7%       0.0%

==========================================================================
floorplan final report_design_area
--------------------------------------------------------------------------
Design area 113 u^2 1% utilization.

