OpenROAD v2.0-22532-gac667f3cc7 
Features included (+) or not (-): +GPU +GUI +Python
This program is licensed under the BSD-3 license. See the LICENSE file for details.
Components of this program may be licensed under more restrictive licenses which must be honored.
[INFO ODB-0227] LEF file: /project/cad-team/LX_Semicon/kmcho/EoR/pdk/Nangate45/Nangate45_tech.lef, created 22 layers, 27 vias
[INFO ODB-0227] LEF file: /project/cad-team/LX_Semicon/kmcho/EoR/pdk/Nangate45/Nangate45_stdcell.lef, created 135 library cells
[INFO IFP-0001] Added 104 rows of 768 site FreePDK45_38x28_10R_NP_162NW_34O.
Default units for flow
 time 1ns
 capacitance 1fF
 resistance 1kohm
 voltage 1v
 current 1mA
 power 1nW
 distance 1um

==========================================================================
floorplan final check_setup
--------------------------------------------------------------------------
Warning: There are 11 input ports missing set_input_delay.
Warning: There is 1 output port missing set_output_delay.
Warning: There is 1 unconstrained endpoint.

==========================================================================
floorplan final report_tns
--------------------------------------------------------------------------
tns max -3.62

==========================================================================
floorplan final report_wns
--------------------------------------------------------------------------
wns max -0.36

==========================================================================
floorplan final report_worst_slack
--------------------------------------------------------------------------
worst slack max -0.36

==========================================================================
floorplan final report_checks -path_delay min
--------------------------------------------------------------------------
[WARNING STA-0168] unknown field nets.
Startpoint: _095_ (rising edge-triggered flip-flop clocked by clk)
Endpoint: _095_ (rising edge-triggered flip-flop clocked by clk)
Path Group: clk
Path Type: min

Fanout     Cap    Slew   Delay    Time   Description
-----------------------------------------------------------------------------
                  0.00    0.00    0.00   clock clk (rise edge)
                          0.00    0.00   clock network delay (ideal)
                  0.00    0.00    0.00 ^ _095_/CK (DFF_X1)
     1    1.66    0.01    0.09    0.09 ^ _095_/Q (DFF_X1)
                  0.01    0.00    0.09 ^ _062_/C1 (AOI211_X1)
     1    1.06    0.01    0.01    0.10 v _062_/ZN (AOI211_X1)
                  0.01    0.00    0.10 v _095_/D (DFF_X1)
                                  0.10   data arrival time

                  0.00    0.00    0.00   clock clk (rise edge)
                          0.00    0.00   clock network delay (ideal)
                          0.00    0.00   clock reconvergence pessimism
                                  0.00 ^ _095_/CK (DFF_X1)
                          0.00    0.00   library hold time
                                  0.00   data required time
-----------------------------------------------------------------------------
                                  0.00   data required time
                                 -0.10   data arrival time
-----------------------------------------------------------------------------
                                  0.10   slack (MET)



==========================================================================
floorplan final report_checks -path_delay max
--------------------------------------------------------------------------
[WARNING STA-0168] unknown field nets.
Startpoint: _102_ (rising edge-triggered flip-flop clocked by clk)
Endpoint: _104_ (rising edge-triggered flip-flop clocked by clk)
Path Group: clk
Path Type: max

Fanout     Cap    Slew   Delay    Time   Description
-----------------------------------------------------------------------------
                  0.00    0.00    0.00   clock clk (rise edge)
                          0.00    0.00   clock network delay (ideal)
                  0.00    0.00    0.00 ^ _102_/CK (DFF_X1)
     2    3.71    0.01    0.08    0.08 v _102_/Q (DFF_X1)
                  0.01    0.00    0.08 v _050_/A4 (OR4_X2)
     3    8.34    0.02    0.12    0.20 v _050_/ZN (OR4_X2)
                  0.02    0.00    0.20 v _088_/A1 (NOR2_X1)
     1    3.45    0.02    0.04    0.24 ^ _088_/ZN (NOR2_X1)
                  0.02    0.00    0.24 ^ _094_/B (HA_X1)
     1    2.57    0.01    0.04    0.27 ^ _094_/CO (HA_X1)
                  0.01    0.00    0.27 ^ _085_/B (XNOR2_X1)
     1    1.66    0.02    0.04    0.31 ^ _085_/ZN (XNOR2_X1)
                  0.02    0.00    0.31 ^ _086_/C1 (AOI211_X1)
     1    1.06    0.02    0.02    0.33 v _086_/ZN (AOI211_X1)
                  0.02    0.00    0.33 v _104_/D (DFF_X1)
                                  0.33   data arrival time

                  0.00    0.01    0.01   clock clk (rise edge)
                          0.00    0.01   clock network delay (ideal)
                          0.00    0.01   clock reconvergence pessimism
                                  0.01 ^ _104_/CK (DFF_X1)
                         -0.04   -0.03   library setup time
                                 -0.03   data required time
-----------------------------------------------------------------------------
                                 -0.03   data required time
                                 -0.33   data arrival time
-----------------------------------------------------------------------------
                                 -0.36   slack (VIOLATED)



==========================================================================
floorplan final report_checks -unconstrained
--------------------------------------------------------------------------
[WARNING STA-0168] unknown field nets.
Startpoint: _102_ (rising edge-triggered flip-flop clocked by clk)
Endpoint: _104_ (rising edge-triggered flip-flop clocked by clk)
Path Group: clk
Path Type: max

Fanout     Cap    Slew   Delay    Time   Description
-----------------------------------------------------------------------------
                  0.00    0.00    0.00   clock clk (rise edge)
                          0.00    0.00   clock network delay (ideal)
                  0.00    0.00    0.00 ^ _102_/CK (DFF_X1)
     2    3.71    0.01    0.08    0.08 v _102_/Q (DFF_X1)
                  0.01    0.00    0.08 v _050_/A4 (OR4_X2)
     3    8.34    0.02    0.12    0.20 v _050_/ZN (OR4_X2)
                  0.02    0.00    0.20 v _088_/A1 (NOR2_X1)
     1    3.45    0.02    0.04    0.24 ^ _088_/ZN (NOR2_X1)
                  0.02    0.00    0.24 ^ _094_/B (HA_X1)
     1    2.57    0.01    0.04    0.27 ^ _094_/CO (HA_X1)
                  0.01    0.00    0.27 ^ _085_/B (XNOR2_X1)
     1    1.66    0.02    0.04    0.31 ^ _085_/ZN (XNOR2_X1)
                  0.02    0.00    0.31 ^ _086_/C1 (AOI211_X1)
     1    1.06    0.02    0.02    0.33 v _086_/ZN (AOI211_X1)
                  0.02    0.00    0.33 v _104_/D (DFF_X1)
                                  0.33   data arrival time

                  0.00    0.01    0.01   clock clk (rise edge)
                          0.00    0.01   clock network delay (ideal)
                          0.00    0.01   clock reconvergence pessimism
                                  0.01 ^ _104_/CK (DFF_X1)
                         -0.04   -0.03   library setup time
                                 -0.03   data required time
-----------------------------------------------------------------------------
                                 -0.03   data required time
                                 -0.33   data arrival time
-----------------------------------------------------------------------------
                                 -0.36   slack (VIOLATED)



==========================================================================
floorplan final report_power
--------------------------------------------------------------------------
Group                  Internal  Switching    Leakage      Total
                          Power      Power      Power      Power (Watts)
----------------------------------------------------------------
Sequential             5.79e-03   8.08e-04   7.89e-07   6.60e-03  67.8%
Combinational          2.01e-03   1.13e-03   1.53e-06   3.14e-03  32.2%
Clock                  0.00e+00   0.00e+00   0.00e+00   0.00e+00   0.0%
Macro                  0.00e+00   0.00e+00   0.00e+00   0.00e+00   0.0%
Pad                    0.00e+00   0.00e+00   0.00e+00   0.00e+00   0.0%
----------------------------------------------------------------
Total                  7.80e-03   1.94e-03   2.32e-06   9.74e-03 100.0%
                          80.1%      19.9%       0.0%

==========================================================================
floorplan final report_design_area
--------------------------------------------------------------------------
Design area 107 u^2 1% utilization.

