OpenROAD v2.0-22532-gac667f3cc7 
Features included (+) or not (-): +GPU +GUI +Python
This program is licensed under the BSD-3 license. See the LICENSE file for details.
Components of this program may be licensed under more restrictive licenses which must be honored.
[INFO ODB-0227] LEF file: /project/cad-team/LX_Semicon/kmcho/EoR/pdk/Nangate45/Nangate45_tech.lef, created 22 layers, 27 vias
[INFO ODB-0227] LEF file: /project/cad-team/LX_Semicon/kmcho/EoR/pdk/Nangate45/Nangate45_stdcell.lef, created 135 library cells
[INFO IFP-0001] Added 50 rows of 374 site FreePDK45_38x28_10R_NP_162NW_34O.
Default units for flow
 time 1ns
 capacitance 1fF
 resistance 1kohm
 voltage 1v
 current 1mA
 power 1nW
 distance 1um

==========================================================================
floorplan final check_setup
--------------------------------------------------------------------------
Warning: There are 2 input ports missing set_input_delay.
Warning: There is 1 output port missing set_output_delay.
Warning: There is 1 unconstrained endpoint.

==========================================================================
floorplan final report_tns
--------------------------------------------------------------------------
tns max -0.43

==========================================================================
floorplan final report_wns
--------------------------------------------------------------------------
wns max -0.22

==========================================================================
floorplan final report_worst_slack
--------------------------------------------------------------------------
worst slack max -0.22

==========================================================================
floorplan final report_checks -path_delay min
--------------------------------------------------------------------------
[WARNING STA-0168] unknown field nets.
Startpoint: _20_ (rising edge-triggered flip-flop clocked by clk)
Endpoint: _21_ (rising edge-triggered flip-flop clocked by clk)
Path Group: clk
Path Type: min

Fanout     Cap    Slew   Delay    Time   Description
-----------------------------------------------------------------------------
                  0.00    0.00    0.00   clock clk (rise edge)
                          0.00    0.00   clock network delay (ideal)
                  0.00    0.00    0.00 ^ _20_/CK (DFFS_X1)
     2    6.37    0.02    0.08    0.08 ^ _20_/QN (DFFS_X1)
                  0.02    0.00    0.08 ^ _17_/A (HA_X1)
     1    1.41    0.01    0.02    0.09 v _17_/S (HA_X1)
                  0.01    0.00    0.09 v _15_/A1 (NOR2_X1)
     1    1.13    0.01    0.02    0.11 ^ _15_/ZN (NOR2_X1)
                  0.01    0.00    0.11 ^ _21_/D (DFFR_X1)
                                  0.11   data arrival time

                  0.00    0.00    0.00   clock clk (rise edge)
                          0.00    0.00   clock network delay (ideal)
                          0.00    0.00   clock reconvergence pessimism
                                  0.00 ^ _21_/CK (DFFR_X1)
                          0.01    0.01   library hold time
                                  0.01   data required time
-----------------------------------------------------------------------------
                                  0.01   data required time
                                 -0.11   data arrival time
-----------------------------------------------------------------------------
                                  0.11   slack (MET)



==========================================================================
floorplan final report_checks -path_delay max
--------------------------------------------------------------------------
[WARNING STA-0168] unknown field nets.
Startpoint: _20_ (rising edge-triggered flip-flop clocked by clk)
Endpoint: _20_ (rising edge-triggered flip-flop clocked by clk)
Path Group: clk
Path Type: max

Fanout     Cap    Slew   Delay    Time   Description
-----------------------------------------------------------------------------
                  0.00    0.00    0.00   clock clk (rise edge)
                          0.00    0.00   clock network delay (ideal)
                  0.00    0.00    0.00 ^ _20_/CK (DFFS_X1)
     1    3.19    0.01    0.09    0.09 ^ _20_/Q (DFFS_X1)
                  0.01    0.00    0.09 ^ _19_/A (HA_X1)
     3    4.51    0.01    0.04    0.13 ^ _19_/CO (HA_X1)
                  0.01    0.00    0.13 ^ _12_/S (MUX2_X1)
     1    1.55    0.01    0.06    0.19 v _12_/Z (MUX2_X1)
                  0.01    0.00    0.19 v _13_/A (INV_X1)
     1    1.16    0.01    0.01    0.20 ^ _13_/ZN (INV_X1)
                  0.01    0.00    0.20 ^ _20_/D (DFFS_X1)
                                  0.20   data arrival time

                  0.00    0.01    0.01   clock clk (rise edge)
                          0.00    0.01   clock network delay (ideal)
                          0.00    0.01   clock reconvergence pessimism
                                  0.01 ^ _20_/CK (DFFS_X1)
                         -0.03   -0.02   library setup time
                                 -0.02   data required time
-----------------------------------------------------------------------------
                                 -0.02   data required time
                                 -0.20   data arrival time
-----------------------------------------------------------------------------
                                 -0.22   slack (VIOLATED)



==========================================================================
floorplan final report_checks -unconstrained
--------------------------------------------------------------------------
[WARNING STA-0168] unknown field nets.
Startpoint: _20_ (rising edge-triggered flip-flop clocked by clk)
Endpoint: _20_ (rising edge-triggered flip-flop clocked by clk)
Path Group: clk
Path Type: max

Fanout     Cap    Slew   Delay    Time   Description
-----------------------------------------------------------------------------
                  0.00    0.00    0.00   clock clk (rise edge)
                          0.00    0.00   clock network delay (ideal)
                  0.00    0.00    0.00 ^ _20_/CK (DFFS_X1)
     1    3.19    0.01    0.09    0.09 ^ _20_/Q (DFFS_X1)
                  0.01    0.00    0.09 ^ _19_/A (HA_X1)
     3    4.51    0.01    0.04    0.13 ^ _19_/CO (HA_X1)
                  0.01    0.00    0.13 ^ _12_/S (MUX2_X1)
     1    1.55    0.01    0.06    0.19 v _12_/Z (MUX2_X1)
                  0.01    0.00    0.19 v _13_/A (INV_X1)
     1    1.16    0.01    0.01    0.20 ^ _13_/ZN (INV_X1)
                  0.01    0.00    0.20 ^ _20_/D (DFFS_X1)
                                  0.20   data arrival time

                  0.00    0.01    0.01   clock clk (rise edge)
                          0.00    0.01   clock network delay (ideal)
                          0.00    0.01   clock reconvergence pessimism
                                  0.01 ^ _20_/CK (DFFS_X1)
                         -0.03   -0.02   library setup time
                                 -0.02   data required time
-----------------------------------------------------------------------------
                                 -0.02   data required time
                                 -0.20   data arrival time
-----------------------------------------------------------------------------
                                 -0.22   slack (VIOLATED)



==========================================================================
floorplan final report_power
--------------------------------------------------------------------------
Group                  Internal  Switching    Leakage      Total
                          Power      Power      Power      Power (Watts)
----------------------------------------------------------------
Sequential             2.30e-03   7.32e-04   1.66e-07   3.03e-03  53.1%
Combinational          2.05e-03   6.27e-04   3.17e-07   2.67e-03  46.9%
Clock                  0.00e+00   0.00e+00   0.00e+00   0.00e+00   0.0%
Macro                  0.00e+00   0.00e+00   0.00e+00   0.00e+00   0.0%
Pad                    0.00e+00   0.00e+00   0.00e+00   0.00e+00   0.0%
----------------------------------------------------------------
Total                  4.34e-03   1.36e-03   4.83e-07   5.70e-03 100.0%
                          76.2%      23.8%       0.0%

==========================================================================
floorplan final report_design_area
--------------------------------------------------------------------------
Design area 25 u^2 1% utilization.

