OpenROAD v2.0-22532-gac667f3cc7 
Features included (+) or not (-): +GPU +GUI +Python
This program is licensed under the BSD-3 license. See the LICENSE file for details.
Components of this program may be licensed under more restrictive licenses which must be honored.
[INFO ODB-0227] LEF file: /project/cad-team/LX_Semicon/kmcho/EoR/pdk/Nangate45/Nangate45_tech.lef, created 22 layers, 27 vias
[INFO ODB-0227] LEF file: /project/cad-team/LX_Semicon/kmcho/EoR/pdk/Nangate45/Nangate45_stdcell.lef, created 135 library cells
[INFO IFP-0001] Added 43 rows of 321 site FreePDK45_38x28_10R_NP_162NW_34O.
Default units for flow
 time 1ns
 capacitance 1fF
 resistance 1kohm
 voltage 1v
 current 1mA
 power 1nW
 distance 1um

==========================================================================
floorplan final check_setup
--------------------------------------------------------------------------
Warning: There are 2 input ports missing set_input_delay.
Warning: There is 1 output port missing set_output_delay.
Warning: There is 1 unconstrained endpoint.

==========================================================================
floorplan final report_tns
--------------------------------------------------------------------------
tns max -0.33

==========================================================================
floorplan final report_wns
--------------------------------------------------------------------------
wns max -0.17

==========================================================================
floorplan final report_worst_slack
--------------------------------------------------------------------------
worst slack max -0.17

==========================================================================
floorplan final report_checks -path_delay min
--------------------------------------------------------------------------
[WARNING STA-0168] unknown field nets.
Startpoint: _17_ (rising edge-triggered flip-flop clocked by clk)
Endpoint: _18_ (rising edge-triggered flip-flop clocked by clk)
Path Group: clk
Path Type: min

Fanout     Cap    Slew   Delay    Time   Description
-----------------------------------------------------------------------------
                  0.00    0.00    0.00   clock clk (rise edge)
                          0.00    0.00   clock network delay (ideal)
                  0.00    0.00    0.00 ^ _17_/CK (DFFR_X1)
     1    1.66    0.01    0.06    0.06 ^ _17_/QN (DFFR_X1)
                  0.01    0.00    0.06 ^ _13_/A2 (NAND2_X1)
     1    1.52    0.01    0.01    0.08 v _13_/ZN (NAND2_X1)
                  0.01    0.00    0.08 v _14_/A (OAI21_X1)
     1    1.16    0.01    0.02    0.09 ^ _14_/ZN (OAI21_X1)
                  0.01    0.00    0.09 ^ _18_/D (DFFS_X1)
                                  0.09   data arrival time

                  0.00    0.00    0.00   clock clk (rise edge)
                          0.00    0.00   clock network delay (ideal)
                          0.00    0.00   clock reconvergence pessimism
                                  0.00 ^ _18_/CK (DFFS_X1)
                          0.01    0.01   library hold time
                                  0.01   data required time
-----------------------------------------------------------------------------
                                  0.01   data required time
                                 -0.09   data arrival time
-----------------------------------------------------------------------------
                                  0.09   slack (MET)



==========================================================================
floorplan final report_checks -path_delay max
--------------------------------------------------------------------------
[WARNING STA-0168] unknown field nets.
Startpoint: _18_ (rising edge-triggered flip-flop clocked by clk)
Endpoint: _17_ (rising edge-triggered flip-flop clocked by clk)
Path Group: clk
Path Type: max

Fanout     Cap    Slew   Delay    Time   Description
-----------------------------------------------------------------------------
                  0.00    0.00    0.00   clock clk (rise edge)
                          0.00    0.00   clock network delay (ideal)
                  0.00    0.00    0.00 ^ _18_/CK (DFFS_X1)
     2    4.92    0.01    0.09    0.09 ^ _18_/Q (DFFS_X1)
                  0.01    0.00    0.09 ^ _10_/A (INV_X2)
     3    6.13    0.01    0.01    0.11 v _10_/ZN (INV_X2)
                  0.01    0.00    0.11 v _11_/A2 (NAND2_X2)
     2    4.76    0.01    0.02    0.12 ^ _11_/ZN (NAND2_X2)
                  0.01    0.00    0.12 ^ _16_/A2 (NAND2_X1)
     1    1.05    0.01    0.01    0.14 v _16_/ZN (NAND2_X1)
                  0.01    0.00    0.14 v _17_/D (DFFR_X1)
                                  0.14   data arrival time

                  0.00    0.01    0.01   clock clk (rise edge)
                          0.00    0.01   clock network delay (ideal)
                          0.00    0.01   clock reconvergence pessimism
                                  0.01 ^ _17_/CK (DFFR_X1)
                         -0.04   -0.03   library setup time
                                 -0.03   data required time
-----------------------------------------------------------------------------
                                 -0.03   data required time
                                 -0.14   data arrival time
-----------------------------------------------------------------------------
                                 -0.17   slack (VIOLATED)



==========================================================================
floorplan final report_checks -unconstrained
--------------------------------------------------------------------------
[WARNING STA-0168] unknown field nets.
Startpoint: _18_ (rising edge-triggered flip-flop clocked by clk)
Endpoint: _17_ (rising edge-triggered flip-flop clocked by clk)
Path Group: clk
Path Type: max

Fanout     Cap    Slew   Delay    Time   Description
-----------------------------------------------------------------------------
                  0.00    0.00    0.00   clock clk (rise edge)
                          0.00    0.00   clock network delay (ideal)
                  0.00    0.00    0.00 ^ _18_/CK (DFFS_X1)
     2    4.92    0.01    0.09    0.09 ^ _18_/Q (DFFS_X1)
                  0.01    0.00    0.09 ^ _10_/A (INV_X2)
     3    6.13    0.01    0.01    0.11 v _10_/ZN (INV_X2)
                  0.01    0.00    0.11 v _11_/A2 (NAND2_X2)
     2    4.76    0.01    0.02    0.12 ^ _11_/ZN (NAND2_X2)
                  0.01    0.00    0.12 ^ _16_/A2 (NAND2_X1)
     1    1.05    0.01    0.01    0.14 v _16_/ZN (NAND2_X1)
                  0.01    0.00    0.14 v _17_/D (DFFR_X1)
                                  0.14   data arrival time

                  0.00    0.01    0.01   clock clk (rise edge)
                          0.00    0.01   clock network delay (ideal)
                          0.00    0.01   clock reconvergence pessimism
                                  0.01 ^ _17_/CK (DFFR_X1)
                         -0.04   -0.03   library setup time
                                 -0.03   data required time
-----------------------------------------------------------------------------
                                 -0.03   data required time
                                 -0.14   data arrival time
-----------------------------------------------------------------------------
                                 -0.17   slack (VIOLATED)



==========================================================================
floorplan final report_power
--------------------------------------------------------------------------
Group                  Internal  Switching    Leakage      Total
                          Power      Power      Power      Power (Watts)
----------------------------------------------------------------
Sequential             2.56e-03   5.20e-04   1.70e-07   3.08e-03  58.2%
Combinational          1.24e-03   9.77e-04   2.37e-07   2.21e-03  41.8%
Clock                  0.00e+00   0.00e+00   0.00e+00   0.00e+00   0.0%
Macro                  0.00e+00   0.00e+00   0.00e+00   0.00e+00   0.0%
Pad                    0.00e+00   0.00e+00   0.00e+00   0.00e+00   0.0%
----------------------------------------------------------------
Total                  3.80e-03   1.50e-03   4.07e-07   5.29e-03 100.0%
                          71.7%      28.3%       0.0%

==========================================================================
floorplan final report_design_area
--------------------------------------------------------------------------
Design area 19 u^2 1% utilization.

