OpenROAD v2.0-22532-gac667f3cc7 
Features included (+) or not (-): +GPU +GUI +Python
This program is licensed under the BSD-3 license. See the LICENSE file for details.
Components of this program may be licensed under more restrictive licenses which must be honored.
[INFO ODB-0227] LEF file: /project/cad-team/LX_Semicon/kmcho/EoR/pdk/Nangate45/Nangate45_tech.lef, created 22 layers, 27 vias
[INFO ODB-0227] LEF file: /project/cad-team/LX_Semicon/kmcho/EoR/pdk/Nangate45/Nangate45_stdcell.lef, created 135 library cells
[INFO IFP-0001] Added 68 rows of 507 site FreePDK45_38x28_10R_NP_162NW_34O.
Default units for flow
 time 1ns
 capacitance 1fF
 resistance 1kohm
 voltage 1v
 current 1mA
 power 1nW
 distance 1um

==========================================================================
floorplan final check_setup
--------------------------------------------------------------------------
Warning: There are 2 input ports missing set_input_delay.
Warning: There are 4 output ports missing set_output_delay.
Warning: There are 4 unconstrained endpoints.

==========================================================================
floorplan final report_tns
--------------------------------------------------------------------------
tns max -0.91

==========================================================================
floorplan final report_wns
--------------------------------------------------------------------------
wns max -0.29

==========================================================================
floorplan final report_worst_slack
--------------------------------------------------------------------------
worst slack max -0.29

==========================================================================
floorplan final report_checks -path_delay min
--------------------------------------------------------------------------
[WARNING STA-0168] unknown field nets.
Startpoint: _49_ (rising edge-triggered flip-flop clocked by clk)
Endpoint: _50_ (rising edge-triggered flip-flop clocked by clk)
Path Group: clk
Path Type: min

Fanout     Cap    Slew   Delay    Time   Description
-----------------------------------------------------------------------------
                  0.00    0.00    0.00   clock clk (rise edge)
                          0.00    0.00   clock network delay (ideal)
                  0.00    0.00    0.00 ^ _49_/CK (DFF_X1)
     4    5.20    0.01    0.08    0.08 v _49_/Q (DFF_X1)
                  0.01    0.00    0.08 v _34_/A1 (NAND2_X1)
     2    3.22    0.01    0.02    0.10 ^ _34_/ZN (NAND2_X1)
                  0.01    0.00    0.10 ^ _38_/B2 (OAI21_X1)
     1    1.06    0.01    0.02    0.12 v _38_/ZN (OAI21_X1)
                  0.01    0.00    0.12 v _50_/D (DFF_X1)
                                  0.12   data arrival time

                  0.00    0.00    0.00   clock clk (rise edge)
                          0.00    0.00   clock network delay (ideal)
                          0.00    0.00   clock reconvergence pessimism
                                  0.00 ^ _50_/CK (DFF_X1)
                          0.00    0.00   library hold time
                                  0.00   data required time
-----------------------------------------------------------------------------
                                  0.00   data required time
                                 -0.12   data arrival time
-----------------------------------------------------------------------------
                                  0.12   slack (MET)



==========================================================================
floorplan final report_checks -path_delay max
--------------------------------------------------------------------------
[WARNING STA-0168] unknown field nets.
Startpoint: _49_ (rising edge-triggered flip-flop clocked by clk)
Endpoint: _52_ (rising edge-triggered flip-flop clocked by clk)
Path Group: clk
Path Type: max

Fanout     Cap    Slew   Delay    Time   Description
-----------------------------------------------------------------------------
                  0.00    0.00    0.00   clock clk (rise edge)
                          0.00    0.00   clock network delay (ideal)
                  0.00    0.00    0.00 ^ _49_/CK (DFF_X1)
     4    5.20    0.01    0.08    0.08 v _49_/Q (DFF_X1)
                  0.01    0.00    0.08 v _27_/A (INV_X1)
     2    8.28    0.02    0.03    0.11 ^ _27_/ZN (INV_X1)
                  0.02    0.00    0.11 ^ _29_/A1 (NOR2_X1)
     1    3.34    0.01    0.01    0.13 v _29_/ZN (NOR2_X1)
                  0.01    0.00    0.13 v _48_/B (HA_X1)
     2    3.04    0.01    0.03    0.16 v _48_/CO (HA_X1)
                  0.01    0.00    0.16 v _46_/A2 (OR3_X2)
     1    3.22    0.01    0.07    0.23 v _46_/ZN (OR3_X2)
                  0.01    0.00    0.23 v _47_/C2 (OAI211_X2)
     1    1.14    0.02    0.03    0.26 ^ _47_/ZN (OAI211_X2)
                  0.02    0.00    0.26 ^ _52_/D (DFF_X1)
                                  0.26   data arrival time

                  0.00    0.01    0.01   clock clk (rise edge)
                          0.00    0.01   clock network delay (ideal)
                          0.00    0.01   clock reconvergence pessimism
                                  0.01 ^ _52_/CK (DFF_X1)
                         -0.03   -0.02   library setup time
                                 -0.02   data required time
-----------------------------------------------------------------------------
                                 -0.02   data required time
                                 -0.26   data arrival time
-----------------------------------------------------------------------------
                                 -0.29   slack (VIOLATED)



==========================================================================
floorplan final report_checks -unconstrained
--------------------------------------------------------------------------
[WARNING STA-0168] unknown field nets.
Startpoint: _49_ (rising edge-triggered flip-flop clocked by clk)
Endpoint: _52_ (rising edge-triggered flip-flop clocked by clk)
Path Group: clk
Path Type: max

Fanout     Cap    Slew   Delay    Time   Description
-----------------------------------------------------------------------------
                  0.00    0.00    0.00   clock clk (rise edge)
                          0.00    0.00   clock network delay (ideal)
                  0.00    0.00    0.00 ^ _49_/CK (DFF_X1)
     4    5.20    0.01    0.08    0.08 v _49_/Q (DFF_X1)
                  0.01    0.00    0.08 v _27_/A (INV_X1)
     2    8.28    0.02    0.03    0.11 ^ _27_/ZN (INV_X1)
                  0.02    0.00    0.11 ^ _29_/A1 (NOR2_X1)
     1    3.34    0.01    0.01    0.13 v _29_/ZN (NOR2_X1)
                  0.01    0.00    0.13 v _48_/B (HA_X1)
     2    3.04    0.01    0.03    0.16 v _48_/CO (HA_X1)
                  0.01    0.00    0.16 v _46_/A2 (OR3_X2)
     1    3.22    0.01    0.07    0.23 v _46_/ZN (OR3_X2)
                  0.01    0.00    0.23 v _47_/C2 (OAI211_X2)
     1    1.14    0.02    0.03    0.26 ^ _47_/ZN (OAI211_X2)
                  0.02    0.00    0.26 ^ _52_/D (DFF_X1)
                                  0.26   data arrival time

                  0.00    0.01    0.01   clock clk (rise edge)
                          0.00    0.01   clock network delay (ideal)
                          0.00    0.01   clock reconvergence pessimism
                                  0.01 ^ _52_/CK (DFF_X1)
                         -0.03   -0.02   library setup time
                                 -0.02   data required time
-----------------------------------------------------------------------------
                                 -0.02   data required time
                                 -0.26   data arrival time
-----------------------------------------------------------------------------
                                 -0.29   slack (VIOLATED)



==========================================================================
floorplan final report_power
--------------------------------------------------------------------------
Group                  Internal  Switching    Leakage      Total
                          Power      Power      Power      Power (Watts)
----------------------------------------------------------------
Sequential             2.78e-03   1.81e-04   3.09e-07   2.96e-03  79.4%
Combinational          3.73e-04   3.97e-04   7.22e-07   7.71e-04  20.6%
Clock                  0.00e+00   0.00e+00   0.00e+00   0.00e+00   0.0%
Macro                  0.00e+00   0.00e+00   0.00e+00   0.00e+00   0.0%
Pad                    0.00e+00   0.00e+00   0.00e+00   0.00e+00   0.0%
----------------------------------------------------------------
Total                  3.16e-03   5.78e-04   1.03e-06   3.73e-03 100.0%
                          84.5%      15.5%       0.0%

==========================================================================
floorplan final report_design_area
--------------------------------------------------------------------------
Design area 47 u^2 1% utilization.

