OpenROAD v2.0-22532-gac667f3cc7 
Features included (+) or not (-): +GPU +GUI +Python
This program is licensed under the BSD-3 license. See the LICENSE file for details.
Components of this program may be licensed under more restrictive licenses which must be honored.
[INFO ODB-0227] LEF file: /project/cad-team/LX_Semicon/kmcho/EoR/pdk/Nangate45/Nangate45_tech.lef, created 22 layers, 27 vias
[INFO ODB-0227] LEF file: /project/cad-team/LX_Semicon/kmcho/EoR/pdk/Nangate45/Nangate45_stdcell.lef, created 135 library cells
[INFO IFP-0001] Added 72 rows of 536 site FreePDK45_38x28_10R_NP_162NW_34O.
Default units for flow
 time 1ns
 capacitance 1fF
 resistance 1kohm
 voltage 1v
 current 1mA
 power 1nW
 distance 1um

==========================================================================
floorplan final check_setup
--------------------------------------------------------------------------
Warning: There are 3 input ports missing set_input_delay.
Warning: There is 1 output port missing set_output_delay.
Warning: There is 1 unconstrained endpoint.

==========================================================================
floorplan final report_tns
--------------------------------------------------------------------------
tns max -1.31

==========================================================================
floorplan final report_wns
--------------------------------------------------------------------------
wns max -0.36

==========================================================================
floorplan final report_worst_slack
--------------------------------------------------------------------------
worst slack max -0.36

==========================================================================
floorplan final report_checks -path_delay min
--------------------------------------------------------------------------
[WARNING STA-0168] unknown field nets.
Startpoint: _40_ (rising edge-triggered flip-flop clocked by clk)
Endpoint: _40_ (rising edge-triggered flip-flop clocked by clk)
Path Group: clk
Path Type: min

Fanout     Cap    Slew   Delay    Time   Description
-----------------------------------------------------------------------------
                  0.00    0.00    0.00   clock clk (rise edge)
                          0.00    0.00   clock network delay (ideal)
                  0.00    0.00    0.00 ^ _40_/CK (DFF_X1)
     1    0.92    0.01    0.06    0.06 ^ _40_/QN (DFF_X1)
                  0.01    0.00    0.06 ^ _25_/A1 (AND2_X1)
     1    1.14    0.01    0.03    0.09 ^ _25_/ZN (AND2_X1)
                  0.01    0.00    0.09 ^ _40_/D (DFF_X1)
                                  0.09   data arrival time

                  0.00    0.00    0.00   clock clk (rise edge)
                          0.00    0.00   clock network delay (ideal)
                          0.00    0.00   clock reconvergence pessimism
                                  0.00 ^ _40_/CK (DFF_X1)
                          0.01    0.01   library hold time
                                  0.01   data required time
-----------------------------------------------------------------------------
                                  0.01   data required time
                                 -0.09   data arrival time
-----------------------------------------------------------------------------
                                  0.08   slack (MET)



==========================================================================
floorplan final report_checks -path_delay max
--------------------------------------------------------------------------
[WARNING STA-0168] unknown field nets.
Startpoint: _44_ (rising edge-triggered flip-flop clocked by clk)
Endpoint: _42_ (rising edge-triggered flip-flop clocked by clk)
Path Group: clk
Path Type: max

Fanout     Cap    Slew   Delay    Time   Description
-----------------------------------------------------------------------------
                  0.00    0.00    0.00   clock clk (rise edge)
                          0.00    0.00   clock network delay (ideal)
                  0.00    0.00    0.00 ^ _44_/CK (DFF_X1)
     3    5.99    0.02    0.09    0.09 ^ _44_/Q (DFF_X1)
                  0.02    0.00    0.09 ^ _38_/B (HA_X1)
     1    3.45    0.01    0.04    0.13 ^ _38_/CO (HA_X1)
                  0.01    0.00    0.13 ^ _39_/B (HA_X1)
     1    1.70    0.02    0.05    0.18 ^ _39_/S (HA_X1)
                  0.02    0.00    0.18 ^ _28_/A (INV_X1)
     1    3.18    0.01    0.01    0.19 v _28_/ZN (INV_X1)
                  0.01    0.00    0.19 v _29_/A3 (OR4_X4)
     1    5.83    0.02    0.10    0.29 v _29_/ZN (OR4_X4)
                  0.02    0.00    0.29 v _30_/A3 (NOR3_X4)
     1    1.14    0.02    0.04    0.34 ^ _30_/ZN (NOR3_X4)
                  0.02    0.00    0.34 ^ _42_/D (DFF_X1)
                                  0.34   data arrival time

                  0.00    0.01    0.01   clock clk (rise edge)
                          0.00    0.01   clock network delay (ideal)
                          0.00    0.01   clock reconvergence pessimism
                                  0.01 ^ _42_/CK (DFF_X1)
                         -0.03   -0.02   library setup time
                                 -0.02   data required time
-----------------------------------------------------------------------------
                                 -0.02   data required time
                                 -0.34   data arrival time
-----------------------------------------------------------------------------
                                 -0.36   slack (VIOLATED)



==========================================================================
floorplan final report_checks -unconstrained
--------------------------------------------------------------------------
[WARNING STA-0168] unknown field nets.
Startpoint: _44_ (rising edge-triggered flip-flop clocked by clk)
Endpoint: _42_ (rising edge-triggered flip-flop clocked by clk)
Path Group: clk
Path Type: max

Fanout     Cap    Slew   Delay    Time   Description
-----------------------------------------------------------------------------
                  0.00    0.00    0.00   clock clk (rise edge)
                          0.00    0.00   clock network delay (ideal)
                  0.00    0.00    0.00 ^ _44_/CK (DFF_X1)
     3    5.99    0.02    0.09    0.09 ^ _44_/Q (DFF_X1)
                  0.02    0.00    0.09 ^ _38_/B (HA_X1)
     1    3.45    0.01    0.04    0.13 ^ _38_/CO (HA_X1)
                  0.01    0.00    0.13 ^ _39_/B (HA_X1)
     1    1.70    0.02    0.05    0.18 ^ _39_/S (HA_X1)
                  0.02    0.00    0.18 ^ _28_/A (INV_X1)
     1    3.18    0.01    0.01    0.19 v _28_/ZN (INV_X1)
                  0.01    0.00    0.19 v _29_/A3 (OR4_X4)
     1    5.83    0.02    0.10    0.29 v _29_/ZN (OR4_X4)
                  0.02    0.00    0.29 v _30_/A3 (NOR3_X4)
     1    1.14    0.02    0.04    0.34 ^ _30_/ZN (NOR3_X4)
                  0.02    0.00    0.34 ^ _42_/D (DFF_X1)
                                  0.34   data arrival time

                  0.00    0.01    0.01   clock clk (rise edge)
                          0.00    0.01   clock network delay (ideal)
                          0.00    0.01   clock reconvergence pessimism
                                  0.01 ^ _42_/CK (DFF_X1)
                         -0.03   -0.02   library setup time
                                 -0.02   data required time
-----------------------------------------------------------------------------
                                 -0.02   data required time
                                 -0.34   data arrival time
-----------------------------------------------------------------------------
                                 -0.36   slack (VIOLATED)



==========================================================================
floorplan final report_power
--------------------------------------------------------------------------
Group                  Internal  Switching    Leakage      Total
                          Power      Power      Power      Power (Watts)
----------------------------------------------------------------
Sequential             3.93e-03   1.09e-04   4.63e-07   4.04e-03  89.4%
Combinational          3.10e-04   1.69e-04   6.20e-07   4.79e-04  10.6%
Clock                  0.00e+00   0.00e+00   0.00e+00   0.00e+00   0.0%
Macro                  0.00e+00   0.00e+00   0.00e+00   0.00e+00   0.0%
Pad                    0.00e+00   0.00e+00   0.00e+00   0.00e+00   0.0%
----------------------------------------------------------------
Total                  4.24e-03   2.78e-04   1.08e-06   4.52e-03 100.0%
                          93.8%       6.2%       0.0%

==========================================================================
floorplan final report_design_area
--------------------------------------------------------------------------
Design area 52 u^2 1% utilization.

