OpenROAD v2.0-22532-gac667f3cc7 
Features included (+) or not (-): +GPU +GUI +Python
This program is licensed under the BSD-3 license. See the LICENSE file for details.
Components of this program may be licensed under more restrictive licenses which must be honored.
[INFO ODB-0227] LEF file: /project/cad-team/LX_Semicon/kmcho/EoR/pdk/Nangate45/Nangate45_tech.lef, created 22 layers, 27 vias
[INFO ODB-0227] LEF file: /project/cad-team/LX_Semicon/kmcho/EoR/pdk/Nangate45/Nangate45_stdcell.lef, created 135 library cells
[INFO IFP-0001] Added 77 rows of 574 site FreePDK45_38x28_10R_NP_162NW_34O.
Default units for flow
 time 1ns
 capacitance 1fF
 resistance 1kohm
 voltage 1v
 current 1mA
 power 1nW
 distance 1um

==========================================================================
floorplan final check_setup
--------------------------------------------------------------------------
Warning: There are 3 input ports missing set_input_delay.
Warning: There is 1 output port missing set_output_delay.
Warning: There is 1 unconstrained endpoint.

==========================================================================
floorplan final report_tns
--------------------------------------------------------------------------
tns max -1.46

==========================================================================
floorplan final report_wns
--------------------------------------------------------------------------
wns max -0.31

==========================================================================
floorplan final report_worst_slack
--------------------------------------------------------------------------
worst slack max -0.31

==========================================================================
floorplan final report_checks -path_delay min
--------------------------------------------------------------------------
[WARNING STA-0168] unknown field nets.
Startpoint: _49_ (rising edge-triggered flip-flop clocked by clk)
Endpoint: _49_ (rising edge-triggered flip-flop clocked by clk)
Path Group: clk
Path Type: min

Fanout     Cap    Slew   Delay    Time   Description
-----------------------------------------------------------------------------
                  0.00    0.00    0.00   clock clk (rise edge)
                          0.00    0.00   clock network delay (ideal)
                  0.00    0.00    0.00 ^ _49_/CK (DFF_X1)
     2    3.00    0.01    0.08    0.08 v _49_/Q (DFF_X1)
                  0.01    0.00    0.08 v _32_/A (INV_X1)
     1    1.57    0.01    0.01    0.09 ^ _32_/ZN (INV_X1)
                  0.01    0.00    0.09 ^ _33_/B2 (OAI21_X1)
     1    1.06    0.01    0.01    0.11 v _33_/ZN (OAI21_X1)
                  0.01    0.00    0.11 v _49_/D (DFF_X1)
                                  0.11   data arrival time

                  0.00    0.00    0.00   clock clk (rise edge)
                          0.00    0.00   clock network delay (ideal)
                          0.00    0.00   clock reconvergence pessimism
                                  0.00 ^ _49_/CK (DFF_X1)
                          0.00    0.00   library hold time
                                  0.00   data required time
-----------------------------------------------------------------------------
                                  0.00   data required time
                                 -0.11   data arrival time
-----------------------------------------------------------------------------
                                  0.10   slack (MET)



==========================================================================
floorplan final report_checks -path_delay max
--------------------------------------------------------------------------
[WARNING STA-0168] unknown field nets.
Startpoint: _47_ (rising edge-triggered flip-flop clocked by clk)
Endpoint: _53_ (rising edge-triggered flip-flop clocked by clk)
Path Group: clk
Path Type: max

Fanout     Cap    Slew   Delay    Time   Description
-----------------------------------------------------------------------------
                  0.00    0.00    0.00   clock clk (rise edge)
                          0.00    0.00   clock network delay (ideal)
                  0.00    0.00    0.00 ^ _47_/CK (DFF_X1)
     1    3.45    0.01    0.09    0.09 ^ _47_/Q (DFF_X1)
                  0.01    0.00    0.09 ^ _46_/B (HA_X1)
     1    3.45    0.01    0.04    0.13 ^ _46_/CO (HA_X1)
                  0.01    0.00    0.13 ^ _45_/B (HA_X1)
     1    6.20    0.04    0.07    0.19 ^ _45_/S (HA_X1)
                  0.04    0.00    0.19 ^ _41_/A2 (NAND2_X4)
     2    8.85    0.01    0.02    0.21 v _41_/ZN (NAND2_X4)
                  0.01    0.00    0.21 v _44_/A4 (NOR4_X4)
     1    1.14    0.03    0.07    0.28 ^ _44_/ZN (NOR4_X4)
                  0.03    0.00    0.28 ^ _53_/D (DFF_X1)
                                  0.28   data arrival time

                  0.00    0.01    0.01   clock clk (rise edge)
                          0.00    0.01   clock network delay (ideal)
                          0.00    0.01   clock reconvergence pessimism
                                  0.01 ^ _53_/CK (DFF_X1)
                         -0.04   -0.03   library setup time
                                 -0.03   data required time
-----------------------------------------------------------------------------
                                 -0.03   data required time
                                 -0.28   data arrival time
-----------------------------------------------------------------------------
                                 -0.31   slack (VIOLATED)



==========================================================================
floorplan final report_checks -unconstrained
--------------------------------------------------------------------------
[WARNING STA-0168] unknown field nets.
Startpoint: _47_ (rising edge-triggered flip-flop clocked by clk)
Endpoint: _53_ (rising edge-triggered flip-flop clocked by clk)
Path Group: clk
Path Type: max

Fanout     Cap    Slew   Delay    Time   Description
-----------------------------------------------------------------------------
                  0.00    0.00    0.00   clock clk (rise edge)
                          0.00    0.00   clock network delay (ideal)
                  0.00    0.00    0.00 ^ _47_/CK (DFF_X1)
     1    3.45    0.01    0.09    0.09 ^ _47_/Q (DFF_X1)
                  0.01    0.00    0.09 ^ _46_/B (HA_X1)
     1    3.45    0.01    0.04    0.13 ^ _46_/CO (HA_X1)
                  0.01    0.00    0.13 ^ _45_/B (HA_X1)
     1    6.20    0.04    0.07    0.19 ^ _45_/S (HA_X1)
                  0.04    0.00    0.19 ^ _41_/A2 (NAND2_X4)
     2    8.85    0.01    0.02    0.21 v _41_/ZN (NAND2_X4)
                  0.01    0.00    0.21 v _44_/A4 (NOR4_X4)
     1    1.14    0.03    0.07    0.28 ^ _44_/ZN (NOR4_X4)
                  0.03    0.00    0.28 ^ _53_/D (DFF_X1)
                                  0.28   data arrival time

                  0.00    0.01    0.01   clock clk (rise edge)
                          0.00    0.01   clock network delay (ideal)
                          0.00    0.01   clock reconvergence pessimism
                                  0.01 ^ _53_/CK (DFF_X1)
                         -0.04   -0.03   library setup time
                                 -0.03   data required time
-----------------------------------------------------------------------------
                                 -0.03   data required time
                                 -0.28   data arrival time
-----------------------------------------------------------------------------
                                 -0.31   slack (VIOLATED)



==========================================================================
floorplan final report_power
--------------------------------------------------------------------------
Group                  Internal  Switching    Leakage      Total
                          Power      Power      Power      Power (Watts)
----------------------------------------------------------------
Sequential             4.57e-03   1.19e-04   5.41e-07   4.69e-03  85.2%
Combinational          4.07e-04   4.10e-04   7.36e-07   8.17e-04  14.8%
Clock                  0.00e+00   0.00e+00   0.00e+00   0.00e+00   0.0%
Macro                  0.00e+00   0.00e+00   0.00e+00   0.00e+00   0.0%
Pad                    0.00e+00   0.00e+00   0.00e+00   0.00e+00   0.0%
----------------------------------------------------------------
Total                  4.98e-03   5.29e-04   1.28e-06   5.51e-03 100.0%
                          90.4%       9.6%       0.0%

==========================================================================
floorplan final report_design_area
--------------------------------------------------------------------------
Design area 60 u^2 1% utilization.

