OpenROAD v2.0-22532-gac667f3cc7 
Features included (+) or not (-): +GPU +GUI +Python
This program is licensed under the BSD-3 license. See the LICENSE file for details.
Components of this program may be licensed under more restrictive licenses which must be honored.
[INFO ODB-0227] LEF file: /project/cad-team/LX_Semicon/kmcho/EoR/pdk/Nangate45/Nangate45_tech.lef, created 22 layers, 27 vias
[INFO ODB-0227] LEF file: /project/cad-team/LX_Semicon/kmcho/EoR/pdk/Nangate45/Nangate45_stdcell.lef, created 135 library cells
[INFO IFP-0001] Added 71 rows of 527 site FreePDK45_38x28_10R_NP_162NW_34O.
Default units for flow
 time 1ns
 capacitance 1fF
 resistance 1kohm
 voltage 1v
 current 1mA
 power 1nW
 distance 1um

==========================================================================
floorplan final check_setup
--------------------------------------------------------------------------
Warning: There are 5 input ports missing set_input_delay.
Warning: There are 4 output ports missing set_output_delay.
Warning: There are 4 unconstrained endpoints.

==========================================================================
floorplan final report_tns
--------------------------------------------------------------------------
tns max -0.61

==========================================================================
floorplan final report_wns
--------------------------------------------------------------------------
wns max -0.22

==========================================================================
floorplan final report_worst_slack
--------------------------------------------------------------------------
worst slack max -0.22

==========================================================================
floorplan final report_checks -path_delay min
--------------------------------------------------------------------------
[WARNING STA-0168] unknown field nets.
Startpoint: _42_ (rising edge-triggered flip-flop clocked by clk)
Endpoint: _42_ (rising edge-triggered flip-flop clocked by clk)
Path Group: clk
Path Type: min

Fanout     Cap    Slew   Delay    Time   Description
-----------------------------------------------------------------------------
                  0.00    0.00    0.00   clock clk (rise edge)
                          0.00    0.00   clock network delay (ideal)
                  0.00    0.00    0.00 ^ _42_/CK (DFFR_X1)
     1    3.40    0.01    0.07    0.07 ^ _42_/QN (DFFR_X1)
                  0.01    0.00    0.07 ^ _24_/A (BUF_X4)
     5   13.29    0.01    0.03    0.10 ^ _24_/Z (BUF_X4)
                  0.01    0.00    0.10 ^ _38_/C2 (AOI211_X2)
     1    1.05    0.01    0.01    0.11 v _38_/ZN (AOI211_X2)
                  0.01    0.00    0.11 v _42_/D (DFFR_X1)
                                  0.11   data arrival time

                  0.00    0.00    0.00   clock clk (rise edge)
                          0.00    0.00   clock network delay (ideal)
                          0.00    0.00   clock reconvergence pessimism
                                  0.00 ^ _42_/CK (DFFR_X1)
                          0.00    0.00   library hold time
                                  0.00   data required time
-----------------------------------------------------------------------------
                                  0.00   data required time
                                 -0.11   data arrival time
-----------------------------------------------------------------------------
                                  0.11   slack (MET)



==========================================================================
floorplan final report_checks -path_delay max
--------------------------------------------------------------------------
[WARNING STA-0168] unknown field nets.
Startpoint: _41_ (rising edge-triggered flip-flop clocked by clk)
Endpoint: _40_ (rising edge-triggered flip-flop clocked by clk)
Path Group: clk
Path Type: max

Fanout     Cap    Slew   Delay    Time   Description
-----------------------------------------------------------------------------
                  0.00    0.00    0.00   clock clk (rise edge)
                          0.00    0.00   clock network delay (ideal)
                  0.00    0.00    0.00 ^ _41_/CK (DFFR_X1)
     1    6.59    0.02    0.11    0.11 ^ _41_/Q (DFFR_X1)
                  0.02    0.00    0.11 ^ _19_/A (BUF_X8)
     7   21.42    0.01    0.03    0.14 ^ _19_/Z (BUF_X8)
                  0.01    0.00    0.14 ^ _30_/A1 (NOR2_X4)
     1    5.50    0.01    0.01    0.15 v _30_/ZN (NOR2_X4)
                  0.01    0.00    0.15 v _31_/A4 (NAND4_X4)
     1    3.33    0.01    0.02    0.17 ^ _31_/ZN (NAND4_X4)
                  0.01    0.00    0.17 ^ _35_/A (OAI211_X2)
     1    1.05    0.01    0.02    0.19 v _35_/ZN (OAI211_X2)
                  0.01    0.00    0.19 v _40_/D (DFFR_X1)
                                  0.19   data arrival time

                  0.00    0.01    0.01   clock clk (rise edge)
                          0.00    0.01   clock network delay (ideal)
                          0.00    0.01   clock reconvergence pessimism
                                  0.01 ^ _40_/CK (DFFR_X1)
                         -0.04   -0.03   library setup time
                                 -0.03   data required time
-----------------------------------------------------------------------------
                                 -0.03   data required time
                                 -0.19   data arrival time
-----------------------------------------------------------------------------
                                 -0.22   slack (VIOLATED)



==========================================================================
floorplan final report_checks -unconstrained
--------------------------------------------------------------------------
[WARNING STA-0168] unknown field nets.
Startpoint: _41_ (rising edge-triggered flip-flop clocked by clk)
Endpoint: _40_ (rising edge-triggered flip-flop clocked by clk)
Path Group: clk
Path Type: max

Fanout     Cap    Slew   Delay    Time   Description
-----------------------------------------------------------------------------
                  0.00    0.00    0.00   clock clk (rise edge)
                          0.00    0.00   clock network delay (ideal)
                  0.00    0.00    0.00 ^ _41_/CK (DFFR_X1)
     1    6.59    0.02    0.11    0.11 ^ _41_/Q (DFFR_X1)
                  0.02    0.00    0.11 ^ _19_/A (BUF_X8)
     7   21.42    0.01    0.03    0.14 ^ _19_/Z (BUF_X8)
                  0.01    0.00    0.14 ^ _30_/A1 (NOR2_X4)
     1    5.50    0.01    0.01    0.15 v _30_/ZN (NOR2_X4)
                  0.01    0.00    0.15 v _31_/A4 (NAND4_X4)
     1    3.33    0.01    0.02    0.17 ^ _31_/ZN (NAND4_X4)
                  0.01    0.00    0.17 ^ _35_/A (OAI211_X2)
     1    1.05    0.01    0.02    0.19 v _35_/ZN (OAI211_X2)
                  0.01    0.00    0.19 v _40_/D (DFFR_X1)
                                  0.19   data arrival time

                  0.00    0.01    0.01   clock clk (rise edge)
                          0.00    0.01   clock network delay (ideal)
                          0.00    0.01   clock reconvergence pessimism
                                  0.01 ^ _40_/CK (DFFR_X1)
                         -0.04   -0.03   library setup time
                                 -0.03   data required time
-----------------------------------------------------------------------------
                                 -0.03   data required time
                                 -0.19   data arrival time
-----------------------------------------------------------------------------
                                 -0.22   slack (VIOLATED)



==========================================================================
floorplan final report_power
--------------------------------------------------------------------------
Group                  Internal  Switching    Leakage      Total
                          Power      Power      Power      Power (Watts)
----------------------------------------------------------------
Sequential             2.26e-03   2.00e-04   2.52e-07   2.46e-03  45.2%
Combinational          1.80e-03   1.18e-03   1.06e-06   2.98e-03  54.8%
Clock                  0.00e+00   0.00e+00   0.00e+00   0.00e+00   0.0%
Macro                  0.00e+00   0.00e+00   0.00e+00   0.00e+00   0.0%
Pad                    0.00e+00   0.00e+00   0.00e+00   0.00e+00   0.0%
----------------------------------------------------------------
Total                  4.06e-03   1.38e-03   1.31e-06   5.44e-03 100.0%
                          74.6%      25.4%       0.0%

==========================================================================
floorplan final report_design_area
--------------------------------------------------------------------------
Design area 50 u^2 1% utilization.

