OpenROAD v2.0-22532-gac667f3cc7 
Features included (+) or not (-): +GPU +GUI +Python
This program is licensed under the BSD-3 license. See the LICENSE file for details.
Components of this program may be licensed under more restrictive licenses which must be honored.
[INFO ODB-0227] LEF file: /project/cad-team/LX_Semicon/kmcho/EoR/pdk/Nangate45/Nangate45_tech.lef, created 22 layers, 27 vias
[INFO ODB-0227] LEF file: /project/cad-team/LX_Semicon/kmcho/EoR/pdk/Nangate45/Nangate45_stdcell.lef, created 135 library cells
[INFO IFP-0001] Added 197 rows of 1457 site FreePDK45_38x28_10R_NP_162NW_34O.
Default units for flow
 time 1ns
 capacitance 1fF
 resistance 1kohm
 voltage 1v
 current 1mA
 power 1nW
 distance 1um

==========================================================================
floorplan final check_setup
--------------------------------------------------------------------------
Warning: There are 9 input ports missing set_input_delay.
Warning: There are 25 output ports missing set_output_delay.
Warning: There are 25 unconstrained endpoints.

==========================================================================
floorplan final report_tns
--------------------------------------------------------------------------
tns max -11.17

==========================================================================
floorplan final report_wns
--------------------------------------------------------------------------
wns max -0.30

==========================================================================
floorplan final report_worst_slack
--------------------------------------------------------------------------
worst slack max -0.30

==========================================================================
floorplan final report_checks -path_delay min
--------------------------------------------------------------------------
[WARNING STA-0168] unknown field nets.
Startpoint: _371_ (rising edge-triggered flip-flop clocked by clk)
Endpoint: _371_ (rising edge-triggered flip-flop clocked by clk)
Path Group: clk
Path Type: min

Fanout     Cap    Slew   Delay    Time   Description
-----------------------------------------------------------------------------
                  0.00    0.00    0.00   clock clk (rise edge)
                          0.00    0.00   clock network delay (ideal)
                  0.00    0.00    0.00 ^ _371_/CK (DFF_X1)
     1    1.55    0.01    0.08    0.08 v _371_/Q (DFF_X1)
                  0.01    0.00    0.08 v _282_/A (INV_X1)
     2    3.30    0.01    0.02    0.09 ^ _282_/ZN (INV_X1)
                  0.01    0.00    0.09 ^ _307_/B1 (AOI21_X1)
     1    1.06    0.01    0.01    0.11 v _307_/ZN (AOI21_X1)
                  0.01    0.00    0.11 v _371_/D (DFF_X1)
                                  0.11   data arrival time

                  0.00    0.00    0.00   clock clk (rise edge)
                          0.00    0.00   clock network delay (ideal)
                          0.00    0.00   clock reconvergence pessimism
                                  0.00 ^ _371_/CK (DFF_X1)
                          0.00    0.00   library hold time
                                  0.00   data required time
-----------------------------------------------------------------------------
                                  0.00   data required time
                                 -0.11   data arrival time
-----------------------------------------------------------------------------
                                  0.10   slack (MET)



==========================================================================
floorplan final report_checks -path_delay max
--------------------------------------------------------------------------
[WARNING STA-0168] unknown field nets.
Startpoint: _342_ (rising edge-triggered flip-flop clocked by clk)
Endpoint: _353_ (rising edge-triggered flip-flop clocked by clk)
Path Group: clk
Path Type: max

Fanout     Cap    Slew   Delay    Time   Description
-----------------------------------------------------------------------------
                  0.00    0.00    0.00   clock clk (rise edge)
                          0.00    0.00   clock network delay (ideal)
                  0.00    0.00    0.00 ^ _342_/CK (DFF_X1)
     1    3.00    0.01    0.08    0.08 v _342_/Q (DFF_X1)
                  0.01    0.00    0.08 v _203_/A (BUF_X4)
     9   23.01    0.01    0.03    0.11 v _203_/Z (BUF_X4)
                  0.01    0.00    0.11 v _204_/A (INV_X8)
    10   17.74    0.01    0.02    0.13 ^ _204_/ZN (INV_X8)
                  0.01    0.00    0.13 ^ _206_/A2 (AND3_X4)
     1   12.41    0.01    0.04    0.17 ^ _206_/ZN (AND3_X4)
                  0.01    0.00    0.17 ^ _207_/A (BUF_X16)
     7   34.42    0.01    0.02    0.20 ^ _207_/Z (BUF_X16)
                  0.01    0.00    0.20 ^ _249_/A (BUF_X16)
    10   19.20    0.01    0.02    0.22 ^ _249_/Z (BUF_X16)
                  0.01    0.00    0.22 ^ _250_/S (MUX2_X1)
     1    1.06    0.01    0.05    0.27 v _250_/Z (MUX2_X1)
                  0.01    0.00    0.27 v _353_/D (DFF_X1)
                                  0.27   data arrival time

                  0.00    0.01    0.01   clock clk (rise edge)
                          0.00    0.01   clock network delay (ideal)
                          0.00    0.01   clock reconvergence pessimism
                                  0.01 ^ _353_/CK (DFF_X1)
                         -0.04   -0.03   library setup time
                                 -0.03   data required time
-----------------------------------------------------------------------------
                                 -0.03   data required time
                                 -0.27   data arrival time
-----------------------------------------------------------------------------
                                 -0.30   slack (VIOLATED)



==========================================================================
floorplan final report_checks -unconstrained
--------------------------------------------------------------------------
[WARNING STA-0168] unknown field nets.
Startpoint: _342_ (rising edge-triggered flip-flop clocked by clk)
Endpoint: _353_ (rising edge-triggered flip-flop clocked by clk)
Path Group: clk
Path Type: max

Fanout     Cap    Slew   Delay    Time   Description
-----------------------------------------------------------------------------
                  0.00    0.00    0.00   clock clk (rise edge)
                          0.00    0.00   clock network delay (ideal)
                  0.00    0.00    0.00 ^ _342_/CK (DFF_X1)
     1    3.00    0.01    0.08    0.08 v _342_/Q (DFF_X1)
                  0.01    0.00    0.08 v _203_/A (BUF_X4)
     9   23.01    0.01    0.03    0.11 v _203_/Z (BUF_X4)
                  0.01    0.00    0.11 v _204_/A (INV_X8)
    10   17.74    0.01    0.02    0.13 ^ _204_/ZN (INV_X8)
                  0.01    0.00    0.13 ^ _206_/A2 (AND3_X4)
     1   12.41    0.01    0.04    0.17 ^ _206_/ZN (AND3_X4)
                  0.01    0.00    0.17 ^ _207_/A (BUF_X16)
     7   34.42    0.01    0.02    0.20 ^ _207_/Z (BUF_X16)
                  0.01    0.00    0.20 ^ _249_/A (BUF_X16)
    10   19.20    0.01    0.02    0.22 ^ _249_/Z (BUF_X16)
                  0.01    0.00    0.22 ^ _250_/S (MUX2_X1)
     1    1.06    0.01    0.05    0.27 v _250_/Z (MUX2_X1)
                  0.01    0.00    0.27 v _353_/D (DFF_X1)
                                  0.27   data arrival time

                  0.00    0.01    0.01   clock clk (rise edge)
                          0.00    0.01   clock network delay (ideal)
                          0.00    0.01   clock reconvergence pessimism
                                  0.01 ^ _353_/CK (DFF_X1)
                         -0.04   -0.03   library setup time
                                 -0.03   data required time
-----------------------------------------------------------------------------
                                 -0.03   data required time
                                 -0.27   data arrival time
-----------------------------------------------------------------------------
                                 -0.30   slack (VIOLATED)



==========================================================================
floorplan final report_power
--------------------------------------------------------------------------
Group                  Internal  Switching    Leakage      Total
                          Power      Power      Power      Power (Watts)
----------------------------------------------------------------
Sequential             3.01e-02   3.50e-04   3.38e-06   3.05e-02  85.8%
Combinational          2.84e-03   2.23e-03   4.81e-06   5.07e-03  14.2%
Clock                  0.00e+00   0.00e+00   0.00e+00   0.00e+00   0.0%
Macro                  0.00e+00   0.00e+00   0.00e+00   0.00e+00   0.0%
Pad                    0.00e+00   0.00e+00   0.00e+00   0.00e+00   0.0%
----------------------------------------------------------------
Total                  3.30e-02   2.57e-03   8.19e-06   3.56e-02 100.0%
                          92.7%       7.2%       0.0%

==========================================================================
floorplan final report_design_area
--------------------------------------------------------------------------
Design area 383 u^2 1% utilization.

