OpenROAD v2.0-22532-gac667f3cc7 
Features included (+) or not (-): +GPU +GUI +Python
This program is licensed under the BSD-3 license. See the LICENSE file for details.
Components of this program may be licensed under more restrictive licenses which must be honored.
[INFO ODB-0227] LEF file: /project/cad-team/LX_Semicon/kmcho/EoR/pdk/Nangate45/Nangate45_tech.lef, created 22 layers, 27 vias
[INFO ODB-0227] LEF file: /project/cad-team/LX_Semicon/kmcho/EoR/pdk/Nangate45/Nangate45_stdcell.lef, created 135 library cells
[INFO IFP-0001] Added 209 rows of 1543 site FreePDK45_38x28_10R_NP_162NW_34O.
Default units for flow
 time 1ns
 capacitance 1fF
 resistance 1kohm
 voltage 1v
 current 1mA
 power 1nW
 distance 1um

==========================================================================
floorplan final check_setup
--------------------------------------------------------------------------
Warning: There are 9 input ports missing set_input_delay.
Warning: There are 25 output ports missing set_output_delay.
Warning: There are 25 unconstrained endpoints.

==========================================================================
floorplan final report_tns
--------------------------------------------------------------------------
tns max -9.06

==========================================================================
floorplan final report_wns
--------------------------------------------------------------------------
wns max -0.22

==========================================================================
floorplan final report_worst_slack
--------------------------------------------------------------------------
worst slack max -0.22

==========================================================================
floorplan final report_checks -path_delay min
--------------------------------------------------------------------------
[WARNING STA-0168] unknown field nets.
Startpoint: _357_ (rising edge-triggered flip-flop clocked by clk)
Endpoint: _357_ (rising edge-triggered flip-flop clocked by clk)
Path Group: clk
Path Type: min

Fanout     Cap    Slew   Delay    Time   Description
-----------------------------------------------------------------------------
                  0.00    0.00    0.00   clock clk (rise edge)
                          0.00    0.00   clock network delay (ideal)
                  0.00    0.00    0.00 ^ _357_/CK (DFF_X1)
     2    4.69    0.01    0.08    0.08 v _357_/Q (DFF_X1)
                  0.01    0.00    0.08 v _288_/A (INV_X1)
     1    1.65    0.01    0.01    0.10 ^ _288_/ZN (INV_X1)
                  0.01    0.00    0.10 ^ _289_/B1 (AOI21_X1)
     1    1.06    0.01    0.01    0.11 v _289_/ZN (AOI21_X1)
                  0.01    0.00    0.11 v _357_/D (DFF_X1)
                                  0.11   data arrival time

                  0.00    0.00    0.00   clock clk (rise edge)
                          0.00    0.00   clock network delay (ideal)
                          0.00    0.00   clock reconvergence pessimism
                                  0.00 ^ _357_/CK (DFF_X1)
                          0.00    0.00   library hold time
                                  0.00   data required time
-----------------------------------------------------------------------------
                                  0.00   data required time
                                 -0.11   data arrival time
-----------------------------------------------------------------------------
                                  0.11   slack (MET)



==========================================================================
floorplan final report_checks -path_delay max
--------------------------------------------------------------------------
[WARNING STA-0168] unknown field nets.
Startpoint: _328_ (rising edge-triggered flip-flop clocked by clk)
Endpoint: _347_ (rising edge-triggered flip-flop clocked by clk)
Path Group: clk
Path Type: max

Fanout     Cap    Slew   Delay    Time   Description
-----------------------------------------------------------------------------
                  0.00    0.00    0.00   clock clk (rise edge)
                          0.00    0.00   clock network delay (ideal)
                  0.00    0.00    0.00 ^ _328_/CK (DFF_X1)
     1    6.59    0.02    0.10    0.10 ^ _328_/Q (DFF_X1)
                  0.02    0.00    0.10 ^ _185_/A (BUF_X8)
     7   44.86    0.02    0.03    0.13 ^ _185_/Z (BUF_X8)
                  0.02    0.00    0.13 ^ _186_/A (INV_X16)
     8   56.32    0.01    0.01    0.14 v _186_/ZN (INV_X16)
                  0.01    0.00    0.14 v _227_/A (BUF_X32)
    10   56.98    0.01    0.03    0.17 v _227_/Z (BUF_X32)
                  0.01    0.00    0.17 v _257_/A1 (NAND2_X4)
     1    6.71    0.01    0.01    0.18 ^ _257_/ZN (NAND2_X4)
                  0.01    0.00    0.18 ^ _258_/B2 (AOI21_X4)
     1    1.06    0.01    0.01    0.19 v _258_/ZN (AOI21_X4)
                  0.01    0.00    0.19 v _347_/D (DFF_X1)
                                  0.19   data arrival time

                  0.00    0.01    0.01   clock clk (rise edge)
                          0.00    0.01   clock network delay (ideal)
                          0.00    0.01   clock reconvergence pessimism
                                  0.01 ^ _347_/CK (DFF_X1)
                         -0.04   -0.03   library setup time
                                 -0.03   data required time
-----------------------------------------------------------------------------
                                 -0.03   data required time
                                 -0.19   data arrival time
-----------------------------------------------------------------------------
                                 -0.22   slack (VIOLATED)



==========================================================================
floorplan final report_checks -unconstrained
--------------------------------------------------------------------------
[WARNING STA-0168] unknown field nets.
Startpoint: _328_ (rising edge-triggered flip-flop clocked by clk)
Endpoint: _347_ (rising edge-triggered flip-flop clocked by clk)
Path Group: clk
Path Type: max

Fanout     Cap    Slew   Delay    Time   Description
-----------------------------------------------------------------------------
                  0.00    0.00    0.00   clock clk (rise edge)
                          0.00    0.00   clock network delay (ideal)
                  0.00    0.00    0.00 ^ _328_/CK (DFF_X1)
     1    6.59    0.02    0.10    0.10 ^ _328_/Q (DFF_X1)
                  0.02    0.00    0.10 ^ _185_/A (BUF_X8)
     7   44.86    0.02    0.03    0.13 ^ _185_/Z (BUF_X8)
                  0.02    0.00    0.13 ^ _186_/A (INV_X16)
     8   56.32    0.01    0.01    0.14 v _186_/ZN (INV_X16)
                  0.01    0.00    0.14 v _227_/A (BUF_X32)
    10   56.98    0.01    0.03    0.17 v _227_/Z (BUF_X32)
                  0.01    0.00    0.17 v _257_/A1 (NAND2_X4)
     1    6.71    0.01    0.01    0.18 ^ _257_/ZN (NAND2_X4)
                  0.01    0.00    0.18 ^ _258_/B2 (AOI21_X4)
     1    1.06    0.01    0.01    0.19 v _258_/ZN (AOI21_X4)
                  0.01    0.00    0.19 v _347_/D (DFF_X1)
                                  0.19   data arrival time

                  0.00    0.01    0.01   clock clk (rise edge)
                          0.00    0.01   clock network delay (ideal)
                          0.00    0.01   clock reconvergence pessimism
                                  0.01 ^ _347_/CK (DFF_X1)
                         -0.04   -0.03   library setup time
                                 -0.03   data required time
-----------------------------------------------------------------------------
                                 -0.03   data required time
                                 -0.19   data arrival time
-----------------------------------------------------------------------------
                                 -0.22   slack (VIOLATED)



==========================================================================
floorplan final report_power
--------------------------------------------------------------------------
Group                  Internal  Switching    Leakage      Total
                          Power      Power      Power      Power (Watts)
----------------------------------------------------------------
Sequential             3.01e-02   7.24e-04   3.39e-06   3.08e-02  80.7%
Combinational          3.93e-03   3.45e-03   7.03e-06   7.38e-03  19.3%
Clock                  0.00e+00   0.00e+00   0.00e+00   0.00e+00   0.0%
Macro                  0.00e+00   0.00e+00   0.00e+00   0.00e+00   0.0%
Pad                    0.00e+00   0.00e+00   0.00e+00   0.00e+00   0.0%
----------------------------------------------------------------
Total                  3.41e-02   4.17e-03   1.04e-05   3.82e-02 100.0%
                          89.1%      10.9%       0.0%

==========================================================================
floorplan final report_design_area
--------------------------------------------------------------------------
Design area 430 u^2 1% utilization.

