OpenROAD v2.0-22532-gac667f3cc7 
Features included (+) or not (-): +GPU +GUI +Python
This program is licensed under the BSD-3 license. See the LICENSE file for details.
Components of this program may be licensed under more restrictive licenses which must be honored.
[INFO ODB-0227] LEF file: /project/cad-team/LX_Semicon/kmcho/EoR/pdk/Nangate45/Nangate45_tech.lef, created 22 layers, 27 vias
[INFO ODB-0227] LEF file: /project/cad-team/LX_Semicon/kmcho/EoR/pdk/Nangate45/Nangate45_stdcell.lef, created 135 library cells
[INFO IFP-0001] Added 139 rows of 1030 site FreePDK45_38x28_10R_NP_162NW_34O.
Default units for flow
 time 1ns
 capacitance 1fF
 resistance 1kohm
 voltage 1v
 current 1mA
 power 1nW
 distance 1um

==========================================================================
floorplan final check_setup
--------------------------------------------------------------------------
Warning: There are 9 input ports missing set_input_delay.
Warning: There are 8 output ports missing set_output_delay.
Warning: There are 14 unconstrained endpoints.

==========================================================================
floorplan final report_tns
--------------------------------------------------------------------------
tns max -3.25

==========================================================================
floorplan final report_wns
--------------------------------------------------------------------------
wns max -0.44

==========================================================================
floorplan final report_worst_slack
--------------------------------------------------------------------------
worst slack max -0.44

==========================================================================
floorplan final report_checks -path_delay min
--------------------------------------------------------------------------
[WARNING STA-0168] unknown field nets.
Startpoint: _136_ (rising edge-triggered flip-flop clocked by clk)
Endpoint: _128_ (rising edge-triggered flip-flop clocked by clk)
Path Group: clk
Path Type: min

Fanout     Cap    Slew   Delay    Time   Description
-----------------------------------------------------------------------------
                  0.00    0.00    0.00   clock clk (rise edge)
                          0.00    0.00   clock network delay (ideal)
                  0.00    0.00    0.00 ^ _136_/CK (DFFR_X1)
     1    1.05    0.01    0.08    0.08 v _136_/Q (DFFR_X1)
                  0.01    0.00    0.08 v _128_/D (DFFR_X1)
                                  0.08   data arrival time

                  0.00    0.00    0.00   clock clk (rise edge)
                          0.00    0.00   clock network delay (ideal)
                          0.00    0.00   clock reconvergence pessimism
                                  0.00 ^ _128_/CK (DFFR_X1)
                          0.00    0.00   library hold time
                                  0.00   data required time
-----------------------------------------------------------------------------
                                  0.00   data required time
                                 -0.08   data arrival time
-----------------------------------------------------------------------------
                                  0.08   slack (MET)



==========================================================================
floorplan final report_checks -path_delay max
--------------------------------------------------------------------------
[WARNING STA-0168] unknown field nets.
Startpoint: _127_ (rising edge-triggered flip-flop clocked by clk)
Endpoint: _142_ (rising edge-triggered flip-flop clocked by clk)
Path Group: clk
Path Type: max

Fanout     Cap    Slew   Delay    Time   Description
-----------------------------------------------------------------------------
                  0.00    0.00    0.00   clock clk (rise edge)
                          0.00    0.00   clock network delay (ideal)
                  0.00    0.00    0.00 ^ _127_/CK (DFFR_X1)
     1    3.61    0.01    0.07    0.07 v _127_/QN (DFFR_X1)
                  0.01    0.00    0.07 v _114_/A (FA_X1)
     1    1.70    0.01    0.11    0.18 ^ _114_/S (FA_X1)
                  0.01    0.00    0.18 ^ _108_/A (INV_X1)
     1    3.34    0.01    0.01    0.19 v _108_/ZN (INV_X1)
                  0.01    0.00    0.19 v _120_/B (HA_X1)
     3    5.26    0.02    0.06    0.25 v _120_/S (HA_X1)
                  0.02    0.00    0.25 v _095_/B2 (AOI21_X1)
     1    1.66    0.02    0.03    0.29 ^ _095_/ZN (AOI21_X1)
                  0.02    0.00    0.29 ^ _096_/A2 (NAND2_X1)
     1    2.66    0.01    0.02    0.31 v _096_/ZN (NAND2_X1)
                  0.01    0.00    0.31 v _115_/CI (FA_X1)
     1    1.13    0.01    0.11    0.41 ^ _115_/S (FA_X1)
                  0.01    0.00    0.41 ^ _142_/D (DFFR_X1)
                                  0.41   data arrival time

                  0.00    0.01    0.01   clock clk (rise edge)
                          0.00    0.01   clock network delay (ideal)
                          0.00    0.01   clock reconvergence pessimism
                                  0.01 ^ _142_/CK (DFFR_X1)
                         -0.03   -0.02   library setup time
                                 -0.02   data required time
-----------------------------------------------------------------------------
                                 -0.02   data required time
                                 -0.41   data arrival time
-----------------------------------------------------------------------------
                                 -0.44   slack (VIOLATED)



==========================================================================
floorplan final report_checks -unconstrained
--------------------------------------------------------------------------
[WARNING STA-0168] unknown field nets.
Startpoint: _127_ (rising edge-triggered flip-flop clocked by clk)
Endpoint: _142_ (rising edge-triggered flip-flop clocked by clk)
Path Group: clk
Path Type: max

Fanout     Cap    Slew   Delay    Time   Description
-----------------------------------------------------------------------------
                  0.00    0.00    0.00   clock clk (rise edge)
                          0.00    0.00   clock network delay (ideal)
                  0.00    0.00    0.00 ^ _127_/CK (DFFR_X1)
     1    3.61    0.01    0.07    0.07 v _127_/QN (DFFR_X1)
                  0.01    0.00    0.07 v _114_/A (FA_X1)
     1    1.70    0.01    0.11    0.18 ^ _114_/S (FA_X1)
                  0.01    0.00    0.18 ^ _108_/A (INV_X1)
     1    3.34    0.01    0.01    0.19 v _108_/ZN (INV_X1)
                  0.01    0.00    0.19 v _120_/B (HA_X1)
     3    5.26    0.02    0.06    0.25 v _120_/S (HA_X1)
                  0.02    0.00    0.25 v _095_/B2 (AOI21_X1)
     1    1.66    0.02    0.03    0.29 ^ _095_/ZN (AOI21_X1)
                  0.02    0.00    0.29 ^ _096_/A2 (NAND2_X1)
     1    2.66    0.01    0.02    0.31 v _096_/ZN (NAND2_X1)
                  0.01    0.00    0.31 v _115_/CI (FA_X1)
     1    1.13    0.01    0.11    0.41 ^ _115_/S (FA_X1)
                  0.01    0.00    0.41 ^ _142_/D (DFFR_X1)
                                  0.41   data arrival time

                  0.00    0.01    0.01   clock clk (rise edge)
                          0.00    0.01   clock network delay (ideal)
                          0.00    0.01   clock reconvergence pessimism
                                  0.01 ^ _142_/CK (DFFR_X1)
                         -0.03   -0.02   library setup time
                                 -0.02   data required time
-----------------------------------------------------------------------------
                                 -0.02   data required time
                                 -0.41   data arrival time
-----------------------------------------------------------------------------
                                 -0.44   slack (VIOLATED)



==========================================================================
floorplan final report_power
--------------------------------------------------------------------------
Group                  Internal  Switching    Leakage      Total
                          Power      Power      Power      Power (Watts)
----------------------------------------------------------------
Sequential             1.73e-02   3.85e-04   1.86e-06   1.77e-02  78.7%
Combinational          3.08e-03   1.71e-03   1.57e-06   4.79e-03  21.3%
Clock                  0.00e+00   0.00e+00   0.00e+00   0.00e+00   0.0%
Macro                  0.00e+00   0.00e+00   0.00e+00   0.00e+00   0.0%
Pad                    0.00e+00   0.00e+00   0.00e+00   0.00e+00   0.0%
----------------------------------------------------------------
Total                  2.04e-02   2.10e-03   3.43e-06   2.25e-02 100.0%
                          90.7%       9.3%       0.0%

==========================================================================
floorplan final report_design_area
--------------------------------------------------------------------------
Design area 192 u^2 1% utilization.

