OpenROAD v2.0-22532-gac667f3cc7 
Features included (+) or not (-): +GPU +GUI +Python
This program is licensed under the BSD-3 license. See the LICENSE file for details.
Components of this program may be licensed under more restrictive licenses which must be honored.
[INFO ODB-0227] LEF file: /project/cad-team/LX_Semicon/kmcho/EoR/pdk/Nangate45/Nangate45_tech.lef, created 22 layers, 27 vias
[INFO ODB-0227] LEF file: /project/cad-team/LX_Semicon/kmcho/EoR/pdk/Nangate45/Nangate45_stdcell.lef, created 135 library cells
[INFO IFP-0001] Added 142 rows of 1050 site FreePDK45_38x28_10R_NP_162NW_34O.
Default units for flow
 time 1ns
 capacitance 1fF
 resistance 1kohm
 voltage 1v
 current 1mA
 power 1nW
 distance 1um

==========================================================================
floorplan final check_setup
--------------------------------------------------------------------------
Warning: There are 10 input ports missing set_input_delay.
Warning: There are 17 output ports missing set_output_delay.
Warning: There are 17 unconstrained endpoints.

==========================================================================
floorplan final report_tns
--------------------------------------------------------------------------
tns max -5.73

==========================================================================
floorplan final report_wns
--------------------------------------------------------------------------
wns max -0.24

==========================================================================
floorplan final report_worst_slack
--------------------------------------------------------------------------
worst slack max -0.24

==========================================================================
floorplan final report_checks -path_delay min
--------------------------------------------------------------------------
[WARNING STA-0168] unknown field nets.
Startpoint: _137_ (rising edge-triggered flip-flop clocked by clk)
Endpoint: _137_ (rising edge-triggered flip-flop clocked by clk)
Path Group: clk
Path Type: min

Fanout     Cap    Slew   Delay    Time   Description
-----------------------------------------------------------------------------
                  0.00    0.00    0.00   clock clk (rise edge)
                          0.00    0.00   clock network delay (ideal)
                  0.00    0.00    0.00 ^ _137_/CK (DFFR_X1)
     1    0.94    0.01    0.06    0.06 ^ _137_/QN (DFFR_X1)
                  0.01    0.00    0.06 ^ _093_/B (MUX2_X1)
     1    1.13    0.01    0.03    0.10 ^ _093_/Z (MUX2_X1)
                  0.01    0.00    0.10 ^ _137_/D (DFFR_X1)
                                  0.10   data arrival time

                  0.00    0.00    0.00   clock clk (rise edge)
                          0.00    0.00   clock network delay (ideal)
                          0.00    0.00   clock reconvergence pessimism
                                  0.00 ^ _137_/CK (DFFR_X1)
                          0.01    0.01   library hold time
                                  0.01   data required time
-----------------------------------------------------------------------------
                                  0.01   data required time
                                 -0.10   data arrival time
-----------------------------------------------------------------------------
                                  0.09   slack (MET)



==========================================================================
floorplan final report_checks -path_delay max
--------------------------------------------------------------------------
[WARNING STA-0168] unknown field nets.
Startpoint: _137_ (rising edge-triggered flip-flop clocked by clk)
Endpoint: _129_ (rising edge-triggered flip-flop clocked by clk)
Path Group: clk
Path Type: max

Fanout     Cap    Slew   Delay    Time   Description
-----------------------------------------------------------------------------
                  0.00    0.00    0.00   clock clk (rise edge)
                          0.00    0.00   clock network delay (ideal)
                  0.00    0.00    0.00 ^ _137_/CK (DFFR_X1)
     3    8.60    0.02    0.12    0.12 ^ _137_/Q (DFFR_X1)
                  0.02    0.00    0.12 ^ _073_/A1 (NAND2_X4)
     8   18.45    0.01    0.02    0.14 v _073_/ZN (NAND2_X4)
                  0.01    0.00    0.14 v _074_/A (BUF_X8)
    10   17.80    0.01    0.03    0.17 v _074_/Z (BUF_X8)
                  0.01    0.00    0.17 v _084_/S (MUX2_X1)
     1    1.05    0.01    0.04    0.21 v _084_/Z (MUX2_X1)
                  0.01    0.00    0.21 v _129_/D (DFFR_X1)
                                  0.21   data arrival time

                  0.00    0.01    0.01   clock clk (rise edge)
                          0.00    0.01   clock network delay (ideal)
                          0.00    0.01   clock reconvergence pessimism
                                  0.01 ^ _129_/CK (DFFR_X1)
                         -0.04   -0.03   library setup time
                                 -0.03   data required time
-----------------------------------------------------------------------------
                                 -0.03   data required time
                                 -0.21   data arrival time
-----------------------------------------------------------------------------
                                 -0.24   slack (VIOLATED)



==========================================================================
floorplan final report_checks -unconstrained
--------------------------------------------------------------------------
[WARNING STA-0168] unknown field nets.
Startpoint: _137_ (rising edge-triggered flip-flop clocked by clk)
Endpoint: _129_ (rising edge-triggered flip-flop clocked by clk)
Path Group: clk
Path Type: max

Fanout     Cap    Slew   Delay    Time   Description
-----------------------------------------------------------------------------
                  0.00    0.00    0.00   clock clk (rise edge)
                          0.00    0.00   clock network delay (ideal)
                  0.00    0.00    0.00 ^ _137_/CK (DFFR_X1)
     3    8.60    0.02    0.12    0.12 ^ _137_/Q (DFFR_X1)
                  0.02    0.00    0.12 ^ _073_/A1 (NAND2_X4)
     8   18.45    0.01    0.02    0.14 v _073_/ZN (NAND2_X4)
                  0.01    0.00    0.14 v _074_/A (BUF_X8)
    10   17.80    0.01    0.03    0.17 v _074_/Z (BUF_X8)
                  0.01    0.00    0.17 v _084_/S (MUX2_X1)
     1    1.05    0.01    0.04    0.21 v _084_/Z (MUX2_X1)
                  0.01    0.00    0.21 v _129_/D (DFFR_X1)
                                  0.21   data arrival time

                  0.00    0.01    0.01   clock clk (rise edge)
                          0.00    0.01   clock network delay (ideal)
                          0.00    0.01   clock reconvergence pessimism
                                  0.01 ^ _129_/CK (DFFR_X1)
                         -0.04   -0.03   library setup time
                                 -0.03   data required time
-----------------------------------------------------------------------------
                                 -0.03   data required time
                                 -0.21   data arrival time
-----------------------------------------------------------------------------
                                 -0.24   slack (VIOLATED)



==========================================================================
floorplan final report_power
--------------------------------------------------------------------------
Group                  Internal  Switching    Leakage      Total
                          Power      Power      Power      Power (Watts)
----------------------------------------------------------------
Sequential             2.83e-02   1.43e-03   2.20e-06   2.98e-02  78.1%
Combinational          5.70e-03   2.64e-03   1.52e-06   8.34e-03  21.9%
Clock                  0.00e+00   0.00e+00   0.00e+00   0.00e+00   0.0%
Macro                  0.00e+00   0.00e+00   0.00e+00   0.00e+00   0.0%
Pad                    0.00e+00   0.00e+00   0.00e+00   0.00e+00   0.0%
----------------------------------------------------------------
Total                  3.40e-02   4.07e-03   3.72e-06   3.81e-02 100.0%
                          89.3%      10.7%       0.0%

==========================================================================
floorplan final report_design_area
--------------------------------------------------------------------------
Design area 199 u^2 1% utilization.

