[2026-07-01T04:14:30+00:00] starting seed=1001 method=classic_revolution_8x5
[2026-07-01T05:33:26+00:00] completed seed=1001 method=classic_revolution_8x5
[2026-07-01T05:33:26+00:00] starting seed=1001 method=classic_no_cf_8x5
[2026-07-01T06:50:48+00:00] completed seed=1001 method=classic_no_cf_8x5
[2026-07-01T06:50:48+00:00] starting seed=1001 method=pcn_v3_no_cf_memory_8x5
[2026-07-01T08:10:20+00:00] completed seed=1001 method=pcn_v3_no_cf_memory_8x5
[2026-07-01T08:10:20+00:00] starting seed=1001 method=pcn_v3_cf_restored_memory_8x5
[2026-07-01T09:21:30+00:00] completed seed=1001 method=pcn_v3_cf_restored_memory_8x5
[2026-07-01T09:21:30+00:00] starting seed=1002 method=classic_revolution_8x5
[2026-07-01T10:39:28+00:00] completed seed=1002 method=classic_revolution_8x5
[2026-07-01T10:39:28+00:00] starting seed=1002 method=classic_no_cf_8x5
[2026-07-01T11:55:57+00:00] completed seed=1002 method=classic_no_cf_8x5
[2026-07-01T11:55:57+00:00] starting seed=1002 method=pcn_v3_no_cf_memory_8x5
[2026-07-01T13:11:55+00:00] completed seed=1002 method=pcn_v3_no_cf_memory_8x5
[2026-07-01T13:11:55+00:00] starting seed=1002 method=pcn_v3_cf_restored_memory_8x5
[2026-07-01T14:25:48+00:00] completed seed=1002 method=pcn_v3_cf_restored_memory_8x5
[2026-07-01T14:25:48+00:00] starting seed=1003 method=classic_revolution_8x5
[2026-07-01T15:43:31+00:00] completed seed=1003 method=classic_revolution_8x5
[2026-07-01T15:43:31+00:00] starting seed=1003 method=classic_no_cf_8x5
[2026-07-01T17:00:54+00:00] completed seed=1003 method=classic_no_cf_8x5
[2026-07-01T17:00:54+00:00] starting seed=1003 method=pcn_v3_no_cf_memory_8x5
[2026-07-01T18:17:43+00:00] completed seed=1003 method=pcn_v3_no_cf_memory_8x5
[2026-07-01T18:17:43+00:00] starting seed=1003 method=pcn_v3_cf_restored_memory_8x5
[2026-07-01T19:32:43+00:00] completed seed=1003 method=pcn_v3_cf_restored_memory_8x5
[2026-07-01T19:32:43+00:00] starting seed=1004 method=classic_revolution_8x5
[2026-07-01T20:51:22+00:00] completed seed=1004 method=classic_revolution_8x5
[2026-07-01T20:51:22+00:00] starting seed=1004 method=classic_no_cf_8x5
[2026-07-01T22:08:46+00:00] completed seed=1004 method=classic_no_cf_8x5
[2026-07-01T22:08:46+00:00] starting seed=1004 method=pcn_v3_no_cf_memory_8x5
[2026-07-01T23:26:56+00:00] completed seed=1004 method=pcn_v3_no_cf_memory_8x5
[2026-07-01T23:26:56+00:00] starting seed=1004 method=pcn_v3_cf_restored_memory_8x5
[2026-07-02T00:37:40+00:00] completed seed=1004 method=pcn_v3_cf_restored_memory_8x5
[2026-07-02T00:37:40+00:00] starting seed=1005 method=classic_revolution_8x5
[2026-07-02T01:54:46+00:00] completed seed=1005 method=classic_revolution_8x5
[2026-07-02T01:54:46+00:00] starting seed=1005 method=classic_no_cf_8x5
[2026-07-02T03:10:44+00:00] completed seed=1005 method=classic_no_cf_8x5
[2026-07-02T03:10:44+00:00] starting seed=1005 method=pcn_v3_no_cf_memory_8x5
[2026-07-02T04:28:02+00:00] completed seed=1005 method=pcn_v3_no_cf_memory_8x5
[2026-07-02T04:28:02+00:00] starting seed=1005 method=pcn_v3_cf_restored_memory_8x5
[2026-07-02T05:41:29+00:00] completed seed=1005 method=pcn_v3_cf_restored_memory_8x5
[2026-07-02T05:41:29+00:00] stage launcher finished
