OpenROAD v2.0-22532-gac667f3cc7 
Features included (+) or not (-): +GPU +GUI +Python
This program is licensed under the BSD-3 license. See the LICENSE file for details.
Components of this program may be licensed under more restrictive licenses which must be honored.
[INFO ODB-0227] LEF file: /project/cad-team/LX_Semicon/kmcho/EoR/pdk/Nangate45/Nangate45_tech.lef, created 22 layers, 27 vias
[INFO ODB-0227] LEF file: /project/cad-team/LX_Semicon/kmcho/EoR/pdk/Nangate45/Nangate45_stdcell.lef, created 135 library cells
[INFO IFP-0001] Added 68 rows of 502 site FreePDK45_38x28_10R_NP_162NW_34O.
Default units for flow
 time 1ns
 capacitance 1fF
 resistance 1kohm
 voltage 1v
 current 1mA
 power 1nW
 distance 1um

==========================================================================
floorplan final check_setup
--------------------------------------------------------------------------
Warning: There is 1 input port missing set_input_delay.
Warning: There is 1 output port missing set_output_delay.
Warning: There is 1 unconstrained endpoint.

==========================================================================
floorplan final report_tns
--------------------------------------------------------------------------
tns max -1.16

==========================================================================
floorplan final report_wns
--------------------------------------------------------------------------
wns max -0.25

==========================================================================
floorplan final report_worst_slack
--------------------------------------------------------------------------
worst slack max -0.25

==========================================================================
floorplan final report_checks -path_delay min
--------------------------------------------------------------------------
[WARNING STA-0168] unknown field nets.
Startpoint: _28_ (rising edge-triggered flip-flop clocked by clk)
Endpoint: _28_ (rising edge-triggered flip-flop clocked by clk)
Path Group: clk
Path Type: min

Fanout     Cap    Slew   Delay    Time   Description
-----------------------------------------------------------------------------
                  0.00    0.00    0.00   clock clk (rise edge)
                          0.00    0.00   clock network delay (ideal)
                  0.00    0.00    0.00 ^ _28_/CK (DFFR_X1)
     1    0.95    0.01    0.06    0.06 ^ _28_/QN (DFFR_X1)
                  0.01    0.00    0.06 ^ _24_/A (MUX2_X1)
     1    1.13    0.01    0.03    0.10 ^ _24_/Z (MUX2_X1)
                  0.01    0.00    0.10 ^ _28_/D (DFFR_X1)
                                  0.10   data arrival time

                  0.00    0.00    0.00   clock clk (rise edge)
                          0.00    0.00   clock network delay (ideal)
                          0.00    0.00   clock reconvergence pessimism
                                  0.00 ^ _28_/CK (DFFR_X1)
                          0.01    0.01   library hold time
                                  0.01   data required time
-----------------------------------------------------------------------------
                                  0.01   data required time
                                 -0.10   data arrival time
-----------------------------------------------------------------------------
                                  0.09   slack (MET)



==========================================================================
floorplan final report_checks -path_delay max
--------------------------------------------------------------------------
[WARNING STA-0168] unknown field nets.
Startpoint: _30_ (rising edge-triggered flip-flop clocked by clk)
Endpoint: _28_ (rising edge-triggered flip-flop clocked by clk)
Path Group: clk
Path Type: max

Fanout     Cap    Slew   Delay    Time   Description
-----------------------------------------------------------------------------
                  0.00    0.00    0.00   clock clk (rise edge)
                          0.00    0.00   clock network delay (ideal)
                  0.00    0.00    0.00 ^ _30_/CK (DFFR_X1)
     1    3.45    0.01    0.07    0.07 ^ _30_/QN (DFFR_X1)
                  0.01    0.00    0.07 ^ _25_/B (HA_X1)
     1    3.25    0.01    0.04    0.11 ^ _25_/CO (HA_X1)
                  0.01    0.00    0.11 ^ _18_/A (INV_X2)
     2    7.32    0.01    0.01    0.12 v _18_/ZN (INV_X2)
                  0.01    0.00    0.12 v _20_/A3 (NOR3_X4)
     4    4.84    0.02    0.05    0.17 ^ _20_/ZN (NOR3_X4)
                  0.02    0.00    0.17 ^ _24_/S (MUX2_X1)
     1    1.05    0.01    0.06    0.22 v _24_/Z (MUX2_X1)
                  0.01    0.00    0.22 v _28_/D (DFFR_X1)
                                  0.22   data arrival time

                  0.00    0.01    0.01   clock clk (rise edge)
                          0.00    0.01   clock network delay (ideal)
                          0.00    0.01   clock reconvergence pessimism
                                  0.01 ^ _28_/CK (DFFR_X1)
                         -0.04   -0.03   library setup time
                                 -0.03   data required time
-----------------------------------------------------------------------------
                                 -0.03   data required time
                                 -0.22   data arrival time
-----------------------------------------------------------------------------
                                 -0.25   slack (VIOLATED)



==========================================================================
floorplan final report_checks -unconstrained
--------------------------------------------------------------------------
[WARNING STA-0168] unknown field nets.
Startpoint: _30_ (rising edge-triggered flip-flop clocked by clk)
Endpoint: _28_ (rising edge-triggered flip-flop clocked by clk)
Path Group: clk
Path Type: max

Fanout     Cap    Slew   Delay    Time   Description
-----------------------------------------------------------------------------
                  0.00    0.00    0.00   clock clk (rise edge)
                          0.00    0.00   clock network delay (ideal)
                  0.00    0.00    0.00 ^ _30_/CK (DFFR_X1)
     1    3.45    0.01    0.07    0.07 ^ _30_/QN (DFFR_X1)
                  0.01    0.00    0.07 ^ _25_/B (HA_X1)
     1    3.25    0.01    0.04    0.11 ^ _25_/CO (HA_X1)
                  0.01    0.00    0.11 ^ _18_/A (INV_X2)
     2    7.32    0.01    0.01    0.12 v _18_/ZN (INV_X2)
                  0.01    0.00    0.12 v _20_/A3 (NOR3_X4)
     4    4.84    0.02    0.05    0.17 ^ _20_/ZN (NOR3_X4)
                  0.02    0.00    0.17 ^ _24_/S (MUX2_X1)
     1    1.05    0.01    0.06    0.22 v _24_/Z (MUX2_X1)
                  0.01    0.00    0.22 v _28_/D (DFFR_X1)
                                  0.22   data arrival time

                  0.00    0.01    0.01   clock clk (rise edge)
                          0.00    0.01   clock network delay (ideal)
                          0.00    0.01   clock reconvergence pessimism
                                  0.01 ^ _28_/CK (DFFR_X1)
                         -0.04   -0.03   library setup time
                                 -0.03   data required time
-----------------------------------------------------------------------------
                                 -0.03   data required time
                                 -0.22   data arrival time
-----------------------------------------------------------------------------
                                 -0.25   slack (VIOLATED)



==========================================================================
floorplan final report_power
--------------------------------------------------------------------------
Group                  Internal  Switching    Leakage      Total
                          Power      Power      Power      Power (Watts)
----------------------------------------------------------------
Sequential             3.96e-03   0.00e+00   4.18e-07   3.96e-03 100.0%
Combinational          0.00e+00   0.00e+00   5.02e-07   5.02e-07   0.0%
Clock                  0.00e+00   0.00e+00   0.00e+00   0.00e+00   0.0%
Macro                  0.00e+00   0.00e+00   0.00e+00   0.00e+00   0.0%
Pad                    0.00e+00   0.00e+00   0.00e+00   0.00e+00   0.0%
----------------------------------------------------------------
Total                  3.96e-03   0.00e+00   9.20e-07   3.96e-03 100.0%
                         100.0%       0.0%       0.0%

==========================================================================
floorplan final report_design_area
--------------------------------------------------------------------------
Design area 45 u^2 1% utilization.

