OpenROAD v2.0-22532-gac667f3cc7 
Features included (+) or not (-): +GPU +GUI +Python
This program is licensed under the BSD-3 license. See the LICENSE file for details.
Components of this program may be licensed under more restrictive licenses which must be honored.
[INFO ODB-0227] LEF file: /project/cad-team/LX_Semicon/kmcho/EoR/pdk/Nangate45/Nangate45_tech.lef, created 22 layers, 27 vias
[INFO ODB-0227] LEF file: /project/cad-team/LX_Semicon/kmcho/EoR/pdk/Nangate45/Nangate45_stdcell.lef, created 135 library cells
[INFO IFP-0001] Added 69 rows of 510 site FreePDK45_38x28_10R_NP_162NW_34O.
Default units for flow
 time 1ns
 capacitance 1fF
 resistance 1kohm
 voltage 1v
 current 1mA
 power 1nW
 distance 1um

==========================================================================
floorplan final check_setup
--------------------------------------------------------------------------
Warning: There are 2 input ports missing set_input_delay.
Warning: There is 1 output port missing set_output_delay.
Warning: There is 1 unconstrained endpoint.

==========================================================================
floorplan final report_tns
--------------------------------------------------------------------------
tns max -1.03

==========================================================================
floorplan final report_wns
--------------------------------------------------------------------------
wns max -0.20

==========================================================================
floorplan final report_worst_slack
--------------------------------------------------------------------------
worst slack max -0.20

==========================================================================
floorplan final report_checks -path_delay min
--------------------------------------------------------------------------
[WARNING STA-0168] unknown field nets.
Startpoint: _38_ (rising edge-triggered flip-flop clocked by clk)
Endpoint: _40_ (rising edge-triggered flip-flop clocked by clk)
Path Group: clk
Path Type: min

Fanout     Cap    Slew   Delay    Time   Description
-----------------------------------------------------------------------------
                  0.00    0.00    0.00   clock clk (rise edge)
                          0.00    0.00   clock network delay (ideal)
                  0.00    0.00    0.00 ^ _38_/CK (DFF_X1)
     2    7.52    0.02    0.08    0.08 ^ _38_/QN (DFF_X1)
                  0.02    0.00    0.08 ^ _27_/A3 (NOR3_X1)
     1    1.06    0.00    0.01    0.09 v _27_/ZN (NOR3_X1)
                  0.00    0.00    0.09 v _40_/D (DFF_X1)
                                  0.09   data arrival time

                  0.00    0.00    0.00   clock clk (rise edge)
                          0.00    0.00   clock network delay (ideal)
                          0.00    0.00   clock reconvergence pessimism
                                  0.00 ^ _40_/CK (DFF_X1)
                          0.00    0.00   library hold time
                                  0.00   data required time
-----------------------------------------------------------------------------
                                  0.00   data required time
                                 -0.09   data arrival time
-----------------------------------------------------------------------------
                                  0.09   slack (MET)



==========================================================================
floorplan final report_checks -path_delay max
--------------------------------------------------------------------------
[WARNING STA-0168] unknown field nets.
Startpoint: _40_ (rising edge-triggered flip-flop clocked by clk)
Endpoint: _41_ (rising edge-triggered flip-flop clocked by clk)
Path Group: clk
Path Type: max

Fanout     Cap    Slew   Delay    Time   Description
-----------------------------------------------------------------------------
                  0.00    0.00    0.00   clock clk (rise edge)
                          0.00    0.00   clock network delay (ideal)
                  0.00    0.00    0.00 ^ _40_/CK (DFF_X1)
     3    9.06    0.02    0.10    0.10 ^ _40_/Q (DFF_X1)
                  0.02    0.00    0.10 ^ _33_/A2 (NAND4_X4)
     1    2.70    0.01    0.03    0.13 v _33_/ZN (NAND4_X4)
                  0.01    0.00    0.13 v _34_/B1 (OAI21_X2)
     1    1.73    0.01    0.02    0.15 ^ _34_/ZN (OAI21_X2)
                  0.01    0.00    0.15 ^ _35_/A2 (AND2_X2)
     1    1.14    0.01    0.03    0.18 ^ _35_/ZN (AND2_X2)
                  0.01    0.00    0.18 ^ _41_/D (DFF_X1)
                                  0.18   data arrival time

                  0.00    0.01    0.01   clock clk (rise edge)
                          0.00    0.01   clock network delay (ideal)
                          0.00    0.01   clock reconvergence pessimism
                                  0.01 ^ _41_/CK (DFF_X1)
                         -0.03   -0.02   library setup time
                                 -0.02   data required time
-----------------------------------------------------------------------------
                                 -0.02   data required time
                                 -0.18   data arrival time
-----------------------------------------------------------------------------
                                 -0.20   slack (VIOLATED)



==========================================================================
floorplan final report_checks -unconstrained
--------------------------------------------------------------------------
[WARNING STA-0168] unknown field nets.
Startpoint: _40_ (rising edge-triggered flip-flop clocked by clk)
Endpoint: _41_ (rising edge-triggered flip-flop clocked by clk)
Path Group: clk
Path Type: max

Fanout     Cap    Slew   Delay    Time   Description
-----------------------------------------------------------------------------
                  0.00    0.00    0.00   clock clk (rise edge)
                          0.00    0.00   clock network delay (ideal)
                  0.00    0.00    0.00 ^ _40_/CK (DFF_X1)
     3    9.06    0.02    0.10    0.10 ^ _40_/Q (DFF_X1)
                  0.02    0.00    0.10 ^ _33_/A2 (NAND4_X4)
     1    2.70    0.01    0.03    0.13 v _33_/ZN (NAND4_X4)
                  0.01    0.00    0.13 v _34_/B1 (OAI21_X2)
     1    1.73    0.01    0.02    0.15 ^ _34_/ZN (OAI21_X2)
                  0.01    0.00    0.15 ^ _35_/A2 (AND2_X2)
     1    1.14    0.01    0.03    0.18 ^ _35_/ZN (AND2_X2)
                  0.01    0.00    0.18 ^ _41_/D (DFF_X1)
                                  0.18   data arrival time

                  0.00    0.01    0.01   clock clk (rise edge)
                          0.00    0.01   clock network delay (ideal)
                          0.00    0.01   clock reconvergence pessimism
                                  0.01 ^ _41_/CK (DFF_X1)
                         -0.03   -0.02   library setup time
                                 -0.02   data required time
-----------------------------------------------------------------------------
                                 -0.02   data required time
                                 -0.18   data arrival time
-----------------------------------------------------------------------------
                                 -0.20   slack (VIOLATED)



==========================================================================
floorplan final report_power
--------------------------------------------------------------------------
Group                  Internal  Switching    Leakage      Total
                          Power      Power      Power      Power (Watts)
----------------------------------------------------------------
Sequential             3.94e-03   1.63e-04   4.63e-07   4.10e-03  90.2%
Combinational          2.64e-04   1.82e-04   5.01e-07   4.47e-04   9.8%
Clock                  0.00e+00   0.00e+00   0.00e+00   0.00e+00   0.0%
Macro                  0.00e+00   0.00e+00   0.00e+00   0.00e+00   0.0%
Pad                    0.00e+00   0.00e+00   0.00e+00   0.00e+00   0.0%
----------------------------------------------------------------
Total                  4.20e-03   3.45e-04   9.64e-07   4.55e-03 100.0%
                          92.4%       7.6%       0.0%

==========================================================================
floorplan final report_design_area
--------------------------------------------------------------------------
Design area 47 u^2 1% utilization.

