OpenROAD v2.0-22532-gac667f3cc7 
Features included (+) or not (-): +GPU +GUI +Python
This program is licensed under the BSD-3 license. See the LICENSE file for details.
Components of this program may be licensed under more restrictive licenses which must be honored.
[INFO ODB-0227] LEF file: /project/cad-team/LX_Semicon/kmcho/EoR/pdk/Nangate45/Nangate45_tech.lef, created 22 layers, 27 vias
[INFO ODB-0227] LEF file: /project/cad-team/LX_Semicon/kmcho/EoR/pdk/Nangate45/Nangate45_stdcell.lef, created 135 library cells
[INFO IFP-0001] Added 63 rows of 467 site FreePDK45_38x28_10R_NP_162NW_34O.
Default units for flow
 time 1ns
 capacitance 1fF
 resistance 1kohm
 voltage 1v
 current 1mA
 power 1nW
 distance 1um

==========================================================================
floorplan final check_setup
--------------------------------------------------------------------------
Warning: There is 1 input port missing set_input_delay.
Warning: There are 4 output ports missing set_output_delay.
Warning: There are 4 unconstrained endpoints.

==========================================================================
floorplan final report_tns
--------------------------------------------------------------------------
tns max -0.96

==========================================================================
floorplan final report_wns
--------------------------------------------------------------------------
wns max -0.25

==========================================================================
floorplan final report_worst_slack
--------------------------------------------------------------------------
worst slack max -0.25

==========================================================================
floorplan final report_checks -path_delay min
--------------------------------------------------------------------------
[WARNING STA-0168] unknown field nets.
Startpoint: _37_ (rising edge-triggered flip-flop clocked by clk)
Endpoint: _37_ (rising edge-triggered flip-flop clocked by clk)
Path Group: clk
Path Type: min

Fanout     Cap    Slew   Delay    Time   Description
-----------------------------------------------------------------------------
                  0.00    0.00    0.00   clock clk (rise edge)
                          0.00    0.00   clock network delay (ideal)
                  0.00    0.00    0.00 ^ _37_/CK (DFF_X1)
     1    1.55    0.01    0.06    0.06 v _37_/QN (DFF_X1)
                  0.01    0.00    0.06 v _22_/A (INV_X1)
     1    1.66    0.01    0.01    0.08 ^ _22_/ZN (INV_X1)
                  0.01    0.00    0.08 ^ _26_/A2 (NOR3_X1)
     1    1.06    0.00    0.01    0.08 v _26_/ZN (NOR3_X1)
                  0.00    0.00    0.08 v _37_/D (DFF_X1)
                                  0.08   data arrival time

                  0.00    0.00    0.00   clock clk (rise edge)
                          0.00    0.00   clock network delay (ideal)
                          0.00    0.00   clock reconvergence pessimism
                                  0.00 ^ _37_/CK (DFF_X1)
                          0.00    0.00   library hold time
                                  0.00   data required time
-----------------------------------------------------------------------------
                                  0.00   data required time
                                 -0.08   data arrival time
-----------------------------------------------------------------------------
                                  0.08   slack (MET)



==========================================================================
floorplan final report_checks -path_delay max
--------------------------------------------------------------------------
[WARNING STA-0168] unknown field nets.
Startpoint: _37_ (rising edge-triggered flip-flop clocked by clk)
Endpoint: _39_ (rising edge-triggered flip-flop clocked by clk)
Path Group: clk
Path Type: max

Fanout     Cap    Slew   Delay    Time   Description
-----------------------------------------------------------------------------
                  0.00    0.00    0.00   clock clk (rise edge)
                          0.00    0.00   clock network delay (ideal)
                  0.00    0.00    0.00 ^ _37_/CK (DFF_X1)
     3    6.37    0.02    0.10    0.10 ^ _37_/Q (DFF_X1)
                  0.02    0.00    0.10 ^ _35_/A (HA_X1)
     1    3.45    0.01    0.04    0.13 ^ _35_/CO (HA_X1)
                  0.01    0.00    0.13 ^ _36_/B (HA_X1)
     1    1.70    0.02    0.05    0.18 ^ _36_/S (HA_X1)
                  0.02    0.00    0.18 ^ _28_/A (INV_X1)
     1    1.48    0.01    0.01    0.19 v _28_/ZN (INV_X1)
                  0.01    0.00    0.19 v _29_/A2 (NOR3_X1)
     1    1.14    0.02    0.04    0.23 ^ _29_/ZN (NOR3_X1)
                  0.02    0.00    0.23 ^ _39_/D (DFF_X1)
                                  0.23   data arrival time

                  0.00    0.01    0.01   clock clk (rise edge)
                          0.00    0.01   clock network delay (ideal)
                          0.00    0.01   clock reconvergence pessimism
                                  0.01 ^ _39_/CK (DFF_X1)
                         -0.04   -0.03   library setup time
                                 -0.03   data required time
-----------------------------------------------------------------------------
                                 -0.03   data required time
                                 -0.23   data arrival time
-----------------------------------------------------------------------------
                                 -0.25   slack (VIOLATED)



==========================================================================
floorplan final report_checks -unconstrained
--------------------------------------------------------------------------
[WARNING STA-0168] unknown field nets.
Startpoint: _37_ (rising edge-triggered flip-flop clocked by clk)
Endpoint: _39_ (rising edge-triggered flip-flop clocked by clk)
Path Group: clk
Path Type: max

Fanout     Cap    Slew   Delay    Time   Description
-----------------------------------------------------------------------------
                  0.00    0.00    0.00   clock clk (rise edge)
                          0.00    0.00   clock network delay (ideal)
                  0.00    0.00    0.00 ^ _37_/CK (DFF_X1)
     3    6.37    0.02    0.10    0.10 ^ _37_/Q (DFF_X1)
                  0.02    0.00    0.10 ^ _35_/A (HA_X1)
     1    3.45    0.01    0.04    0.13 ^ _35_/CO (HA_X1)
                  0.01    0.00    0.13 ^ _36_/B (HA_X1)
     1    1.70    0.02    0.05    0.18 ^ _36_/S (HA_X1)
                  0.02    0.00    0.18 ^ _28_/A (INV_X1)
     1    1.48    0.01    0.01    0.19 v _28_/ZN (INV_X1)
                  0.01    0.00    0.19 v _29_/A2 (NOR3_X1)
     1    1.14    0.02    0.04    0.23 ^ _29_/ZN (NOR3_X1)
                  0.02    0.00    0.23 ^ _39_/D (DFF_X1)
                                  0.23   data arrival time

                  0.00    0.01    0.01   clock clk (rise edge)
                          0.00    0.01   clock network delay (ideal)
                          0.00    0.01   clock reconvergence pessimism
                                  0.01 ^ _39_/CK (DFF_X1)
                         -0.04   -0.03   library setup time
                                 -0.03   data required time
-----------------------------------------------------------------------------
                                 -0.03   data required time
                                 -0.23   data arrival time
-----------------------------------------------------------------------------
                                 -0.25   slack (VIOLATED)



==========================================================================
floorplan final report_power
--------------------------------------------------------------------------
Group                  Internal  Switching    Leakage      Total
                          Power      Power      Power      Power (Watts)
----------------------------------------------------------------
Sequential             2.67e-03   2.44e-04   3.11e-07   2.92e-03  78.4%
Combinational          5.22e-04   2.82e-04   4.97e-07   8.05e-04  21.6%
Clock                  0.00e+00   0.00e+00   0.00e+00   0.00e+00   0.0%
Macro                  0.00e+00   0.00e+00   0.00e+00   0.00e+00   0.0%
Pad                    0.00e+00   0.00e+00   0.00e+00   0.00e+00   0.0%
----------------------------------------------------------------
Total                  3.20e-03   5.26e-04   8.08e-07   3.72e-03 100.0%
                          85.8%      14.1%       0.0%

==========================================================================
floorplan final report_design_area
--------------------------------------------------------------------------
Design area 39 u^2 1% utilization.

