OpenROAD v2.0-22532-gac667f3cc7 
Features included (+) or not (-): +GPU +GUI +Python
This program is licensed under the BSD-3 license. See the LICENSE file for details.
Components of this program may be licensed under more restrictive licenses which must be honored.
[INFO ODB-0227] LEF file: /project/cad-team/LX_Semicon/kmcho/EoR/pdk/Nangate45/Nangate45_tech.lef, created 22 layers, 27 vias
[INFO ODB-0227] LEF file: /project/cad-team/LX_Semicon/kmcho/EoR/pdk/Nangate45/Nangate45_stdcell.lef, created 135 library cells
[WARNING STA-0366] port 'f_clk' not found.
[INFO IFP-0001] Added 446 rows of 3289 site FreePDK45_38x28_10R_NP_162NW_34O.
Default units for flow
 time 1ns
 capacitance 1fF
 resistance 1kohm
 voltage 1v
 current 1mA
 power 1nW
 distance 1um

==========================================================================
floorplan final check_setup
--------------------------------------------------------------------------
Warning: There are 70 input ports missing set_input_delay.
Warning: There are 37 output ports missing set_output_delay.
Warning: There are 37 unconstrained endpoints.

==========================================================================
floorplan final report_tns
--------------------------------------------------------------------------
tns max 0.00

==========================================================================
floorplan final report_wns
--------------------------------------------------------------------------
wns max 0.00

==========================================================================
floorplan final report_worst_slack
--------------------------------------------------------------------------
worst slack max INF

==========================================================================
floorplan final report_checks -path_delay min
--------------------------------------------------------------------------
[WARNING STA-0168] unknown field nets.
No paths found.

==========================================================================
floorplan final report_checks -path_delay max
--------------------------------------------------------------------------
[WARNING STA-0168] unknown field nets.
No paths found.

==========================================================================
floorplan final report_checks -unconstrained
--------------------------------------------------------------------------
[WARNING STA-0168] unknown field nets.
Startpoint: a[0] (input port)
Endpoint: zero (output port)
Path Group: unconstrained
Path Type: max

Fanout     Cap    Slew   Delay    Time   Description
-----------------------------------------------------------------------------
                          0.00    0.00 v input external delay
     3    5.48    0.00    0.00    0.00 v a[0] (in)
                  0.00    0.00    0.00 v _1703_/A (INV_X1)
     3    5.52    0.02    0.02    0.02 ^ _1703_/ZN (INV_X1)
                  0.02    0.00    0.02 ^ _1704_/A (BUF_X1)
    10   15.93    0.04    0.06    0.08 ^ _1704_/Z (BUF_X1)
                  0.04    0.00    0.08 ^ _1705_/A (BUF_X1)
    10   17.88    0.04    0.07    0.15 ^ _1705_/Z (BUF_X1)
                  0.04    0.00    0.15 ^ _1715_/A (BUF_X1)
    10   14.58    0.04    0.06    0.21 ^ _1715_/Z (BUF_X1)
                  0.04    0.00    0.21 ^ _1925_/A (BUF_X1)
    11   20.80    0.05    0.08    0.28 ^ _1925_/Z (BUF_X1)
                  0.05    0.00    0.28 ^ _2867_/A (HA_X1)
     3    5.41    0.02    0.05    0.33 ^ _2867_/CO (HA_X1)
                  0.02    0.00    0.33 ^ _2833_/CI (FA_X1)
     2    4.41    0.02    0.05    0.39 ^ _2833_/CO (FA_X1)
                  0.02    0.00    0.39 ^ _1579_/A2 (NOR2_X1)
     1    1.56    0.01    0.01    0.40 v _1579_/ZN (NOR2_X1)
                  0.01    0.00    0.40 v _1580_/A2 (NOR2_X1)
     2    3.32    0.02    0.04    0.44 ^ _1580_/ZN (NOR2_X1)
                  0.02    0.00    0.44 ^ _1586_/B1 (OAI221_X1)
     4    7.02    0.03    0.05    0.48 v _1586_/ZN (OAI221_X1)
                  0.03    0.00    0.48 v _1589_/C1 (OAI211_X1)
     3    4.89    0.04    0.05    0.54 ^ _1589_/ZN (OAI211_X1)
                  0.04    0.00    0.54 ^ _1590_/C2 (OAI211_X1)
     3    4.32    0.02    0.04    0.58 v _1590_/ZN (OAI211_X1)
                  0.02    0.00    0.58 v _1601_/C2 (AOI211_X1)
     2    4.41    0.06    0.07    0.65 ^ _1601_/ZN (AOI211_X1)
                  0.06    0.00    0.65 ^ _2793_/A2 (NOR2_X1)
     1    1.56    0.01    0.01    0.66 v _2793_/ZN (NOR2_X1)
                  0.01    0.00    0.66 v _2794_/B2 (OAI21_X1)
     1    1.66    0.02    0.03    0.70 ^ _2794_/ZN (OAI21_X1)
                  0.02    0.00    0.70 ^ _2795_/A2 (NAND2_X1)
     1    2.66    0.01    0.02    0.71 v _2795_/ZN (NAND2_X1)
                  0.01    0.00    0.71 v _2863_/CI (FA_X1)
     1    1.54    0.01    0.08    0.80 v _2863_/S (FA_X1)
                  0.01    0.00    0.80 v _2632_/A3 (NAND4_X1)
     1    1.66    0.01    0.02    0.82 ^ _2632_/ZN (NAND4_X1)
                  0.01    0.00    0.82 ^ _2633_/A4 (NAND4_X1)
     2    3.11    0.02    0.04    0.86 v _2633_/ZN (NAND4_X1)
                  0.02    0.00    0.86 v _2659_/B2 (OAI22_X1)
     1    1.66    0.03    0.05    0.91 ^ _2659_/ZN (OAI22_X1)
                  0.03    0.00    0.91 ^ _2660_/A4 (NAND4_X1)
     1    1.55    0.02    0.03    0.94 v _2660_/ZN (NAND4_X1)
                  0.02    0.00    0.94 v _2661_/A4 (NOR4_X1)
     1    0.92    0.03    0.07    1.01 ^ _2661_/ZN (NOR4_X1)
                  0.03    0.00    1.01 ^ _2663_/A3 (AND4_X1)
     1    1.65    0.01    0.06    1.08 ^ _2663_/ZN (AND4_X1)
                  0.01    0.00    1.08 ^ _2669_/A3 (AND4_X2)
     1    0.00    0.01    0.05    1.12 ^ _2669_/ZN (AND4_X2)
                  0.01    0.00    1.12 ^ zero (out)
                                  1.12   data arrival time
-----------------------------------------------------------------------------
(Path is unconstrained)



==========================================================================
floorplan final report_power
--------------------------------------------------------------------------
Group                  Internal  Switching    Leakage      Total
                          Power      Power      Power      Power (Watts)
----------------------------------------------------------------
Sequential             0.00e+00   0.00e+00   0.00e+00   0.00e+00   0.0%
Combinational          6.13e-02   4.37e-02   4.46e-05   1.05e-01 100.0%
Clock                  0.00e+00   0.00e+00   0.00e+00   0.00e+00   0.0%
Macro                  0.00e+00   0.00e+00   0.00e+00   0.00e+00   0.0%
Pad                    0.00e+00   0.00e+00   0.00e+00   0.00e+00   0.0%
----------------------------------------------------------------
Total                  6.13e-02   4.37e-02   4.46e-05   1.05e-01 100.0%
                          58.4%      41.6%       0.0%

==========================================================================
floorplan final report_design_area
--------------------------------------------------------------------------
Design area 1953 u^2 1% utilization.

