OpenROAD v2.0-22532-gac667f3cc7 
Features included (+) or not (-): +GPU +GUI +Python
This program is licensed under the BSD-3 license. See the LICENSE file for details.
Components of this program may be licensed under more restrictive licenses which must be honored.
[INFO ODB-0227] LEF file: /project/cad-team/LX_Semicon/kmcho/EoR/pdk/Nangate45/Nangate45_tech.lef, created 22 layers, 27 vias
[INFO ODB-0227] LEF file: /project/cad-team/LX_Semicon/kmcho/EoR/pdk/Nangate45/Nangate45_stdcell.lef, created 135 library cells
[WARNING STA-0366] port 'f_clk' not found.
[INFO IFP-0001] Added 435 rows of 3205 site FreePDK45_38x28_10R_NP_162NW_34O.
Default units for flow
 time 1ns
 capacitance 1fF
 resistance 1kohm
 voltage 1v
 current 1mA
 power 1nW
 distance 1um

==========================================================================
floorplan final check_setup
--------------------------------------------------------------------------
Warning: There are 70 input ports missing set_input_delay.
Warning: There are 37 output ports missing set_output_delay.
Warning: There are 37 unconstrained endpoints.

==========================================================================
floorplan final report_tns
--------------------------------------------------------------------------
tns max 0.00

==========================================================================
floorplan final report_wns
--------------------------------------------------------------------------
wns max 0.00

==========================================================================
floorplan final report_worst_slack
--------------------------------------------------------------------------
worst slack max INF

==========================================================================
floorplan final report_checks -path_delay min
--------------------------------------------------------------------------
[WARNING STA-0168] unknown field nets.
No paths found.

==========================================================================
floorplan final report_checks -path_delay max
--------------------------------------------------------------------------
[WARNING STA-0168] unknown field nets.
No paths found.

==========================================================================
floorplan final report_checks -unconstrained
--------------------------------------------------------------------------
[WARNING STA-0168] unknown field nets.
Startpoint: a[0] (input port)
Endpoint: zero (output port)
Path Group: unconstrained
Path Type: max

Fanout     Cap    Slew   Delay    Time   Description
-----------------------------------------------------------------------------
                          0.00    0.00 v input external delay
     2    4.65    0.00    0.00    0.00 v a[0] (in)
                  0.00    0.00    0.00 v _1598_/A (BUF_X2)
     5    7.54    0.01    0.03    0.03 v _1598_/Z (BUF_X2)
                  0.01    0.00    0.03 v _1615_/A (INV_X1)
     4    7.30    0.02    0.03    0.05 ^ _1615_/ZN (INV_X1)
                  0.02    0.00    0.05 ^ _1675_/A (BUF_X2)
    10   18.11    0.02    0.04    0.09 ^ _1675_/Z (BUF_X2)
                  0.02    0.00    0.09 ^ _1676_/A (BUF_X1)
    10   17.76    0.04    0.07    0.16 ^ _1676_/Z (BUF_X1)
                  0.04    0.00    0.16 ^ _1677_/A (BUF_X1)
    11   21.30    0.05    0.08    0.24 ^ _1677_/Z (BUF_X1)
                  0.05    0.00    0.24 ^ _2719_/A (HA_X1)
     4    7.07    0.02    0.06    0.29 ^ _2719_/CO (HA_X1)
                  0.02    0.00    0.29 ^ _2685_/CI (FA_X1)
     2    3.70    0.02    0.05    0.34 ^ _2685_/CO (FA_X1)
                  0.02    0.00    0.34 ^ _1477_/A2 (OR2_X1)
     1    1.68    0.01    0.03    0.37 ^ _1477_/ZN (OR2_X1)
                  0.01    0.00    0.37 ^ _1478_/B2 (AOI21_X1)
     2    2.47    0.01    0.02    0.39 v _1478_/ZN (AOI21_X1)
                  0.01    0.00    0.39 v _1485_/B1 (AOI221_X1)
     3    5.04    0.07    0.10    0.48 ^ _1485_/ZN (AOI221_X1)
                  0.07    0.00    0.48 ^ _1496_/A1 (NOR3_X1)
     1    1.56    0.02    0.01    0.49 v _1496_/ZN (NOR3_X1)
                  0.02    0.00    0.49 v _1513_/A (AOI211_X1)
     3    4.99    0.06    0.10    0.59 ^ _1513_/ZN (AOI211_X1)
                  0.06    0.00    0.59 ^ _1526_/A (INV_X1)
     2    4.19    0.02    0.02    0.61 v _1526_/ZN (INV_X1)
                  0.02    0.00    0.61 v _1527_/B2 (AOI22_X1)
     2    2.58    0.03    0.05    0.66 ^ _1527_/ZN (AOI22_X1)
                  0.03    0.00    0.66 ^ _1532_/B2 (OAI221_X1)
     3    4.66    0.02    0.05    0.71 v _1532_/ZN (OAI221_X1)
                  0.02    0.00    0.71 v _2522_/B1 (AOI221_X1)
     3    5.07    0.07    0.10    0.81 ^ _2522_/ZN (AOI221_X1)
                  0.07    0.00    0.81 ^ _2654_/A (INV_X1)
     1    2.66    0.02    0.01    0.82 v _2654_/ZN (INV_X1)
                  0.02    0.00    0.82 v _2715_/CI (FA_X1)
     3    5.08    0.02    0.08    0.90 v _2715_/CO (FA_X1)
                  0.02    0.00    0.90 v _2506_/B2 (AOI221_X1)
     1    1.56    0.04    0.08    0.98 ^ _2506_/ZN (AOI221_X1)
                  0.04    0.00    0.98 ^ _2507_/C2 (OAI221_X1)
     3    2.43    0.02    0.04    1.02 v _2507_/ZN (OAI221_X1)
                  0.02    0.00    1.02 v _2512_/A4 (NOR4_X1)
     1    1.66    0.04    0.08    1.10 ^ _2512_/ZN (NOR4_X1)
                  0.04    0.00    1.10 ^ _2513_/A4 (NAND4_X1)
     1    2.94    0.02    0.04    1.14 v _2513_/ZN (NAND4_X1)
                  0.02    0.00    1.14 v _2516_/A2 (NOR4_X2)
     1    1.65    0.03    0.06    1.20 ^ _2516_/ZN (NOR4_X2)
                  0.03    0.00    1.20 ^ _2521_/A3 (AND4_X2)
     1    0.00    0.01    0.05    1.25 ^ _2521_/ZN (AND4_X2)
                  0.01    0.00    1.25 ^ zero (out)
                                  1.25   data arrival time
-----------------------------------------------------------------------------
(Path is unconstrained)



==========================================================================
floorplan final report_power
--------------------------------------------------------------------------
Group                  Internal  Switching    Leakage      Total
                          Power      Power      Power      Power (Watts)
----------------------------------------------------------------
Sequential             0.00e+00   0.00e+00   0.00e+00   0.00e+00   0.0%
Combinational          5.88e-02   4.19e-02   4.28e-05   1.01e-01 100.0%
Clock                  0.00e+00   0.00e+00   0.00e+00   0.00e+00   0.0%
Macro                  0.00e+00   0.00e+00   0.00e+00   0.00e+00   0.0%
Pad                    0.00e+00   0.00e+00   0.00e+00   0.00e+00   0.0%
----------------------------------------------------------------
Total                  5.88e-02   4.19e-02   4.28e-05   1.01e-01 100.0%
                          58.4%      41.6%       0.0%

==========================================================================
floorplan final report_design_area
--------------------------------------------------------------------------
Design area 1855 u^2 1% utilization.

