OpenROAD v2.0-22532-gac667f3cc7 
Features included (+) or not (-): +GPU +GUI +Python
This program is licensed under the BSD-3 license. See the LICENSE file for details.
Components of this program may be licensed under more restrictive licenses which must be honored.
[INFO ODB-0227] LEF file: /project/cad-team/LX_Semicon/kmcho/EoR/pdk/Nangate45/Nangate45_tech.lef, created 22 layers, 27 vias
[INFO ODB-0227] LEF file: /project/cad-team/LX_Semicon/kmcho/EoR/pdk/Nangate45/Nangate45_stdcell.lef, created 135 library cells
[WARNING STA-0366] port 'f_clk' not found.
[INFO IFP-0001] Added 443 rows of 3269 site FreePDK45_38x28_10R_NP_162NW_34O.
Default units for flow
 time 1ns
 capacitance 1fF
 resistance 1kohm
 voltage 1v
 current 1mA
 power 1nW
 distance 1um

==========================================================================
floorplan final check_setup
--------------------------------------------------------------------------
Warning: There are 70 input ports missing set_input_delay.
Warning: There are 37 output ports missing set_output_delay.
Warning: There are 37 unconstrained endpoints.

==========================================================================
floorplan final report_tns
--------------------------------------------------------------------------
tns max 0.00

==========================================================================
floorplan final report_wns
--------------------------------------------------------------------------
wns max 0.00

==========================================================================
floorplan final report_worst_slack
--------------------------------------------------------------------------
worst slack max INF

==========================================================================
floorplan final report_checks -path_delay min
--------------------------------------------------------------------------
[WARNING STA-0168] unknown field nets.
No paths found.

==========================================================================
floorplan final report_checks -path_delay max
--------------------------------------------------------------------------
[WARNING STA-0168] unknown field nets.
No paths found.

==========================================================================
floorplan final report_checks -unconstrained
--------------------------------------------------------------------------
[WARNING STA-0168] unknown field nets.
Startpoint: a[0] (input port)
Endpoint: zero (output port)
Path Group: unconstrained
Path Type: max

Fanout     Cap    Slew   Delay    Time   Description
-----------------------------------------------------------------------------
                          0.00    0.00 v input external delay
     4    8.00    0.00    0.00    0.00 v a[0] (in)
                  0.00    0.00    0.00 v _1618_/A (INV_X1)
     5    9.02    0.02    0.03    0.03 ^ _1618_/ZN (INV_X1)
                  0.02    0.00    0.03 ^ _1619_/A (BUF_X2)
    10   18.85    0.02    0.04    0.07 ^ _1619_/Z (BUF_X2)
                  0.02    0.00    0.07 ^ _1620_/A (BUF_X1)
    10   17.42    0.04    0.06    0.14 ^ _1620_/Z (BUF_X1)
                  0.04    0.00    0.14 ^ _1621_/A (BUF_X1)
    11   21.99    0.05    0.08    0.21 ^ _1621_/Z (BUF_X1)
                  0.05    0.00    0.21 ^ _2732_/A (HA_X1)
     1    0.97    0.01    0.04    0.25 ^ _2732_/CO (HA_X1)
                  0.01    0.00    0.25 ^ _1573_/A (BUF_X1)
     5    6.83    0.02    0.03    0.29 ^ _1573_/Z (BUF_X1)
                  0.02    0.00    0.29 ^ _2664_/A (INV_X1)
     1    2.66    0.01    0.01    0.30 v _2664_/ZN (INV_X1)
                  0.01    0.00    0.30 v _2698_/CI (FA_X1)
     2    4.11    0.02    0.07    0.37 v _2698_/CO (FA_X1)
                  0.02    0.00    0.37 v _1496_/B1 (AOI21_X1)
     2    3.27    0.03    0.04    0.41 ^ _1496_/ZN (AOI21_X1)
                  0.03    0.00    0.41 ^ _1497_/A4 (NOR4_X1)
     2    2.28    0.01    0.02    0.43 v _1497_/ZN (NOR4_X1)
                  0.01    0.00    0.43 v _1502_/A3 (NOR4_X1)
     2    3.37    0.06    0.09    0.52 ^ _1502_/ZN (NOR4_X1)
                  0.06    0.00    0.52 ^ _1518_/B1 (OAI221_X1)
     5    8.02    0.03    0.06    0.58 v _1518_/ZN (OAI221_X1)
                  0.03    0.00    0.58 v _2631_/B1 (AOI221_X1)
     2    3.36    0.05    0.09    0.67 ^ _2631_/ZN (AOI221_X1)
                  0.05    0.00    0.67 ^ _2637_/B1 (OAI21_X1)
     1    1.45    0.02    0.02    0.69 v _2637_/ZN (OAI21_X1)
                  0.02    0.00    0.69 v _2638_/B1 (AOI21_X1)
     2    3.36    0.03    0.04    0.73 ^ _2638_/ZN (AOI21_X1)
                  0.03    0.00    0.73 ^ _2645_/B1 (OAI21_X1)
     1    2.66    0.01    0.02    0.75 v _2645_/ZN (OAI21_X1)
                  0.01    0.00    0.75 v _2720_/CI (FA_X1)
     1    2.13    0.01    0.07    0.82 v _2720_/CO (FA_X1)
                  0.01    0.00    0.82 v _2337_/A (XNOR2_X1)
     1    1.57    0.01    0.04    0.85 v _2337_/ZN (XNOR2_X1)
                  0.01    0.00    0.85 v _2338_/B1 (AOI221_X1)
     1    1.66    0.04    0.07    0.93 ^ _2338_/ZN (AOI221_X1)
                  0.04    0.00    0.93 ^ _2339_/B (OAI211_X1)
     1    1.40    0.02    0.03    0.96 v _2339_/ZN (OAI211_X1)
                  0.02    0.00    0.96 v _2353_/A1 (OAI33_X1)
     2    2.62    0.06    0.05    1.01 ^ _2353_/ZN (OAI33_X1)
                  0.06    0.00    1.01 ^ _2531_/A3 (AND4_X1)
     1    1.52    0.01    0.07    1.08 ^ _2531_/ZN (AND4_X1)
                  0.01    0.00    1.08 ^ _2537_/A1 (NAND4_X1)
     1    5.80    0.03    0.04    1.12 v _2537_/ZN (NAND4_X1)
                  0.03    0.00    1.12 v _2538_/A4 (NOR4_X4)
     1    0.00    0.03    0.07    1.19 ^ _2538_/ZN (NOR4_X4)
                  0.03    0.00    1.19 ^ zero (out)
                                  1.19   data arrival time
-----------------------------------------------------------------------------
(Path is unconstrained)



==========================================================================
floorplan final report_power
--------------------------------------------------------------------------
Group                  Internal  Switching    Leakage      Total
                          Power      Power      Power      Power (Watts)
----------------------------------------------------------------
Sequential             0.00e+00   0.00e+00   0.00e+00   0.00e+00   0.0%
Combinational          6.13e-02   4.27e-02   4.53e-05   1.04e-01 100.0%
Clock                  0.00e+00   0.00e+00   0.00e+00   0.00e+00   0.0%
Macro                  0.00e+00   0.00e+00   0.00e+00   0.00e+00   0.0%
Pad                    0.00e+00   0.00e+00   0.00e+00   0.00e+00   0.0%
----------------------------------------------------------------
Total                  6.13e-02   4.27e-02   4.53e-05   1.04e-01 100.0%
                          58.9%      41.0%       0.0%

==========================================================================
floorplan final report_design_area
--------------------------------------------------------------------------
Design area 1930 u^2 1% utilization.

