OpenROAD v2.0-22532-gac667f3cc7 
Features included (+) or not (-): +GPU +GUI +Python
This program is licensed under the BSD-3 license. See the LICENSE file for details.
Components of this program may be licensed under more restrictive licenses which must be honored.
[INFO ODB-0227] LEF file: /project/cad-team/LX_Semicon/kmcho/EoR/pdk/Nangate45/Nangate45_tech.lef, created 22 layers, 27 vias
[INFO ODB-0227] LEF file: /project/cad-team/LX_Semicon/kmcho/EoR/pdk/Nangate45/Nangate45_stdcell.lef, created 135 library cells
[INFO IFP-0001] Added 202 rows of 1490 site FreePDK45_38x28_10R_NP_162NW_34O.
Default units for flow
 time 1ns
 capacitance 1fF
 resistance 1kohm
 voltage 1v
 current 1mA
 power 1nW
 distance 1um

==========================================================================
floorplan final check_setup
--------------------------------------------------------------------------
Warning: There are 9 input ports missing set_input_delay.
Warning: There are 25 output ports missing set_output_delay.
Warning: There are 25 unconstrained endpoints.

==========================================================================
floorplan final report_tns
--------------------------------------------------------------------------
tns max -10.50

==========================================================================
floorplan final report_wns
--------------------------------------------------------------------------
wns max -0.25

==========================================================================
floorplan final report_worst_slack
--------------------------------------------------------------------------
worst slack max -0.25

==========================================================================
floorplan final report_checks -path_delay min
--------------------------------------------------------------------------
[WARNING STA-0168] unknown field nets.
Startpoint: _340_ (rising edge-triggered flip-flop clocked by clk)
Endpoint: _350_ (rising edge-triggered flip-flop clocked by clk)
Path Group: clk
Path Type: min

Fanout     Cap    Slew   Delay    Time   Description
-----------------------------------------------------------------------------
                  0.00    0.00    0.00   clock clk (rise edge)
                          0.00    0.00   clock network delay (ideal)
                  0.00    0.00    0.00 ^ _340_/CK (DFF_X1)
     1    1.50    0.01    0.06    0.06 v _340_/QN (DFF_X1)
                  0.01    0.00    0.06 v _233_/A2 (NAND2_X1)
     1    1.68    0.01    0.02    0.08 ^ _233_/ZN (NAND2_X1)
                  0.01    0.00    0.08 ^ _234_/B2 (AOI21_X1)
     1    1.06    0.01    0.01    0.09 v _234_/ZN (AOI21_X1)
                  0.01    0.00    0.09 v _350_/D (DFF_X1)
                                  0.09   data arrival time

                  0.00    0.00    0.00   clock clk (rise edge)
                          0.00    0.00   clock network delay (ideal)
                          0.00    0.00   clock reconvergence pessimism
                                  0.00 ^ _350_/CK (DFF_X1)
                          0.00    0.00   library hold time
                                  0.00   data required time
-----------------------------------------------------------------------------
                                  0.00   data required time
                                 -0.09   data arrival time
-----------------------------------------------------------------------------
                                  0.09   slack (MET)



==========================================================================
floorplan final report_checks -path_delay max
--------------------------------------------------------------------------
[WARNING STA-0168] unknown field nets.
Startpoint: _350_ (rising edge-triggered flip-flop clocked by clk)
Endpoint: _367_ (rising edge-triggered flip-flop clocked by clk)
Path Group: clk
Path Type: max

Fanout     Cap    Slew   Delay    Time   Description
-----------------------------------------------------------------------------
                  0.00    0.00    0.00   clock clk (rise edge)
                          0.00    0.00   clock network delay (ideal)
                  0.00    0.00    0.00 ^ _350_/CK (DFF_X1)
     1    3.40    0.01    0.09    0.09 ^ _350_/Q (DFF_X1)
                  0.01    0.00    0.09 ^ _194_/A (BUF_X4)
     4   11.31    0.01    0.02    0.11 ^ _194_/Z (BUF_X4)
                  0.01    0.00    0.11 ^ _235_/A2 (AND2_X4)
     1   12.41    0.01    0.03    0.15 ^ _235_/ZN (AND2_X4)
                  0.01    0.00    0.15 ^ _236_/A (BUF_X16)
     6   45.77    0.01    0.03    0.17 ^ _236_/Z (BUF_X16)
                  0.01    0.00    0.17 ^ _272_/A (BUF_X16)
    10   16.64    0.01    0.02    0.19 ^ _272_/Z (BUF_X16)
                  0.01    0.00    0.19 ^ _291_/A2 (NAND2_X1)
     1    2.73    0.01    0.01    0.21 v _291_/ZN (NAND2_X1)
                  0.01    0.00    0.21 v _293_/B1 (AOI21_X2)
     1    1.14    0.02    0.02    0.23 ^ _293_/ZN (AOI21_X2)
                  0.02    0.00    0.23 ^ _367_/D (DFF_X1)
                                  0.23   data arrival time

                  0.00    0.01    0.01   clock clk (rise edge)
                          0.00    0.01   clock network delay (ideal)
                          0.00    0.01   clock reconvergence pessimism
                                  0.01 ^ _367_/CK (DFF_X1)
                         -0.03   -0.02   library setup time
                                 -0.02   data required time
-----------------------------------------------------------------------------
                                 -0.02   data required time
                                 -0.23   data arrival time
-----------------------------------------------------------------------------
                                 -0.25   slack (VIOLATED)



==========================================================================
floorplan final report_checks -unconstrained
--------------------------------------------------------------------------
[WARNING STA-0168] unknown field nets.
Startpoint: _350_ (rising edge-triggered flip-flop clocked by clk)
Endpoint: _367_ (rising edge-triggered flip-flop clocked by clk)
Path Group: clk
Path Type: max

Fanout     Cap    Slew   Delay    Time   Description
-----------------------------------------------------------------------------
                  0.00    0.00    0.00   clock clk (rise edge)
                          0.00    0.00   clock network delay (ideal)
                  0.00    0.00    0.00 ^ _350_/CK (DFF_X1)
     1    3.40    0.01    0.09    0.09 ^ _350_/Q (DFF_X1)
                  0.01    0.00    0.09 ^ _194_/A (BUF_X4)
     4   11.31    0.01    0.02    0.11 ^ _194_/Z (BUF_X4)
                  0.01    0.00    0.11 ^ _235_/A2 (AND2_X4)
     1   12.41    0.01    0.03    0.15 ^ _235_/ZN (AND2_X4)
                  0.01    0.00    0.15 ^ _236_/A (BUF_X16)
     6   45.77    0.01    0.03    0.17 ^ _236_/Z (BUF_X16)
                  0.01    0.00    0.17 ^ _272_/A (BUF_X16)
    10   16.64    0.01    0.02    0.19 ^ _272_/Z (BUF_X16)
                  0.01    0.00    0.19 ^ _291_/A2 (NAND2_X1)
     1    2.73    0.01    0.01    0.21 v _291_/ZN (NAND2_X1)
                  0.01    0.00    0.21 v _293_/B1 (AOI21_X2)
     1    1.14    0.02    0.02    0.23 ^ _293_/ZN (AOI21_X2)
                  0.02    0.00    0.23 ^ _367_/D (DFF_X1)
                                  0.23   data arrival time

                  0.00    0.01    0.01   clock clk (rise edge)
                          0.00    0.01   clock network delay (ideal)
                          0.00    0.01   clock reconvergence pessimism
                                  0.01 ^ _367_/CK (DFF_X1)
                         -0.03   -0.02   library setup time
                                 -0.02   data required time
-----------------------------------------------------------------------------
                                 -0.02   data required time
                                 -0.23   data arrival time
-----------------------------------------------------------------------------
                                 -0.25   slack (VIOLATED)



==========================================================================
floorplan final report_power
--------------------------------------------------------------------------
Group                  Internal  Switching    Leakage      Total
                          Power      Power      Power      Power (Watts)
----------------------------------------------------------------
Sequential             3.04e-02   4.99e-04   3.37e-06   3.09e-02  87.0%
Combinational          2.21e-03   2.39e-03   6.42e-06   4.61e-03  13.0%
Clock                  0.00e+00   0.00e+00   0.00e+00   0.00e+00   0.0%
Macro                  0.00e+00   0.00e+00   0.00e+00   0.00e+00   0.0%
Pad                    0.00e+00   0.00e+00   0.00e+00   0.00e+00   0.0%
----------------------------------------------------------------
Total                  3.26e-02   2.89e-03   9.79e-06   3.55e-02 100.0%
                          91.8%       8.1%       0.0%

==========================================================================
floorplan final report_design_area
--------------------------------------------------------------------------
Design area 401 u^2 1% utilization.

