OpenROAD v2.0-22532-gac667f3cc7 
Features included (+) or not (-): +GPU +GUI +Python
This program is licensed under the BSD-3 license. See the LICENSE file for details.
Components of this program may be licensed under more restrictive licenses which must be honored.
[INFO ODB-0227] LEF file: /project/cad-team/LX_Semicon/kmcho/EoR/pdk/Nangate45/Nangate45_tech.lef, created 22 layers, 27 vias
[INFO ODB-0227] LEF file: /project/cad-team/LX_Semicon/kmcho/EoR/pdk/Nangate45/Nangate45_stdcell.lef, created 135 library cells
[INFO IFP-0001] Added 161 rows of 1188 site FreePDK45_38x28_10R_NP_162NW_34O.
Default units for flow
 time 1ns
 capacitance 1fF
 resistance 1kohm
 voltage 1v
 current 1mA
 power 1nW
 distance 1um

==========================================================================
floorplan final check_setup
--------------------------------------------------------------------------
Warning: There are 9 input ports missing set_input_delay.
Warning: There are 25 output ports missing set_output_delay.
Warning: There are 25 unconstrained endpoints.

==========================================================================
floorplan final report_tns
--------------------------------------------------------------------------
tns max -6.53

==========================================================================
floorplan final report_wns
--------------------------------------------------------------------------
wns max -0.25

==========================================================================
floorplan final report_worst_slack
--------------------------------------------------------------------------
worst slack max -0.25

==========================================================================
floorplan final report_checks -path_delay min
--------------------------------------------------------------------------
[WARNING STA-0168] unknown field nets.
Startpoint: _237_ (rising edge-triggered flip-flop clocked by clk)
Endpoint: _237_ (rising edge-triggered flip-flop clocked by clk)
Path Group: clk
Path Type: min

Fanout     Cap    Slew   Delay    Time   Description
-----------------------------------------------------------------------------
                  0.00    0.00    0.00   clock clk (rise edge)
                          0.00    0.00   clock network delay (ideal)
                  0.00    0.00    0.00 ^ _237_/CK (DFF_X1)
     2    1.55    0.01    0.08    0.08 v _237_/Q (DFF_X1)
                  0.01    0.00    0.08 v _200_/A (INV_X1)
     1    1.65    0.01    0.01    0.09 ^ _200_/ZN (INV_X1)
                  0.01    0.00    0.09 ^ _201_/B1 (AOI21_X1)
     1    1.06    0.01    0.01    0.10 v _201_/ZN (AOI21_X1)
                  0.01    0.00    0.10 v _237_/D (DFF_X1)
                                  0.10   data arrival time

                  0.00    0.00    0.00   clock clk (rise edge)
                          0.00    0.00   clock network delay (ideal)
                          0.00    0.00   clock reconvergence pessimism
                                  0.00 ^ _237_/CK (DFF_X1)
                          0.00    0.00   library hold time
                                  0.00   data required time
-----------------------------------------------------------------------------
                                  0.00   data required time
                                 -0.10   data arrival time
-----------------------------------------------------------------------------
                                  0.10   slack (MET)



==========================================================================
floorplan final report_checks -path_delay max
--------------------------------------------------------------------------
[WARNING STA-0168] unknown field nets.
Startpoint: _233_ (rising edge-triggered flip-flop clocked by clk)
Endpoint: _222_ (rising edge-triggered flip-flop clocked by clk)
Path Group: clk
Path Type: max

Fanout     Cap    Slew   Delay    Time   Description
-----------------------------------------------------------------------------
                  0.00    0.00    0.00   clock clk (rise edge)
                          0.00    0.00   clock network delay (ideal)
                  0.00    0.00    0.00 ^ _233_/CK (DFF_X1)
     1    5.81    0.01    0.09    0.09 v _233_/Q (DFF_X1)
                  0.01    0.00    0.09 v _130_/A (BUF_X8)
    10   26.04    0.01    0.03    0.11 v _130_/Z (BUF_X8)
                  0.01    0.00    0.11 v _164_/A1 (OR2_X4)
     1   11.00    0.01    0.04    0.16 v _164_/ZN (OR2_X4)
                  0.01    0.00    0.16 v _165_/A (BUF_X16)
     9   30.29    0.01    0.03    0.18 v _165_/Z (BUF_X16)
                  0.01    0.00    0.18 v _166_/B1 (OAI21_X2)
     1    3.48    0.02    0.03    0.21 ^ _166_/ZN (OAI21_X2)
                  0.02    0.00    0.21 ^ _167_/B2 (AOI21_X2)
     1    1.06    0.01    0.01    0.22 v _167_/ZN (AOI21_X2)
                  0.01    0.00    0.22 v _222_/D (DFF_X1)
                                  0.22   data arrival time

                  0.00    0.01    0.01   clock clk (rise edge)
                          0.00    0.01   clock network delay (ideal)
                          0.00    0.01   clock reconvergence pessimism
                                  0.01 ^ _222_/CK (DFF_X1)
                         -0.04   -0.03   library setup time
                                 -0.03   data required time
-----------------------------------------------------------------------------
                                 -0.03   data required time
                                 -0.22   data arrival time
-----------------------------------------------------------------------------
                                 -0.25   slack (VIOLATED)



==========================================================================
floorplan final report_checks -unconstrained
--------------------------------------------------------------------------
[WARNING STA-0168] unknown field nets.
Startpoint: _233_ (rising edge-triggered flip-flop clocked by clk)
Endpoint: _222_ (rising edge-triggered flip-flop clocked by clk)
Path Group: clk
Path Type: max

Fanout     Cap    Slew   Delay    Time   Description
-----------------------------------------------------------------------------
                  0.00    0.00    0.00   clock clk (rise edge)
                          0.00    0.00   clock network delay (ideal)
                  0.00    0.00    0.00 ^ _233_/CK (DFF_X1)
     1    5.81    0.01    0.09    0.09 v _233_/Q (DFF_X1)
                  0.01    0.00    0.09 v _130_/A (BUF_X8)
    10   26.04    0.01    0.03    0.11 v _130_/Z (BUF_X8)
                  0.01    0.00    0.11 v _164_/A1 (OR2_X4)
     1   11.00    0.01    0.04    0.16 v _164_/ZN (OR2_X4)
                  0.01    0.00    0.16 v _165_/A (BUF_X16)
     9   30.29    0.01    0.03    0.18 v _165_/Z (BUF_X16)
                  0.01    0.00    0.18 v _166_/B1 (OAI21_X2)
     1    3.48    0.02    0.03    0.21 ^ _166_/ZN (OAI21_X2)
                  0.02    0.00    0.21 ^ _167_/B2 (AOI21_X2)
     1    1.06    0.01    0.01    0.22 v _167_/ZN (AOI21_X2)
                  0.01    0.00    0.22 v _222_/D (DFF_X1)
                                  0.22   data arrival time

                  0.00    0.01    0.01   clock clk (rise edge)
                          0.00    0.01   clock network delay (ideal)
                          0.00    0.01   clock reconvergence pessimism
                                  0.01 ^ _222_/CK (DFF_X1)
                         -0.04   -0.03   library setup time
                                 -0.03   data required time
-----------------------------------------------------------------------------
                                 -0.03   data required time
                                 -0.22   data arrival time
-----------------------------------------------------------------------------
                                 -0.25   slack (VIOLATED)



==========================================================================
floorplan final report_power
--------------------------------------------------------------------------
Group                  Internal  Switching    Leakage      Total
                          Power      Power      Power      Power (Watts)
----------------------------------------------------------------
Sequential             1.90e-02   2.41e-04   2.16e-06   1.93e-02  77.3%
Combinational          2.86e-03   2.79e-03   3.47e-06   5.65e-03  22.7%
Clock                  0.00e+00   0.00e+00   0.00e+00   0.00e+00   0.0%
Macro                  0.00e+00   0.00e+00   0.00e+00   0.00e+00   0.0%
Pad                    0.00e+00   0.00e+00   0.00e+00   0.00e+00   0.0%
----------------------------------------------------------------
Total                  2.19e-02   3.03e-03   5.62e-06   2.49e-02 100.0%
                          87.8%      12.2%       0.0%

==========================================================================
floorplan final report_design_area
--------------------------------------------------------------------------
Design area 255 u^2 1% utilization.

