OpenROAD v2.0-22532-gac667f3cc7 
Features included (+) or not (-): +GPU +GUI +Python
This program is licensed under the BSD-3 license. See the LICENSE file for details.
Components of this program may be licensed under more restrictive licenses which must be honored.
[INFO ODB-0227] LEF file: /project/cad-team/LX_Semicon/kmcho/EoR/pdk/Nangate45/Nangate45_tech.lef, created 22 layers, 27 vias
[INFO ODB-0227] LEF file: /project/cad-team/LX_Semicon/kmcho/EoR/pdk/Nangate45/Nangate45_stdcell.lef, created 135 library cells
[INFO IFP-0001] Added 91 rows of 673 site FreePDK45_38x28_10R_NP_162NW_34O.
Default units for flow
 time 1ns
 capacitance 1fF
 resistance 1kohm
 voltage 1v
 current 1mA
 power 1nW
 distance 1um

==========================================================================
floorplan final check_setup
--------------------------------------------------------------------------
Warning: There are 4 input ports missing set_input_delay.
Warning: There are 3 output ports missing set_output_delay.
Warning: There are 3 unconstrained endpoints.

==========================================================================
floorplan final report_tns
--------------------------------------------------------------------------
tns max -2.12

==========================================================================
floorplan final report_wns
--------------------------------------------------------------------------
wns max -0.27

==========================================================================
floorplan final report_worst_slack
--------------------------------------------------------------------------
worst slack max -0.27

==========================================================================
floorplan final report_checks -path_delay min
--------------------------------------------------------------------------
[WARNING STA-0168] unknown field nets.
Startpoint: _69_ (rising edge-triggered flip-flop clocked by clk)
Endpoint: _69_ (rising edge-triggered flip-flop clocked by clk)
Path Group: clk
Path Type: min

Fanout     Cap    Slew   Delay    Time   Description
-----------------------------------------------------------------------------
                  0.00    0.00    0.00   clock clk (rise edge)
                          0.00    0.00   clock network delay (ideal)
                  0.00    0.00    0.00 ^ _69_/CK (DFF_X1)
     1    1.66    0.01    0.06    0.06 ^ _69_/QN (DFF_X1)
                  0.01    0.00    0.06 ^ _57_/A1 (AND2_X2)
     1    1.14    0.01    0.03    0.09 ^ _57_/ZN (AND2_X2)
                  0.01    0.00    0.09 ^ _69_/D (DFF_X1)
                                  0.09   data arrival time

                  0.00    0.00    0.00   clock clk (rise edge)
                          0.00    0.00   clock network delay (ideal)
                          0.00    0.00   clock reconvergence pessimism
                                  0.00 ^ _69_/CK (DFF_X1)
                          0.00    0.00   library hold time
                                  0.00   data required time
-----------------------------------------------------------------------------
                                  0.00   data required time
                                 -0.09   data arrival time
-----------------------------------------------------------------------------
                                  0.08   slack (MET)



==========================================================================
floorplan final report_checks -path_delay max
--------------------------------------------------------------------------
[WARNING STA-0168] unknown field nets.
Startpoint: _70_ (rising edge-triggered flip-flop clocked by clk)
Endpoint: _69_ (rising edge-triggered flip-flop clocked by clk)
Path Group: clk
Path Type: max

Fanout     Cap    Slew   Delay    Time   Description
-----------------------------------------------------------------------------
                  0.00    0.00    0.00   clock clk (rise edge)
                          0.00    0.00   clock network delay (ideal)
                  0.00    0.00    0.00 ^ _70_/CK (DFF_X1)
     1    3.34    0.01    0.08    0.08 v _70_/Q (DFF_X1)
                  0.01    0.00    0.08 v _60_/B (HA_X1)
     1    3.34    0.01    0.03    0.11 v _60_/CO (HA_X1)
                  0.01    0.00    0.11 v _61_/B (HA_X1)
     3   10.88    0.01    0.04    0.16 v _61_/CO (HA_X1)
                  0.01    0.00    0.16 v _45_/A3 (NOR3_X4)
     3    6.84    0.03    0.05    0.21 ^ _45_/ZN (NOR3_X4)
                  0.03    0.00    0.21 ^ _57_/A2 (AND2_X2)
     1    1.14    0.01    0.03    0.24 ^ _57_/ZN (AND2_X2)
                  0.01    0.00    0.24 ^ _69_/D (DFF_X1)
                                  0.24   data arrival time

                  0.00    0.01    0.01   clock clk (rise edge)
                          0.00    0.01   clock network delay (ideal)
                          0.00    0.01   clock reconvergence pessimism
                                  0.01 ^ _69_/CK (DFF_X1)
                         -0.03   -0.02   library setup time
                                 -0.02   data required time
-----------------------------------------------------------------------------
                                 -0.02   data required time
                                 -0.24   data arrival time
-----------------------------------------------------------------------------
                                 -0.27   slack (VIOLATED)



==========================================================================
floorplan final report_checks -unconstrained
--------------------------------------------------------------------------
[WARNING STA-0168] unknown field nets.
Startpoint: _70_ (rising edge-triggered flip-flop clocked by clk)
Endpoint: _69_ (rising edge-triggered flip-flop clocked by clk)
Path Group: clk
Path Type: max

Fanout     Cap    Slew   Delay    Time   Description
-----------------------------------------------------------------------------
                  0.00    0.00    0.00   clock clk (rise edge)
                          0.00    0.00   clock network delay (ideal)
                  0.00    0.00    0.00 ^ _70_/CK (DFF_X1)
     1    3.34    0.01    0.08    0.08 v _70_/Q (DFF_X1)
                  0.01    0.00    0.08 v _60_/B (HA_X1)
     1    3.34    0.01    0.03    0.11 v _60_/CO (HA_X1)
                  0.01    0.00    0.11 v _61_/B (HA_X1)
     3   10.88    0.01    0.04    0.16 v _61_/CO (HA_X1)
                  0.01    0.00    0.16 v _45_/A3 (NOR3_X4)
     3    6.84    0.03    0.05    0.21 ^ _45_/ZN (NOR3_X4)
                  0.03    0.00    0.21 ^ _57_/A2 (AND2_X2)
     1    1.14    0.01    0.03    0.24 ^ _57_/ZN (AND2_X2)
                  0.01    0.00    0.24 ^ _69_/D (DFF_X1)
                                  0.24   data arrival time

                  0.00    0.01    0.01   clock clk (rise edge)
                          0.00    0.01   clock network delay (ideal)
                          0.00    0.01   clock reconvergence pessimism
                                  0.01 ^ _69_/CK (DFF_X1)
                         -0.03   -0.02   library setup time
                                 -0.02   data required time
-----------------------------------------------------------------------------
                                 -0.02   data required time
                                 -0.24   data arrival time
-----------------------------------------------------------------------------
                                 -0.27   slack (VIOLATED)



==========================================================================
floorplan final report_power
--------------------------------------------------------------------------
Group                  Internal  Switching    Leakage      Total
                          Power      Power      Power      Power (Watts)
----------------------------------------------------------------
Sequential             6.71e-03   6.31e-05   7.67e-07   6.77e-03  91.7%
Combinational          3.33e-04   2.80e-04   9.53e-07   6.14e-04   8.3%
Clock                  0.00e+00   0.00e+00   0.00e+00   0.00e+00   0.0%
Macro                  0.00e+00   0.00e+00   0.00e+00   0.00e+00   0.0%
Pad                    0.00e+00   0.00e+00   0.00e+00   0.00e+00   0.0%
----------------------------------------------------------------
Total                  7.04e-03   3.43e-04   1.72e-06   7.39e-03 100.0%
                          95.3%       4.6%       0.0%

==========================================================================
floorplan final report_design_area
--------------------------------------------------------------------------
Design area 82 u^2 1% utilization.

