OpenROAD v2.0-22532-gac667f3cc7 
Features included (+) or not (-): +GPU +GUI +Python
This program is licensed under the BSD-3 license. See the LICENSE file for details.
Components of this program may be licensed under more restrictive licenses which must be honored.
[INFO ODB-0227] LEF file: /project/cad-team/LX_Semicon/kmcho/EoR/pdk/Nangate45/Nangate45_tech.lef, created 22 layers, 27 vias
[INFO ODB-0227] LEF file: /project/cad-team/LX_Semicon/kmcho/EoR/pdk/Nangate45/Nangate45_stdcell.lef, created 135 library cells
[INFO IFP-0001] Added 47 rows of 351 site FreePDK45_38x28_10R_NP_162NW_34O.
Default units for flow
 time 1ns
 capacitance 1fF
 resistance 1kohm
 voltage 1v
 current 1mA
 power 1nW
 distance 1um

==========================================================================
floorplan final check_setup
--------------------------------------------------------------------------
Warning: There are 2 input ports missing set_input_delay.
Warning: There is 1 output port missing set_output_delay.
Warning: There are 2 unconstrained endpoints.

==========================================================================
floorplan final report_tns
--------------------------------------------------------------------------
tns max -0.40

==========================================================================
floorplan final report_wns
--------------------------------------------------------------------------
wns max -0.13

==========================================================================
floorplan final report_worst_slack
--------------------------------------------------------------------------
worst slack max -0.13

==========================================================================
floorplan final report_checks -path_delay min
--------------------------------------------------------------------------
[WARNING STA-0168] unknown field nets.
Startpoint: _12_ (rising edge-triggered flip-flop clocked by clk)
Endpoint: _13_ (rising edge-triggered flip-flop clocked by clk)
Path Group: clk
Path Type: min

Fanout     Cap    Slew   Delay    Time   Description
-----------------------------------------------------------------------------
                  0.00    0.00    0.00   clock clk (rise edge)
                          0.00    0.00   clock network delay (ideal)
                  0.00    0.00    0.00 ^ _12_/CK (DFF_X1)
     1    0.89    0.01    0.08    0.08 v _12_/Q (DFF_X1)
                  0.01    0.00    0.08 v _09_/A2 (AND2_X1)
     1    1.06    0.01    0.03    0.10 v _09_/ZN (AND2_X1)
                  0.01    0.00    0.10 v _13_/D (DFF_X1)
                                  0.10   data arrival time

                  0.00    0.00    0.00   clock clk (rise edge)
                          0.00    0.00   clock network delay (ideal)
                          0.00    0.00   clock reconvergence pessimism
                                  0.00 ^ _13_/CK (DFF_X1)
                          0.00    0.00   library hold time
                                  0.00   data required time
-----------------------------------------------------------------------------
                                  0.00   data required time
                                 -0.10   data arrival time
-----------------------------------------------------------------------------
                                  0.10   slack (MET)



==========================================================================
floorplan final report_checks -path_delay max
--------------------------------------------------------------------------
[WARNING STA-0168] unknown field nets.
Startpoint: _12_ (rising edge-triggered flip-flop clocked by clk)
Endpoint: _13_ (rising edge-triggered flip-flop clocked by clk)
Path Group: clk
Path Type: max

Fanout     Cap    Slew   Delay    Time   Description
-----------------------------------------------------------------------------
                  0.00    0.00    0.00   clock clk (rise edge)
                          0.00    0.00   clock network delay (ideal)
                  0.00    0.00    0.00 ^ _12_/CK (DFF_X1)
     1    0.89    0.01    0.08    0.08 v _12_/Q (DFF_X1)
                  0.01    0.00    0.08 v _09_/A2 (AND2_X1)
     1    1.06    0.01    0.03    0.10 v _09_/ZN (AND2_X1)
                  0.01    0.00    0.10 v _13_/D (DFF_X1)
                                  0.10   data arrival time

                  0.00    0.01    0.01   clock clk (rise edge)
                          0.00    0.01   clock network delay (ideal)
                          0.00    0.01   clock reconvergence pessimism
                                  0.01 ^ _13_/CK (DFF_X1)
                         -0.04   -0.03   library setup time
                                 -0.03   data required time
-----------------------------------------------------------------------------
                                 -0.03   data required time
                                 -0.10   data arrival time
-----------------------------------------------------------------------------
                                 -0.13   slack (VIOLATED)



==========================================================================
floorplan final report_checks -unconstrained
--------------------------------------------------------------------------
[WARNING STA-0168] unknown field nets.
Startpoint: _12_ (rising edge-triggered flip-flop clocked by clk)
Endpoint: _13_ (rising edge-triggered flip-flop clocked by clk)
Path Group: clk
Path Type: max

Fanout     Cap    Slew   Delay    Time   Description
-----------------------------------------------------------------------------
                  0.00    0.00    0.00   clock clk (rise edge)
                          0.00    0.00   clock network delay (ideal)
                  0.00    0.00    0.00 ^ _12_/CK (DFF_X1)
     1    0.89    0.01    0.08    0.08 v _12_/Q (DFF_X1)
                  0.01    0.00    0.08 v _09_/A2 (AND2_X1)
     1    1.06    0.01    0.03    0.10 v _09_/ZN (AND2_X1)
                  0.01    0.00    0.10 v _13_/D (DFF_X1)
                                  0.10   data arrival time

                  0.00    0.01    0.01   clock clk (rise edge)
                          0.00    0.01   clock network delay (ideal)
                          0.00    0.01   clock reconvergence pessimism
                                  0.01 ^ _13_/CK (DFF_X1)
                         -0.04   -0.03   library setup time
                                 -0.03   data required time
-----------------------------------------------------------------------------
                                 -0.03   data required time
                                 -0.10   data arrival time
-----------------------------------------------------------------------------
                                 -0.13   slack (VIOLATED)



==========================================================================
floorplan final report_power
--------------------------------------------------------------------------
Group                  Internal  Switching    Leakage      Total
                          Power      Power      Power      Power (Watts)
----------------------------------------------------------------
Sequential             2.52e-03   1.33e-05   3.10e-07   2.53e-03  96.9%
Combinational          6.27e-05   1.77e-05   9.05e-08   8.04e-05   3.1%
Clock                  0.00e+00   0.00e+00   0.00e+00   0.00e+00   0.0%
Macro                  0.00e+00   0.00e+00   0.00e+00   0.00e+00   0.0%
Pad                    0.00e+00   0.00e+00   0.00e+00   0.00e+00   0.0%
----------------------------------------------------------------
Total                  2.58e-03   3.09e-05   4.01e-07   2.61e-03 100.0%
                          98.8%       1.2%       0.0%

==========================================================================
floorplan final report_design_area
--------------------------------------------------------------------------
Design area 22 u^2 1% utilization.

