OpenROAD v2.0-22532-gac667f3cc7 
Features included (+) or not (-): +GPU +GUI +Python
This program is licensed under the BSD-3 license. See the LICENSE file for details.
Components of this program may be licensed under more restrictive licenses which must be honored.
[INFO ODB-0227] LEF file: /project/cad-team/LX_Semicon/kmcho/EoR/pdk/Nangate45/Nangate45_tech.lef, created 22 layers, 27 vias
[INFO ODB-0227] LEF file: /project/cad-team/LX_Semicon/kmcho/EoR/pdk/Nangate45/Nangate45_stdcell.lef, created 135 library cells
[WARNING STA-0366] port 'f_clk' not found.
[INFO IFP-0001] Added 66 rows of 491 site FreePDK45_38x28_10R_NP_162NW_34O.
Default units for flow
 time 1ns
 capacitance 1fF
 resistance 1kohm
 voltage 1v
 current 1mA
 power 1nW
 distance 1um

==========================================================================
floorplan final check_setup
--------------------------------------------------------------------------
Warning: There are 27 input ports missing set_input_delay.
Warning: There are 4 output ports missing set_output_delay.
Warning: There are 4 unconstrained endpoints.

==========================================================================
floorplan final report_tns
--------------------------------------------------------------------------
tns max 0.00

==========================================================================
floorplan final report_wns
--------------------------------------------------------------------------
wns max 0.00

==========================================================================
floorplan final report_worst_slack
--------------------------------------------------------------------------
worst slack max INF

==========================================================================
floorplan final report_checks -path_delay min
--------------------------------------------------------------------------
[WARNING STA-0168] unknown field nets.
No paths found.

==========================================================================
floorplan final report_checks -path_delay max
--------------------------------------------------------------------------
[WARNING STA-0168] unknown field nets.
No paths found.

==========================================================================
floorplan final report_checks -unconstrained
--------------------------------------------------------------------------
[WARNING STA-0168] unknown field nets.
Startpoint: sel[0] (input port)
Endpoint: out[1] (output port)
Path Group: unconstrained
Path Type: max

Fanout     Cap    Slew   Delay    Time   Description
-----------------------------------------------------------------------------
                          0.00    0.00 ^ input external delay
     1    3.40    0.00    0.00    0.00 ^ sel[0] (in)
                  0.00    0.00    0.00 ^ _26_/A (BUF_X4)
     5   13.22    0.01    0.02    0.02 ^ _26_/Z (BUF_X4)
                  0.01    0.00    0.02 ^ _33_/A (BUF_X8)
    10   17.73    0.01    0.02    0.04 ^ _33_/Z (BUF_X8)
                  0.01    0.00    0.04 ^ _43_/S (MUX2_X1)
     1    1.50    0.01    0.06    0.10 v _43_/Z (MUX2_X1)
                  0.01    0.00    0.10 v _44_/C2 (AOI222_X1)
     1    1.70    0.05    0.09    0.19 ^ _44_/ZN (AOI222_X1)
                  0.05    0.00    0.19 ^ _45_/A (INV_X1)
     1    0.00    0.01    0.00    0.20 v _45_/ZN (INV_X1)
                  0.01    0.00    0.20 v out[1] (out)
                                  0.20   data arrival time
-----------------------------------------------------------------------------
(Path is unconstrained)



==========================================================================
floorplan final report_power
--------------------------------------------------------------------------
Group                  Internal  Switching    Leakage      Total
                          Power      Power      Power      Power (Watts)
----------------------------------------------------------------
Sequential             0.00e+00   0.00e+00   0.00e+00   0.00e+00   0.0%
Combinational          1.25e-03   5.97e-04   1.06e-06   1.85e-03 100.0%
Clock                  0.00e+00   0.00e+00   0.00e+00   0.00e+00   0.0%
Macro                  0.00e+00   0.00e+00   0.00e+00   0.00e+00   0.0%
Pad                    0.00e+00   0.00e+00   0.00e+00   0.00e+00   0.0%
----------------------------------------------------------------
Total                  1.25e-03   5.97e-04   1.06e-06   1.85e-03 100.0%
                          67.7%      32.3%       0.1%

==========================================================================
floorplan final report_design_area
--------------------------------------------------------------------------
Design area 44 u^2 1% utilization.

