OpenROAD v2.0-22532-gac667f3cc7 
Features included (+) or not (-): +GPU +GUI +Python
This program is licensed under the BSD-3 license. See the LICENSE file for details.
Components of this program may be licensed under more restrictive licenses which must be honored.
[INFO ODB-0227] LEF file: /project/cad-team/LX_Semicon/kmcho/EoR/pdk/Nangate45/Nangate45_tech.lef, created 22 layers, 27 vias
[INFO ODB-0227] LEF file: /project/cad-team/LX_Semicon/kmcho/EoR/pdk/Nangate45/Nangate45_stdcell.lef, created 135 library cells
[INFO IFP-0001] Added 329 rows of 2425 site FreePDK45_38x28_10R_NP_162NW_34O.
Default units for flow
 time 1ns
 capacitance 1fF
 resistance 1kohm
 voltage 1v
 current 1mA
 power 1nW
 distance 1um

==========================================================================
floorplan final check_setup
--------------------------------------------------------------------------
Warning: There are 18 input ports missing set_input_delay.
Warning: There are 17 output ports missing set_output_delay.
Warning: There are 18 unconstrained endpoints.

==========================================================================
floorplan final report_tns
--------------------------------------------------------------------------
tns max -33.34

==========================================================================
floorplan final report_wns
--------------------------------------------------------------------------
wns max -0.55

==========================================================================
floorplan final report_worst_slack
--------------------------------------------------------------------------
worst slack max -0.55

==========================================================================
floorplan final report_checks -path_delay min
--------------------------------------------------------------------------
[WARNING STA-0168] unknown field nets.
Startpoint: _847_ (rising edge-triggered flip-flop clocked by clk)
Endpoint: _834_ (rising edge-triggered flip-flop clocked by clk)
Path Group: clk
Path Type: min

Fanout     Cap    Slew   Delay    Time   Description
-----------------------------------------------------------------------------
                  0.00    0.00    0.00   clock clk (rise edge)
                          0.00    0.00   clock network delay (ideal)
                  0.00    0.00    0.00 ^ _847_/CK (DFFR_X1)
     1    1.05    0.01    0.08    0.08 v _847_/Q (DFFR_X1)
                  0.01    0.00    0.08 v _834_/D (DFFR_X1)
                                  0.08   data arrival time

                  0.00    0.00    0.00   clock clk (rise edge)
                          0.00    0.00   clock network delay (ideal)
                          0.00    0.00   clock reconvergence pessimism
                                  0.00 ^ _834_/CK (DFFR_X1)
                          0.00    0.00   library hold time
                                  0.00   data required time
-----------------------------------------------------------------------------
                                  0.00   data required time
                                 -0.08   data arrival time
-----------------------------------------------------------------------------
                                  0.08   slack (MET)



==========================================================================
floorplan final report_checks -path_delay max
--------------------------------------------------------------------------
[WARNING STA-0168] unknown field nets.
Startpoint: _920_ (rising edge-triggered flip-flop clocked by clk)
Endpoint: _855_ (rising edge-triggered flip-flop clocked by clk)
Path Group: clk
Path Type: max

Fanout     Cap    Slew   Delay    Time   Description
-----------------------------------------------------------------------------
                  0.00    0.00    0.00   clock clk (rise edge)
                          0.00    0.00   clock network delay (ideal)
                  0.00    0.00    0.00 ^ _920_/CK (DFFR_X1)
     1    0.97    0.01    0.10    0.10 ^ _920_/Q (DFFR_X1)
                  0.01    0.00    0.10 ^ _601_/A (BUF_X1)
     9   10.12    0.03    0.04    0.14 ^ _601_/Z (BUF_X1)
                  0.03    0.00    0.14 ^ _735_/A2 (AND2_X1)
     1    3.45    0.01    0.04    0.18 ^ _735_/ZN (AND2_X1)
                  0.01    0.00    0.18 ^ _831_/B (HA_X1)
     1    3.75    0.01    0.04    0.22 ^ _831_/CO (HA_X1)
                  0.01    0.00    0.22 ^ _777_/A (FA_X1)
     2    5.42    0.02    0.06    0.28 ^ _777_/CO (FA_X1)
                  0.02    0.00    0.28 ^ _616_/B2 (AOI21_X1)
     1    1.46    0.01    0.02    0.29 v _616_/ZN (AOI21_X1)
                  0.01    0.00    0.29 v _618_/B1 (OAI21_X1)
     2    5.40    0.04    0.05    0.34 ^ _618_/ZN (OAI21_X1)
                  0.04    0.00    0.34 ^ _619_/A3 (NAND3_X1)
     2    2.28    0.01    0.03    0.36 v _619_/ZN (NAND3_X1)
                  0.01    0.00    0.36 v _675_/A1 (AND2_X1)
     1    3.61    0.01    0.03    0.40 v _675_/ZN (AND2_X1)
                  0.01    0.00    0.40 v _780_/A (FA_X1)
     1    2.18    0.01    0.07    0.47 v _780_/CO (FA_X1)
                  0.01    0.00    0.47 v _676_/A (XOR2_X1)
     1    1.05    0.01    0.05    0.52 v _676_/Z (XOR2_X1)
                  0.01    0.00    0.52 v _855_/D (DFFR_X1)
                                  0.52   data arrival time

                  0.00    0.01    0.01   clock clk (rise edge)
                          0.00    0.01   clock network delay (ideal)
                          0.00    0.01   clock reconvergence pessimism
                                  0.01 ^ _855_/CK (DFFR_X1)
                         -0.04   -0.03   library setup time
                                 -0.03   data required time
-----------------------------------------------------------------------------
                                 -0.03   data required time
                                 -0.52   data arrival time
-----------------------------------------------------------------------------
                                 -0.55   slack (VIOLATED)



==========================================================================
floorplan final report_checks -unconstrained
--------------------------------------------------------------------------
[WARNING STA-0168] unknown field nets.
Startpoint: _920_ (rising edge-triggered flip-flop clocked by clk)
Endpoint: _855_ (rising edge-triggered flip-flop clocked by clk)
Path Group: clk
Path Type: max

Fanout     Cap    Slew   Delay    Time   Description
-----------------------------------------------------------------------------
                  0.00    0.00    0.00   clock clk (rise edge)
                          0.00    0.00   clock network delay (ideal)
                  0.00    0.00    0.00 ^ _920_/CK (DFFR_X1)
     1    0.97    0.01    0.10    0.10 ^ _920_/Q (DFFR_X1)
                  0.01    0.00    0.10 ^ _601_/A (BUF_X1)
     9   10.12    0.03    0.04    0.14 ^ _601_/Z (BUF_X1)
                  0.03    0.00    0.14 ^ _735_/A2 (AND2_X1)
     1    3.45    0.01    0.04    0.18 ^ _735_/ZN (AND2_X1)
                  0.01    0.00    0.18 ^ _831_/B (HA_X1)
     1    3.75    0.01    0.04    0.22 ^ _831_/CO (HA_X1)
                  0.01    0.00    0.22 ^ _777_/A (FA_X1)
     2    5.42    0.02    0.06    0.28 ^ _777_/CO (FA_X1)
                  0.02    0.00    0.28 ^ _616_/B2 (AOI21_X1)
     1    1.46    0.01    0.02    0.29 v _616_/ZN (AOI21_X1)
                  0.01    0.00    0.29 v _618_/B1 (OAI21_X1)
     2    5.40    0.04    0.05    0.34 ^ _618_/ZN (OAI21_X1)
                  0.04    0.00    0.34 ^ _619_/A3 (NAND3_X1)
     2    2.28    0.01    0.03    0.36 v _619_/ZN (NAND3_X1)
                  0.01    0.00    0.36 v _675_/A1 (AND2_X1)
     1    3.61    0.01    0.03    0.40 v _675_/ZN (AND2_X1)
                  0.01    0.00    0.40 v _780_/A (FA_X1)
     1    2.18    0.01    0.07    0.47 v _780_/CO (FA_X1)
                  0.01    0.00    0.47 v _676_/A (XOR2_X1)
     1    1.05    0.01    0.05    0.52 v _676_/Z (XOR2_X1)
                  0.01    0.00    0.52 v _855_/D (DFFR_X1)
                                  0.52   data arrival time

                  0.00    0.01    0.01   clock clk (rise edge)
                          0.00    0.01   clock network delay (ideal)
                          0.00    0.01   clock reconvergence pessimism
                                  0.01 ^ _855_/CK (DFFR_X1)
                         -0.04   -0.03   library setup time
                                 -0.03   data required time
-----------------------------------------------------------------------------
                                 -0.03   data required time
                                 -0.52   data arrival time
-----------------------------------------------------------------------------
                                 -0.55   slack (VIOLATED)



==========================================================================
floorplan final report_power
--------------------------------------------------------------------------
Group                  Internal  Switching    Leakage      Total
                          Power      Power      Power      Power (Watts)
----------------------------------------------------------------
Sequential             9.50e-02   9.65e-03   8.61e-06   1.05e-01  61.2%
Combinational          4.26e-02   2.38e-02   1.12e-05   6.64e-02  38.8%
Clock                  0.00e+00   0.00e+00   0.00e+00   0.00e+00   0.0%
Macro                  0.00e+00   0.00e+00   0.00e+00   0.00e+00   0.0%
Pad                    0.00e+00   0.00e+00   0.00e+00   0.00e+00   0.0%
----------------------------------------------------------------
Total                  1.38e-01   3.34e-02   1.98e-05   1.71e-01 100.0%
                          80.4%      19.6%       0.0%

==========================================================================
floorplan final report_design_area
--------------------------------------------------------------------------
Design area 1062 u^2 1% utilization.

