OpenROAD v2.0-22532-gac667f3cc7 
Features included (+) or not (-): +GPU +GUI +Python
This program is licensed under the BSD-3 license. See the LICENSE file for details.
Components of this program may be licensed under more restrictive licenses which must be honored.
[INFO ODB-0227] LEF file: /project/cad-team/LX_Semicon/kmcho/EoR/pdk/Nangate45/Nangate45_tech.lef, created 22 layers, 27 vias
[INFO ODB-0227] LEF file: /project/cad-team/LX_Semicon/kmcho/EoR/pdk/Nangate45/Nangate45_stdcell.lef, created 135 library cells
[INFO IFP-0001] Added 334 rows of 2465 site FreePDK45_38x28_10R_NP_162NW_34O.
Default units for flow
 time 1ns
 capacitance 1fF
 resistance 1kohm
 voltage 1v
 current 1mA
 power 1nW
 distance 1um

==========================================================================
floorplan final check_setup
--------------------------------------------------------------------------
Warning: There are 18 input ports missing set_input_delay.
Warning: There are 17 output ports missing set_output_delay.
Warning: There are 18 unconstrained endpoints.

==========================================================================
floorplan final report_tns
--------------------------------------------------------------------------
tns max -34.19

==========================================================================
floorplan final report_wns
--------------------------------------------------------------------------
wns max -0.56

==========================================================================
floorplan final report_worst_slack
--------------------------------------------------------------------------
worst slack max -0.56

==========================================================================
floorplan final report_checks -path_delay min
--------------------------------------------------------------------------
[WARNING STA-0168] unknown field nets.
Startpoint: _859_ (rising edge-triggered flip-flop clocked by clk)
Endpoint: _869_ (rising edge-triggered flip-flop clocked by clk)
Path Group: clk
Path Type: min

Fanout     Cap    Slew   Delay    Time   Description
-----------------------------------------------------------------------------
                  0.00    0.00    0.00   clock clk (rise edge)
                          0.00    0.00   clock network delay (ideal)
                  0.00    0.00    0.00 ^ _859_/CK (DFFR_X1)
     1    1.05    0.01    0.08    0.08 v _859_/Q (DFFR_X1)
                  0.01    0.00    0.08 v _869_/D (DFFR_X1)
                                  0.08   data arrival time

                  0.00    0.00    0.00   clock clk (rise edge)
                          0.00    0.00   clock network delay (ideal)
                          0.00    0.00   clock reconvergence pessimism
                                  0.00 ^ _869_/CK (DFFR_X1)
                          0.00    0.00   library hold time
                                  0.00   data required time
-----------------------------------------------------------------------------
                                  0.00   data required time
                                 -0.08   data arrival time
-----------------------------------------------------------------------------
                                  0.08   slack (MET)



==========================================================================
floorplan final report_checks -path_delay max
--------------------------------------------------------------------------
[WARNING STA-0168] unknown field nets.
Startpoint: _941_ (rising edge-triggered flip-flop clocked by clk)
Endpoint: _856_ (rising edge-triggered flip-flop clocked by clk)
Path Group: clk
Path Type: max

Fanout     Cap    Slew   Delay    Time   Description
-----------------------------------------------------------------------------
                  0.00    0.00    0.00   clock clk (rise edge)
                          0.00    0.00   clock network delay (ideal)
                  0.00    0.00    0.00 ^ _941_/CK (DFFR_X1)
     1    0.88    0.01    0.08    0.08 v _941_/Q (DFFR_X1)
                  0.01    0.00    0.08 v _611_/A (BUF_X1)
     9    9.28    0.01    0.04    0.12 v _611_/Z (BUF_X1)
                  0.01    0.00    0.12 v _750_/A2 (AND2_X1)
     1    3.34    0.01    0.04    0.16 v _750_/ZN (AND2_X1)
                  0.01    0.00    0.16 v _846_/B (HA_X1)
     1    3.61    0.01    0.03    0.19 v _846_/CO (HA_X1)
                  0.01    0.00    0.19 v _792_/A (FA_X1)
     2    5.02    0.02    0.08    0.27 v _792_/CO (FA_X1)
                  0.02    0.00    0.27 v _624_/B2 (AOI21_X1)
     1    3.10    0.03    0.04    0.31 ^ _624_/ZN (AOI21_X1)
                  0.03    0.00    0.31 ^ _626_/B1 (OAI21_X2)
     3    6.63    0.01    0.02    0.33 v _626_/ZN (OAI21_X2)
                  0.01    0.00    0.33 v _685_/B1 (AOI221_X1)
     1    3.75    0.06    0.09    0.42 ^ _685_/ZN (AOI221_X1)
                  0.06    0.00    0.42 ^ _795_/A (FA_X1)
     1    1.55    0.01    0.10    0.52 v _795_/S (FA_X1)
                  0.01    0.00    0.52 v _704_/A (INV_X1)
     1    1.13    0.01    0.01    0.54 ^ _704_/ZN (INV_X1)
                  0.01    0.00    0.54 ^ _856_/D (DFFR_X1)
                                  0.54   data arrival time

                  0.00    0.01    0.01   clock clk (rise edge)
                          0.00    0.01   clock network delay (ideal)
                          0.00    0.01   clock reconvergence pessimism
                                  0.01 ^ _856_/CK (DFFR_X1)
                         -0.03   -0.02   library setup time
                                 -0.02   data required time
-----------------------------------------------------------------------------
                                 -0.02   data required time
                                 -0.54   data arrival time
-----------------------------------------------------------------------------
                                 -0.56   slack (VIOLATED)



==========================================================================
floorplan final report_checks -unconstrained
--------------------------------------------------------------------------
[WARNING STA-0168] unknown field nets.
Startpoint: _941_ (rising edge-triggered flip-flop clocked by clk)
Endpoint: _856_ (rising edge-triggered flip-flop clocked by clk)
Path Group: clk
Path Type: max

Fanout     Cap    Slew   Delay    Time   Description
-----------------------------------------------------------------------------
                  0.00    0.00    0.00   clock clk (rise edge)
                          0.00    0.00   clock network delay (ideal)
                  0.00    0.00    0.00 ^ _941_/CK (DFFR_X1)
     1    0.88    0.01    0.08    0.08 v _941_/Q (DFFR_X1)
                  0.01    0.00    0.08 v _611_/A (BUF_X1)
     9    9.28    0.01    0.04    0.12 v _611_/Z (BUF_X1)
                  0.01    0.00    0.12 v _750_/A2 (AND2_X1)
     1    3.34    0.01    0.04    0.16 v _750_/ZN (AND2_X1)
                  0.01    0.00    0.16 v _846_/B (HA_X1)
     1    3.61    0.01    0.03    0.19 v _846_/CO (HA_X1)
                  0.01    0.00    0.19 v _792_/A (FA_X1)
     2    5.02    0.02    0.08    0.27 v _792_/CO (FA_X1)
                  0.02    0.00    0.27 v _624_/B2 (AOI21_X1)
     1    3.10    0.03    0.04    0.31 ^ _624_/ZN (AOI21_X1)
                  0.03    0.00    0.31 ^ _626_/B1 (OAI21_X2)
     3    6.63    0.01    0.02    0.33 v _626_/ZN (OAI21_X2)
                  0.01    0.00    0.33 v _685_/B1 (AOI221_X1)
     1    3.75    0.06    0.09    0.42 ^ _685_/ZN (AOI221_X1)
                  0.06    0.00    0.42 ^ _795_/A (FA_X1)
     1    1.55    0.01    0.10    0.52 v _795_/S (FA_X1)
                  0.01    0.00    0.52 v _704_/A (INV_X1)
     1    1.13    0.01    0.01    0.54 ^ _704_/ZN (INV_X1)
                  0.01    0.00    0.54 ^ _856_/D (DFFR_X1)
                                  0.54   data arrival time

                  0.00    0.01    0.01   clock clk (rise edge)
                          0.00    0.01   clock network delay (ideal)
                          0.00    0.01   clock reconvergence pessimism
                                  0.01 ^ _856_/CK (DFFR_X1)
                         -0.03   -0.02   library setup time
                                 -0.02   data required time
-----------------------------------------------------------------------------
                                 -0.02   data required time
                                 -0.54   data arrival time
-----------------------------------------------------------------------------
                                 -0.56   slack (VIOLATED)



==========================================================================
floorplan final report_power
--------------------------------------------------------------------------
Group                  Internal  Switching    Leakage      Total
                          Power      Power      Power      Power (Watts)
----------------------------------------------------------------
Sequential             9.71e-02   9.61e-03   9.04e-06   1.07e-01  61.1%
Combinational          4.31e-02   2.48e-02   1.15e-05   6.79e-02  38.9%
Clock                  0.00e+00   0.00e+00   0.00e+00   0.00e+00   0.0%
Macro                  0.00e+00   0.00e+00   0.00e+00   0.00e+00   0.0%
Pad                    0.00e+00   0.00e+00   0.00e+00   0.00e+00   0.0%
----------------------------------------------------------------
Total                  1.40e-01   3.45e-02   2.06e-05   1.75e-01 100.0%
                          80.3%      19.7%       0.0%

==========================================================================
floorplan final report_design_area
--------------------------------------------------------------------------
Design area 1097 u^2 1% utilization.

