OpenROAD v2.0-22532-gac667f3cc7 
Features included (+) or not (-): +GPU +GUI +Python
This program is licensed under the BSD-3 license. See the LICENSE file for details.
Components of this program may be licensed under more restrictive licenses which must be honored.
[INFO ODB-0227] LEF file: /project/cad-team/LX_Semicon/kmcho/EoR/pdk/Nangate45/Nangate45_tech.lef, created 22 layers, 27 vias
[INFO ODB-0227] LEF file: /project/cad-team/LX_Semicon/kmcho/EoR/pdk/Nangate45/Nangate45_stdcell.lef, created 135 library cells
[INFO IFP-0001] Added 344 rows of 2535 site FreePDK45_38x28_10R_NP_162NW_34O.
Default units for flow
 time 1ns
 capacitance 1fF
 resistance 1kohm
 voltage 1v
 current 1mA
 power 1nW
 distance 1um

==========================================================================
floorplan final check_setup
--------------------------------------------------------------------------
Warning: There are 18 input ports missing set_input_delay.
Warning: There are 17 output ports missing set_output_delay.
Warning: There are 18 unconstrained endpoints.

==========================================================================
floorplan final report_tns
--------------------------------------------------------------------------
tns max -37.15

==========================================================================
floorplan final report_wns
--------------------------------------------------------------------------
wns max -0.56

==========================================================================
floorplan final report_worst_slack
--------------------------------------------------------------------------
worst slack max -0.56

==========================================================================
floorplan final report_checks -path_delay min
--------------------------------------------------------------------------
[WARNING STA-0168] unknown field nets.
Startpoint: _965_ (rising edge-triggered flip-flop clocked by clk)
Endpoint: _924_ (rising edge-triggered flip-flop clocked by clk)
Path Group: clk
Path Type: min

Fanout     Cap    Slew   Delay    Time   Description
-----------------------------------------------------------------------------
                  0.00    0.00    0.00   clock clk (rise edge)
                          0.00    0.00   clock network delay (ideal)
                  0.00    0.00    0.00 ^ _965_/CK (DFFR_X1)
     1    1.05    0.01    0.08    0.08 v _965_/Q (DFFR_X1)
                  0.01    0.00    0.08 v _924_/D (DFFR_X1)
                                  0.08   data arrival time

                  0.00    0.00    0.00   clock clk (rise edge)
                          0.00    0.00   clock network delay (ideal)
                          0.00    0.00   clock reconvergence pessimism
                                  0.00 ^ _924_/CK (DFFR_X1)
                          0.00    0.00   library hold time
                                  0.00   data required time
-----------------------------------------------------------------------------
                                  0.00   data required time
                                 -0.08   data arrival time
-----------------------------------------------------------------------------
                                  0.08   slack (MET)



==========================================================================
floorplan final report_checks -path_delay max
--------------------------------------------------------------------------
[WARNING STA-0168] unknown field nets.
Startpoint: _979_ (rising edge-triggered flip-flop clocked by clk)
Endpoint: _884_ (rising edge-triggered flip-flop clocked by clk)
Path Group: clk
Path Type: max

Fanout     Cap    Slew   Delay    Time   Description
-----------------------------------------------------------------------------
                  0.00    0.00    0.00   clock clk (rise edge)
                          0.00    0.00   clock network delay (ideal)
                  0.00    0.00    0.00 ^ _979_/CK (DFFR_X1)
     1    0.88    0.01    0.08    0.08 v _979_/Q (DFFR_X1)
                  0.01    0.00    0.08 v _579_/A (BUF_X1)
     9    8.00    0.01    0.04    0.12 v _579_/Z (BUF_X1)
                  0.01    0.00    0.12 v _778_/A2 (AND2_X1)
     1    3.34    0.01    0.04    0.15 v _778_/ZN (AND2_X1)
                  0.01    0.00    0.15 v _874_/B (HA_X1)
     1    3.61    0.01    0.03    0.19 v _874_/CO (HA_X1)
                  0.01    0.00    0.19 v _820_/A (FA_X1)
     2    5.02    0.02    0.08    0.27 v _820_/CO (FA_X1)
                  0.02    0.00    0.27 v _652_/B2 (AOI21_X1)
     1    3.10    0.03    0.04    0.31 ^ _652_/ZN (AOI21_X1)
                  0.03    0.00    0.31 ^ _654_/B1 (OAI21_X2)
     3    6.63    0.01    0.02    0.33 v _654_/ZN (OAI21_X2)
                  0.01    0.00    0.33 v _713_/B1 (AOI221_X1)
     1    3.75    0.06    0.09    0.42 ^ _713_/ZN (AOI221_X1)
                  0.06    0.00    0.42 ^ _823_/A (FA_X1)
     1    1.55    0.01    0.10    0.52 v _823_/S (FA_X1)
                  0.01    0.00    0.52 v _726_/A (INV_X1)
     1    1.13    0.01    0.01    0.53 ^ _726_/ZN (INV_X1)
                  0.01    0.00    0.53 ^ _884_/D (DFFR_X1)
                                  0.53   data arrival time

                  0.00    0.01    0.01   clock clk (rise edge)
                          0.00    0.01   clock network delay (ideal)
                          0.00    0.01   clock reconvergence pessimism
                                  0.01 ^ _884_/CK (DFFR_X1)
                         -0.03   -0.02   library setup time
                                 -0.02   data required time
-----------------------------------------------------------------------------
                                 -0.02   data required time
                                 -0.53   data arrival time
-----------------------------------------------------------------------------
                                 -0.56   slack (VIOLATED)



==========================================================================
floorplan final report_checks -unconstrained
--------------------------------------------------------------------------
[WARNING STA-0168] unknown field nets.
Startpoint: _979_ (rising edge-triggered flip-flop clocked by clk)
Endpoint: _884_ (rising edge-triggered flip-flop clocked by clk)
Path Group: clk
Path Type: max

Fanout     Cap    Slew   Delay    Time   Description
-----------------------------------------------------------------------------
                  0.00    0.00    0.00   clock clk (rise edge)
                          0.00    0.00   clock network delay (ideal)
                  0.00    0.00    0.00 ^ _979_/CK (DFFR_X1)
     1    0.88    0.01    0.08    0.08 v _979_/Q (DFFR_X1)
                  0.01    0.00    0.08 v _579_/A (BUF_X1)
     9    8.00    0.01    0.04    0.12 v _579_/Z (BUF_X1)
                  0.01    0.00    0.12 v _778_/A2 (AND2_X1)
     1    3.34    0.01    0.04    0.15 v _778_/ZN (AND2_X1)
                  0.01    0.00    0.15 v _874_/B (HA_X1)
     1    3.61    0.01    0.03    0.19 v _874_/CO (HA_X1)
                  0.01    0.00    0.19 v _820_/A (FA_X1)
     2    5.02    0.02    0.08    0.27 v _820_/CO (FA_X1)
                  0.02    0.00    0.27 v _652_/B2 (AOI21_X1)
     1    3.10    0.03    0.04    0.31 ^ _652_/ZN (AOI21_X1)
                  0.03    0.00    0.31 ^ _654_/B1 (OAI21_X2)
     3    6.63    0.01    0.02    0.33 v _654_/ZN (OAI21_X2)
                  0.01    0.00    0.33 v _713_/B1 (AOI221_X1)
     1    3.75    0.06    0.09    0.42 ^ _713_/ZN (AOI221_X1)
                  0.06    0.00    0.42 ^ _823_/A (FA_X1)
     1    1.55    0.01    0.10    0.52 v _823_/S (FA_X1)
                  0.01    0.00    0.52 v _726_/A (INV_X1)
     1    1.13    0.01    0.01    0.53 ^ _726_/ZN (INV_X1)
                  0.01    0.00    0.53 ^ _884_/D (DFFR_X1)
                                  0.53   data arrival time

                  0.00    0.01    0.01   clock clk (rise edge)
                          0.00    0.01   clock network delay (ideal)
                          0.00    0.01   clock reconvergence pessimism
                                  0.01 ^ _884_/CK (DFFR_X1)
                         -0.03   -0.02   library setup time
                                 -0.02   data required time
-----------------------------------------------------------------------------
                                 -0.02   data required time
                                 -0.53   data arrival time
-----------------------------------------------------------------------------
                                 -0.56   slack (VIOLATED)



==========================================================================
floorplan final report_power
--------------------------------------------------------------------------
Group                  Internal  Switching    Leakage      Total
                          Power      Power      Power      Power (Watts)
----------------------------------------------------------------
Sequential             1.11e-01   9.58e-03   1.00e-05   1.21e-01  63.9%
Combinational          4.31e-02   2.53e-02   1.15e-05   6.85e-02  36.1%
Clock                  0.00e+00   0.00e+00   0.00e+00   0.00e+00   0.0%
Macro                  0.00e+00   0.00e+00   0.00e+00   0.00e+00   0.0%
Pad                    0.00e+00   0.00e+00   0.00e+00   0.00e+00   0.0%
----------------------------------------------------------------
Total                  1.55e-01   3.49e-02   2.16e-05   1.90e-01 100.0%
                          81.6%      18.4%       0.0%

==========================================================================
floorplan final report_design_area
--------------------------------------------------------------------------
Design area 1161 u^2 1% utilization.

