OpenROAD v2.0-22532-gac667f3cc7 
Features included (+) or not (-): +GPU +GUI +Python
This program is licensed under the BSD-3 license. See the LICENSE file for details.
Components of this program may be licensed under more restrictive licenses which must be honored.
[INFO ODB-0227] LEF file: /project/cad-team/LX_Semicon/kmcho/EoR/pdk/Nangate45/Nangate45_tech.lef, created 22 layers, 27 vias
[INFO ODB-0227] LEF file: /project/cad-team/LX_Semicon/kmcho/EoR/pdk/Nangate45/Nangate45_stdcell.lef, created 135 library cells
[INFO IFP-0001] Added 356 rows of 2624 site FreePDK45_38x28_10R_NP_162NW_34O.
Default units for flow
 time 1ns
 capacitance 1fF
 resistance 1kohm
 voltage 1v
 current 1mA
 power 1nW
 distance 1um

==========================================================================
floorplan final check_setup
--------------------------------------------------------------------------
Warning: There are 18 input ports missing set_input_delay.
Warning: There are 17 output ports missing set_output_delay.
Warning: There are 18 unconstrained endpoints.

==========================================================================
floorplan final report_tns
--------------------------------------------------------------------------
tns max -39.86

==========================================================================
floorplan final report_wns
--------------------------------------------------------------------------
wns max -0.59

==========================================================================
floorplan final report_worst_slack
--------------------------------------------------------------------------
worst slack max -0.59

==========================================================================
floorplan final report_checks -path_delay min
--------------------------------------------------------------------------
[WARNING STA-0168] unknown field nets.
Startpoint: _1123_ (rising edge-triggered flip-flop clocked by clk)
Endpoint: _1103_ (rising edge-triggered flip-flop clocked by clk)
Path Group: clk
Path Type: min

Fanout     Cap    Slew   Delay    Time   Description
-----------------------------------------------------------------------------
                  0.00    0.00    0.00   clock clk (rise edge)
                          0.00    0.00   clock network delay (ideal)
                  0.00    0.00    0.00 ^ _1123_/CK (DFFR_X1)
     2    1.93    0.01    0.08    0.08 v _1123_/Q (DFFR_X1)
                  0.01    0.00    0.08 v _1103_/D (DFFR_X1)
                                  0.08   data arrival time

                  0.00    0.00    0.00   clock clk (rise edge)
                          0.00    0.00   clock network delay (ideal)
                          0.00    0.00   clock reconvergence pessimism
                                  0.00 ^ _1103_/CK (DFFR_X1)
                          0.00    0.00   library hold time
                                  0.00   data required time
-----------------------------------------------------------------------------
                                  0.00   data required time
                                 -0.08   data arrival time
-----------------------------------------------------------------------------
                                  0.08   slack (MET)



==========================================================================
floorplan final report_checks -path_delay max
--------------------------------------------------------------------------
[WARNING STA-0168] unknown field nets.
Startpoint: _1125_ (rising edge-triggered flip-flop clocked by clk)
Endpoint: _1078_ (rising edge-triggered flip-flop clocked by clk)
Path Group: clk
Path Type: max

Fanout     Cap    Slew   Delay    Time   Description
-----------------------------------------------------------------------------
                  0.00    0.00    0.00   clock clk (rise edge)
                          0.00    0.00   clock network delay (ideal)
                  0.00    0.00    0.00 ^ _1125_/CK (DFFR_X1)
     1    0.97    0.01    0.10    0.10 ^ _1125_/Q (DFFR_X1)
                  0.01    0.00    0.10 ^ _0935_/A (BUF_X1)
     9   11.07    0.03    0.04    0.14 ^ _0935_/Z (BUF_X1)
                  0.03    0.00    0.14 ^ _0956_/A2 (AND2_X1)
     1    3.45    0.01    0.04    0.18 ^ _0956_/ZN (AND2_X1)
                  0.01    0.00    0.18 ^ _1036_/B (HA_X1)
     1    1.70    0.01    0.03    0.22 ^ _1036_/CO (HA_X1)
                  0.01    0.00    0.22 ^ _0960_/A (INV_X1)
     1    3.61    0.01    0.01    0.23 v _0960_/ZN (INV_X1)
                  0.01    0.00    0.23 v _0995_/A (FA_X1)
     2    5.15    0.02    0.08    0.31 v _0995_/CO (FA_X1)
                  0.02    0.00    0.31 v _0768_/A (INV_X1)
     1    1.68    0.01    0.02    0.32 ^ _0768_/ZN (INV_X1)
                  0.01    0.00    0.32 ^ _0769_/B2 (AOI21_X1)
     1    1.46    0.01    0.01    0.34 v _0769_/ZN (AOI21_X1)
                  0.01    0.00    0.34 v _0771_/B1 (OAI21_X1)
     2    3.26    0.03    0.03    0.37 ^ _0771_/ZN (OAI21_X1)
                  0.03    0.00    0.37 ^ _0785_/B1 (AOI221_X4)
     1    3.61    0.01    0.06    0.43 v _0785_/ZN (AOI221_X4)
                  0.01    0.00    0.43 v _0998_/A (FA_X1)
     1    2.13    0.01    0.07    0.50 v _0998_/CO (FA_X1)
                  0.01    0.00    0.50 v _0788_/A (XNOR2_X1)
     1    1.56    0.01    0.04    0.54 v _0788_/ZN (XNOR2_X1)
                  0.01    0.00    0.54 v _0789_/A2 (NOR2_X1)
     1    1.13    0.01    0.03    0.57 ^ _0789_/ZN (NOR2_X1)
                  0.01    0.00    0.57 ^ _1078_/D (DFFR_X1)
                                  0.57   data arrival time

                  0.00    0.01    0.01   clock clk (rise edge)
                          0.00    0.01   clock network delay (ideal)
                          0.00    0.01   clock reconvergence pessimism
                                  0.01 ^ _1078_/CK (DFFR_X1)
                         -0.03   -0.02   library setup time
                                 -0.02   data required time
-----------------------------------------------------------------------------
                                 -0.02   data required time
                                 -0.57   data arrival time
-----------------------------------------------------------------------------
                                 -0.59   slack (VIOLATED)



==========================================================================
floorplan final report_checks -unconstrained
--------------------------------------------------------------------------
[WARNING STA-0168] unknown field nets.
Startpoint: _1125_ (rising edge-triggered flip-flop clocked by clk)
Endpoint: _1078_ (rising edge-triggered flip-flop clocked by clk)
Path Group: clk
Path Type: max

Fanout     Cap    Slew   Delay    Time   Description
-----------------------------------------------------------------------------
                  0.00    0.00    0.00   clock clk (rise edge)
                          0.00    0.00   clock network delay (ideal)
                  0.00    0.00    0.00 ^ _1125_/CK (DFFR_X1)
     1    0.97    0.01    0.10    0.10 ^ _1125_/Q (DFFR_X1)
                  0.01    0.00    0.10 ^ _0935_/A (BUF_X1)
     9   11.07    0.03    0.04    0.14 ^ _0935_/Z (BUF_X1)
                  0.03    0.00    0.14 ^ _0956_/A2 (AND2_X1)
     1    3.45    0.01    0.04    0.18 ^ _0956_/ZN (AND2_X1)
                  0.01    0.00    0.18 ^ _1036_/B (HA_X1)
     1    1.70    0.01    0.03    0.22 ^ _1036_/CO (HA_X1)
                  0.01    0.00    0.22 ^ _0960_/A (INV_X1)
     1    3.61    0.01    0.01    0.23 v _0960_/ZN (INV_X1)
                  0.01    0.00    0.23 v _0995_/A (FA_X1)
     2    5.15    0.02    0.08    0.31 v _0995_/CO (FA_X1)
                  0.02    0.00    0.31 v _0768_/A (INV_X1)
     1    1.68    0.01    0.02    0.32 ^ _0768_/ZN (INV_X1)
                  0.01    0.00    0.32 ^ _0769_/B2 (AOI21_X1)
     1    1.46    0.01    0.01    0.34 v _0769_/ZN (AOI21_X1)
                  0.01    0.00    0.34 v _0771_/B1 (OAI21_X1)
     2    3.26    0.03    0.03    0.37 ^ _0771_/ZN (OAI21_X1)
                  0.03    0.00    0.37 ^ _0785_/B1 (AOI221_X4)
     1    3.61    0.01    0.06    0.43 v _0785_/ZN (AOI221_X4)
                  0.01    0.00    0.43 v _0998_/A (FA_X1)
     1    2.13    0.01    0.07    0.50 v _0998_/CO (FA_X1)
                  0.01    0.00    0.50 v _0788_/A (XNOR2_X1)
     1    1.56    0.01    0.04    0.54 v _0788_/ZN (XNOR2_X1)
                  0.01    0.00    0.54 v _0789_/A2 (NOR2_X1)
     1    1.13    0.01    0.03    0.57 ^ _0789_/ZN (NOR2_X1)
                  0.01    0.00    0.57 ^ _1078_/D (DFFR_X1)
                                  0.57   data arrival time

                  0.00    0.01    0.01   clock clk (rise edge)
                          0.00    0.01   clock network delay (ideal)
                          0.00    0.01   clock reconvergence pessimism
                                  0.01 ^ _1078_/CK (DFFR_X1)
                         -0.03   -0.02   library setup time
                                 -0.02   data required time
-----------------------------------------------------------------------------
                                 -0.02   data required time
                                 -0.57   data arrival time
-----------------------------------------------------------------------------
                                 -0.59   slack (VIOLATED)



==========================================================================
floorplan final report_power
--------------------------------------------------------------------------
Group                  Internal  Switching    Leakage      Total
                          Power      Power      Power      Power (Watts)
----------------------------------------------------------------
Sequential             9.56e-02   5.22e-03   9.75e-06   1.01e-01  65.5%
Combinational          3.36e-02   1.96e-02   1.36e-05   5.32e-02  34.5%
Clock                  0.00e+00   0.00e+00   0.00e+00   0.00e+00   0.0%
Macro                  0.00e+00   0.00e+00   0.00e+00   0.00e+00   0.0%
Pad                    0.00e+00   0.00e+00   0.00e+00   0.00e+00   0.0%
----------------------------------------------------------------
Total                  1.29e-01   2.48e-02   2.34e-05   1.54e-01 100.0%
                          83.9%      16.1%       0.0%

==========================================================================
floorplan final report_design_area
--------------------------------------------------------------------------
Design area 1243 u^2 1% utilization.

