OpenROAD v2.0-22532-gac667f3cc7 
Features included (+) or not (-): +GPU +GUI +Python
This program is licensed under the BSD-3 license. See the LICENSE file for details.
Components of this program may be licensed under more restrictive licenses which must be honored.
[INFO ODB-0227] LEF file: /project/cad-team/LX_Semicon/kmcho/EoR/pdk/Nangate45/Nangate45_tech.lef, created 22 layers, 27 vias
[INFO ODB-0227] LEF file: /project/cad-team/LX_Semicon/kmcho/EoR/pdk/Nangate45/Nangate45_stdcell.lef, created 135 library cells
[INFO IFP-0001] Added 363 rows of 2679 site FreePDK45_38x28_10R_NP_162NW_34O.
Default units for flow
 time 1ns
 capacitance 1fF
 resistance 1kohm
 voltage 1v
 current 1mA
 power 1nW
 distance 1um

==========================================================================
floorplan final check_setup
--------------------------------------------------------------------------
Warning: There are 18 input ports missing set_input_delay.
Warning: There are 17 output ports missing set_output_delay.
Warning: There are 18 unconstrained endpoints.

==========================================================================
floorplan final report_tns
--------------------------------------------------------------------------
tns max -37.69

==========================================================================
floorplan final report_wns
--------------------------------------------------------------------------
wns max -0.57

==========================================================================
floorplan final report_worst_slack
--------------------------------------------------------------------------
worst slack max -0.57

==========================================================================
floorplan final report_checks -path_delay min
--------------------------------------------------------------------------
[WARNING STA-0168] unknown field nets.
Startpoint: _1126_ (rising edge-triggered flip-flop clocked by clk)
Endpoint: _1089_ (rising edge-triggered flip-flop clocked by clk)
Path Group: clk
Path Type: min

Fanout     Cap    Slew   Delay    Time   Description
-----------------------------------------------------------------------------
                  0.00    0.00    0.00   clock clk (rise edge)
                          0.00    0.00   clock network delay (ideal)
                  0.00    0.00    0.00 ^ _1126_/CK (DFFR_X1)
     2    2.64    0.01    0.09    0.09 v _1126_/Q (DFFR_X1)
                  0.01    0.00    0.09 v _1089_/D (DFFR_X1)
                                  0.09   data arrival time

                  0.00    0.00    0.00   clock clk (rise edge)
                          0.00    0.00   clock network delay (ideal)
                          0.00    0.00   clock reconvergence pessimism
                                  0.00 ^ _1089_/CK (DFFR_X1)
                          0.00    0.00   library hold time
                                  0.00   data required time
-----------------------------------------------------------------------------
                                  0.00   data required time
                                 -0.09   data arrival time
-----------------------------------------------------------------------------
                                  0.08   slack (MET)



==========================================================================
floorplan final report_checks -path_delay max
--------------------------------------------------------------------------
[WARNING STA-0168] unknown field nets.
Startpoint: _1173_ (rising edge-triggered flip-flop clocked by clk)
Endpoint: _1098_ (rising edge-triggered flip-flop clocked by clk)
Path Group: clk
Path Type: max

Fanout     Cap    Slew   Delay    Time   Description
-----------------------------------------------------------------------------
                  0.00    0.00    0.00   clock clk (rise edge)
                          0.00    0.00   clock network delay (ideal)
                  0.00    0.00    0.00 ^ _1173_/CK (DFFR_X1)
     1    0.97    0.01    0.10    0.10 ^ _1173_/Q (DFFR_X1)
                  0.01    0.00    0.10 ^ _0742_/A (BUF_X1)
     9   11.01    0.03    0.04    0.14 ^ _0742_/Z (BUF_X1)
                  0.03    0.00    0.14 ^ _0756_/A1 (AND2_X1)
     1    3.19    0.01    0.04    0.18 ^ _0756_/ZN (AND2_X1)
                  0.01    0.00    0.18 ^ _1077_/A (HA_X1)
     1    3.75    0.01    0.04    0.22 ^ _1077_/CO (HA_X1)
                  0.01    0.00    0.22 ^ _1023_/A (FA_X1)
     2    7.23    0.02    0.06    0.28 ^ _1023_/CO (FA_X1)
                  0.02    0.00    0.28 ^ _0730_/B2 (AOI21_X2)
     2    4.16    0.01    0.02    0.30 v _0730_/ZN (AOI21_X2)
                  0.01    0.00    0.30 v _0732_/C1 (OAI211_X2)
     2    7.73    0.03    0.04    0.34 ^ _0732_/ZN (OAI211_X2)
                  0.03    0.00    0.34 ^ _0733_/A2 (NOR2_X1)
     1    3.61    0.01    0.02    0.36 v _0733_/ZN (NOR2_X1)
                  0.01    0.00    0.36 v _1026_/A (FA_X1)
     1    2.18    0.01    0.07    0.44 v _1026_/CO (FA_X1)
                  0.01    0.00    0.44 v _0839_/A (XOR2_X1)
     1    1.48    0.01    0.05    0.49 v _0839_/Z (XOR2_X1)
                  0.01    0.00    0.49 v _0840_/B (MUX2_X2)
     1    1.05    0.01    0.05    0.54 v _0840_/Z (MUX2_X2)
                  0.01    0.00    0.54 v _1098_/D (DFFR_X1)
                                  0.54   data arrival time

                  0.00    0.01    0.01   clock clk (rise edge)
                          0.00    0.01   clock network delay (ideal)
                          0.00    0.01   clock reconvergence pessimism
                                  0.01 ^ _1098_/CK (DFFR_X1)
                         -0.04   -0.03   library setup time
                                 -0.03   data required time
-----------------------------------------------------------------------------
                                 -0.03   data required time
                                 -0.54   data arrival time
-----------------------------------------------------------------------------
                                 -0.57   slack (VIOLATED)



==========================================================================
floorplan final report_checks -unconstrained
--------------------------------------------------------------------------
[WARNING STA-0168] unknown field nets.
Startpoint: _1173_ (rising edge-triggered flip-flop clocked by clk)
Endpoint: _1098_ (rising edge-triggered flip-flop clocked by clk)
Path Group: clk
Path Type: max

Fanout     Cap    Slew   Delay    Time   Description
-----------------------------------------------------------------------------
                  0.00    0.00    0.00   clock clk (rise edge)
                          0.00    0.00   clock network delay (ideal)
                  0.00    0.00    0.00 ^ _1173_/CK (DFFR_X1)
     1    0.97    0.01    0.10    0.10 ^ _1173_/Q (DFFR_X1)
                  0.01    0.00    0.10 ^ _0742_/A (BUF_X1)
     9   11.01    0.03    0.04    0.14 ^ _0742_/Z (BUF_X1)
                  0.03    0.00    0.14 ^ _0756_/A1 (AND2_X1)
     1    3.19    0.01    0.04    0.18 ^ _0756_/ZN (AND2_X1)
                  0.01    0.00    0.18 ^ _1077_/A (HA_X1)
     1    3.75    0.01    0.04    0.22 ^ _1077_/CO (HA_X1)
                  0.01    0.00    0.22 ^ _1023_/A (FA_X1)
     2    7.23    0.02    0.06    0.28 ^ _1023_/CO (FA_X1)
                  0.02    0.00    0.28 ^ _0730_/B2 (AOI21_X2)
     2    4.16    0.01    0.02    0.30 v _0730_/ZN (AOI21_X2)
                  0.01    0.00    0.30 v _0732_/C1 (OAI211_X2)
     2    7.73    0.03    0.04    0.34 ^ _0732_/ZN (OAI211_X2)
                  0.03    0.00    0.34 ^ _0733_/A2 (NOR2_X1)
     1    3.61    0.01    0.02    0.36 v _0733_/ZN (NOR2_X1)
                  0.01    0.00    0.36 v _1026_/A (FA_X1)
     1    2.18    0.01    0.07    0.44 v _1026_/CO (FA_X1)
                  0.01    0.00    0.44 v _0839_/A (XOR2_X1)
     1    1.48    0.01    0.05    0.49 v _0839_/Z (XOR2_X1)
                  0.01    0.00    0.49 v _0840_/B (MUX2_X2)
     1    1.05    0.01    0.05    0.54 v _0840_/Z (MUX2_X2)
                  0.01    0.00    0.54 v _1098_/D (DFFR_X1)
                                  0.54   data arrival time

                  0.00    0.01    0.01   clock clk (rise edge)
                          0.00    0.01   clock network delay (ideal)
                          0.00    0.01   clock reconvergence pessimism
                                  0.01 ^ _1098_/CK (DFFR_X1)
                         -0.04   -0.03   library setup time
                                 -0.03   data required time
-----------------------------------------------------------------------------
                                 -0.03   data required time
                                 -0.54   data arrival time
-----------------------------------------------------------------------------
                                 -0.57   slack (VIOLATED)



==========================================================================
floorplan final report_power
--------------------------------------------------------------------------
Group                  Internal  Switching    Leakage      Total
                          Power      Power      Power      Power (Watts)
----------------------------------------------------------------
Sequential             9.89e-02   1.37e-02   8.60e-06   1.13e-01  54.0%
Combinational          6.39e-02   3.20e-02   1.75e-05   9.59e-02  46.0%
Clock                  0.00e+00   0.00e+00   0.00e+00   0.00e+00   0.0%
Macro                  0.00e+00   0.00e+00   0.00e+00   0.00e+00   0.0%
Pad                    0.00e+00   0.00e+00   0.00e+00   0.00e+00   0.0%
----------------------------------------------------------------
Total                  1.63e-01   4.57e-02   2.61e-05   2.08e-01 100.0%
                          78.1%      21.9%       0.0%

==========================================================================
floorplan final report_design_area
--------------------------------------------------------------------------
Design area 1296 u^2 1% utilization.

