OpenROAD v2.0-22532-gac667f3cc7 
Features included (+) or not (-): +GPU +GUI +Python
This program is licensed under the BSD-3 license. See the LICENSE file for details.
Components of this program may be licensed under more restrictive licenses which must be honored.
[INFO ODB-0227] LEF file: /project/cad-team/LX_Semicon/kmcho/EoR/pdk/Nangate45/Nangate45_tech.lef, created 22 layers, 27 vias
[INFO ODB-0227] LEF file: /project/cad-team/LX_Semicon/kmcho/EoR/pdk/Nangate45/Nangate45_stdcell.lef, created 135 library cells
[INFO IFP-0001] Added 342 rows of 2526 site FreePDK45_38x28_10R_NP_162NW_34O.
Default units for flow
 time 1ns
 capacitance 1fF
 resistance 1kohm
 voltage 1v
 current 1mA
 power 1nW
 distance 1um

==========================================================================
floorplan final check_setup
--------------------------------------------------------------------------
Warning: There are 18 input ports missing set_input_delay.
Warning: There are 17 output ports missing set_output_delay.
Warning: There are 18 unconstrained endpoints.

==========================================================================
floorplan final report_tns
--------------------------------------------------------------------------
tns max -36.21

==========================================================================
floorplan final report_wns
--------------------------------------------------------------------------
wns max -0.59

==========================================================================
floorplan final report_worst_slack
--------------------------------------------------------------------------
worst slack max -0.59

==========================================================================
floorplan final report_checks -path_delay min
--------------------------------------------------------------------------
[WARNING STA-0168] unknown field nets.
Startpoint: _1087_ (rising edge-triggered flip-flop clocked by clk)
Endpoint: _1057_ (rising edge-triggered flip-flop clocked by clk)
Path Group: clk
Path Type: min

Fanout     Cap    Slew   Delay    Time   Description
-----------------------------------------------------------------------------
                  0.00    0.00    0.00   clock clk (rise edge)
                          0.00    0.00   clock network delay (ideal)
                  0.00    0.00    0.00 ^ _1087_/CK (DFFR_X1)
     2    1.93    0.01    0.08    0.08 v _1087_/Q (DFFR_X1)
                  0.01    0.00    0.08 v _1057_/D (DFFR_X1)
                                  0.08   data arrival time

                  0.00    0.00    0.00   clock clk (rise edge)
                          0.00    0.00   clock network delay (ideal)
                          0.00    0.00   clock reconvergence pessimism
                                  0.00 ^ _1057_/CK (DFFR_X1)
                          0.00    0.00   library hold time
                                  0.00   data required time
-----------------------------------------------------------------------------
                                  0.00   data required time
                                 -0.08   data arrival time
-----------------------------------------------------------------------------
                                  0.08   slack (MET)



==========================================================================
floorplan final report_checks -path_delay max
--------------------------------------------------------------------------
[WARNING STA-0168] unknown field nets.
Startpoint: _1121_ (rising edge-triggered flip-flop clocked by clk)
Endpoint: _1045_ (rising edge-triggered flip-flop clocked by clk)
Path Group: clk
Path Type: max

Fanout     Cap    Slew   Delay    Time   Description
-----------------------------------------------------------------------------
                  0.00    0.00    0.00   clock clk (rise edge)
                          0.00    0.00   clock network delay (ideal)
                  0.00    0.00    0.00 ^ _1121_/CK (DFFR_X1)
     1    0.97    0.01    0.10    0.10 ^ _1121_/Q (DFFR_X1)
                  0.01    0.00    0.10 ^ _0903_/A (BUF_X1)
     9   11.14    0.03    0.04    0.14 ^ _0903_/Z (BUF_X1)
                  0.03    0.00    0.14 ^ _0911_/A2 (AND2_X1)
     1    3.19    0.01    0.04    0.18 ^ _0911_/ZN (AND2_X1)
                  0.01    0.00    0.18 ^ _1003_/A (HA_X1)
     1    1.70    0.01    0.03    0.21 ^ _1003_/CO (HA_X1)
                  0.01    0.00    0.21 ^ _0927_/A (INV_X1)
     1    3.61    0.01    0.01    0.22 v _0927_/ZN (INV_X1)
                  0.01    0.00    0.22 v _0962_/A (FA_X1)
     2    5.15    0.02    0.08    0.30 v _0962_/CO (FA_X1)
                  0.02    0.00    0.30 v _0735_/A (INV_X1)
     1    1.68    0.01    0.02    0.32 ^ _0735_/ZN (INV_X1)
                  0.01    0.00    0.32 ^ _0736_/B2 (AOI21_X1)
     1    1.46    0.01    0.01    0.33 v _0736_/ZN (AOI21_X1)
                  0.01    0.00    0.33 v _0738_/B1 (OAI21_X1)
     2    3.26    0.03    0.03    0.37 ^ _0738_/ZN (OAI21_X1)
                  0.03    0.00    0.37 ^ _0752_/B1 (AOI221_X4)
     1    3.61    0.01    0.06    0.43 v _0752_/ZN (AOI221_X4)
                  0.01    0.00    0.43 v _0965_/A (FA_X1)
     1    2.13    0.01    0.07    0.50 v _0965_/CO (FA_X1)
                  0.01    0.00    0.50 v _0755_/A (XNOR2_X1)
     1    1.56    0.01    0.04    0.54 v _0755_/ZN (XNOR2_X1)
                  0.01    0.00    0.54 v _0756_/A2 (NOR2_X1)
     1    1.13    0.01    0.03    0.57 ^ _0756_/ZN (NOR2_X1)
                  0.01    0.00    0.57 ^ _1045_/D (DFFR_X1)
                                  0.57   data arrival time

                  0.00    0.01    0.01   clock clk (rise edge)
                          0.00    0.01   clock network delay (ideal)
                          0.00    0.01   clock reconvergence pessimism
                                  0.01 ^ _1045_/CK (DFFR_X1)
                         -0.03   -0.02   library setup time
                                 -0.02   data required time
-----------------------------------------------------------------------------
                                 -0.02   data required time
                                 -0.57   data arrival time
-----------------------------------------------------------------------------
                                 -0.59   slack (VIOLATED)



==========================================================================
floorplan final report_checks -unconstrained
--------------------------------------------------------------------------
[WARNING STA-0168] unknown field nets.
Startpoint: _1121_ (rising edge-triggered flip-flop clocked by clk)
Endpoint: _1045_ (rising edge-triggered flip-flop clocked by clk)
Path Group: clk
Path Type: max

Fanout     Cap    Slew   Delay    Time   Description
-----------------------------------------------------------------------------
                  0.00    0.00    0.00   clock clk (rise edge)
                          0.00    0.00   clock network delay (ideal)
                  0.00    0.00    0.00 ^ _1121_/CK (DFFR_X1)
     1    0.97    0.01    0.10    0.10 ^ _1121_/Q (DFFR_X1)
                  0.01    0.00    0.10 ^ _0903_/A (BUF_X1)
     9   11.14    0.03    0.04    0.14 ^ _0903_/Z (BUF_X1)
                  0.03    0.00    0.14 ^ _0911_/A2 (AND2_X1)
     1    3.19    0.01    0.04    0.18 ^ _0911_/ZN (AND2_X1)
                  0.01    0.00    0.18 ^ _1003_/A (HA_X1)
     1    1.70    0.01    0.03    0.21 ^ _1003_/CO (HA_X1)
                  0.01    0.00    0.21 ^ _0927_/A (INV_X1)
     1    3.61    0.01    0.01    0.22 v _0927_/ZN (INV_X1)
                  0.01    0.00    0.22 v _0962_/A (FA_X1)
     2    5.15    0.02    0.08    0.30 v _0962_/CO (FA_X1)
                  0.02    0.00    0.30 v _0735_/A (INV_X1)
     1    1.68    0.01    0.02    0.32 ^ _0735_/ZN (INV_X1)
                  0.01    0.00    0.32 ^ _0736_/B2 (AOI21_X1)
     1    1.46    0.01    0.01    0.33 v _0736_/ZN (AOI21_X1)
                  0.01    0.00    0.33 v _0738_/B1 (OAI21_X1)
     2    3.26    0.03    0.03    0.37 ^ _0738_/ZN (OAI21_X1)
                  0.03    0.00    0.37 ^ _0752_/B1 (AOI221_X4)
     1    3.61    0.01    0.06    0.43 v _0752_/ZN (AOI221_X4)
                  0.01    0.00    0.43 v _0965_/A (FA_X1)
     1    2.13    0.01    0.07    0.50 v _0965_/CO (FA_X1)
                  0.01    0.00    0.50 v _0755_/A (XNOR2_X1)
     1    1.56    0.01    0.04    0.54 v _0755_/ZN (XNOR2_X1)
                  0.01    0.00    0.54 v _0756_/A2 (NOR2_X1)
     1    1.13    0.01    0.03    0.57 ^ _0756_/ZN (NOR2_X1)
                  0.01    0.00    0.57 ^ _1045_/D (DFFR_X1)
                                  0.57   data arrival time

                  0.00    0.01    0.01   clock clk (rise edge)
                          0.00    0.01   clock network delay (ideal)
                          0.00    0.01   clock reconvergence pessimism
                                  0.01 ^ _1045_/CK (DFFR_X1)
                         -0.03   -0.02   library setup time
                                 -0.02   data required time
-----------------------------------------------------------------------------
                                 -0.02   data required time
                                 -0.57   data arrival time
-----------------------------------------------------------------------------
                                 -0.59   slack (VIOLATED)



==========================================================================
floorplan final report_power
--------------------------------------------------------------------------
Group                  Internal  Switching    Leakage      Total
                          Power      Power      Power      Power (Watts)
----------------------------------------------------------------
Sequential             8.21e-02   5.21e-03   8.38e-06   8.73e-02  62.2%
Combinational          3.36e-02   1.95e-02   1.36e-05   5.31e-02  37.8%
Clock                  0.00e+00   0.00e+00   0.00e+00   0.00e+00   0.0%
Macro                  0.00e+00   0.00e+00   0.00e+00   0.00e+00   0.0%
Pad                    0.00e+00   0.00e+00   0.00e+00   0.00e+00   0.0%
----------------------------------------------------------------
Total                  1.16e-01   2.47e-02   2.20e-05   1.40e-01 100.0%
                          82.4%      17.6%       0.0%

==========================================================================
floorplan final report_design_area
--------------------------------------------------------------------------
Design area 1153 u^2 1% utilization.

