OpenROAD v2.0-22532-gac667f3cc7 
Features included (+) or not (-): +GPU +GUI +Python
This program is licensed under the BSD-3 license. See the LICENSE file for details.
Components of this program may be licensed under more restrictive licenses which must be honored.
[INFO ODB-0227] LEF file: /project/cad-team/LX_Semicon/kmcho/EoR/pdk/Nangate45/Nangate45_tech.lef, created 22 layers, 27 vias
[INFO ODB-0227] LEF file: /project/cad-team/LX_Semicon/kmcho/EoR/pdk/Nangate45/Nangate45_stdcell.lef, created 135 library cells
[INFO IFP-0001] Added 333 rows of 2455 site FreePDK45_38x28_10R_NP_162NW_34O.
Default units for flow
 time 1ns
 capacitance 1fF
 resistance 1kohm
 voltage 1v
 current 1mA
 power 1nW
 distance 1um

==========================================================================
floorplan final check_setup
--------------------------------------------------------------------------
Warning: There are 18 input ports missing set_input_delay.
Warning: There are 17 output ports missing set_output_delay.
Warning: There are 18 unconstrained endpoints.

==========================================================================
floorplan final report_tns
--------------------------------------------------------------------------
tns max -33.96

==========================================================================
floorplan final report_wns
--------------------------------------------------------------------------
wns max -0.55

==========================================================================
floorplan final report_worst_slack
--------------------------------------------------------------------------
worst slack max -0.55

==========================================================================
floorplan final report_checks -path_delay min
--------------------------------------------------------------------------
[WARNING STA-0168] unknown field nets.
Startpoint: _849_ (rising edge-triggered flip-flop clocked by clk)
Endpoint: _859_ (rising edge-triggered flip-flop clocked by clk)
Path Group: clk
Path Type: min

Fanout     Cap    Slew   Delay    Time   Description
-----------------------------------------------------------------------------
                  0.00    0.00    0.00   clock clk (rise edge)
                          0.00    0.00   clock network delay (ideal)
                  0.00    0.00    0.00 ^ _849_/CK (DFFR_X1)
     1    1.05    0.01    0.08    0.08 v _849_/Q (DFFR_X1)
                  0.01    0.00    0.08 v _859_/D (DFFR_X1)
                                  0.08   data arrival time

                  0.00    0.00    0.00   clock clk (rise edge)
                          0.00    0.00   clock network delay (ideal)
                          0.00    0.00   clock reconvergence pessimism
                                  0.00 ^ _859_/CK (DFFR_X1)
                          0.00    0.00   library hold time
                                  0.00   data required time
-----------------------------------------------------------------------------
                                  0.00   data required time
                                 -0.08   data arrival time
-----------------------------------------------------------------------------
                                  0.08   slack (MET)



==========================================================================
floorplan final report_checks -path_delay max
--------------------------------------------------------------------------
[WARNING STA-0168] unknown field nets.
Startpoint: _932_ (rising edge-triggered flip-flop clocked by clk)
Endpoint: _880_ (rising edge-triggered flip-flop clocked by clk)
Path Group: clk
Path Type: max

Fanout     Cap    Slew   Delay    Time   Description
-----------------------------------------------------------------------------
                  0.00    0.00    0.00   clock clk (rise edge)
                          0.00    0.00   clock network delay (ideal)
                  0.00    0.00    0.00 ^ _932_/CK (DFFR_X1)
     1    0.97    0.01    0.10    0.10 ^ _932_/Q (DFFR_X1)
                  0.01    0.00    0.10 ^ _606_/A (BUF_X1)
     9   10.12    0.03    0.04    0.14 ^ _606_/Z (BUF_X1)
                  0.03    0.00    0.14 ^ _740_/A2 (AND2_X1)
     1    3.45    0.01    0.04    0.18 ^ _740_/ZN (AND2_X1)
                  0.01    0.00    0.18 ^ _836_/B (HA_X1)
     1    3.75    0.01    0.04    0.22 ^ _836_/CO (HA_X1)
                  0.01    0.00    0.22 ^ _782_/A (FA_X1)
     2    5.42    0.02    0.06    0.28 ^ _782_/CO (FA_X1)
                  0.02    0.00    0.28 ^ _621_/B2 (AOI21_X1)
     1    1.46    0.01    0.02    0.29 v _621_/ZN (AOI21_X1)
                  0.01    0.00    0.29 v _623_/B1 (OAI21_X1)
     2    5.40    0.04    0.05    0.34 ^ _623_/ZN (OAI21_X1)
                  0.04    0.00    0.34 ^ _624_/A3 (NAND3_X1)
     2    2.28    0.01    0.03    0.36 v _624_/ZN (NAND3_X1)
                  0.01    0.00    0.36 v _680_/A1 (AND2_X1)
     1    3.61    0.01    0.03    0.40 v _680_/ZN (AND2_X1)
                  0.01    0.00    0.40 v _785_/A (FA_X1)
     1    2.18    0.01    0.07    0.47 v _785_/CO (FA_X1)
                  0.01    0.00    0.47 v _681_/A (XOR2_X1)
     1    1.05    0.01    0.05    0.52 v _681_/Z (XOR2_X1)
                  0.01    0.00    0.52 v _880_/D (DFFR_X1)
                                  0.52   data arrival time

                  0.00    0.01    0.01   clock clk (rise edge)
                          0.00    0.01   clock network delay (ideal)
                          0.00    0.01   clock reconvergence pessimism
                                  0.01 ^ _880_/CK (DFFR_X1)
                         -0.04   -0.03   library setup time
                                 -0.03   data required time
-----------------------------------------------------------------------------
                                 -0.03   data required time
                                 -0.52   data arrival time
-----------------------------------------------------------------------------
                                 -0.55   slack (VIOLATED)



==========================================================================
floorplan final report_checks -unconstrained
--------------------------------------------------------------------------
[WARNING STA-0168] unknown field nets.
Startpoint: _932_ (rising edge-triggered flip-flop clocked by clk)
Endpoint: _880_ (rising edge-triggered flip-flop clocked by clk)
Path Group: clk
Path Type: max

Fanout     Cap    Slew   Delay    Time   Description
-----------------------------------------------------------------------------
                  0.00    0.00    0.00   clock clk (rise edge)
                          0.00    0.00   clock network delay (ideal)
                  0.00    0.00    0.00 ^ _932_/CK (DFFR_X1)
     1    0.97    0.01    0.10    0.10 ^ _932_/Q (DFFR_X1)
                  0.01    0.00    0.10 ^ _606_/A (BUF_X1)
     9   10.12    0.03    0.04    0.14 ^ _606_/Z (BUF_X1)
                  0.03    0.00    0.14 ^ _740_/A2 (AND2_X1)
     1    3.45    0.01    0.04    0.18 ^ _740_/ZN (AND2_X1)
                  0.01    0.00    0.18 ^ _836_/B (HA_X1)
     1    3.75    0.01    0.04    0.22 ^ _836_/CO (HA_X1)
                  0.01    0.00    0.22 ^ _782_/A (FA_X1)
     2    5.42    0.02    0.06    0.28 ^ _782_/CO (FA_X1)
                  0.02    0.00    0.28 ^ _621_/B2 (AOI21_X1)
     1    1.46    0.01    0.02    0.29 v _621_/ZN (AOI21_X1)
                  0.01    0.00    0.29 v _623_/B1 (OAI21_X1)
     2    5.40    0.04    0.05    0.34 ^ _623_/ZN (OAI21_X1)
                  0.04    0.00    0.34 ^ _624_/A3 (NAND3_X1)
     2    2.28    0.01    0.03    0.36 v _624_/ZN (NAND3_X1)
                  0.01    0.00    0.36 v _680_/A1 (AND2_X1)
     1    3.61    0.01    0.03    0.40 v _680_/ZN (AND2_X1)
                  0.01    0.00    0.40 v _785_/A (FA_X1)
     1    2.18    0.01    0.07    0.47 v _785_/CO (FA_X1)
                  0.01    0.00    0.47 v _681_/A (XOR2_X1)
     1    1.05    0.01    0.05    0.52 v _681_/Z (XOR2_X1)
                  0.01    0.00    0.52 v _880_/D (DFFR_X1)
                                  0.52   data arrival time

                  0.00    0.01    0.01   clock clk (rise edge)
                          0.00    0.01   clock network delay (ideal)
                          0.00    0.01   clock reconvergence pessimism
                                  0.01 ^ _880_/CK (DFFR_X1)
                         -0.04   -0.03   library setup time
                                 -0.03   data required time
-----------------------------------------------------------------------------
                                 -0.03   data required time
                                 -0.52   data arrival time
-----------------------------------------------------------------------------
                                 -0.55   slack (VIOLATED)



==========================================================================
floorplan final report_power
--------------------------------------------------------------------------
Group                  Internal  Switching    Leakage      Total
                          Power      Power      Power      Power (Watts)
----------------------------------------------------------------
Sequential             9.73e-02   9.68e-03   9.04e-06   1.07e-01  61.7%
Combinational          4.26e-02   2.38e-02   1.12e-05   6.64e-02  38.3%
Clock                  0.00e+00   0.00e+00   0.00e+00   0.00e+00   0.0%
Macro                  0.00e+00   0.00e+00   0.00e+00   0.00e+00   0.0%
Pad                    0.00e+00   0.00e+00   0.00e+00   0.00e+00   0.0%
----------------------------------------------------------------
Total                  1.40e-01   3.35e-02   2.02e-05   1.73e-01 100.0%
                          80.7%      19.3%       0.0%

==========================================================================
floorplan final report_design_area
--------------------------------------------------------------------------
Design area 1088 u^2 1% utilization.

