OpenROAD v2.0-22532-gac667f3cc7 
Features included (+) or not (-): +GPU +GUI +Python
This program is licensed under the BSD-3 license. See the LICENSE file for details.
Components of this program may be licensed under more restrictive licenses which must be honored.
[INFO ODB-0227] LEF file: /project/cad-team/LX_Semicon/kmcho/EoR/pdk/Nangate45/Nangate45_tech.lef, created 22 layers, 27 vias
[INFO ODB-0227] LEF file: /project/cad-team/LX_Semicon/kmcho/EoR/pdk/Nangate45/Nangate45_stdcell.lef, created 135 library cells
[INFO IFP-0001] Added 303 rows of 2233 site FreePDK45_38x28_10R_NP_162NW_34O.
Default units for flow
 time 1ns
 capacitance 1fF
 resistance 1kohm
 voltage 1v
 current 1mA
 power 1nW
 distance 1um

==========================================================================
floorplan final check_setup
--------------------------------------------------------------------------
Warning: There are 18 input ports missing set_input_delay.
Warning: There are 17 output ports missing set_output_delay.
Warning: There are 18 unconstrained endpoints.

==========================================================================
floorplan final report_tns
--------------------------------------------------------------------------
tns max -25.27

==========================================================================
floorplan final report_wns
--------------------------------------------------------------------------
wns max -0.78

==========================================================================
floorplan final report_worst_slack
--------------------------------------------------------------------------
worst slack max -0.78

==========================================================================
floorplan final report_checks -path_delay min
--------------------------------------------------------------------------
[WARNING STA-0168] unknown field nets.
Startpoint: _738_ (rising edge-triggered flip-flop clocked by clk)
Endpoint: _722_ (rising edge-triggered flip-flop clocked by clk)
Path Group: clk
Path Type: min

Fanout     Cap    Slew   Delay    Time   Description
-----------------------------------------------------------------------------
                  0.00    0.00    0.00   clock clk (rise edge)
                          0.00    0.00   clock network delay (ideal)
                  0.00    0.00    0.00 ^ _738_/CK (DFFR_X1)
     1    1.05    0.01    0.08    0.08 v _738_/Q (DFFR_X1)
                  0.01    0.00    0.08 v _722_/D (DFFR_X1)
                                  0.08   data arrival time

                  0.00    0.00    0.00   clock clk (rise edge)
                          0.00    0.00   clock network delay (ideal)
                          0.00    0.00   clock reconvergence pessimism
                                  0.00 ^ _722_/CK (DFFR_X1)
                          0.00    0.00   library hold time
                                  0.00   data required time
-----------------------------------------------------------------------------
                                  0.00   data required time
                                 -0.08   data arrival time
-----------------------------------------------------------------------------
                                  0.08   slack (MET)



==========================================================================
floorplan final report_checks -path_delay max
--------------------------------------------------------------------------
[WARNING STA-0168] unknown field nets.
Startpoint: _795_ (rising edge-triggered flip-flop clocked by clk)
Endpoint: _777_ (rising edge-triggered flip-flop clocked by clk)
Path Group: clk
Path Type: max

Fanout     Cap    Slew   Delay    Time   Description
-----------------------------------------------------------------------------
                  0.00    0.00    0.00   clock clk (rise edge)
                          0.00    0.00   clock network delay (ideal)
                  0.00    0.00    0.00 ^ _795_/CK (DFFR_X1)
     1    0.88    0.01    0.08    0.08 v _795_/Q (DFFR_X1)
                  0.01    0.00    0.08 v _463_/A (BUF_X1)
     9   10.53    0.01    0.04    0.12 v _463_/Z (BUF_X1)
                  0.01    0.00    0.12 v _602_/A2 (AND2_X1)
     1    3.40    0.01    0.04    0.16 v _602_/ZN (AND2_X1)
                  0.01    0.00    0.16 v _656_/B (FA_X1)
     1    1.70    0.01    0.12    0.28 ^ _656_/S (FA_X1)
                  0.01    0.00    0.28 ^ _565_/A (INV_X1)
     1    2.66    0.01    0.01    0.28 v _565_/ZN (INV_X1)
                  0.01    0.00    0.28 v _657_/CI (FA_X1)
     2    4.46    0.02    0.12    0.40 ^ _657_/S (FA_X1)
                  0.02    0.00    0.40 ^ _606_/A (INV_X1)
     1    3.34    0.01    0.01    0.41 v _606_/ZN (INV_X1)
                  0.01    0.00    0.41 v _696_/B (HA_X1)
     1    2.95    0.01    0.06    0.47 v _696_/S (HA_X1)
                  0.01    0.00    0.47 v _488_/B2 (AOI21_X2)
     1    3.10    0.02    0.03    0.50 ^ _488_/ZN (AOI21_X2)
                  0.02    0.00    0.50 ^ _490_/B1 (OAI21_X2)
     2    3.12    0.01    0.02    0.52 v _490_/ZN (OAI21_X2)
                  0.01    0.00    0.52 v _491_/A2 (AND2_X2)
     3    6.19    0.01    0.03    0.55 v _491_/ZN (AND2_X2)
                  0.01    0.00    0.55 v _589_/A1 (OR2_X2)
     1    1.57    0.01    0.04    0.59 v _589_/ZN (OR2_X2)
                  0.01    0.00    0.59 v _590_/A1 (AND2_X2)
     1    3.61    0.01    0.03    0.62 v _590_/ZN (AND2_X2)
                  0.01    0.00    0.62 v _669_/A (FA_X1)
     1    2.41    0.01    0.07    0.69 v _669_/CO (FA_X1)
                  0.01    0.00    0.69 v _504_/B (XOR2_X1)
     1    1.05    0.01    0.06    0.75 v _504_/Z (XOR2_X1)
                  0.01    0.00    0.75 v _777_/D (DFFR_X1)
                                  0.75   data arrival time

                  0.00    0.01    0.01   clock clk (rise edge)
                          0.00    0.01   clock network delay (ideal)
                          0.00    0.01   clock reconvergence pessimism
                                  0.01 ^ _777_/CK (DFFR_X1)
                         -0.04   -0.03   library setup time
                                 -0.03   data required time
-----------------------------------------------------------------------------
                                 -0.03   data required time
                                 -0.75   data arrival time
-----------------------------------------------------------------------------
                                 -0.78   slack (VIOLATED)



==========================================================================
floorplan final report_checks -unconstrained
--------------------------------------------------------------------------
[WARNING STA-0168] unknown field nets.
Startpoint: _795_ (rising edge-triggered flip-flop clocked by clk)
Endpoint: _777_ (rising edge-triggered flip-flop clocked by clk)
Path Group: clk
Path Type: max

Fanout     Cap    Slew   Delay    Time   Description
-----------------------------------------------------------------------------
                  0.00    0.00    0.00   clock clk (rise edge)
                          0.00    0.00   clock network delay (ideal)
                  0.00    0.00    0.00 ^ _795_/CK (DFFR_X1)
     1    0.88    0.01    0.08    0.08 v _795_/Q (DFFR_X1)
                  0.01    0.00    0.08 v _463_/A (BUF_X1)
     9   10.53    0.01    0.04    0.12 v _463_/Z (BUF_X1)
                  0.01    0.00    0.12 v _602_/A2 (AND2_X1)
     1    3.40    0.01    0.04    0.16 v _602_/ZN (AND2_X1)
                  0.01    0.00    0.16 v _656_/B (FA_X1)
     1    1.70    0.01    0.12    0.28 ^ _656_/S (FA_X1)
                  0.01    0.00    0.28 ^ _565_/A (INV_X1)
     1    2.66    0.01    0.01    0.28 v _565_/ZN (INV_X1)
                  0.01    0.00    0.28 v _657_/CI (FA_X1)
     2    4.46    0.02    0.12    0.40 ^ _657_/S (FA_X1)
                  0.02    0.00    0.40 ^ _606_/A (INV_X1)
     1    3.34    0.01    0.01    0.41 v _606_/ZN (INV_X1)
                  0.01    0.00    0.41 v _696_/B (HA_X1)
     1    2.95    0.01    0.06    0.47 v _696_/S (HA_X1)
                  0.01    0.00    0.47 v _488_/B2 (AOI21_X2)
     1    3.10    0.02    0.03    0.50 ^ _488_/ZN (AOI21_X2)
                  0.02    0.00    0.50 ^ _490_/B1 (OAI21_X2)
     2    3.12    0.01    0.02    0.52 v _490_/ZN (OAI21_X2)
                  0.01    0.00    0.52 v _491_/A2 (AND2_X2)
     3    6.19    0.01    0.03    0.55 v _491_/ZN (AND2_X2)
                  0.01    0.00    0.55 v _589_/A1 (OR2_X2)
     1    1.57    0.01    0.04    0.59 v _589_/ZN (OR2_X2)
                  0.01    0.00    0.59 v _590_/A1 (AND2_X2)
     1    3.61    0.01    0.03    0.62 v _590_/ZN (AND2_X2)
                  0.01    0.00    0.62 v _669_/A (FA_X1)
     1    2.41    0.01    0.07    0.69 v _669_/CO (FA_X1)
                  0.01    0.00    0.69 v _504_/B (XOR2_X1)
     1    1.05    0.01    0.06    0.75 v _504_/Z (XOR2_X1)
                  0.01    0.00    0.75 v _777_/D (DFFR_X1)
                                  0.75   data arrival time

                  0.00    0.01    0.01   clock clk (rise edge)
                          0.00    0.01   clock network delay (ideal)
                          0.00    0.01   clock reconvergence pessimism
                                  0.01 ^ _777_/CK (DFFR_X1)
                         -0.04   -0.03   library setup time
                                 -0.03   data required time
-----------------------------------------------------------------------------
                                 -0.03   data required time
                                 -0.75   data arrival time
-----------------------------------------------------------------------------
                                 -0.78   slack (VIOLATED)



==========================================================================
floorplan final report_power
--------------------------------------------------------------------------
Group                  Internal  Switching    Leakage      Total
                          Power      Power      Power      Power (Watts)
----------------------------------------------------------------
Sequential             7.64e-02   5.62e-03   6.59e-06   8.20e-02  53.5%
Combinational          4.32e-02   2.81e-02   1.07e-05   7.14e-02  46.5%
Clock                  0.00e+00   0.00e+00   0.00e+00   0.00e+00   0.0%
Macro                  0.00e+00   0.00e+00   0.00e+00   0.00e+00   0.0%
Pad                    0.00e+00   0.00e+00   0.00e+00   0.00e+00   0.0%
----------------------------------------------------------------
Total                  1.20e-01   3.37e-02   1.73e-05   1.53e-01 100.0%
                          78.0%      22.0%       0.0%

==========================================================================
floorplan final report_design_area
--------------------------------------------------------------------------
Design area 901 u^2 1% utilization.

