OpenROAD v2.0-22532-gac667f3cc7 
Features included (+) or not (-): +GPU +GUI +Python
This program is licensed under the BSD-3 license. See the LICENSE file for details.
Components of this program may be licensed under more restrictive licenses which must be honored.
[INFO ODB-0227] LEF file: /project/cad-team/LX_Semicon/kmcho/EoR/pdk/Nangate45/Nangate45_tech.lef, created 22 layers, 27 vias
[INFO ODB-0227] LEF file: /project/cad-team/LX_Semicon/kmcho/EoR/pdk/Nangate45/Nangate45_stdcell.lef, created 135 library cells
[INFO IFP-0001] Added 36 rows of 268 site FreePDK45_38x28_10R_NP_162NW_34O.
Default units for flow
 time 1ns
 capacitance 1fF
 resistance 1kohm
 voltage 1v
 current 1mA
 power 1nW
 distance 1um

==========================================================================
floorplan final check_setup
--------------------------------------------------------------------------
Warning: There are 2 input ports missing set_input_delay.
Warning: There is 1 output port missing set_output_delay.
Warning: There are 2 unconstrained endpoints.

==========================================================================
floorplan final report_tns
--------------------------------------------------------------------------
tns max -0.15

==========================================================================
floorplan final report_wns
--------------------------------------------------------------------------
wns max -0.15

==========================================================================
floorplan final report_worst_slack
--------------------------------------------------------------------------
worst slack max -0.15

==========================================================================
floorplan final report_checks -path_delay min
--------------------------------------------------------------------------
[WARNING STA-0168] unknown field nets.
Startpoint: _8_ (rising edge-triggered flip-flop clocked by clk)
Endpoint: _7_ (rising edge-triggered flip-flop clocked by clk)
Path Group: clk
Path Type: min

Fanout     Cap    Slew   Delay    Time   Description
-----------------------------------------------------------------------------
                  0.00    0.00    0.00   clock clk (rise edge)
                          0.00    0.00   clock network delay (ideal)
                  0.00    0.00    0.00 ^ _8_/CK (DFFR_X1)
     1    1.55    0.01    0.08    0.08 v _8_/Q (DFFR_X1)
                  0.01    0.00    0.08 v _4_/A (INV_X1)
     1    1.71    0.01    0.01    0.10 ^ _4_/ZN (INV_X1)
                  0.01    0.00    0.10 ^ _5_/A1 (NOR2_X1)
     1    1.05    0.00    0.01    0.10 v _5_/ZN (NOR2_X1)
                  0.00    0.00    0.10 v _7_/D (DFFR_X1)
                                  0.10   data arrival time

                  0.00    0.00    0.00   clock clk (rise edge)
                          0.00    0.00   clock network delay (ideal)
                          0.00    0.00   clock reconvergence pessimism
                                  0.00 ^ _7_/CK (DFFR_X1)
                          0.00    0.00   library hold time
                                  0.00   data required time
-----------------------------------------------------------------------------
                                  0.00   data required time
                                 -0.10   data arrival time
-----------------------------------------------------------------------------
                                  0.10   slack (MET)



==========================================================================
floorplan final report_checks -path_delay max
--------------------------------------------------------------------------
[WARNING STA-0168] unknown field nets.
Startpoint: _8_ (rising edge-triggered flip-flop clocked by clk)
Endpoint: _7_ (rising edge-triggered flip-flop clocked by clk)
Path Group: clk
Path Type: max

Fanout     Cap    Slew   Delay    Time   Description
-----------------------------------------------------------------------------
                  0.00    0.00    0.00   clock clk (rise edge)
                          0.00    0.00   clock network delay (ideal)
                  0.00    0.00    0.00 ^ _8_/CK (DFFR_X1)
     1    1.70    0.01    0.10    0.10 ^ _8_/Q (DFFR_X1)
                  0.01    0.00    0.10 ^ _4_/A (INV_X1)
     1    1.41    0.00    0.01    0.11 v _4_/ZN (INV_X1)
                  0.00    0.00    0.11 v _5_/A1 (NOR2_X1)
     1    1.13    0.01    0.02    0.12 ^ _5_/ZN (NOR2_X1)
                  0.01    0.00    0.12 ^ _7_/D (DFFR_X1)
                                  0.12   data arrival time

                  0.00    0.01    0.01   clock clk (rise edge)
                          0.00    0.01   clock network delay (ideal)
                          0.00    0.01   clock reconvergence pessimism
                                  0.01 ^ _7_/CK (DFFR_X1)
                         -0.03   -0.02   library setup time
                                 -0.02   data required time
-----------------------------------------------------------------------------
                                 -0.02   data required time
                                 -0.12   data arrival time
-----------------------------------------------------------------------------
                                 -0.15   slack (VIOLATED)



==========================================================================
floorplan final report_checks -unconstrained
--------------------------------------------------------------------------
[WARNING STA-0168] unknown field nets.
Startpoint: _8_ (rising edge-triggered flip-flop clocked by clk)
Endpoint: _7_ (rising edge-triggered flip-flop clocked by clk)
Path Group: clk
Path Type: max

Fanout     Cap    Slew   Delay    Time   Description
-----------------------------------------------------------------------------
                  0.00    0.00    0.00   clock clk (rise edge)
                          0.00    0.00   clock network delay (ideal)
                  0.00    0.00    0.00 ^ _8_/CK (DFFR_X1)
     1    1.70    0.01    0.10    0.10 ^ _8_/Q (DFFR_X1)
                  0.01    0.00    0.10 ^ _4_/A (INV_X1)
     1    1.41    0.00    0.01    0.11 v _4_/ZN (INV_X1)
                  0.00    0.00    0.11 v _5_/A1 (NOR2_X1)
     1    1.13    0.01    0.02    0.12 ^ _5_/ZN (NOR2_X1)
                  0.01    0.00    0.12 ^ _7_/D (DFFR_X1)
                                  0.12   data arrival time

                  0.00    0.01    0.01   clock clk (rise edge)
                          0.00    0.01   clock network delay (ideal)
                          0.00    0.01   clock reconvergence pessimism
                                  0.01 ^ _7_/CK (DFFR_X1)
                         -0.03   -0.02   library setup time
                                 -0.02   data required time
-----------------------------------------------------------------------------
                                 -0.02   data required time
                                 -0.12   data arrival time
-----------------------------------------------------------------------------
                                 -0.15   slack (VIOLATED)



==========================================================================
floorplan final report_power
--------------------------------------------------------------------------
Group                  Internal  Switching    Leakage      Total
                          Power      Power      Power      Power (Watts)
----------------------------------------------------------------
Sequential             1.09e-03   1.62e-05   1.70e-07   1.11e-03  95.1%
Combinational          4.04e-05   1.72e-05   5.83e-08   5.77e-05   4.9%
Clock                  0.00e+00   0.00e+00   0.00e+00   0.00e+00   0.0%
Macro                  0.00e+00   0.00e+00   0.00e+00   0.00e+00   0.0%
Pad                    0.00e+00   0.00e+00   0.00e+00   0.00e+00   0.0%
----------------------------------------------------------------
Total                  1.13e-03   3.34e-05   2.29e-07   1.17e-03 100.0%
                          97.1%       2.9%       0.0%

==========================================================================
floorplan final report_design_area
--------------------------------------------------------------------------
Design area 13 u^2 1% utilization.

