OpenROAD v2.0-22532-gac667f3cc7 
Features included (+) or not (-): +GPU +GUI +Python
This program is licensed under the BSD-3 license. See the LICENSE file for details.
Components of this program may be licensed under more restrictive licenses which must be honored.
[INFO ODB-0227] LEF file: /project/cad-team/LX_Semicon/kmcho/EoR/pdk/Nangate45/Nangate45_tech.lef, created 22 layers, 27 vias
[INFO ODB-0227] LEF file: /project/cad-team/LX_Semicon/kmcho/EoR/pdk/Nangate45/Nangate45_stdcell.lef, created 135 library cells
[INFO IFP-0001] Added 140 rows of 1036 site FreePDK45_38x28_10R_NP_162NW_34O.
Default units for flow
 time 1ns
 capacitance 1fF
 resistance 1kohm
 voltage 1v
 current 1mA
 power 1nW
 distance 1um

==========================================================================
floorplan final check_setup
--------------------------------------------------------------------------
Warning: There is 1 input port missing set_input_delay.
Warning: There are 19 output ports missing set_output_delay.
Warning: There are 19 unconstrained endpoints.

==========================================================================
floorplan final report_tns
--------------------------------------------------------------------------
tns max -4.83

==========================================================================
floorplan final report_wns
--------------------------------------------------------------------------
wns max -0.37

==========================================================================
floorplan final report_worst_slack
--------------------------------------------------------------------------
worst slack max -0.37

==========================================================================
floorplan final report_checks -path_delay min
--------------------------------------------------------------------------
[WARNING STA-0168] unknown field nets.
Startpoint: _191_ (rising edge-triggered flip-flop clocked by clk)
Endpoint: _191_ (rising edge-triggered flip-flop clocked by clk)
Path Group: clk
Path Type: min

Fanout     Cap    Slew   Delay    Time   Description
-----------------------------------------------------------------------------
                  0.00    0.00    0.00   clock clk (rise edge)
                          0.00    0.00   clock network delay (ideal)
                  0.00    0.00    0.00 ^ _191_/CK (DFF_X1)
     1    0.92    0.01    0.06    0.06 ^ _191_/QN (DFF_X1)
                  0.01    0.00    0.06 ^ _129_/A1 (AND2_X1)
     1    1.14    0.01    0.03    0.09 ^ _129_/ZN (AND2_X1)
                  0.01    0.00    0.09 ^ _191_/D (DFF_X1)
                                  0.09   data arrival time

                  0.00    0.00    0.00   clock clk (rise edge)
                          0.00    0.00   clock network delay (ideal)
                          0.00    0.00   clock reconvergence pessimism
                                  0.00 ^ _191_/CK (DFF_X1)
                          0.01    0.01   library hold time
                                  0.01   data required time
-----------------------------------------------------------------------------
                                  0.01   data required time
                                 -0.09   data arrival time
-----------------------------------------------------------------------------
                                  0.08   slack (MET)



==========================================================================
floorplan final report_checks -path_delay max
--------------------------------------------------------------------------
[WARNING STA-0168] unknown field nets.
Startpoint: _199_ (rising edge-triggered flip-flop clocked by clk)
Endpoint: _202_ (rising edge-triggered flip-flop clocked by clk)
Path Group: clk
Path Type: max

Fanout     Cap    Slew   Delay    Time   Description
-----------------------------------------------------------------------------
                  0.00    0.00    0.00   clock clk (rise edge)
                          0.00    0.00   clock network delay (ideal)
                  0.00    0.00    0.00 ^ _199_/CK (DFF_X1)
     2    1.78    0.01    0.09    0.09 ^ _199_/Q (DFF_X1)
                  0.01    0.00    0.09 ^ _115_/A (BUF_X2)
     5   11.55    0.02    0.03    0.12 ^ _115_/Z (BUF_X2)
                  0.02    0.00    0.12 ^ _123_/A1 (AND2_X1)
     1    3.45    0.01    0.04    0.16 ^ _123_/ZN (AND2_X1)
                  0.01    0.00    0.16 ^ _186_/B (HA_X1)
     1    1.66    0.01    0.03    0.19 ^ _186_/CO (HA_X1)
                  0.01    0.00    0.19 ^ _168_/A4 (NAND4_X1)
     2    4.81    0.03    0.04    0.23 v _168_/ZN (NAND4_X1)
                  0.03    0.00    0.23 v _170_/A3 (OR3_X4)
     1    2.82    0.01    0.08    0.30 v _170_/ZN (OR3_X4)
                  0.01    0.00    0.30 v _171_/C2 (AOI211_X2)
     1    1.14    0.03    0.04    0.34 ^ _171_/ZN (AOI211_X2)
                  0.03    0.00    0.34 ^ _202_/D (DFF_X1)
                                  0.34   data arrival time

                  0.00    0.01    0.01   clock clk (rise edge)
                          0.00    0.01   clock network delay (ideal)
                          0.00    0.01   clock reconvergence pessimism
                                  0.01 ^ _202_/CK (DFF_X1)
                         -0.04   -0.03   library setup time
                                 -0.03   data required time
-----------------------------------------------------------------------------
                                 -0.03   data required time
                                 -0.34   data arrival time
-----------------------------------------------------------------------------
                                 -0.37   slack (VIOLATED)



==========================================================================
floorplan final report_checks -unconstrained
--------------------------------------------------------------------------
[WARNING STA-0168] unknown field nets.
Startpoint: _199_ (rising edge-triggered flip-flop clocked by clk)
Endpoint: _202_ (rising edge-triggered flip-flop clocked by clk)
Path Group: clk
Path Type: max

Fanout     Cap    Slew   Delay    Time   Description
-----------------------------------------------------------------------------
                  0.00    0.00    0.00   clock clk (rise edge)
                          0.00    0.00   clock network delay (ideal)
                  0.00    0.00    0.00 ^ _199_/CK (DFF_X1)
     2    1.78    0.01    0.09    0.09 ^ _199_/Q (DFF_X1)
                  0.01    0.00    0.09 ^ _115_/A (BUF_X2)
     5   11.55    0.02    0.03    0.12 ^ _115_/Z (BUF_X2)
                  0.02    0.00    0.12 ^ _123_/A1 (AND2_X1)
     1    3.45    0.01    0.04    0.16 ^ _123_/ZN (AND2_X1)
                  0.01    0.00    0.16 ^ _186_/B (HA_X1)
     1    1.66    0.01    0.03    0.19 ^ _186_/CO (HA_X1)
                  0.01    0.00    0.19 ^ _168_/A4 (NAND4_X1)
     2    4.81    0.03    0.04    0.23 v _168_/ZN (NAND4_X1)
                  0.03    0.00    0.23 v _170_/A3 (OR3_X4)
     1    2.82    0.01    0.08    0.30 v _170_/ZN (OR3_X4)
                  0.01    0.00    0.30 v _171_/C2 (AOI211_X2)
     1    1.14    0.03    0.04    0.34 ^ _171_/ZN (AOI211_X2)
                  0.03    0.00    0.34 ^ _202_/D (DFF_X1)
                                  0.34   data arrival time

                  0.00    0.01    0.01   clock clk (rise edge)
                          0.00    0.01   clock network delay (ideal)
                          0.00    0.01   clock reconvergence pessimism
                                  0.01 ^ _202_/CK (DFF_X1)
                         -0.04   -0.03   library setup time
                                 -0.03   data required time
-----------------------------------------------------------------------------
                                 -0.03   data required time
                                 -0.34   data arrival time
-----------------------------------------------------------------------------
                                 -0.37   slack (VIOLATED)



==========================================================================
floorplan final report_power
--------------------------------------------------------------------------
Group                  Internal  Switching    Leakage      Total
                          Power      Power      Power      Power (Watts)
----------------------------------------------------------------
Sequential             1.10e-02   2.37e-04   1.23e-06   1.12e-02  87.2%
Combinational          9.32e-04   7.12e-04   2.92e-06   1.65e-03  12.8%
Clock                  0.00e+00   0.00e+00   0.00e+00   0.00e+00   0.0%
Macro                  0.00e+00   0.00e+00   0.00e+00   0.00e+00   0.0%
Pad                    0.00e+00   0.00e+00   0.00e+00   0.00e+00   0.0%
----------------------------------------------------------------
Total                  1.19e-02   9.48e-04   4.15e-06   1.29e-02 100.0%
                          92.6%       7.4%       0.0%

==========================================================================
floorplan final report_design_area
--------------------------------------------------------------------------
Design area 194 u^2 1% utilization.

