OpenROAD v2.0-22532-gac667f3cc7 
Features included (+) or not (-): +GPU +GUI +Python
This program is licensed under the BSD-3 license. See the LICENSE file for details.
Components of this program may be licensed under more restrictive licenses which must be honored.
[INFO ODB-0227] LEF file: /project/cad-team/LX_Semicon/kmcho/EoR/pdk/Nangate45/Nangate45_tech.lef, created 22 layers, 27 vias
[INFO ODB-0227] LEF file: /project/cad-team/LX_Semicon/kmcho/EoR/pdk/Nangate45/Nangate45_stdcell.lef, created 135 library cells
[INFO IFP-0001] Added 136 rows of 1009 site FreePDK45_38x28_10R_NP_162NW_34O.
Default units for flow
 time 1ns
 capacitance 1fF
 resistance 1kohm
 voltage 1v
 current 1mA
 power 1nW
 distance 1um

==========================================================================
floorplan final check_setup
--------------------------------------------------------------------------
Warning: There is 1 input port missing set_input_delay.
Warning: There are 19 output ports missing set_output_delay.
Warning: There are 19 unconstrained endpoints.

==========================================================================
floorplan final report_tns
--------------------------------------------------------------------------
tns max -5.41

==========================================================================
floorplan final report_wns
--------------------------------------------------------------------------
wns max -0.36

==========================================================================
floorplan final report_worst_slack
--------------------------------------------------------------------------
worst slack max -0.36

==========================================================================
floorplan final report_checks -path_delay min
--------------------------------------------------------------------------
[WARNING STA-0168] unknown field nets.
Startpoint: _203_ (rising edge-triggered flip-flop clocked by clk)
Endpoint: _203_ (rising edge-triggered flip-flop clocked by clk)
Path Group: clk
Path Type: min

Fanout     Cap    Slew   Delay    Time   Description
-----------------------------------------------------------------------------
                  0.00    0.00    0.00   clock clk (rise edge)
                          0.00    0.00   clock network delay (ideal)
                  0.00    0.00    0.00 ^ _203_/CK (DFF_X1)
     1    0.92    0.01    0.06    0.06 ^ _203_/QN (DFF_X1)
                  0.01    0.00    0.06 ^ _169_/A1 (AND2_X1)
     1    1.14    0.01    0.03    0.09 ^ _169_/ZN (AND2_X1)
                  0.01    0.00    0.09 ^ _203_/D (DFF_X1)
                                  0.09   data arrival time

                  0.00    0.00    0.00   clock clk (rise edge)
                          0.00    0.00   clock network delay (ideal)
                          0.00    0.00   clock reconvergence pessimism
                                  0.00 ^ _203_/CK (DFF_X1)
                          0.01    0.01   library hold time
                                  0.01   data required time
-----------------------------------------------------------------------------
                                  0.01   data required time
                                 -0.09   data arrival time
-----------------------------------------------------------------------------
                                  0.08   slack (MET)



==========================================================================
floorplan final report_checks -path_delay max
--------------------------------------------------------------------------
[WARNING STA-0168] unknown field nets.
Startpoint: _203_ (rising edge-triggered flip-flop clocked by clk)
Endpoint: _202_ (rising edge-triggered flip-flop clocked by clk)
Path Group: clk
Path Type: max

Fanout     Cap    Slew   Delay    Time   Description
-----------------------------------------------------------------------------
                  0.00    0.00    0.00   clock clk (rise edge)
                          0.00    0.00   clock network delay (ideal)
                  0.00    0.00    0.00 ^ _203_/CK (DFF_X1)
     3    6.37    0.02    0.10    0.10 ^ _203_/Q (DFF_X1)
                  0.02    0.00    0.10 ^ _192_/A (HA_X1)
     1    1.66    0.01    0.03    0.13 ^ _192_/CO (HA_X1)
                  0.01    0.00    0.13 ^ _107_/A2 (NAND2_X1)
     2    3.15    0.01    0.02    0.14 v _107_/ZN (NAND2_X1)
                  0.01    0.00    0.14 v _108_/A2 (OR2_X2)
     1    3.00    0.01    0.05    0.19 v _108_/ZN (OR2_X2)
                  0.01    0.00    0.19 v _109_/A (BUF_X4)
     8   15.97    0.01    0.03    0.22 v _109_/Z (BUF_X4)
                  0.01    0.00    0.22 v _110_/A (INV_X4)
     4    8.90    0.01    0.01    0.23 ^ _110_/ZN (INV_X4)
                  0.01    0.00    0.23 ^ _111_/A (BUF_X4)
    10   16.59    0.01    0.03    0.26 ^ _111_/Z (BUF_X4)
                  0.01    0.00    0.26 ^ _164_/B1 (AOI21_X1)
     1    1.45    0.01    0.01    0.27 v _164_/ZN (AOI21_X1)
                  0.01    0.00    0.27 v _167_/A2 (NOR4_X1)
     1    1.14    0.04    0.06    0.33 ^ _167_/ZN (NOR4_X1)
                  0.04    0.00    0.33 ^ _202_/D (DFF_X1)
                                  0.33   data arrival time

                  0.00    0.01    0.01   clock clk (rise edge)
                          0.00    0.01   clock network delay (ideal)
                          0.00    0.01   clock reconvergence pessimism
                                  0.01 ^ _202_/CK (DFF_X1)
                         -0.04   -0.03   library setup time
                                 -0.03   data required time
-----------------------------------------------------------------------------
                                 -0.03   data required time
                                 -0.33   data arrival time
-----------------------------------------------------------------------------
                                 -0.36   slack (VIOLATED)



==========================================================================
floorplan final report_checks -unconstrained
--------------------------------------------------------------------------
[WARNING STA-0168] unknown field nets.
Startpoint: _203_ (rising edge-triggered flip-flop clocked by clk)
Endpoint: _202_ (rising edge-triggered flip-flop clocked by clk)
Path Group: clk
Path Type: max

Fanout     Cap    Slew   Delay    Time   Description
-----------------------------------------------------------------------------
                  0.00    0.00    0.00   clock clk (rise edge)
                          0.00    0.00   clock network delay (ideal)
                  0.00    0.00    0.00 ^ _203_/CK (DFF_X1)
     3    6.37    0.02    0.10    0.10 ^ _203_/Q (DFF_X1)
                  0.02    0.00    0.10 ^ _192_/A (HA_X1)
     1    1.66    0.01    0.03    0.13 ^ _192_/CO (HA_X1)
                  0.01    0.00    0.13 ^ _107_/A2 (NAND2_X1)
     2    3.15    0.01    0.02    0.14 v _107_/ZN (NAND2_X1)
                  0.01    0.00    0.14 v _108_/A2 (OR2_X2)
     1    3.00    0.01    0.05    0.19 v _108_/ZN (OR2_X2)
                  0.01    0.00    0.19 v _109_/A (BUF_X4)
     8   15.97    0.01    0.03    0.22 v _109_/Z (BUF_X4)
                  0.01    0.00    0.22 v _110_/A (INV_X4)
     4    8.90    0.01    0.01    0.23 ^ _110_/ZN (INV_X4)
                  0.01    0.00    0.23 ^ _111_/A (BUF_X4)
    10   16.59    0.01    0.03    0.26 ^ _111_/Z (BUF_X4)
                  0.01    0.00    0.26 ^ _164_/B1 (AOI21_X1)
     1    1.45    0.01    0.01    0.27 v _164_/ZN (AOI21_X1)
                  0.01    0.00    0.27 v _167_/A2 (NOR4_X1)
     1    1.14    0.04    0.06    0.33 ^ _167_/ZN (NOR4_X1)
                  0.04    0.00    0.33 ^ _202_/D (DFF_X1)
                                  0.33   data arrival time

                  0.00    0.01    0.01   clock clk (rise edge)
                          0.00    0.01   clock network delay (ideal)
                          0.00    0.01   clock reconvergence pessimism
                                  0.01 ^ _202_/CK (DFF_X1)
                         -0.04   -0.03   library setup time
                                 -0.03   data required time
-----------------------------------------------------------------------------
                                 -0.03   data required time
                                 -0.33   data arrival time
-----------------------------------------------------------------------------
                                 -0.36   slack (VIOLATED)



==========================================================================
floorplan final report_power
--------------------------------------------------------------------------
Group                  Internal  Switching    Leakage      Total
                          Power      Power      Power      Power (Watts)
----------------------------------------------------------------
Sequential             1.12e-02   2.45e-04   1.22e-06   1.14e-02  86.7%
Combinational          1.03e-03   7.27e-04   2.59e-06   1.76e-03  13.3%
Clock                  0.00e+00   0.00e+00   0.00e+00   0.00e+00   0.0%
Macro                  0.00e+00   0.00e+00   0.00e+00   0.00e+00   0.0%
Pad                    0.00e+00   0.00e+00   0.00e+00   0.00e+00   0.0%
----------------------------------------------------------------
Total                  1.22e-02   9.72e-04   3.82e-06   1.32e-02 100.0%
                          92.6%       7.4%       0.0%

==========================================================================
floorplan final report_design_area
--------------------------------------------------------------------------
Design area 184 u^2 1% utilization.

