OpenROAD v2.0-22532-gac667f3cc7 
Features included (+) or not (-): +GPU +GUI +Python
This program is licensed under the BSD-3 license. See the LICENSE file for details.
Components of this program may be licensed under more restrictive licenses which must be honored.
[INFO ODB-0227] LEF file: /project/cad-team/LX_Semicon/kmcho/EoR/pdk/Nangate45/Nangate45_tech.lef, created 22 layers, 27 vias
[INFO ODB-0227] LEF file: /project/cad-team/LX_Semicon/kmcho/EoR/pdk/Nangate45/Nangate45_stdcell.lef, created 135 library cells
[INFO IFP-0001] Added 45 rows of 336 site FreePDK45_38x28_10R_NP_162NW_34O.
Default units for flow
 time 1ns
 capacitance 1fF
 resistance 1kohm
 voltage 1v
 current 1mA
 power 1nW
 distance 1um

==========================================================================
floorplan final check_setup
--------------------------------------------------------------------------
Warning: There are 4 input ports missing set_input_delay.
Warning: There are 3 output ports missing set_output_delay.
Warning: There are 4 unconstrained endpoints.

==========================================================================
floorplan final report_tns
--------------------------------------------------------------------------
tns max -0.20

==========================================================================
floorplan final report_wns
--------------------------------------------------------------------------
wns max -0.20

==========================================================================
floorplan final report_worst_slack
--------------------------------------------------------------------------
worst slack max -0.20

==========================================================================
floorplan final report_checks -path_delay min
--------------------------------------------------------------------------
[WARNING STA-0168] unknown field nets.
Startpoint: _17_ (rising edge-triggered flip-flop clocked by clk)
Endpoint: _17_ (rising edge-triggered flip-flop clocked by clk)
Path Group: clk
Path Type: min

Fanout     Cap    Slew   Delay    Time   Description
-----------------------------------------------------------------------------
                  0.00    0.00    0.00   clock clk (rise edge)
                          0.00    0.00   clock network delay (ideal)
                  0.00    0.00    0.00 ^ _17_/CK (DFFR_X1)
     2    4.51    0.01    0.09    0.09 v _17_/Q (DFFR_X1)
                  0.01    0.00    0.09 v _08_/A (INV_X2)
     2    6.49    0.01    0.02    0.11 ^ _08_/ZN (INV_X2)
                  0.01    0.00    0.11 ^ _14_/A1 (AOI22_X2)
     1    1.05    0.01    0.01    0.12 v _14_/ZN (AOI22_X2)
                  0.01    0.00    0.12 v _17_/D (DFFR_X1)
                                  0.12   data arrival time

                  0.00    0.00    0.00   clock clk (rise edge)
                          0.00    0.00   clock network delay (ideal)
                          0.00    0.00   clock reconvergence pessimism
                                  0.00 ^ _17_/CK (DFFR_X1)
                          0.00    0.00   library hold time
                                  0.00   data required time
-----------------------------------------------------------------------------
                                  0.00   data required time
                                 -0.12   data arrival time
-----------------------------------------------------------------------------
                                  0.11   slack (MET)



==========================================================================
floorplan final report_checks -path_delay max
--------------------------------------------------------------------------
[WARNING STA-0168] unknown field nets.
Startpoint: _17_ (rising edge-triggered flip-flop clocked by clk)
Endpoint: _17_ (rising edge-triggered flip-flop clocked by clk)
Path Group: clk
Path Type: max

Fanout     Cap    Slew   Delay    Time   Description
-----------------------------------------------------------------------------
                  0.00    0.00    0.00   clock clk (rise edge)
                          0.00    0.00   clock network delay (ideal)
                  0.00    0.00    0.00 ^ _17_/CK (DFFR_X1)
     2    4.90    0.02    0.11    0.11 ^ _17_/Q (DFFR_X1)
                  0.02    0.00    0.11 ^ _08_/A (INV_X2)
     2    5.96    0.01    0.01    0.12 v _08_/ZN (INV_X2)
                  0.01    0.00    0.12 v _09_/A2 (NOR2_X2)
     2    3.44    0.02    0.03    0.15 ^ _09_/ZN (NOR2_X2)
                  0.02    0.00    0.15 ^ _14_/B2 (AOI22_X2)
     1    1.05    0.01    0.02    0.17 v _14_/ZN (AOI22_X2)
                  0.01    0.00    0.17 v _17_/D (DFFR_X1)
                                  0.17   data arrival time

                  0.00    0.01    0.01   clock clk (rise edge)
                          0.00    0.01   clock network delay (ideal)
                          0.00    0.01   clock reconvergence pessimism
                                  0.01 ^ _17_/CK (DFFR_X1)
                         -0.04   -0.03   library setup time
                                 -0.03   data required time
-----------------------------------------------------------------------------
                                 -0.03   data required time
                                 -0.17   data arrival time
-----------------------------------------------------------------------------
                                 -0.20   slack (VIOLATED)



==========================================================================
floorplan final report_checks -unconstrained
--------------------------------------------------------------------------
[WARNING STA-0168] unknown field nets.
Startpoint: _17_ (rising edge-triggered flip-flop clocked by clk)
Endpoint: _17_ (rising edge-triggered flip-flop clocked by clk)
Path Group: clk
Path Type: max

Fanout     Cap    Slew   Delay    Time   Description
-----------------------------------------------------------------------------
                  0.00    0.00    0.00   clock clk (rise edge)
                          0.00    0.00   clock network delay (ideal)
                  0.00    0.00    0.00 ^ _17_/CK (DFFR_X1)
     2    4.90    0.02    0.11    0.11 ^ _17_/Q (DFFR_X1)
                  0.02    0.00    0.11 ^ _08_/A (INV_X2)
     2    5.96    0.01    0.01    0.12 v _08_/ZN (INV_X2)
                  0.01    0.00    0.12 v _09_/A2 (NOR2_X2)
     2    3.44    0.02    0.03    0.15 ^ _09_/ZN (NOR2_X2)
                  0.02    0.00    0.15 ^ _14_/B2 (AOI22_X2)
     1    1.05    0.01    0.02    0.17 v _14_/ZN (AOI22_X2)
                  0.01    0.00    0.17 v _17_/D (DFFR_X1)
                                  0.17   data arrival time

                  0.00    0.01    0.01   clock clk (rise edge)
                          0.00    0.01   clock network delay (ideal)
                          0.00    0.01   clock reconvergence pessimism
                                  0.01 ^ _17_/CK (DFFR_X1)
                         -0.04   -0.03   library setup time
                                 -0.03   data required time
-----------------------------------------------------------------------------
                                 -0.03   data required time
                                 -0.17   data arrival time
-----------------------------------------------------------------------------
                                 -0.20   slack (VIOLATED)



==========================================================================
floorplan final report_power
--------------------------------------------------------------------------
Group                  Internal  Switching    Leakage      Total
                          Power      Power      Power      Power (Watts)
----------------------------------------------------------------
Sequential             1.28e-03   2.00e-04   1.73e-07   1.48e-03  62.7%
Combinational          5.02e-04   3.79e-04   2.62e-07   8.81e-04  37.3%
Clock                  0.00e+00   0.00e+00   0.00e+00   0.00e+00   0.0%
Macro                  0.00e+00   0.00e+00   0.00e+00   0.00e+00   0.0%
Pad                    0.00e+00   0.00e+00   0.00e+00   0.00e+00   0.0%
----------------------------------------------------------------
Total                  1.79e-03   5.79e-04   4.35e-07   2.37e-03 100.0%
                          75.5%      24.5%       0.0%

==========================================================================
floorplan final report_design_area
--------------------------------------------------------------------------
Design area 20 u^2 1% utilization.

