OpenROAD v2.0-22532-gac667f3cc7 
Features included (+) or not (-): +GPU +GUI +Python
This program is licensed under the BSD-3 license. See the LICENSE file for details.
Components of this program may be licensed under more restrictive licenses which must be honored.
[INFO ODB-0227] LEF file: /project/cad-team/LX_Semicon/kmcho/EoR/pdk/Nangate45/Nangate45_tech.lef, created 22 layers, 27 vias
[INFO ODB-0227] LEF file: /project/cad-team/LX_Semicon/kmcho/EoR/pdk/Nangate45/Nangate45_stdcell.lef, created 135 library cells
[INFO IFP-0001] Added 53 rows of 397 site FreePDK45_38x28_10R_NP_162NW_34O.
Default units for flow
 time 1ns
 capacitance 1fF
 resistance 1kohm
 voltage 1v
 current 1mA
 power 1nW
 distance 1um

==========================================================================
floorplan final check_setup
--------------------------------------------------------------------------
Warning: There are 3 input ports missing set_input_delay.
Warning: There are 2 output ports missing set_output_delay.
Warning: There are 2 unconstrained endpoints.

==========================================================================
floorplan final report_tns
--------------------------------------------------------------------------
tns max -0.46

==========================================================================
floorplan final report_wns
--------------------------------------------------------------------------
wns max -0.25

==========================================================================
floorplan final report_worst_slack
--------------------------------------------------------------------------
worst slack max -0.25

==========================================================================
floorplan final report_checks -path_delay min
--------------------------------------------------------------------------
[WARNING STA-0168] unknown field nets.
Startpoint: _36_ (rising edge-triggered flip-flop clocked by clk)
Endpoint: _36_ (rising edge-triggered flip-flop clocked by clk)
Path Group: clk
Path Type: min

Fanout     Cap    Slew   Delay    Time   Description
-----------------------------------------------------------------------------
                  0.00    0.00    0.00   clock clk (rise edge)
                          0.00    0.00   clock network delay (ideal)
                  0.00    0.00    0.00 ^ _36_/CK (DFFS_X1)
     4    7.30    0.02    0.08    0.08 v _36_/QN (DFFS_X1)
                  0.02    0.00    0.08 v _21_/B2 (AOI21_X1)
     1    1.62    0.02    0.03    0.11 ^ _21_/ZN (AOI21_X1)
                  0.02    0.00    0.11 ^ _27_/A (AOI211_X1)
     1    1.09    0.01    0.01    0.13 v _27_/ZN (AOI211_X1)
                  0.01    0.00    0.13 v _36_/D (DFFS_X1)
                                  0.13   data arrival time

                  0.00    0.00    0.00   clock clk (rise edge)
                          0.00    0.00   clock network delay (ideal)
                          0.00    0.00   clock reconvergence pessimism
                                  0.00 ^ _36_/CK (DFFS_X1)
                          0.00    0.00   library hold time
                                  0.00   data required time
-----------------------------------------------------------------------------
                                  0.00   data required time
                                 -0.13   data arrival time
-----------------------------------------------------------------------------
                                  0.12   slack (MET)



==========================================================================
floorplan final report_checks -path_delay max
--------------------------------------------------------------------------
[WARNING STA-0168] unknown field nets.
Startpoint: _37_ (rising edge-triggered flip-flop clocked by clk)
Endpoint: _37_ (rising edge-triggered flip-flop clocked by clk)
Path Group: clk
Path Type: max

Fanout     Cap    Slew   Delay    Time   Description
-----------------------------------------------------------------------------
                  0.00    0.00    0.00   clock clk (rise edge)
                          0.00    0.00   clock network delay (ideal)
                  0.00    0.00    0.00 ^ _37_/CK (DFFR_X1)
     5    6.38    0.02    0.11    0.11 ^ _37_/Q (DFFR_X1)
                  0.02    0.00    0.11 ^ _26_/A (INV_X1)
     3    5.54    0.01    0.02    0.13 v _26_/ZN (INV_X1)
                  0.01    0.00    0.13 v _29_/A1 (NAND2_X1)
     1    1.65    0.01    0.01    0.14 ^ _29_/ZN (NAND2_X1)
                  0.01    0.00    0.14 ^ _31_/B1 (AOI21_X1)
     1    3.14    0.01    0.02    0.16 v _31_/ZN (AOI21_X1)
                  0.01    0.00    0.16 v _35_/A (AOI221_X2)
     1    1.13    0.03    0.06    0.22 ^ _35_/ZN (AOI221_X2)
                  0.03    0.00    0.22 ^ _37_/D (DFFR_X1)
                                  0.22   data arrival time

                  0.00    0.01    0.01   clock clk (rise edge)
                          0.00    0.01   clock network delay (ideal)
                          0.00    0.01   clock reconvergence pessimism
                                  0.01 ^ _37_/CK (DFFR_X1)
                         -0.04   -0.03   library setup time
                                 -0.03   data required time
-----------------------------------------------------------------------------
                                 -0.03   data required time
                                 -0.22   data arrival time
-----------------------------------------------------------------------------
                                 -0.25   slack (VIOLATED)



==========================================================================
floorplan final report_checks -unconstrained
--------------------------------------------------------------------------
[WARNING STA-0168] unknown field nets.
Startpoint: _37_ (rising edge-triggered flip-flop clocked by clk)
Endpoint: _37_ (rising edge-triggered flip-flop clocked by clk)
Path Group: clk
Path Type: max

Fanout     Cap    Slew   Delay    Time   Description
-----------------------------------------------------------------------------
                  0.00    0.00    0.00   clock clk (rise edge)
                          0.00    0.00   clock network delay (ideal)
                  0.00    0.00    0.00 ^ _37_/CK (DFFR_X1)
     5    6.38    0.02    0.11    0.11 ^ _37_/Q (DFFR_X1)
                  0.02    0.00    0.11 ^ _26_/A (INV_X1)
     3    5.54    0.01    0.02    0.13 v _26_/ZN (INV_X1)
                  0.01    0.00    0.13 v _29_/A1 (NAND2_X1)
     1    1.65    0.01    0.01    0.14 ^ _29_/ZN (NAND2_X1)
                  0.01    0.00    0.14 ^ _31_/B1 (AOI21_X1)
     1    3.14    0.01    0.02    0.16 v _31_/ZN (AOI21_X1)
                  0.01    0.00    0.16 v _35_/A (AOI221_X2)
     1    1.13    0.03    0.06    0.22 ^ _35_/ZN (AOI221_X2)
                  0.03    0.00    0.22 ^ _37_/D (DFFR_X1)
                                  0.22   data arrival time

                  0.00    0.01    0.01   clock clk (rise edge)
                          0.00    0.01   clock network delay (ideal)
                          0.00    0.01   clock reconvergence pessimism
                                  0.01 ^ _37_/CK (DFFR_X1)
                         -0.04   -0.03   library setup time
                                 -0.03   data required time
-----------------------------------------------------------------------------
                                 -0.03   data required time
                                 -0.22   data arrival time
-----------------------------------------------------------------------------
                                 -0.25   slack (VIOLATED)



==========================================================================
floorplan final report_power
--------------------------------------------------------------------------
Group                  Internal  Switching    Leakage      Total
                          Power      Power      Power      Power (Watts)
----------------------------------------------------------------
Sequential             1.95e-03   6.62e-04   1.71e-07   2.62e-03  49.5%
Combinational          1.52e-03   1.15e-03   4.80e-07   2.67e-03  50.5%
Clock                  0.00e+00   0.00e+00   0.00e+00   0.00e+00   0.0%
Macro                  0.00e+00   0.00e+00   0.00e+00   0.00e+00   0.0%
Pad                    0.00e+00   0.00e+00   0.00e+00   0.00e+00   0.0%
----------------------------------------------------------------
Total                  3.48e-03   1.81e-03   6.51e-07   5.29e-03 100.0%
                          65.7%      34.3%       0.0%

==========================================================================
floorplan final report_design_area
--------------------------------------------------------------------------
Design area 28 u^2 1% utilization.

