OpenROAD v2.0-22532-gac667f3cc7 
Features included (+) or not (-): +GPU +GUI +Python
This program is licensed under the BSD-3 license. See the LICENSE file for details.
Components of this program may be licensed under more restrictive licenses which must be honored.
[INFO ODB-0227] LEF file: /project/cad-team/LX_Semicon/kmcho/EoR/pdk/Nangate45/Nangate45_tech.lef, created 22 layers, 27 vias
[INFO ODB-0227] LEF file: /project/cad-team/LX_Semicon/kmcho/EoR/pdk/Nangate45/Nangate45_stdcell.lef, created 135 library cells
[INFO IFP-0001] Added 46 rows of 341 site FreePDK45_38x28_10R_NP_162NW_34O.
Default units for flow
 time 1ns
 capacitance 1fF
 resistance 1kohm
 voltage 1v
 current 1mA
 power 1nW
 distance 1um

==========================================================================
floorplan final check_setup
--------------------------------------------------------------------------
Warning: There are 3 input ports missing set_input_delay.
Warning: There are 2 output ports missing set_output_delay.
Warning: There are 2 unconstrained endpoints.

==========================================================================
floorplan final report_tns
--------------------------------------------------------------------------
tns max -0.39

==========================================================================
floorplan final report_wns
--------------------------------------------------------------------------
wns max -0.21

==========================================================================
floorplan final report_worst_slack
--------------------------------------------------------------------------
worst slack max -0.21

==========================================================================
floorplan final report_checks -path_delay min
--------------------------------------------------------------------------
[WARNING STA-0168] unknown field nets.
Startpoint: _25_ (rising edge-triggered flip-flop clocked by clk)
Endpoint: _24_ (rising edge-triggered flip-flop clocked by clk)
Path Group: clk
Path Type: min

Fanout     Cap    Slew   Delay    Time   Description
-----------------------------------------------------------------------------
                  0.00    0.00    0.00   clock clk (rise edge)
                          0.00    0.00   clock network delay (ideal)
                  0.00    0.00    0.00 ^ _25_/CK (DFFR_X1)
     4    4.60    0.01    0.09    0.09 v _25_/Q (DFFR_X1)
                  0.01    0.00    0.09 v _17_/A (INV_X1)
     1    1.63    0.01    0.01    0.10 ^ _17_/ZN (INV_X1)
                  0.01    0.00    0.10 ^ _20_/C1 (AOI221_X1)
     1    1.09    0.01    0.01    0.11 v _20_/ZN (AOI221_X1)
                  0.01    0.00    0.11 v _24_/D (DFFS_X1)
                                  0.11   data arrival time

                  0.00    0.00    0.00   clock clk (rise edge)
                          0.00    0.00   clock network delay (ideal)
                          0.00    0.00   clock reconvergence pessimism
                                  0.00 ^ _24_/CK (DFFS_X1)
                          0.00    0.00   library hold time
                                  0.00   data required time
-----------------------------------------------------------------------------
                                  0.00   data required time
                                 -0.11   data arrival time
-----------------------------------------------------------------------------
                                  0.11   slack (MET)



==========================================================================
floorplan final report_checks -path_delay max
--------------------------------------------------------------------------
[WARNING STA-0168] unknown field nets.
Startpoint: _24_ (rising edge-triggered flip-flop clocked by clk)
Endpoint: _24_ (rising edge-triggered flip-flop clocked by clk)
Path Group: clk
Path Type: max

Fanout     Cap    Slew   Delay    Time   Description
-----------------------------------------------------------------------------
                  0.00    0.00    0.00   clock clk (rise edge)
                          0.00    0.00   clock network delay (ideal)
                  0.00    0.00    0.00 ^ _24_/CK (DFFS_X1)
     4    6.42    0.02    0.10    0.10 ^ _24_/Q (DFFS_X1)
                  0.02    0.00    0.10 ^ _14_/A (INV_X2)
     3    4.36    0.01    0.01    0.11 v _14_/ZN (INV_X2)
                  0.01    0.00    0.11 v _20_/B2 (AOI221_X1)
     1    1.16    0.04    0.07    0.18 ^ _20_/ZN (AOI221_X1)
                  0.04    0.00    0.18 ^ _24_/D (DFFS_X1)
                                  0.18   data arrival time

                  0.00    0.01    0.01   clock clk (rise edge)
                          0.00    0.01   clock network delay (ideal)
                          0.00    0.01   clock reconvergence pessimism
                                  0.01 ^ _24_/CK (DFFS_X1)
                         -0.04   -0.03   library setup time
                                 -0.03   data required time
-----------------------------------------------------------------------------
                                 -0.03   data required time
                                 -0.18   data arrival time
-----------------------------------------------------------------------------
                                 -0.21   slack (VIOLATED)



==========================================================================
floorplan final report_checks -unconstrained
--------------------------------------------------------------------------
[WARNING STA-0168] unknown field nets.
Startpoint: _24_ (rising edge-triggered flip-flop clocked by clk)
Endpoint: _24_ (rising edge-triggered flip-flop clocked by clk)
Path Group: clk
Path Type: max

Fanout     Cap    Slew   Delay    Time   Description
-----------------------------------------------------------------------------
                  0.00    0.00    0.00   clock clk (rise edge)
                          0.00    0.00   clock network delay (ideal)
                  0.00    0.00    0.00 ^ _24_/CK (DFFS_X1)
     4    6.42    0.02    0.10    0.10 ^ _24_/Q (DFFS_X1)
                  0.02    0.00    0.10 ^ _14_/A (INV_X2)
     3    4.36    0.01    0.01    0.11 v _14_/ZN (INV_X2)
                  0.01    0.00    0.11 v _20_/B2 (AOI221_X1)
     1    1.16    0.04    0.07    0.18 ^ _20_/ZN (AOI221_X1)
                  0.04    0.00    0.18 ^ _24_/D (DFFS_X1)
                                  0.18   data arrival time

                  0.00    0.01    0.01   clock clk (rise edge)
                          0.00    0.01   clock network delay (ideal)
                          0.00    0.01   clock reconvergence pessimism
                                  0.01 ^ _24_/CK (DFFS_X1)
                         -0.04   -0.03   library setup time
                                 -0.03   data required time
-----------------------------------------------------------------------------
                                 -0.03   data required time
                                 -0.18   data arrival time
-----------------------------------------------------------------------------
                                 -0.21   slack (VIOLATED)



==========================================================================
floorplan final report_power
--------------------------------------------------------------------------
Group                  Internal  Switching    Leakage      Total
                          Power      Power      Power      Power (Watts)
----------------------------------------------------------------
Sequential             2.19e-03   4.62e-04   1.68e-07   2.65e-03  62.0%
Combinational          9.81e-04   6.46e-04   2.71e-07   1.63e-03  38.0%
Clock                  0.00e+00   0.00e+00   0.00e+00   0.00e+00   0.0%
Macro                  0.00e+00   0.00e+00   0.00e+00   0.00e+00   0.0%
Pad                    0.00e+00   0.00e+00   0.00e+00   0.00e+00   0.0%
----------------------------------------------------------------
Total                  3.17e-03   1.11e-03   4.40e-07   4.28e-03 100.0%
                          74.1%      25.9%       0.0%

==========================================================================
floorplan final report_design_area
--------------------------------------------------------------------------
Design area 21 u^2 1% utilization.

