OpenROAD v2.0-22532-gac667f3cc7 
Features included (+) or not (-): +GPU +GUI +Python
This program is licensed under the BSD-3 license. See the LICENSE file for details.
Components of this program may be licensed under more restrictive licenses which must be honored.
[INFO ODB-0227] LEF file: /project/cad-team/LX_Semicon/kmcho/EoR/pdk/Nangate45/Nangate45_tech.lef, created 22 layers, 27 vias
[INFO ODB-0227] LEF file: /project/cad-team/LX_Semicon/kmcho/EoR/pdk/Nangate45/Nangate45_stdcell.lef, created 135 library cells
[WARNING STA-0366] port 'f_clk' not found.
[INFO IFP-0001] Added 47 rows of 349 site FreePDK45_38x28_10R_NP_162NW_34O.
Default units for flow
 time 1ns
 capacitance 1fF
 resistance 1kohm
 voltage 1v
 current 1mA
 power 1nW
 distance 1um

==========================================================================
floorplan final check_setup
--------------------------------------------------------------------------
Warning: There are 8 input ports missing set_input_delay.
Warning: There are 5 output ports missing set_output_delay.
Warning: There are 5 unconstrained endpoints.

==========================================================================
floorplan final report_tns
--------------------------------------------------------------------------
tns max 0.00

==========================================================================
floorplan final report_wns
--------------------------------------------------------------------------
wns max 0.00

==========================================================================
floorplan final report_worst_slack
--------------------------------------------------------------------------
worst slack max INF

==========================================================================
floorplan final report_checks -path_delay min
--------------------------------------------------------------------------
[WARNING STA-0168] unknown field nets.
No paths found.

==========================================================================
floorplan final report_checks -path_delay max
--------------------------------------------------------------------------
[WARNING STA-0168] unknown field nets.
No paths found.

==========================================================================
floorplan final report_checks -unconstrained
--------------------------------------------------------------------------
[WARNING STA-0168] unknown field nets.
Startpoint: y[0] (input port)
Endpoint: sum[3] (output port)
Path Group: unconstrained
Path Type: max

Fanout     Cap    Slew   Delay    Time   Description
-----------------------------------------------------------------------------
                          0.00    0.00 v input external delay
     1    3.34    0.00    0.00    0.00 v y[0] (in)
                  0.00    0.00    0.00 v _16_/B (HA_X1)
     1    2.66    0.01    0.03    0.03 v _16_/CO (HA_X1)
                  0.01    0.00    0.03 v _15_/CI (FA_X1)
     1    2.66    0.01    0.07    0.10 v _15_/CO (FA_X1)
                  0.01    0.00    0.10 v _13_/CI (FA_X1)
     1    1.55    0.01    0.07    0.16 v _13_/CO (FA_X1)
                  0.01    0.00    0.16 v _11_/A (INV_X1)
     1    2.76    0.01    0.02    0.18 ^ _11_/ZN (INV_X1)
                  0.01    0.00    0.18 ^ _14_/CI (FA_X1)
     1    1.55    0.01    0.09    0.27 v _14_/S (FA_X1)
                  0.01    0.00    0.27 v _10_/A (INV_X1)
     1    0.97    0.01    0.01    0.28 ^ _10_/ZN (INV_X1)
                  0.01    0.00    0.28 ^ _20_/A (BUF_X1)
     1    0.00    0.00    0.02    0.30 ^ _20_/Z (BUF_X1)
                  0.00    0.00    0.30 ^ sum[3] (out)
                                  0.30   data arrival time
-----------------------------------------------------------------------------
(Path is unconstrained)



==========================================================================
floorplan final report_power
--------------------------------------------------------------------------
Group                  Internal  Switching    Leakage      Total
                          Power      Power      Power      Power (Watts)
----------------------------------------------------------------
Sequential             0.00e+00   0.00e+00   0.00e+00   0.00e+00   0.0%
Combinational          1.02e-03   2.74e-04   4.65e-07   1.29e-03 100.0%
Clock                  0.00e+00   0.00e+00   0.00e+00   0.00e+00   0.0%
Macro                  0.00e+00   0.00e+00   0.00e+00   0.00e+00   0.0%
Pad                    0.00e+00   0.00e+00   0.00e+00   0.00e+00   0.0%
----------------------------------------------------------------
Total                  1.02e-03   2.74e-04   4.65e-07   1.29e-03 100.0%
                          78.8%      21.2%       0.0%

==========================================================================
floorplan final report_design_area
--------------------------------------------------------------------------
Design area 22 u^2 1% utilization.

