OpenROAD v2.0-22532-gac667f3cc7 
Features included (+) or not (-): +GPU +GUI +Python
This program is licensed under the BSD-3 license. See the LICENSE file for details.
Components of this program may be licensed under more restrictive licenses which must be honored.
[INFO ODB-0227] LEF file: /project/cad-team/LX_Semicon/kmcho/EoR/pdk/Nangate45/Nangate45_tech.lef, created 22 layers, 27 vias
[INFO ODB-0227] LEF file: /project/cad-team/LX_Semicon/kmcho/EoR/pdk/Nangate45/Nangate45_stdcell.lef, created 135 library cells
[INFO IFP-0001] Added 175 rows of 1296 site FreePDK45_38x28_10R_NP_162NW_34O.
Default units for flow
 time 1ns
 capacitance 1fF
 resistance 1kohm
 voltage 1v
 current 1mA
 power 1nW
 distance 1um

==========================================================================
floorplan final check_setup
--------------------------------------------------------------------------
Warning: There are 2 input ports missing set_input_delay.
Warning: There are 25 output ports missing set_output_delay.
Warning: There are 25 unconstrained endpoints.

==========================================================================
floorplan final report_tns
--------------------------------------------------------------------------
tns max -9.82

==========================================================================
floorplan final report_wns
--------------------------------------------------------------------------
wns max -0.50

==========================================================================
floorplan final report_worst_slack
--------------------------------------------------------------------------
worst slack max -0.50

==========================================================================
floorplan final report_checks -path_delay min
--------------------------------------------------------------------------
[WARNING STA-0168] unknown field nets.
Startpoint: _350_ (rising edge-triggered flip-flop clocked by clk)
Endpoint: _350_ (rising edge-triggered flip-flop clocked by clk)
Path Group: clk
Path Type: min

Fanout     Cap    Slew   Delay    Time   Description
-----------------------------------------------------------------------------
                  0.00    0.00    0.00   clock clk (rise edge)
                          0.00    0.00   clock network delay (ideal)
                  0.00    0.00    0.00 ^ _350_/CK (DFF_X1)
     1    1.54    0.01    0.06    0.06 v _350_/QN (DFF_X1)
                  0.01    0.00    0.06 v _281_/A2 (NAND4_X1)
     1    1.65    0.01    0.02    0.08 ^ _281_/ZN (NAND4_X1)
                  0.01    0.00    0.08 ^ _282_/B1 (OAI33_X1)
     1    1.06    0.00    0.01    0.10 v _282_/ZN (OAI33_X1)
                  0.00    0.00    0.10 v _350_/D (DFF_X1)
                                  0.10   data arrival time

                  0.00    0.00    0.00   clock clk (rise edge)
                          0.00    0.00   clock network delay (ideal)
                          0.00    0.00   clock reconvergence pessimism
                                  0.00 ^ _350_/CK (DFF_X1)
                          0.00    0.00   library hold time
                                  0.00   data required time
-----------------------------------------------------------------------------
                                  0.00   data required time
                                 -0.10   data arrival time
-----------------------------------------------------------------------------
                                  0.10   slack (MET)



==========================================================================
floorplan final report_checks -path_delay max
--------------------------------------------------------------------------
[WARNING STA-0168] unknown field nets.
Startpoint: _358_ (rising edge-triggered flip-flop clocked by clk)
Endpoint: _338_ (rising edge-triggered flip-flop clocked by clk)
Path Group: clk
Path Type: max

Fanout     Cap    Slew   Delay    Time   Description
-----------------------------------------------------------------------------
                  0.00    0.00    0.00   clock clk (rise edge)
                          0.00    0.00   clock network delay (ideal)
                  0.00    0.00    0.00 ^ _358_/CK (DFF_X1)
     3    3.37    0.01    0.09    0.09 ^ _358_/Q (DFF_X1)
                  0.01    0.00    0.09 ^ _207_/A (INV_X1)
     4    5.57    0.01    0.01    0.10 v _207_/ZN (INV_X1)
                  0.01    0.00    0.10 v _208_/A4 (OR4_X1)
     4   11.64    0.03    0.14    0.24 v _208_/ZN (OR4_X1)
                  0.03    0.00    0.24 v _211_/A3 (OR4_X4)
     4    9.72    0.02    0.11    0.36 v _211_/ZN (OR4_X4)
                  0.02    0.00    0.36 v _212_/A (BUF_X8)
    10   14.86    0.01    0.03    0.39 v _212_/Z (BUF_X8)
                  0.01    0.00    0.39 v _222_/B (AOI211_X1)
     1    1.63    0.04    0.06    0.45 ^ _222_/ZN (AOI211_X1)
                  0.04    0.00    0.45 ^ _227_/A (AOI21_X1)
     1    1.06    0.01    0.02    0.46 v _227_/ZN (AOI21_X1)
                  0.01    0.00    0.46 v _338_/D (DFF_X1)
                                  0.46   data arrival time

                  0.00    0.01    0.01   clock clk (rise edge)
                          0.00    0.01   clock network delay (ideal)
                          0.00    0.01   clock reconvergence pessimism
                                  0.01 ^ _338_/CK (DFF_X1)
                         -0.04   -0.03   library setup time
                                 -0.03   data required time
-----------------------------------------------------------------------------
                                 -0.03   data required time
                                 -0.46   data arrival time
-----------------------------------------------------------------------------
                                 -0.50   slack (VIOLATED)



==========================================================================
floorplan final report_checks -unconstrained
--------------------------------------------------------------------------
[WARNING STA-0168] unknown field nets.
Startpoint: _358_ (rising edge-triggered flip-flop clocked by clk)
Endpoint: _338_ (rising edge-triggered flip-flop clocked by clk)
Path Group: clk
Path Type: max

Fanout     Cap    Slew   Delay    Time   Description
-----------------------------------------------------------------------------
                  0.00    0.00    0.00   clock clk (rise edge)
                          0.00    0.00   clock network delay (ideal)
                  0.00    0.00    0.00 ^ _358_/CK (DFF_X1)
     3    3.37    0.01    0.09    0.09 ^ _358_/Q (DFF_X1)
                  0.01    0.00    0.09 ^ _207_/A (INV_X1)
     4    5.57    0.01    0.01    0.10 v _207_/ZN (INV_X1)
                  0.01    0.00    0.10 v _208_/A4 (OR4_X1)
     4   11.64    0.03    0.14    0.24 v _208_/ZN (OR4_X1)
                  0.03    0.00    0.24 v _211_/A3 (OR4_X4)
     4    9.72    0.02    0.11    0.36 v _211_/ZN (OR4_X4)
                  0.02    0.00    0.36 v _212_/A (BUF_X8)
    10   14.86    0.01    0.03    0.39 v _212_/Z (BUF_X8)
                  0.01    0.00    0.39 v _222_/B (AOI211_X1)
     1    1.63    0.04    0.06    0.45 ^ _222_/ZN (AOI211_X1)
                  0.04    0.00    0.45 ^ _227_/A (AOI21_X1)
     1    1.06    0.01    0.02    0.46 v _227_/ZN (AOI21_X1)
                  0.01    0.00    0.46 v _338_/D (DFF_X1)
                                  0.46   data arrival time

                  0.00    0.01    0.01   clock clk (rise edge)
                          0.00    0.01   clock network delay (ideal)
                          0.00    0.01   clock reconvergence pessimism
                                  0.01 ^ _338_/CK (DFF_X1)
                         -0.04   -0.03   library setup time
                                 -0.03   data required time
-----------------------------------------------------------------------------
                                 -0.03   data required time
                                 -0.46   data arrival time
-----------------------------------------------------------------------------
                                 -0.50   slack (VIOLATED)



==========================================================================
floorplan final report_power
--------------------------------------------------------------------------
Group                  Internal  Switching    Leakage      Total
                          Power      Power      Power      Power (Watts)
----------------------------------------------------------------
Sequential             1.73e-02   2.76e-04   1.91e-06   1.76e-02  92.0%
Combinational          7.20e-04   8.04e-04   4.57e-06   1.53e-03   8.0%
Clock                  0.00e+00   0.00e+00   0.00e+00   0.00e+00   0.0%
Macro                  0.00e+00   0.00e+00   0.00e+00   0.00e+00   0.0%
Pad                    0.00e+00   0.00e+00   0.00e+00   0.00e+00   0.0%
----------------------------------------------------------------
Total                  1.80e-02   1.08e-03   6.49e-06   1.91e-02 100.0%
                          94.3%       5.7%       0.0%

==========================================================================
floorplan final report_design_area
--------------------------------------------------------------------------
Design area 304 u^2 1% utilization.

