OpenROAD v2.0-22532-gac667f3cc7 
Features included (+) or not (-): +GPU +GUI +Python
This program is licensed under the BSD-3 license. See the LICENSE file for details.
Components of this program may be licensed under more restrictive licenses which must be honored.
[INFO ODB-0227] LEF file: /project/cad-team/LX_Semicon/kmcho/EoR/pdk/Nangate45/Nangate45_tech.lef, created 22 layers, 27 vias
[INFO ODB-0227] LEF file: /project/cad-team/LX_Semicon/kmcho/EoR/pdk/Nangate45/Nangate45_stdcell.lef, created 135 library cells
[WARNING STA-0366] port 'f_clk' not found.
[INFO IFP-0001] Added 68 rows of 506 site FreePDK45_38x28_10R_NP_162NW_34O.
Default units for flow
 time 1ns
 capacitance 1fF
 resistance 1kohm
 voltage 1v
 current 1mA
 power 1nW
 distance 1um

==========================================================================
floorplan final check_setup
--------------------------------------------------------------------------
Warning: There are 9 input ports missing set_input_delay.
Warning: There are 7 output ports missing set_output_delay.
Warning: There are 7 unconstrained endpoints.

==========================================================================
floorplan final report_tns
--------------------------------------------------------------------------
tns max 0.00

==========================================================================
floorplan final report_wns
--------------------------------------------------------------------------
wns max 0.00

==========================================================================
floorplan final report_worst_slack
--------------------------------------------------------------------------
worst slack max INF

==========================================================================
floorplan final report_checks -path_delay min
--------------------------------------------------------------------------
[WARNING STA-0168] unknown field nets.
No paths found.

==========================================================================
floorplan final report_checks -path_delay max
--------------------------------------------------------------------------
[WARNING STA-0168] unknown field nets.
No paths found.

==========================================================================
floorplan final report_checks -unconstrained
--------------------------------------------------------------------------
[WARNING STA-0168] unknown field nets.
Startpoint: B[2] (input port)
Endpoint: S[3] (output port)
Path Group: unconstrained
Path Type: max

Fanout     Cap    Slew   Delay    Time   Description
-----------------------------------------------------------------------------
                          0.00    0.00 v input external delay
     1    3.34    0.00    0.00    0.00 v B[2] (in)
                  0.00    0.00    0.00 v _53_/B (HA_X1)
     1    3.00    0.01    0.05    0.05 v _53_/S (HA_X1)
                  0.01    0.00    0.05 v _26_/A (BUF_X4)
     5   13.16    0.01    0.03    0.08 v _26_/Z (BUF_X4)
                  0.01    0.00    0.08 v _31_/B2 (AOI21_X4)
     2    4.98    0.02    0.03    0.11 ^ _31_/ZN (AOI21_X4)
                  0.02    0.00    0.11 ^ _36_/A2 (AND3_X4)
     2    8.17    0.01    0.04    0.16 ^ _36_/ZN (AND3_X4)
                  0.01    0.00    0.16 ^ _44_/B (XNOR2_X2)
     1    0.00    0.01    0.03    0.19 ^ _44_/ZN (XNOR2_X2)
                  0.01    0.00    0.19 ^ S[3] (out)
                                  0.19   data arrival time
-----------------------------------------------------------------------------
(Path is unconstrained)



==========================================================================
floorplan final report_power
--------------------------------------------------------------------------
Group                  Internal  Switching    Leakage      Total
                          Power      Power      Power      Power (Watts)
----------------------------------------------------------------
Sequential             0.00e+00   0.00e+00   0.00e+00   0.00e+00   0.0%
Combinational          2.21e-03   1.15e-03   1.24e-06   3.36e-03 100.0%
Clock                  0.00e+00   0.00e+00   0.00e+00   0.00e+00   0.0%
Macro                  0.00e+00   0.00e+00   0.00e+00   0.00e+00   0.0%
Pad                    0.00e+00   0.00e+00   0.00e+00   0.00e+00   0.0%
----------------------------------------------------------------
Total                  2.21e-03   1.15e-03   1.24e-06   3.36e-03 100.0%
                          65.8%      34.1%       0.0%

==========================================================================
floorplan final report_design_area
--------------------------------------------------------------------------
Design area 46 u^2 1% utilization.

