OpenROAD v2.0-22532-gac667f3cc7 
Features included (+) or not (-): +GPU +GUI +Python
This program is licensed under the BSD-3 license. See the LICENSE file for details.
Components of this program may be licensed under more restrictive licenses which must be honored.
[INFO ODB-0227] LEF file: /project/cad-team/LX_Semicon/kmcho/EoR/pdk/Nangate45/Nangate45_tech.lef, created 22 layers, 27 vias
[INFO ODB-0227] LEF file: /project/cad-team/LX_Semicon/kmcho/EoR/pdk/Nangate45/Nangate45_stdcell.lef, created 135 library cells
[INFO IFP-0001] Added 156 rows of 1156 site FreePDK45_38x28_10R_NP_162NW_34O.
Default units for flow
 time 1ns
 capacitance 1fF
 resistance 1kohm
 voltage 1v
 current 1mA
 power 1nW
 distance 1um

==========================================================================
floorplan final check_setup
--------------------------------------------------------------------------
Warning: There are 10 input ports missing set_input_delay.
Warning: There are 11 output ports missing set_output_delay.
Warning: There are 11 unconstrained endpoints.

==========================================================================
floorplan final report_tns
--------------------------------------------------------------------------
tns max -8.85

==========================================================================
floorplan final report_wns
--------------------------------------------------------------------------
wns max -0.48

==========================================================================
floorplan final report_worst_slack
--------------------------------------------------------------------------
worst slack max -0.48

==========================================================================
floorplan final report_checks -path_delay min
--------------------------------------------------------------------------
[WARNING STA-0168] unknown field nets.
Startpoint: _222_ (rising edge-triggered flip-flop clocked by clk)
Endpoint: _222_ (rising edge-triggered flip-flop clocked by clk)
Path Group: clk
Path Type: min

Fanout     Cap    Slew   Delay    Time   Description
-----------------------------------------------------------------------------
                  0.00    0.00    0.00   clock clk (rise edge)
                          0.00    0.00   clock network delay (ideal)
                  0.00    0.00    0.00 ^ _222_/CK (DFFR_X1)
     2    1.53    0.01    0.08    0.08 v _222_/Q (DFFR_X1)
                  0.01    0.00    0.08 v _178_/A1 (NAND2_X1)
     1    1.67    0.01    0.01    0.10 ^ _178_/ZN (NAND2_X1)
                  0.01    0.00    0.10 ^ _179_/A (OAI21_X1)
     1    1.05    0.01    0.01    0.11 v _179_/ZN (OAI21_X1)
                  0.01    0.00    0.11 v _222_/D (DFFR_X1)
                                  0.11   data arrival time

                  0.00    0.00    0.00   clock clk (rise edge)
                          0.00    0.00   clock network delay (ideal)
                          0.00    0.00   clock reconvergence pessimism
                                  0.00 ^ _222_/CK (DFFR_X1)
                          0.00    0.00   library hold time
                                  0.00   data required time
-----------------------------------------------------------------------------
                                  0.00   data required time
                                 -0.11   data arrival time
-----------------------------------------------------------------------------
                                  0.11   slack (MET)



==========================================================================
floorplan final report_checks -path_delay max
--------------------------------------------------------------------------
[WARNING STA-0168] unknown field nets.
Startpoint: _210_ (rising edge-triggered flip-flop clocked by clk)
Endpoint: _227_ (rising edge-triggered flip-flop clocked by clk)
Path Group: clk
Path Type: max

Fanout     Cap    Slew   Delay    Time   Description
-----------------------------------------------------------------------------
                  0.00    0.00    0.00   clock clk (rise edge)
                          0.00    0.00   clock network delay (ideal)
                  0.00    0.00    0.00 ^ _210_/CK (DFFR_X1)
     2    5.11    0.02    0.11    0.11 ^ _210_/Q (DFFR_X1)
                  0.02    0.00    0.11 ^ _201_/B (HA_X1)
     1    1.70    0.01    0.03    0.14 ^ _201_/CO (HA_X1)
                  0.01    0.00    0.14 ^ _144_/A (INV_X1)
     1    2.66    0.00    0.01    0.15 v _144_/ZN (INV_X1)
                  0.00    0.00    0.15 v _197_/CI (FA_X1)
     3    5.77    0.02    0.08    0.22 v _197_/CO (FA_X1)
                  0.02    0.00    0.22 v _135_/A (INV_X1)
     1    3.17    0.01    0.02    0.25 ^ _135_/ZN (INV_X1)
                  0.01    0.00    0.25 ^ _136_/C1 (AOI211_X2)
     2    2.94    0.01    0.01    0.26 v _136_/ZN (AOI211_X2)
                  0.01    0.00    0.26 v _138_/B1 (OAI21_X1)
     1    2.76    0.02    0.03    0.29 ^ _138_/ZN (OAI21_X1)
                  0.02    0.00    0.29 ^ _200_/CI (FA_X1)
     2    2.46    0.02    0.10    0.39 v _200_/S (FA_X1)
                  0.02    0.00    0.39 v _188_/A (MUX2_X1)
     1    1.05    0.01    0.06    0.45 v _188_/Z (MUX2_X1)
                  0.01    0.00    0.45 v _227_/D (DFFR_X1)
                                  0.45   data arrival time

                  0.00    0.01    0.01   clock clk (rise edge)
                          0.00    0.01   clock network delay (ideal)
                          0.00    0.01   clock reconvergence pessimism
                                  0.01 ^ _227_/CK (DFFR_X1)
                         -0.04   -0.03   library setup time
                                 -0.03   data required time
-----------------------------------------------------------------------------
                                 -0.03   data required time
                                 -0.45   data arrival time
-----------------------------------------------------------------------------
                                 -0.48   slack (VIOLATED)



==========================================================================
floorplan final report_checks -unconstrained
--------------------------------------------------------------------------
[WARNING STA-0168] unknown field nets.
Startpoint: _210_ (rising edge-triggered flip-flop clocked by clk)
Endpoint: _227_ (rising edge-triggered flip-flop clocked by clk)
Path Group: clk
Path Type: max

Fanout     Cap    Slew   Delay    Time   Description
-----------------------------------------------------------------------------
                  0.00    0.00    0.00   clock clk (rise edge)
                          0.00    0.00   clock network delay (ideal)
                  0.00    0.00    0.00 ^ _210_/CK (DFFR_X1)
     2    5.11    0.02    0.11    0.11 ^ _210_/Q (DFFR_X1)
                  0.02    0.00    0.11 ^ _201_/B (HA_X1)
     1    1.70    0.01    0.03    0.14 ^ _201_/CO (HA_X1)
                  0.01    0.00    0.14 ^ _144_/A (INV_X1)
     1    2.66    0.00    0.01    0.15 v _144_/ZN (INV_X1)
                  0.00    0.00    0.15 v _197_/CI (FA_X1)
     3    5.77    0.02    0.08    0.22 v _197_/CO (FA_X1)
                  0.02    0.00    0.22 v _135_/A (INV_X1)
     1    3.17    0.01    0.02    0.25 ^ _135_/ZN (INV_X1)
                  0.01    0.00    0.25 ^ _136_/C1 (AOI211_X2)
     2    2.94    0.01    0.01    0.26 v _136_/ZN (AOI211_X2)
                  0.01    0.00    0.26 v _138_/B1 (OAI21_X1)
     1    2.76    0.02    0.03    0.29 ^ _138_/ZN (OAI21_X1)
                  0.02    0.00    0.29 ^ _200_/CI (FA_X1)
     2    2.46    0.02    0.10    0.39 v _200_/S (FA_X1)
                  0.02    0.00    0.39 v _188_/A (MUX2_X1)
     1    1.05    0.01    0.06    0.45 v _188_/Z (MUX2_X1)
                  0.01    0.00    0.45 v _227_/D (DFFR_X1)
                                  0.45   data arrival time

                  0.00    0.01    0.01   clock clk (rise edge)
                          0.00    0.01   clock network delay (ideal)
                          0.00    0.01   clock reconvergence pessimism
                                  0.01 ^ _227_/CK (DFFR_X1)
                         -0.04   -0.03   library setup time
                                 -0.03   data required time
-----------------------------------------------------------------------------
                                 -0.03   data required time
                                 -0.45   data arrival time
-----------------------------------------------------------------------------
                                 -0.48   slack (VIOLATED)



==========================================================================
floorplan final report_power
--------------------------------------------------------------------------
Group                  Internal  Switching    Leakage      Total
                          Power      Power      Power      Power (Watts)
----------------------------------------------------------------
Sequential             2.92e-02   3.79e-03   1.96e-06   3.30e-02  58.0%
Combinational          1.48e-02   9.10e-03   2.91e-06   2.39e-02  42.0%
Clock                  0.00e+00   0.00e+00   0.00e+00   0.00e+00   0.0%
Macro                  0.00e+00   0.00e+00   0.00e+00   0.00e+00   0.0%
Pad                    0.00e+00   0.00e+00   0.00e+00   0.00e+00   0.0%
----------------------------------------------------------------
Total                  4.41e-02   1.29e-02   4.87e-06   5.69e-02 100.0%
                          77.4%      22.6%       0.0%

==========================================================================
floorplan final report_design_area
--------------------------------------------------------------------------
Design area 242 u^2 1% utilization.

