OpenROAD v2.0-22532-gac667f3cc7 
Features included (+) or not (-): +GPU +GUI +Python
This program is licensed under the BSD-3 license. See the LICENSE file for details.
Components of this program may be licensed under more restrictive licenses which must be honored.
[INFO ODB-0227] LEF file: /project/cad-team/LX_Semicon/kmcho/EoR/pdk/Nangate45/Nangate45_tech.lef, created 22 layers, 27 vias
[INFO ODB-0227] LEF file: /project/cad-team/LX_Semicon/kmcho/EoR/pdk/Nangate45/Nangate45_stdcell.lef, created 135 library cells
[WARNING STA-0366] port 'f_clk' not found.
[INFO IFP-0001] Added 140 rows of 1038 site FreePDK45_38x28_10R_NP_162NW_34O.
Default units for flow
 time 1ns
 capacitance 1fF
 resistance 1kohm
 voltage 1v
 current 1mA
 power 1nW
 distance 1um

==========================================================================
floorplan final check_setup
--------------------------------------------------------------------------
Warning: There are 32 input ports missing set_input_delay.
Warning: There are 8 output ports missing set_output_delay.
Warning: There are 8 unconstrained endpoints.

==========================================================================
floorplan final report_tns
--------------------------------------------------------------------------
tns max 0.00

==========================================================================
floorplan final report_wns
--------------------------------------------------------------------------
wns max 0.00

==========================================================================
floorplan final report_worst_slack
--------------------------------------------------------------------------
worst slack max INF

==========================================================================
floorplan final report_checks -path_delay min
--------------------------------------------------------------------------
[WARNING STA-0168] unknown field nets.
No paths found.

==========================================================================
floorplan final report_checks -path_delay max
--------------------------------------------------------------------------
[WARNING STA-0168] unknown field nets.
No paths found.

==========================================================================
floorplan final report_checks -unconstrained
--------------------------------------------------------------------------
[WARNING STA-0168] unknown field nets.
Startpoint: a[3] (input port)
Endpoint: min[0] (output port)
Path Group: unconstrained
Path Type: max

Fanout     Cap    Slew   Delay    Time   Description
-----------------------------------------------------------------------------
                          0.00    0.00 v input external delay
     2    2.45    0.00    0.00    0.00 v a[3] (in)
                  0.00    0.00    0.00 v _161_/A (INV_X1)
     1    3.19    0.01    0.01    0.01 ^ _161_/ZN (INV_X1)
                  0.01    0.00    0.01 ^ _258_/A (HA_X1)
     4    9.75    0.06    0.09    0.10 ^ _258_/S (HA_X1)
                  0.06    0.00    0.10 ^ _174_/A1 (AND3_X4)
     1    3.18    0.01    0.05    0.15 ^ _174_/ZN (AND3_X4)
                  0.01    0.00    0.15 ^ _176_/A (OAI21_X2)
     1    5.64    0.01    0.02    0.17 v _176_/ZN (OAI21_X2)
                  0.01    0.00    0.17 v _177_/B2 (AOI21_X4)
     5    9.02    0.02    0.03    0.20 ^ _177_/ZN (AOI21_X4)
                  0.02    0.00    0.20 ^ _199_/A1 (NOR2_X1)
     5    9.03    0.02    0.02    0.23 v _199_/ZN (NOR2_X1)
                  0.02    0.00    0.23 v _236_/S (MUX2_X1)
     2    2.65    0.01    0.06    0.28 ^ _236_/Z (MUX2_X1)
                  0.01    0.00    0.28 ^ _247_/A (INV_X1)
     1    3.34    0.01    0.01    0.29 v _247_/ZN (INV_X1)
                  0.01    0.00    0.29 v _262_/B (HA_X1)
     2    4.55    0.01    0.03    0.33 v _262_/CO (HA_X1)
                  0.01    0.00    0.33 v _168_/A (AOI211_X2)
     1    3.29    0.04    0.07    0.40 ^ _168_/ZN (AOI211_X2)
                  0.04    0.00    0.40 ^ _170_/A1 (NOR2_X2)
     5    6.78    0.01    0.02    0.41 v _170_/ZN (NOR2_X2)
                  0.01    0.00    0.41 v _171_/A4 (OR4_X1)
     2    4.49    0.02    0.13    0.54 v _171_/ZN (OR4_X1)
                  0.02    0.00    0.54 v _181_/A (AOI21_X2)
     3    6.04    0.03    0.05    0.59 ^ _181_/ZN (AOI21_X2)
                  0.03    0.00    0.59 ^ _193_/A1 (OR3_X1)
     1    1.78    0.01    0.03    0.62 ^ _193_/ZN (OR3_X1)
                  0.01    0.00    0.62 ^ _194_/A (BUF_X2)
     7   13.44    0.02    0.03    0.65 ^ _194_/Z (BUF_X2)
                  0.02    0.00    0.65 ^ _197_/S (MUX2_X1)
     2    2.65    0.01    0.04    0.69 ^ _197_/Z (MUX2_X1)
                  0.01    0.00    0.69 ^ _198_/A (INV_X1)
     1    3.34    0.01    0.01    0.70 v _198_/ZN (INV_X1)
                  0.01    0.00    0.70 v _271_/B (HA_X1)
     2    2.89    0.01    0.06    0.76 v _271_/S (HA_X1)
                  0.01    0.00    0.76 v _216_/C2 (AOI211_X1)
     1    1.70    0.04    0.05    0.80 ^ _216_/ZN (AOI211_X1)
                  0.04    0.00    0.80 ^ _217_/A (INV_X1)
     1    0.90    0.01    0.01    0.81 v _217_/ZN (INV_X1)
                  0.01    0.00    0.81 v _218_/A3 (OR3_X1)
     1    3.51    0.02    0.09    0.90 v _218_/ZN (OR3_X1)
                  0.02    0.00    0.90 v _219_/A4 (OR4_X4)
     1    2.99    0.01    0.11    1.00 v _219_/ZN (OR4_X4)
                  0.01    0.00    1.00 v _224_/B2 (AOI221_X2)
     1    3.40    0.04    0.08    1.08 ^ _224_/ZN (AOI221_X2)
                  0.04    0.00    1.08 ^ _225_/A (BUF_X4)
     8   15.36    0.01    0.03    1.11 ^ _225_/Z (BUF_X4)
                  0.01    0.00    1.11 ^ _226_/S (MUX2_X1)
     1    0.00    0.01    0.05    1.17 v _226_/Z (MUX2_X1)
                  0.01    0.00    1.17 v min[0] (out)
                                  1.17   data arrival time
-----------------------------------------------------------------------------
(Path is unconstrained)



==========================================================================
floorplan final report_power
--------------------------------------------------------------------------
Group                  Internal  Switching    Leakage      Total
                          Power      Power      Power      Power (Watts)
----------------------------------------------------------------
Sequential             0.00e+00   0.00e+00   0.00e+00   0.00e+00   0.0%
Combinational          1.14e-02   7.48e-03   4.61e-06   1.89e-02 100.0%
Clock                  0.00e+00   0.00e+00   0.00e+00   0.00e+00   0.0%
Macro                  0.00e+00   0.00e+00   0.00e+00   0.00e+00   0.0%
Pad                    0.00e+00   0.00e+00   0.00e+00   0.00e+00   0.0%
----------------------------------------------------------------
Total                  1.14e-02   7.48e-03   4.61e-06   1.89e-02 100.0%
                          60.4%      39.6%       0.0%

==========================================================================
floorplan final report_design_area
--------------------------------------------------------------------------
Design area 195 u^2 1% utilization.

