OpenROAD v2.0-22532-gac667f3cc7 
Features included (+) or not (-): +GPU +GUI +Python
This program is licensed under the BSD-3 license. See the LICENSE file for details.
Components of this program may be licensed under more restrictive licenses which must be honored.
[INFO ODB-0227] LEF file: /project/cad-team/LX_Semicon/kmcho/EoR/pdk/Nangate45/Nangate45_tech.lef, created 22 layers, 27 vias
[INFO ODB-0227] LEF file: /project/cad-team/LX_Semicon/kmcho/EoR/pdk/Nangate45/Nangate45_stdcell.lef, created 135 library cells
[WARNING STA-0366] port 'f_clk' not found.
[INFO IFP-0001] Added 72 rows of 536 site FreePDK45_38x28_10R_NP_162NW_34O.
Default units for flow
 time 1ns
 capacitance 1fF
 resistance 1kohm
 voltage 1v
 current 1mA
 power 1nW
 distance 1um

==========================================================================
floorplan final check_setup
--------------------------------------------------------------------------
Warning: There are 16 input ports missing set_input_delay.
Warning: There are 9 output ports missing set_output_delay.
Warning: There are 9 unconstrained endpoints.

==========================================================================
floorplan final report_tns
--------------------------------------------------------------------------
tns max 0.00

==========================================================================
floorplan final report_wns
--------------------------------------------------------------------------
wns max 0.00

==========================================================================
floorplan final report_worst_slack
--------------------------------------------------------------------------
worst slack max INF

==========================================================================
floorplan final report_checks -path_delay min
--------------------------------------------------------------------------
[WARNING STA-0168] unknown field nets.
No paths found.

==========================================================================
floorplan final report_checks -path_delay max
--------------------------------------------------------------------------
[WARNING STA-0168] unknown field nets.
No paths found.

==========================================================================
floorplan final report_checks -unconstrained
--------------------------------------------------------------------------
[WARNING STA-0168] unknown field nets.
Startpoint: b[0] (input port)
Endpoint: s[7] (output port)
Path Group: unconstrained
Path Type: max

Fanout     Cap    Slew   Delay    Time   Description
-----------------------------------------------------------------------------
                          0.00    0.00 v input external delay
     1    3.34    0.00    0.00    0.00 v b[0] (in)
                  0.00    0.00    0.00 v _55_/B (HA_X1)
     1    2.66    0.01    0.03    0.03 v _55_/CO (HA_X1)
                  0.01    0.00    0.03 v _48_/CI (FA_X1)
     2    3.08    0.02    0.07    0.10 v _48_/CO (FA_X1)
                  0.02    0.00    0.10 v _39_/A2 (NAND3_X1)
     1    0.92    0.01    0.02    0.12 ^ _39_/ZN (NAND3_X1)
                  0.01    0.00    0.12 ^ _41_/A1 (AND2_X1)
     2    5.03    0.02    0.04    0.16 ^ _41_/ZN (AND2_X1)
                  0.02    0.00    0.16 ^ _46_/B2 (OAI21_X2)
     1    2.66    0.01    0.02    0.17 v _46_/ZN (OAI21_X2)
                  0.01    0.00    0.17 v _47_/CI (FA_X1)
     3    7.51    0.02    0.08    0.26 v _47_/CO (FA_X1)
                  0.02    0.00    0.26 v _30_/B (XNOR2_X2)
     1    4.42    0.01    0.04    0.30 v _30_/ZN (XNOR2_X2)
                  0.01    0.00    0.30 v _31_/B (XNOR2_X2)
     1    0.00    0.01    0.03    0.33 v _31_/ZN (XNOR2_X2)
                  0.01    0.00    0.33 v s[7] (out)
                                  0.33   data arrival time
-----------------------------------------------------------------------------
(Path is unconstrained)



==========================================================================
floorplan final report_power
--------------------------------------------------------------------------
Group                  Internal  Switching    Leakage      Total
                          Power      Power      Power      Power (Watts)
----------------------------------------------------------------
Sequential             0.00e+00   0.00e+00   0.00e+00   0.00e+00   0.0%
Combinational          2.34e-03   8.79e-04   1.15e-06   3.22e-03 100.0%
Clock                  0.00e+00   0.00e+00   0.00e+00   0.00e+00   0.0%
Macro                  0.00e+00   0.00e+00   0.00e+00   0.00e+00   0.0%
Pad                    0.00e+00   0.00e+00   0.00e+00   0.00e+00   0.0%
----------------------------------------------------------------
Total                  2.34e-03   8.79e-04   1.15e-06   3.22e-03 100.0%
                          72.6%      27.3%       0.0%

==========================================================================
floorplan final report_design_area
--------------------------------------------------------------------------
Design area 52 u^2 1% utilization.

