OpenROAD v2.0-22532-gac667f3cc7 
Features included (+) or not (-): +GPU +GUI +Python
This program is licensed under the BSD-3 license. See the LICENSE file for details.
Components of this program may be licensed under more restrictive licenses which must be honored.
[INFO ODB-0227] LEF file: /project/cad-team/LX_Semicon/kmcho/EoR/pdk/Nangate45/Nangate45_tech.lef, created 22 layers, 27 vias
[INFO ODB-0227] LEF file: /project/cad-team/LX_Semicon/kmcho/EoR/pdk/Nangate45/Nangate45_stdcell.lef, created 135 library cells
[WARNING STA-0366] port 'f_clk' not found.
[INFO IFP-0001] Added 72 rows of 537 site FreePDK45_38x28_10R_NP_162NW_34O.
Default units for flow
 time 1ns
 capacitance 1fF
 resistance 1kohm
 voltage 1v
 current 1mA
 power 1nW
 distance 1um

==========================================================================
floorplan final check_setup
--------------------------------------------------------------------------
Warning: There are 16 input ports missing set_input_delay.
Warning: There are 9 output ports missing set_output_delay.
Warning: There are 9 unconstrained endpoints.

==========================================================================
floorplan final report_tns
--------------------------------------------------------------------------
tns max 0.00

==========================================================================
floorplan final report_wns
--------------------------------------------------------------------------
wns max 0.00

==========================================================================
floorplan final report_worst_slack
--------------------------------------------------------------------------
worst slack max INF

==========================================================================
floorplan final report_checks -path_delay min
--------------------------------------------------------------------------
[WARNING STA-0168] unknown field nets.
No paths found.

==========================================================================
floorplan final report_checks -path_delay max
--------------------------------------------------------------------------
[WARNING STA-0168] unknown field nets.
No paths found.

==========================================================================
floorplan final report_checks -unconstrained
--------------------------------------------------------------------------
[WARNING STA-0168] unknown field nets.
Startpoint: b[0] (input port)
Endpoint: s[7] (output port)
Path Group: unconstrained
Path Type: max

Fanout     Cap    Slew   Delay    Time   Description
-----------------------------------------------------------------------------
                          0.00    0.00 v input external delay
     1    3.34    0.00    0.00    0.00 v b[0] (in)
                  0.00    0.00    0.00 v _57_/B (HA_X1)
     1    2.66    0.01    0.03    0.03 v _57_/CO (HA_X1)
                  0.01    0.00    0.03 v _49_/CI (FA_X1)
     2    4.68    0.02    0.07    0.10 v _49_/CO (FA_X1)
                  0.02    0.00    0.10 v _30_/A2 (AND3_X4)
     1    3.05    0.01    0.03    0.13 v _30_/ZN (AND3_X4)
                  0.01    0.00    0.13 v _31_/B (AOI211_X2)
     2    4.33    0.04    0.07    0.20 ^ _31_/ZN (AOI211_X2)
                  0.04    0.00    0.20 ^ _48_/B2 (OAI21_X1)
     1    2.66    0.02    0.03    0.23 v _48_/ZN (OAI21_X1)
                  0.02    0.00    0.23 v _52_/CI (FA_X1)
     3    5.46    0.02    0.08    0.31 v _52_/CO (FA_X1)
                  0.02    0.00    0.31 v _32_/B (XNOR2_X1)
     1    2.37    0.01    0.04    0.35 v _32_/ZN (XNOR2_X1)
                  0.01    0.00    0.35 v _33_/B (XNOR2_X1)
     1    0.00    0.01    0.04    0.39 v _33_/ZN (XNOR2_X1)
                  0.01    0.00    0.39 v s[7] (out)
                                  0.39   data arrival time
-----------------------------------------------------------------------------
(Path is unconstrained)



==========================================================================
floorplan final report_power
--------------------------------------------------------------------------
Group                  Internal  Switching    Leakage      Total
                          Power      Power      Power      Power (Watts)
----------------------------------------------------------------
Sequential             0.00e+00   0.00e+00   0.00e+00   0.00e+00   0.0%
Combinational          2.24e-03   9.20e-04   1.18e-06   3.16e-03 100.0%
Clock                  0.00e+00   0.00e+00   0.00e+00   0.00e+00   0.0%
Macro                  0.00e+00   0.00e+00   0.00e+00   0.00e+00   0.0%
Pad                    0.00e+00   0.00e+00   0.00e+00   0.00e+00   0.0%
----------------------------------------------------------------
Total                  2.24e-03   9.20e-04   1.18e-06   3.16e-03 100.0%
                          70.8%      29.1%       0.0%

==========================================================================
floorplan final report_design_area
--------------------------------------------------------------------------
Design area 52 u^2 1% utilization.

