OpenROAD v2.0-22532-gac667f3cc7 
Features included (+) or not (-): +GPU +GUI +Python
This program is licensed under the BSD-3 license. See the LICENSE file for details.
Components of this program may be licensed under more restrictive licenses which must be honored.
[INFO ODB-0227] LEF file: /project/cad-team/LX_Semicon/kmcho/EoR/pdk/Nangate45/Nangate45_tech.lef, created 22 layers, 27 vias
[INFO ODB-0227] LEF file: /project/cad-team/LX_Semicon/kmcho/EoR/pdk/Nangate45/Nangate45_stdcell.lef, created 135 library cells
[WARNING STA-0366] port 'f_clk' not found.
[INFO IFP-0001] Added 230 rows of 1700 site FreePDK45_38x28_10R_NP_162NW_34O.
Default units for flow
 time 1ns
 capacitance 1fF
 resistance 1kohm
 voltage 1v
 current 1mA
 power 1nW
 distance 1um

==========================================================================
floorplan final check_setup
--------------------------------------------------------------------------
Warning: There are 264 input ports missing set_input_delay.
Warning: There is 1 output port missing set_output_delay.
Warning: There is 1 unconstrained endpoint.

==========================================================================
floorplan final report_tns
--------------------------------------------------------------------------
tns max 0.00

==========================================================================
floorplan final report_wns
--------------------------------------------------------------------------
wns max 0.00

==========================================================================
floorplan final report_worst_slack
--------------------------------------------------------------------------
worst slack max INF

==========================================================================
floorplan final report_checks -path_delay min
--------------------------------------------------------------------------
[WARNING STA-0168] unknown field nets.
No paths found.

==========================================================================
floorplan final report_checks -path_delay max
--------------------------------------------------------------------------
[WARNING STA-0168] unknown field nets.
No paths found.

==========================================================================
floorplan final report_checks -unconstrained
--------------------------------------------------------------------------
[WARNING STA-0168] unknown field nets.
Startpoint: sel[1] (input port)
Endpoint: out (output port)
Path Group: unconstrained
Path Type: max

Fanout     Cap    Slew   Delay    Time   Description
-----------------------------------------------------------------------------
                          0.00    0.00 ^ input external delay
     2    8.51    0.00    0.00    0.00 ^ sel[1] (in)
                  0.00    0.00    0.00 ^ _387_/A (BUF_X8)
    10   34.14    0.01    0.02    0.02 ^ _387_/Z (BUF_X8)
                  0.01    0.00    0.02 ^ _419_/A (BUF_X4)
    10   19.68    0.01    0.03    0.05 ^ _419_/Z (BUF_X4)
                  0.01    0.00    0.05 ^ _708_/S (MUX2_X1)
     1    0.90    0.01    0.06    0.11 v _708_/Z (MUX2_X1)
                  0.01    0.00    0.11 v _709_/B (MUX2_X1)
     1    0.90    0.01    0.06    0.17 v _709_/Z (MUX2_X1)
                  0.01    0.00    0.17 v _710_/B (MUX2_X1)
     1    1.55    0.01    0.06    0.23 v _710_/Z (MUX2_X1)
                  0.01    0.00    0.23 v _711_/B1 (AOI22_X1)
     1    3.17    0.03    0.05    0.27 ^ _711_/ZN (AOI22_X1)
                  0.03    0.00    0.27 ^ _716_/C1 (AOI211_X2)
     1    1.46    0.01    0.02    0.29 v _716_/ZN (AOI211_X2)
                  0.01    0.00    0.29 v _753_/B1 (OAI21_X1)
     1    1.62    0.02    0.03    0.32 ^ _753_/ZN (OAI21_X1)
                  0.02    0.00    0.32 ^ _754_/B2 (OAI22_X1)
     1    0.00    0.01    0.02    0.34 v _754_/ZN (OAI22_X1)
                  0.01    0.00    0.34 v out (out)
                                  0.34   data arrival time
-----------------------------------------------------------------------------
(Path is unconstrained)



==========================================================================
floorplan final report_power
--------------------------------------------------------------------------
Group                  Internal  Switching    Leakage      Total
                          Power      Power      Power      Power (Watts)
----------------------------------------------------------------
Sequential             0.00e+00   0.00e+00   0.00e+00   0.00e+00   0.0%
Combinational          1.48e-02   8.82e-03   1.24e-05   2.37e-02 100.0%
Clock                  0.00e+00   0.00e+00   0.00e+00   0.00e+00   0.0%
Macro                  0.00e+00   0.00e+00   0.00e+00   0.00e+00   0.0%
Pad                    0.00e+00   0.00e+00   0.00e+00   0.00e+00   0.0%
----------------------------------------------------------------
Total                  1.48e-02   8.82e-03   1.24e-05   2.37e-02 100.0%
                          62.7%      37.3%       0.1%

==========================================================================
floorplan final report_design_area
--------------------------------------------------------------------------
Design area 522 u^2 1% utilization.

