OpenROAD v2.0-22532-gac667f3cc7 
Features included (+) or not (-): +GPU +GUI +Python
This program is licensed under the BSD-3 license. See the LICENSE file for details.
Components of this program may be licensed under more restrictive licenses which must be honored.
[INFO ODB-0227] LEF file: /project/cad-team/LX_Semicon/kmcho/EoR/pdk/Nangate45/Nangate45_tech.lef, created 22 layers, 27 vias
[INFO ODB-0227] LEF file: /project/cad-team/LX_Semicon/kmcho/EoR/pdk/Nangate45/Nangate45_stdcell.lef, created 135 library cells
[WARNING STA-0366] port 'f_clk' not found.
[INFO IFP-0001] Added 212 rows of 1566 site FreePDK45_38x28_10R_NP_162NW_34O.
Default units for flow
 time 1ns
 capacitance 1fF
 resistance 1kohm
 voltage 1v
 current 1mA
 power 1nW
 distance 1um

==========================================================================
floorplan final check_setup
--------------------------------------------------------------------------
Warning: There are 100 input ports missing set_input_delay.
Warning: There are 3 output ports missing set_output_delay.
Warning: There are 3 unconstrained endpoints.

==========================================================================
floorplan final report_tns
--------------------------------------------------------------------------
tns max 0.00

==========================================================================
floorplan final report_wns
--------------------------------------------------------------------------
wns max 0.00

==========================================================================
floorplan final report_worst_slack
--------------------------------------------------------------------------
worst slack max INF

==========================================================================
floorplan final report_checks -path_delay min
--------------------------------------------------------------------------
[WARNING STA-0168] unknown field nets.
No paths found.

==========================================================================
floorplan final report_checks -path_delay max
--------------------------------------------------------------------------
[WARNING STA-0168] unknown field nets.
No paths found.

==========================================================================
floorplan final report_checks -unconstrained
--------------------------------------------------------------------------
[WARNING STA-0168] unknown field nets.
Startpoint: in[38] (input port)
Endpoint: out_xor (output port)
Path Group: unconstrained
Path Type: max

Fanout     Cap    Slew   Delay    Time   Description
-----------------------------------------------------------------------------
                          0.00    0.00 v input external delay
     2    4.61    0.00    0.00    0.00 v in[38] (in)
                  0.00    0.00    0.00 v _470_/A (INV_X1)
     1    3.19    0.01    0.01    0.01 ^ _470_/ZN (INV_X1)
                  0.01    0.00    0.01 ^ _573_/A (HA_X1)
     1    2.23    0.02    0.05    0.06 ^ _573_/S (HA_X1)
                  0.02    0.00    0.06 ^ _457_/A (XOR2_X1)
     1    2.23    0.02    0.05    0.11 ^ _457_/Z (XOR2_X1)
                  0.02    0.00    0.11 ^ _459_/A (XNOR2_X1)
     1    2.23    0.02    0.04    0.16 ^ _459_/ZN (XNOR2_X1)
                  0.02    0.00    0.16 ^ _463_/A (XNOR2_X1)
     1    2.57    0.02    0.04    0.20 ^ _463_/ZN (XNOR2_X1)
                  0.02    0.00    0.20 ^ _464_/B (XNOR2_X1)
     1    2.57    0.02    0.04    0.25 ^ _464_/ZN (XNOR2_X1)
                  0.02    0.00    0.25 ^ _465_/B (XNOR2_X1)
     1    2.57    0.02    0.04    0.29 ^ _465_/ZN (XNOR2_X1)
                  0.02    0.00    0.29 ^ _466_/B (XNOR2_X1)
     1    0.00    0.01    0.04    0.33 ^ _466_/ZN (XNOR2_X1)
                  0.01    0.00    0.33 ^ out_xor (out)
                                  0.33   data arrival time
-----------------------------------------------------------------------------
(Path is unconstrained)



==========================================================================
floorplan final report_power
--------------------------------------------------------------------------
Group                  Internal  Switching    Leakage      Total
                          Power      Power      Power      Power (Watts)
----------------------------------------------------------------
Sequential             0.00e+00   0.00e+00   0.00e+00   0.00e+00   0.0%
Combinational          1.87e-02   8.67e-03   9.96e-06   2.74e-02 100.0%
Clock                  0.00e+00   0.00e+00   0.00e+00   0.00e+00   0.0%
Macro                  0.00e+00   0.00e+00   0.00e+00   0.00e+00   0.0%
Pad                    0.00e+00   0.00e+00   0.00e+00   0.00e+00   0.0%
----------------------------------------------------------------
Total                  1.87e-02   8.67e-03   9.96e-06   2.74e-02 100.0%
                          68.3%      31.7%       0.0%

==========================================================================
floorplan final report_design_area
--------------------------------------------------------------------------
Design area 443 u^2 1% utilization.

