OpenROAD v2.0-22532-gac667f3cc7 
Features included (+) or not (-): +GPU +GUI +Python
This program is licensed under the BSD-3 license. See the LICENSE file for details.
Components of this program may be licensed under more restrictive licenses which must be honored.
[INFO ODB-0227] LEF file: /project/cad-team/LX_Semicon/kmcho/EoR/pdk/Nangate45/Nangate45_tech.lef, created 22 layers, 27 vias
[INFO ODB-0227] LEF file: /project/cad-team/LX_Semicon/kmcho/EoR/pdk/Nangate45/Nangate45_stdcell.lef, created 135 library cells
[WARNING STA-0366] port 'f_clk' not found.
[INFO IFP-0001] Added 86 rows of 637 site FreePDK45_38x28_10R_NP_162NW_34O.
Default units for flow
 time 1ns
 capacitance 1fF
 resistance 1kohm
 voltage 1v
 current 1mA
 power 1nW
 distance 1um

==========================================================================
floorplan final check_setup
--------------------------------------------------------------------------
Warning: There are 33 input ports missing set_input_delay.
Warning: There are 17 output ports missing set_output_delay.
Warning: There are 17 unconstrained endpoints.

==========================================================================
floorplan final report_tns
--------------------------------------------------------------------------
tns max 0.00

==========================================================================
floorplan final report_wns
--------------------------------------------------------------------------
wns max 0.00

==========================================================================
floorplan final report_worst_slack
--------------------------------------------------------------------------
worst slack max INF

==========================================================================
floorplan final report_checks -path_delay min
--------------------------------------------------------------------------
[WARNING STA-0168] unknown field nets.
No paths found.

==========================================================================
floorplan final report_checks -path_delay max
--------------------------------------------------------------------------
[WARNING STA-0168] unknown field nets.
No paths found.

==========================================================================
floorplan final report_checks -unconstrained
--------------------------------------------------------------------------
[WARNING STA-0168] unknown field nets.
Startpoint: A[1] (input port)
Endpoint: S[16] (output port)
Path Group: unconstrained
Path Type: max

Fanout     Cap    Slew   Delay    Time   Description
-----------------------------------------------------------------------------
                          0.00    0.00 v input external delay
     1    1.55    0.00    0.00    0.00 v A[1] (in)
                  0.00    0.00    0.00 v _25_/A (INV_X1)
     1    3.75    0.01    0.01    0.01 ^ _25_/ZN (INV_X1)
                  0.01    0.00    0.01 ^ _35_/A (FA_X1)
     1    1.70    0.01    0.05    0.06 ^ _35_/CO (FA_X1)
                  0.01    0.00    0.06 ^ _34_/A (INV_X1)
     1    2.66    0.01    0.01    0.07 v _34_/ZN (INV_X1)
                  0.01    0.00    0.07 v _36_/CI (FA_X1)
     1    2.66    0.01    0.07    0.14 v _36_/CO (FA_X1)
                  0.01    0.00    0.14 v _37_/CI (FA_X1)
     1    2.66    0.01    0.07    0.21 v _37_/CO (FA_X1)
                  0.01    0.00    0.21 v _38_/CI (FA_X1)
     1    2.66    0.01    0.07    0.28 v _38_/CO (FA_X1)
                  0.01    0.00    0.28 v _39_/CI (FA_X1)
     1    2.66    0.01    0.07    0.35 v _39_/CO (FA_X1)
                  0.01    0.00    0.35 v _40_/CI (FA_X1)
     1    2.66    0.01    0.07    0.42 v _40_/CO (FA_X1)
                  0.01    0.00    0.42 v _41_/CI (FA_X1)
     1    2.66    0.01    0.07    0.49 v _41_/CO (FA_X1)
                  0.01    0.00    0.49 v _42_/CI (FA_X1)
     1    2.66    0.01    0.07    0.56 v _42_/CO (FA_X1)
                  0.01    0.00    0.56 v _43_/CI (FA_X1)
     1    2.66    0.01    0.07    0.63 v _43_/CO (FA_X1)
                  0.01    0.00    0.63 v _44_/CI (FA_X1)
     1    2.66    0.01    0.07    0.70 v _44_/CO (FA_X1)
                  0.01    0.00    0.70 v _45_/CI (FA_X1)
     1    2.66    0.01    0.07    0.78 v _45_/CO (FA_X1)
                  0.01    0.00    0.78 v _46_/CI (FA_X1)
     1    2.66    0.01    0.07    0.85 v _46_/CO (FA_X1)
                  0.01    0.00    0.85 v _47_/CI (FA_X1)
     1    2.66    0.01    0.07    0.92 v _47_/CO (FA_X1)
                  0.01    0.00    0.92 v _48_/CI (FA_X1)
     1    2.66    0.01    0.07    0.99 v _48_/CO (FA_X1)
                  0.01    0.00    0.99 v _49_/CI (FA_X1)
     1    1.55    0.01    0.07    1.06 v _49_/CO (FA_X1)
                  0.01    0.00    1.06 v _32_/A (INV_X1)
     1    2.76    0.01    0.02    1.07 ^ _32_/ZN (INV_X1)
                  0.01    0.00    1.07 ^ _50_/CI (FA_X1)
     1    1.55    0.01    0.09    1.16 v _50_/S (FA_X1)
                  0.01    0.00    1.16 v _31_/A (INV_X1)
     1    0.00    0.01    0.01    1.17 ^ _31_/ZN (INV_X1)
                  0.01    0.00    1.17 ^ S[16] (out)
                                  1.17   data arrival time
-----------------------------------------------------------------------------
(Path is unconstrained)



==========================================================================
floorplan final report_power
--------------------------------------------------------------------------
Group                  Internal  Switching    Leakage      Total
                          Power      Power      Power      Power (Watts)
----------------------------------------------------------------
Sequential             0.00e+00   0.00e+00   0.00e+00   0.00e+00   0.0%
Combinational          3.43e-03   7.17e-04   1.36e-06   4.15e-03 100.0%
Clock                  0.00e+00   0.00e+00   0.00e+00   0.00e+00   0.0%
Macro                  0.00e+00   0.00e+00   0.00e+00   0.00e+00   0.0%
Pad                    0.00e+00   0.00e+00   0.00e+00   0.00e+00   0.0%
----------------------------------------------------------------
Total                  3.43e-03   7.17e-04   1.36e-06   4.15e-03 100.0%
                          82.7%      17.3%       0.0%

==========================================================================
floorplan final report_design_area
--------------------------------------------------------------------------
Design area 73 u^2 1% utilization.

