OpenROAD v2.0-22532-gac667f3cc7 
Features included (+) or not (-): +GPU +GUI +Python
This program is licensed under the BSD-3 license. See the LICENSE file for details.
Components of this program may be licensed under more restrictive licenses which must be honored.
[INFO ODB-0227] LEF file: /project/cad-team/LX_Semicon/kmcho/EoR/pdk/Nangate45/Nangate45_tech.lef, created 22 layers, 27 vias
[INFO ODB-0227] LEF file: /project/cad-team/LX_Semicon/kmcho/EoR/pdk/Nangate45/Nangate45_stdcell.lef, created 135 library cells
[WARNING STA-0366] port 'f_clk' not found.
[INFO IFP-0001] Added 121 rows of 893 site FreePDK45_38x28_10R_NP_162NW_34O.
Default units for flow
 time 1ns
 capacitance 1fF
 resistance 1kohm
 voltage 1v
 current 1mA
 power 1nW
 distance 1um

==========================================================================
floorplan final check_setup
--------------------------------------------------------------------------
Warning: There are 33 input ports missing set_input_delay.
Warning: There are 19 output ports missing set_output_delay.
Warning: There are 19 unconstrained endpoints.

==========================================================================
floorplan final report_tns
--------------------------------------------------------------------------
tns max 0.00

==========================================================================
floorplan final report_wns
--------------------------------------------------------------------------
wns max 0.00

==========================================================================
floorplan final report_worst_slack
--------------------------------------------------------------------------
worst slack max INF

==========================================================================
floorplan final report_checks -path_delay min
--------------------------------------------------------------------------
[WARNING STA-0168] unknown field nets.
No paths found.

==========================================================================
floorplan final report_checks -path_delay max
--------------------------------------------------------------------------
[WARNING STA-0168] unknown field nets.
No paths found.

==========================================================================
floorplan final report_checks -unconstrained
--------------------------------------------------------------------------
[WARNING STA-0168] unknown field nets.
Startpoint: A[1] (input port)
Endpoint: S[16] (output port)
Path Group: unconstrained
Path Type: max

Fanout     Cap    Slew   Delay    Time   Description
-----------------------------------------------------------------------------
                          0.00    0.00 v input external delay
     2    4.61    0.00    0.00    0.00 v A[1] (in)
                  0.00    0.00    0.00 v _103_/A (INV_X1)
     1    3.75    0.01    0.01    0.01 ^ _103_/ZN (INV_X1)
                  0.01    0.00    0.01 ^ _113_/A (FA_X1)
     1    1.70    0.01    0.05    0.06 ^ _113_/CO (FA_X1)
                  0.01    0.00    0.06 ^ _112_/A (INV_X1)
     1    2.66    0.01    0.01    0.07 v _112_/ZN (INV_X1)
                  0.01    0.00    0.07 v _114_/CI (FA_X1)
     1    2.66    0.01    0.07    0.14 v _114_/CO (FA_X1)
                  0.01    0.00    0.14 v _115_/CI (FA_X1)
     1    2.66    0.01    0.07    0.21 v _115_/CO (FA_X1)
                  0.01    0.00    0.21 v _116_/CI (FA_X1)
     1    2.66    0.01    0.07    0.28 v _116_/CO (FA_X1)
                  0.01    0.00    0.28 v _117_/CI (FA_X1)
     1    2.66    0.01    0.07    0.35 v _117_/CO (FA_X1)
                  0.01    0.00    0.35 v _118_/CI (FA_X1)
     1    2.66    0.01    0.07    0.42 v _118_/CO (FA_X1)
                  0.01    0.00    0.42 v _119_/CI (FA_X1)
     1    2.66    0.01    0.07    0.49 v _119_/CO (FA_X1)
                  0.01    0.00    0.49 v _120_/CI (FA_X1)
     1    2.66    0.01    0.07    0.56 v _120_/CO (FA_X1)
                  0.01    0.00    0.56 v _121_/CI (FA_X1)
     1    2.66    0.01    0.07    0.63 v _121_/CO (FA_X1)
                  0.01    0.00    0.63 v _122_/CI (FA_X1)
     1    2.66    0.01    0.07    0.70 v _122_/CO (FA_X1)
                  0.01    0.00    0.70 v _123_/CI (FA_X1)
     1    2.66    0.01    0.07    0.78 v _123_/CO (FA_X1)
                  0.01    0.00    0.78 v _124_/CI (FA_X1)
     1    2.66    0.01    0.07    0.85 v _124_/CO (FA_X1)
                  0.01    0.00    0.85 v _125_/CI (FA_X1)
     1    2.66    0.01    0.07    0.92 v _125_/CO (FA_X1)
                  0.01    0.00    0.92 v _126_/CI (FA_X1)
     1    2.66    0.01    0.07    0.99 v _126_/CO (FA_X1)
                  0.01    0.00    0.99 v _127_/CI (FA_X1)
     1    1.55    0.01    0.07    1.06 v _127_/CO (FA_X1)
                  0.01    0.00    1.06 v _110_/A (INV_X1)
     1    2.76    0.01    0.02    1.07 ^ _110_/ZN (INV_X1)
                  0.01    0.00    1.07 ^ _128_/CI (FA_X1)
     1    1.55    0.01    0.09    1.16 v _128_/S (FA_X1)
                  0.01    0.00    1.16 v _109_/A (INV_X1)
     1    0.00    0.01    0.01    1.17 ^ _109_/ZN (INV_X1)
                  0.01    0.00    1.17 ^ S[16] (out)
                                  1.17   data arrival time
-----------------------------------------------------------------------------
(Path is unconstrained)



==========================================================================
floorplan final report_power
--------------------------------------------------------------------------
Group                  Internal  Switching    Leakage      Total
                          Power      Power      Power      Power (Watts)
----------------------------------------------------------------
Sequential             0.00e+00   0.00e+00   0.00e+00   0.00e+00   0.0%
Combinational          5.61e-03   1.97e-03   3.00e-06   7.58e-03 100.0%
Clock                  0.00e+00   0.00e+00   0.00e+00   0.00e+00   0.0%
Macro                  0.00e+00   0.00e+00   0.00e+00   0.00e+00   0.0%
Pad                    0.00e+00   0.00e+00   0.00e+00   0.00e+00   0.0%
----------------------------------------------------------------
Total                  5.61e-03   1.97e-03   3.00e-06   7.58e-03 100.0%
                          74.0%      25.9%       0.0%

==========================================================================
floorplan final report_design_area
--------------------------------------------------------------------------
Design area 144 u^2 1% utilization.

