OpenROAD v2.0-22532-gac667f3cc7 
Features included (+) or not (-): +GPU +GUI +Python
This program is licensed under the BSD-3 license. See the LICENSE file for details.
Components of this program may be licensed under more restrictive licenses which must be honored.
[INFO ODB-0227] LEF file: /project/cad-team/LX_Semicon/kmcho/EoR/pdk/Nangate45/Nangate45_tech.lef, created 22 layers, 27 vias
[INFO ODB-0227] LEF file: /project/cad-team/LX_Semicon/kmcho/EoR/pdk/Nangate45/Nangate45_stdcell.lef, created 135 library cells
[INFO IFP-0001] Added 67 rows of 496 site FreePDK45_38x28_10R_NP_162NW_34O.
Default units for flow
 time 1ns
 capacitance 1fF
 resistance 1kohm
 voltage 1v
 current 1mA
 power 1nW
 distance 1um

==========================================================================
floorplan final check_setup
--------------------------------------------------------------------------
Warning: There are 2 input ports missing set_input_delay.
Warning: There are 4 output ports missing set_output_delay.
Warning: There are 4 unconstrained endpoints.

==========================================================================
floorplan final report_tns
--------------------------------------------------------------------------
tns max -1.02

==========================================================================
floorplan final report_wns
--------------------------------------------------------------------------
wns max -0.27

==========================================================================
floorplan final report_worst_slack
--------------------------------------------------------------------------
worst slack max -0.27

==========================================================================
floorplan final report_checks -path_delay min
--------------------------------------------------------------------------
[WARNING STA-0168] unknown field nets.
Startpoint: _40_ (rising edge-triggered flip-flop clocked by clk)
Endpoint: _40_ (rising edge-triggered flip-flop clocked by clk)
Path Group: clk
Path Type: min

Fanout     Cap    Slew   Delay    Time   Description
-----------------------------------------------------------------------------
                  0.00    0.00    0.00   clock clk (rise edge)
                          0.00    0.00   clock network delay (ideal)
                  0.00    0.00    0.00 ^ _40_/CK (DFFR_X1)
     3    4.61    0.01    0.09    0.09 v _40_/Q (DFFR_X1)
                  0.01    0.00    0.09 v _23_/A (INV_X1)
     2    3.19    0.01    0.02    0.11 ^ _23_/ZN (INV_X1)
                  0.01    0.00    0.11 ^ _27_/B2 (OAI21_X1)
     1    1.05    0.01    0.01    0.12 v _27_/ZN (OAI21_X1)
                  0.01    0.00    0.12 v _40_/D (DFFR_X1)
                                  0.12   data arrival time

                  0.00    0.00    0.00   clock clk (rise edge)
                          0.00    0.00   clock network delay (ideal)
                          0.00    0.00   clock reconvergence pessimism
                                  0.00 ^ _40_/CK (DFFR_X1)
                          0.00    0.00   library hold time
                                  0.00   data required time
-----------------------------------------------------------------------------
                                  0.00   data required time
                                 -0.12   data arrival time
-----------------------------------------------------------------------------
                                  0.12   slack (MET)



==========================================================================
floorplan final report_checks -path_delay max
--------------------------------------------------------------------------
[WARNING STA-0168] unknown field nets.
Startpoint: _40_ (rising edge-triggered flip-flop clocked by clk)
Endpoint: _43_ (rising edge-triggered flip-flop clocked by clk)
Path Group: clk
Path Type: max

Fanout     Cap    Slew   Delay    Time   Description
-----------------------------------------------------------------------------
                  0.00    0.00    0.00   clock clk (rise edge)
                          0.00    0.00   clock network delay (ideal)
                  0.00    0.00    0.00 ^ _40_/CK (DFFR_X1)
     3    4.89    0.02    0.11    0.11 ^ _40_/Q (DFFR_X1)
                  0.02    0.00    0.11 ^ _38_/A (HA_X1)
     3    6.81    0.02    0.05    0.15 ^ _38_/CO (HA_X1)
                  0.02    0.00    0.15 ^ _39_/B (HA_X1)
     2    3.35    0.01    0.04    0.19 ^ _39_/CO (HA_X1)
                  0.01    0.00    0.19 ^ _34_/A (INV_X1)
     1    1.52    0.00    0.01    0.20 v _34_/ZN (INV_X1)
                  0.00    0.00    0.20 v _36_/A (OAI21_X1)
     1    3.48    0.03    0.02    0.22 ^ _36_/ZN (OAI21_X1)
                  0.03    0.00    0.22 ^ _37_/B2 (AOI21_X2)
     1    1.05    0.01    0.01    0.24 v _37_/ZN (AOI21_X2)
                  0.01    0.00    0.24 v _43_/D (DFFR_X1)
                                  0.24   data arrival time

                  0.00    0.01    0.01   clock clk (rise edge)
                          0.00    0.01   clock network delay (ideal)
                          0.00    0.01   clock reconvergence pessimism
                                  0.01 ^ _43_/CK (DFFR_X1)
                         -0.04   -0.03   library setup time
                                 -0.03   data required time
-----------------------------------------------------------------------------
                                 -0.03   data required time
                                 -0.24   data arrival time
-----------------------------------------------------------------------------
                                 -0.27   slack (VIOLATED)



==========================================================================
floorplan final report_checks -unconstrained
--------------------------------------------------------------------------
[WARNING STA-0168] unknown field nets.
Startpoint: _40_ (rising edge-triggered flip-flop clocked by clk)
Endpoint: _43_ (rising edge-triggered flip-flop clocked by clk)
Path Group: clk
Path Type: max

Fanout     Cap    Slew   Delay    Time   Description
-----------------------------------------------------------------------------
                  0.00    0.00    0.00   clock clk (rise edge)
                          0.00    0.00   clock network delay (ideal)
                  0.00    0.00    0.00 ^ _40_/CK (DFFR_X1)
     3    4.89    0.02    0.11    0.11 ^ _40_/Q (DFFR_X1)
                  0.02    0.00    0.11 ^ _38_/A (HA_X1)
     3    6.81    0.02    0.05    0.15 ^ _38_/CO (HA_X1)
                  0.02    0.00    0.15 ^ _39_/B (HA_X1)
     2    3.35    0.01    0.04    0.19 ^ _39_/CO (HA_X1)
                  0.01    0.00    0.19 ^ _34_/A (INV_X1)
     1    1.52    0.00    0.01    0.20 v _34_/ZN (INV_X1)
                  0.00    0.00    0.20 v _36_/A (OAI21_X1)
     1    3.48    0.03    0.02    0.22 ^ _36_/ZN (OAI21_X1)
                  0.03    0.00    0.22 ^ _37_/B2 (AOI21_X2)
     1    1.05    0.01    0.01    0.24 v _37_/ZN (AOI21_X2)
                  0.01    0.00    0.24 v _43_/D (DFFR_X1)
                                  0.24   data arrival time

                  0.00    0.01    0.01   clock clk (rise edge)
                          0.00    0.01   clock network delay (ideal)
                          0.00    0.01   clock reconvergence pessimism
                                  0.01 ^ _43_/CK (DFFR_X1)
                         -0.04   -0.03   library setup time
                                 -0.03   data required time
-----------------------------------------------------------------------------
                                 -0.03   data required time
                                 -0.24   data arrival time
-----------------------------------------------------------------------------
                                 -0.27   slack (VIOLATED)



==========================================================================
floorplan final report_power
--------------------------------------------------------------------------
Group                  Internal  Switching    Leakage      Total
                          Power      Power      Power      Power (Watts)
----------------------------------------------------------------
Sequential             4.13e-03   8.55e-04   3.45e-07   4.98e-03  51.8%
Combinational          2.89e-03   1.75e-03   5.99e-07   4.65e-03  48.2%
Clock                  0.00e+00   0.00e+00   0.00e+00   0.00e+00   0.0%
Macro                  0.00e+00   0.00e+00   0.00e+00   0.00e+00   0.0%
Pad                    0.00e+00   0.00e+00   0.00e+00   0.00e+00   0.0%
----------------------------------------------------------------
Total                  7.02e-03   2.61e-03   9.44e-07   9.63e-03 100.0%
                          72.9%      27.1%       0.0%

==========================================================================
floorplan final report_design_area
--------------------------------------------------------------------------
Design area 44 u^2 1% utilization.

