OpenROAD v2.0-22532-gac667f3cc7 
Features included (+) or not (-): +GPU +GUI +Python
This program is licensed under the BSD-3 license. See the LICENSE file for details.
Components of this program may be licensed under more restrictive licenses which must be honored.
[INFO ODB-0227] LEF file: /project/cad-team/LX_Semicon/kmcho/EoR/pdk/Nangate45/Nangate45_tech.lef, created 22 layers, 27 vias
[INFO ODB-0227] LEF file: /project/cad-team/LX_Semicon/kmcho/EoR/pdk/Nangate45/Nangate45_stdcell.lef, created 135 library cells
[INFO IFP-0001] Added 35 rows of 263 site FreePDK45_38x28_10R_NP_162NW_34O.
Default units for flow
 time 1ns
 capacitance 1fF
 resistance 1kohm
 voltage 1v
 current 1mA
 power 1nW
 distance 1um

==========================================================================
floorplan final check_setup
--------------------------------------------------------------------------
Warning: There are 4 input ports missing set_input_delay.
Warning: There are 2 output ports missing set_output_delay.
Warning: There are 2 unconstrained endpoints.

==========================================================================
floorplan final report_tns
--------------------------------------------------------------------------
tns max 0.00

==========================================================================
floorplan final report_wns
--------------------------------------------------------------------------
wns max 0.00

==========================================================================
floorplan final report_worst_slack
--------------------------------------------------------------------------
worst slack max INF

==========================================================================
floorplan final report_checks -path_delay min
--------------------------------------------------------------------------
[WARNING STA-0168] unknown field nets.
No paths found.

==========================================================================
floorplan final report_checks -path_delay max
--------------------------------------------------------------------------
[WARNING STA-0168] unknown field nets.
No paths found.

==========================================================================
floorplan final report_checks -unconstrained
--------------------------------------------------------------------------
[WARNING STA-0168] unknown field nets.
Startpoint: y[0] (input port)
Endpoint: Y0 (output port)
Path Group: unconstrained
Path Type: max

Fanout     Cap    Slew   Delay    Time   Description
-----------------------------------------------------------------------------
                          0.00    0.00 v input external delay
     1    2.94    0.00    0.00    0.00 v y[0] (in)
                  0.00    0.00    0.00 v _13_/A (INV_X2)
     3    8.49    0.01    0.02    0.02 ^ _13_/ZN (INV_X2)
                  0.01    0.00    0.02 ^ _18_/B (HA_X1)
     1    1.70    0.02    0.05    0.06 ^ _18_/S (HA_X1)
                  0.02    0.00    0.06 ^ _11_/A (INV_X1)
     1    1.56    0.01    0.01    0.07 v _11_/ZN (INV_X1)
                  0.01    0.00    0.07 v _12_/B2 (OAI21_X1)
     1    0.00    0.01    0.02    0.09 ^ _12_/ZN (OAI21_X1)
                  0.01    0.00    0.09 ^ Y0 (out)
                                  0.09   data arrival time
-----------------------------------------------------------------------------
(Path is unconstrained)



==========================================================================
floorplan final report_power
--------------------------------------------------------------------------
Group                  Internal  Switching    Leakage      Total
                          Power      Power      Power      Power (Watts)
----------------------------------------------------------------
Sequential             0.00e+00   0.00e+00   0.00e+00   0.00e+00   0.0%
Combinational          3.14e-04   1.94e-04   3.67e-07   5.08e-04 100.0%
Clock                  0.00e+00   0.00e+00   0.00e+00   0.00e+00   0.0%
Macro                  0.00e+00   0.00e+00   0.00e+00   0.00e+00   0.0%
Pad                    0.00e+00   0.00e+00   0.00e+00   0.00e+00   0.0%
----------------------------------------------------------------
Total                  3.14e-04   1.94e-04   3.67e-07   5.08e-04 100.0%
                          61.7%      38.2%       0.1%

==========================================================================
floorplan final report_design_area
--------------------------------------------------------------------------
Design area 13 u^2 1% utilization.

