OpenROAD v2.0-22532-gac667f3cc7 
Features included (+) or not (-): +GPU +GUI +Python
This program is licensed under the BSD-3 license. See the LICENSE file for details.
Components of this program may be licensed under more restrictive licenses which must be honored.
[INFO ODB-0227] LEF file: /project/cad-team/LX_Semicon/kmcho/EoR/pdk/Nangate45/Nangate45_tech.lef, created 22 layers, 27 vias
[INFO ODB-0227] LEF file: /project/cad-team/LX_Semicon/kmcho/EoR/pdk/Nangate45/Nangate45_stdcell.lef, created 135 library cells
[INFO IFP-0001] Added 61 rows of 455 site FreePDK45_38x28_10R_NP_162NW_34O.
Default units for flow
 time 1ns
 capacitance 1fF
 resistance 1kohm
 voltage 1v
 current 1mA
 power 1nW
 distance 1um

==========================================================================
floorplan final check_setup
--------------------------------------------------------------------------
Warning: There are 2 input ports missing set_input_delay.
Warning: There is 1 output port missing set_output_delay.
Warning: There is 1 unconstrained endpoint.

==========================================================================
floorplan final report_tns
--------------------------------------------------------------------------
tns max -0.69

==========================================================================
floorplan final report_wns
--------------------------------------------------------------------------
wns max -0.25

==========================================================================
floorplan final report_worst_slack
--------------------------------------------------------------------------
worst slack max -0.25

==========================================================================
floorplan final report_checks -path_delay min
--------------------------------------------------------------------------
[WARNING STA-0168] unknown field nets.
Startpoint: _37_ (rising edge-triggered flip-flop clocked by clk)
Endpoint: _37_ (rising edge-triggered flip-flop clocked by clk)
Path Group: clk
Path Type: min

Fanout     Cap    Slew   Delay    Time   Description
-----------------------------------------------------------------------------
                  0.00    0.00    0.00   clock clk (rise edge)
                          0.00    0.00   clock network delay (ideal)
                  0.00    0.00    0.00 ^ _37_/CK (DFFR_X1)
     4    7.43    0.02    0.08    0.08 v _37_/QN (DFFR_X1)
                  0.02    0.00    0.08 v _25_/A2 (NAND2_X1)
     2    3.18    0.01    0.03    0.10 ^ _25_/ZN (NAND2_X1)
                  0.01    0.00    0.10 ^ _32_/A3 (NOR3_X1)
     1    1.05    0.00    0.01    0.11 v _32_/ZN (NOR3_X1)
                  0.00    0.00    0.11 v _37_/D (DFFR_X1)
                                  0.11   data arrival time

                  0.00    0.00    0.00   clock clk (rise edge)
                          0.00    0.00   clock network delay (ideal)
                          0.00    0.00   clock reconvergence pessimism
                                  0.00 ^ _37_/CK (DFFR_X1)
                          0.00    0.00   library hold time
                                  0.00   data required time
-----------------------------------------------------------------------------
                                  0.00   data required time
                                 -0.11   data arrival time
-----------------------------------------------------------------------------
                                  0.11   slack (MET)



==========================================================================
floorplan final report_checks -path_delay max
--------------------------------------------------------------------------
[WARNING STA-0168] unknown field nets.
Startpoint: _36_ (rising edge-triggered flip-flop clocked by clk)
Endpoint: _36_ (rising edge-triggered flip-flop clocked by clk)
Path Group: clk
Path Type: max

Fanout     Cap    Slew   Delay    Time   Description
-----------------------------------------------------------------------------
                  0.00    0.00    0.00   clock clk (rise edge)
                          0.00    0.00   clock network delay (ideal)
                  0.00    0.00    0.00 ^ _36_/CK (DFFR_X1)
     1    3.40    0.01    0.10    0.10 ^ _36_/Q (DFFR_X1)
                  0.01    0.00    0.10 ^ _18_/A (BUF_X4)
     5   10.34    0.01    0.02    0.13 ^ _18_/Z (BUF_X4)
                  0.01    0.00    0.13 ^ _28_/S (MUX2_X1)
     1    1.50    0.01    0.06    0.19 v _28_/Z (MUX2_X1)
                  0.01    0.00    0.19 v _29_/A2 (NAND2_X1)
     1    3.48    0.01    0.02    0.21 ^ _29_/ZN (NAND2_X1)
                  0.01    0.00    0.21 ^ _30_/B2 (AOI21_X2)
     1    1.05    0.01    0.01    0.22 v _30_/ZN (AOI21_X2)
                  0.01    0.00    0.22 v _36_/D (DFFR_X1)
                                  0.22   data arrival time

                  0.00    0.01    0.01   clock clk (rise edge)
                          0.00    0.01   clock network delay (ideal)
                          0.00    0.01   clock reconvergence pessimism
                                  0.01 ^ _36_/CK (DFFR_X1)
                         -0.04   -0.03   library setup time
                                 -0.03   data required time
-----------------------------------------------------------------------------
                                 -0.03   data required time
                                 -0.22   data arrival time
-----------------------------------------------------------------------------
                                 -0.25   slack (VIOLATED)



==========================================================================
floorplan final report_checks -unconstrained
--------------------------------------------------------------------------
[WARNING STA-0168] unknown field nets.
Startpoint: _36_ (rising edge-triggered flip-flop clocked by clk)
Endpoint: _36_ (rising edge-triggered flip-flop clocked by clk)
Path Group: clk
Path Type: max

Fanout     Cap    Slew   Delay    Time   Description
-----------------------------------------------------------------------------
                  0.00    0.00    0.00   clock clk (rise edge)
                          0.00    0.00   clock network delay (ideal)
                  0.00    0.00    0.00 ^ _36_/CK (DFFR_X1)
     1    3.40    0.01    0.10    0.10 ^ _36_/Q (DFFR_X1)
                  0.01    0.00    0.10 ^ _18_/A (BUF_X4)
     5   10.34    0.01    0.02    0.13 ^ _18_/Z (BUF_X4)
                  0.01    0.00    0.13 ^ _28_/S (MUX2_X1)
     1    1.50    0.01    0.06    0.19 v _28_/Z (MUX2_X1)
                  0.01    0.00    0.19 v _29_/A2 (NAND2_X1)
     1    3.48    0.01    0.02    0.21 ^ _29_/ZN (NAND2_X1)
                  0.01    0.00    0.21 ^ _30_/B2 (AOI21_X2)
     1    1.05    0.01    0.01    0.22 v _30_/ZN (AOI21_X2)
                  0.01    0.00    0.22 v _36_/D (DFFR_X1)
                                  0.22   data arrival time

                  0.00    0.01    0.01   clock clk (rise edge)
                          0.00    0.01   clock network delay (ideal)
                          0.00    0.01   clock reconvergence pessimism
                                  0.01 ^ _36_/CK (DFFR_X1)
                         -0.04   -0.03   library setup time
                                 -0.03   data required time
-----------------------------------------------------------------------------
                                 -0.03   data required time
                                 -0.22   data arrival time
-----------------------------------------------------------------------------
                                 -0.25   slack (VIOLATED)



==========================================================================
floorplan final report_power
--------------------------------------------------------------------------
Group                  Internal  Switching    Leakage      Total
                          Power      Power      Power      Power (Watts)
----------------------------------------------------------------
Sequential             3.62e-03   5.38e-04   2.50e-07   4.16e-03  40.7%
Combinational          3.41e-03   2.67e-03   6.69e-07   6.07e-03  59.3%
Clock                  0.00e+00   0.00e+00   0.00e+00   0.00e+00   0.0%
Macro                  0.00e+00   0.00e+00   0.00e+00   0.00e+00   0.0%
Pad                    0.00e+00   0.00e+00   0.00e+00   0.00e+00   0.0%
----------------------------------------------------------------
Total                  7.03e-03   3.21e-03   9.19e-07   1.02e-02 100.0%
                          68.7%      31.3%       0.0%

==========================================================================
floorplan final report_design_area
--------------------------------------------------------------------------
Design area 38 u^2 1% utilization.

