OpenROAD v2.0-22532-gac667f3cc7 
Features included (+) or not (-): +GPU +GUI +Python
This program is licensed under the BSD-3 license. See the LICENSE file for details.
Components of this program may be licensed under more restrictive licenses which must be honored.
[INFO ODB-0227] LEF file: /project/cad-team/LX_Semicon/kmcho/EoR/pdk/Nangate45/Nangate45_tech.lef, created 22 layers, 27 vias
[INFO ODB-0227] LEF file: /project/cad-team/LX_Semicon/kmcho/EoR/pdk/Nangate45/Nangate45_stdcell.lef, created 135 library cells
[WARNING STA-0366] port 'f_clk' not found.
[INFO IFP-0001] Added 456 rows of 3362 site FreePDK45_38x28_10R_NP_162NW_34O.
Default units for flow
 time 1ns
 capacitance 1fF
 resistance 1kohm
 voltage 1v
 current 1mA
 power 1nW
 distance 1um

==========================================================================
floorplan final check_setup
--------------------------------------------------------------------------
Warning: There are 1032 input ports missing set_input_delay.
Warning: There are 4 output ports missing set_output_delay.
Warning: There are 4 unconstrained endpoints.

==========================================================================
floorplan final report_tns
--------------------------------------------------------------------------
tns max 0.00

==========================================================================
floorplan final report_wns
--------------------------------------------------------------------------
wns max 0.00

==========================================================================
floorplan final report_worst_slack
--------------------------------------------------------------------------
worst slack max INF

==========================================================================
floorplan final report_checks -path_delay min
--------------------------------------------------------------------------
[WARNING STA-0168] unknown field nets.
No paths found.

==========================================================================
floorplan final report_checks -path_delay max
--------------------------------------------------------------------------
[WARNING STA-0168] unknown field nets.
No paths found.

==========================================================================
floorplan final report_checks -unconstrained
--------------------------------------------------------------------------
[WARNING STA-0168] unknown field nets.
Startpoint: sel[1] (input port)
Endpoint: out[0] (output port)
Path Group: unconstrained
Path Type: max

Fanout     Cap    Slew   Delay    Time   Description
-----------------------------------------------------------------------------
                          0.00    0.00 ^ input external delay
     1    6.59    0.00    0.00    0.00 ^ sel[1] (in)
                  0.00    0.00    0.00 ^ _1583_/A (BUF_X8)
     4   47.62    0.02    0.03    0.03 ^ _1583_/Z (BUF_X8)
                  0.02    0.00    0.03 ^ _1584_/A (BUF_X32)
    10   83.92    0.01    0.03    0.06 ^ _1584_/Z (BUF_X32)
                  0.01    0.00    0.06 ^ _1946_/S (MUX2_X1)
     1    0.90    0.01    0.06    0.11 v _1946_/Z (MUX2_X1)
                  0.01    0.00    0.11 v _1947_/B (MUX2_X1)
     1    1.55    0.01    0.06    0.17 v _1947_/Z (MUX2_X1)
                  0.01    0.00    0.17 v _1948_/B1 (AOI22_X1)
     1    1.66    0.02    0.04    0.21 ^ _1948_/ZN (AOI22_X1)
                  0.02    0.00    0.21 ^ _1949_/A4 (NAND4_X1)
     1    0.86    0.02    0.03    0.24 v _1949_/ZN (NAND4_X1)
                  0.02    0.00    0.24 v _1950_/A4 (AND4_X1)
     1    1.50    0.01    0.04    0.28 v _1950_/ZN (AND4_X1)
                  0.01    0.00    0.28 v _1998_/A (AOI221_X1)
     1    1.62    0.04    0.07    0.35 ^ _1998_/ZN (AOI221_X1)
                  0.04    0.00    0.35 ^ _2094_/B1 (OAI222_X1)
     1    0.00    0.01    0.04    0.39 v _2094_/ZN (OAI222_X1)
                  0.01    0.00    0.39 v out[0] (out)
                                  0.39   data arrival time
-----------------------------------------------------------------------------
(Path is unconstrained)



==========================================================================
floorplan final report_power
--------------------------------------------------------------------------
Group                  Internal  Switching    Leakage      Total
                          Power      Power      Power      Power (Watts)
----------------------------------------------------------------
Sequential             0.00e+00   0.00e+00   0.00e+00   0.00e+00   0.0%
Combinational          5.72e-02   3.69e-02   5.12e-05   9.42e-02 100.0%
Clock                  0.00e+00   0.00e+00   0.00e+00   0.00e+00   0.0%
Macro                  0.00e+00   0.00e+00   0.00e+00   0.00e+00   0.0%
Pad                    0.00e+00   0.00e+00   0.00e+00   0.00e+00   0.0%
----------------------------------------------------------------
Total                  5.72e-02   3.69e-02   5.12e-05   9.42e-02 100.0%
                          60.7%      39.2%       0.1%

==========================================================================
floorplan final report_design_area
--------------------------------------------------------------------------
Design area 2040 u^2 1% utilization.

