OpenROAD v2.0-22532-gac667f3cc7 
Features included (+) or not (-): +GPU +GUI +Python
This program is licensed under the BSD-3 license. See the LICENSE file for details.
Components of this program may be licensed under more restrictive licenses which must be honored.
[INFO ODB-0227] LEF file: /project/cad-team/LX_Semicon/kmcho/EoR/pdk/Nangate45/Nangate45_tech.lef, created 22 layers, 27 vias
[INFO ODB-0227] LEF file: /project/cad-team/LX_Semicon/kmcho/EoR/pdk/Nangate45/Nangate45_stdcell.lef, created 135 library cells
[INFO IFP-0001] Added 90 rows of 667 site FreePDK45_38x28_10R_NP_162NW_34O.
Default units for flow
 time 1ns
 capacitance 1fF
 resistance 1kohm
 voltage 1v
 current 1mA
 power 1nW
 distance 1um

==========================================================================
floorplan final check_setup
--------------------------------------------------------------------------
Warning: There are 2 input ports missing set_input_delay.
Warning: There is 1 output port missing set_output_delay.
Warning: There is 1 unconstrained endpoint.

==========================================================================
floorplan final report_tns
--------------------------------------------------------------------------
tns max -2.01

==========================================================================
floorplan final report_wns
--------------------------------------------------------------------------
wns max -0.27

==========================================================================
floorplan final report_worst_slack
--------------------------------------------------------------------------
worst slack max -0.27

==========================================================================
floorplan final report_checks -path_delay min
--------------------------------------------------------------------------
[WARNING STA-0168] unknown field nets.
Startpoint: _77_ (rising edge-triggered flip-flop clocked by clk)
Endpoint: _75_ (rising edge-triggered flip-flop clocked by clk)
Path Group: clk
Path Type: min

Fanout     Cap    Slew   Delay    Time   Description
-----------------------------------------------------------------------------
                  0.00    0.00    0.00   clock clk (rise edge)
                          0.00    0.00   clock network delay (ideal)
                  0.00    0.00    0.00 ^ _77_/CK (DFF_X1)
     3    4.34    0.01    0.08    0.08 v _77_/Q (DFF_X1)
                  0.01    0.00    0.08 v _57_/A (INV_X1)
     1    1.66    0.01    0.01    0.10 ^ _57_/ZN (INV_X1)
                  0.01    0.00    0.10 ^ _58_/A2 (NOR3_X1)
     1    1.06    0.00    0.01    0.10 v _58_/ZN (NOR3_X1)
                  0.00    0.00    0.10 v _75_/D (DFF_X1)
                                  0.10   data arrival time

                  0.00    0.00    0.00   clock clk (rise edge)
                          0.00    0.00   clock network delay (ideal)
                          0.00    0.00   clock reconvergence pessimism
                                  0.00 ^ _75_/CK (DFF_X1)
                          0.00    0.00   library hold time
                                  0.00   data required time
-----------------------------------------------------------------------------
                                  0.00   data required time
                                 -0.10   data arrival time
-----------------------------------------------------------------------------
                                  0.10   slack (MET)



==========================================================================
floorplan final report_checks -path_delay max
--------------------------------------------------------------------------
[WARNING STA-0168] unknown field nets.
Startpoint: _80_ (rising edge-triggered flip-flop clocked by clk)
Endpoint: _83_ (rising edge-triggered flip-flop clocked by clk)
Path Group: clk
Path Type: max

Fanout     Cap    Slew   Delay    Time   Description
-----------------------------------------------------------------------------
                  0.00    0.00    0.00   clock clk (rise edge)
                          0.00    0.00   clock network delay (ideal)
                  0.00    0.00    0.00 ^ _80_/CK (DFF_X1)
     3    6.48    0.02    0.10    0.10 ^ _80_/Q (DFF_X1)
                  0.02    0.00    0.10 ^ _73_/A (HA_X1)
     2    4.85    0.01    0.04    0.14 ^ _73_/CO (HA_X1)
                  0.01    0.00    0.14 ^ _74_/A (HA_X1)
     2    3.38    0.01    0.04    0.17 ^ _74_/CO (HA_X1)
                  0.01    0.00    0.17 ^ _69_/B2 (AOI21_X1)
     1    3.05    0.01    0.02    0.19 v _69_/ZN (AOI21_X1)
                  0.01    0.00    0.19 v _72_/B (AOI211_X2)
     1    1.14    0.03    0.06    0.25 ^ _72_/ZN (AOI211_X2)
                  0.03    0.00    0.25 ^ _83_/D (DFF_X1)
                                  0.25   data arrival time

                  0.00    0.01    0.01   clock clk (rise edge)
                          0.00    0.01   clock network delay (ideal)
                          0.00    0.01   clock reconvergence pessimism
                                  0.01 ^ _83_/CK (DFF_X1)
                         -0.04   -0.03   library setup time
                                 -0.03   data required time
-----------------------------------------------------------------------------
                                 -0.03   data required time
                                 -0.25   data arrival time
-----------------------------------------------------------------------------
                                 -0.27   slack (VIOLATED)



==========================================================================
floorplan final report_checks -unconstrained
--------------------------------------------------------------------------
[WARNING STA-0168] unknown field nets.
Startpoint: _80_ (rising edge-triggered flip-flop clocked by clk)
Endpoint: _83_ (rising edge-triggered flip-flop clocked by clk)
Path Group: clk
Path Type: max

Fanout     Cap    Slew   Delay    Time   Description
-----------------------------------------------------------------------------
                  0.00    0.00    0.00   clock clk (rise edge)
                          0.00    0.00   clock network delay (ideal)
                  0.00    0.00    0.00 ^ _80_/CK (DFF_X1)
     3    6.48    0.02    0.10    0.10 ^ _80_/Q (DFF_X1)
                  0.02    0.00    0.10 ^ _73_/A (HA_X1)
     2    4.85    0.01    0.04    0.14 ^ _73_/CO (HA_X1)
                  0.01    0.00    0.14 ^ _74_/A (HA_X1)
     2    3.38    0.01    0.04    0.17 ^ _74_/CO (HA_X1)
                  0.01    0.00    0.17 ^ _69_/B2 (AOI21_X1)
     1    3.05    0.01    0.02    0.19 v _69_/ZN (AOI21_X1)
                  0.01    0.00    0.19 v _72_/B (AOI211_X2)
     1    1.14    0.03    0.06    0.25 ^ _72_/ZN (AOI211_X2)
                  0.03    0.00    0.25 ^ _83_/D (DFF_X1)
                                  0.25   data arrival time

                  0.00    0.01    0.01   clock clk (rise edge)
                          0.00    0.01   clock network delay (ideal)
                          0.00    0.01   clock reconvergence pessimism
                                  0.01 ^ _83_/CK (DFF_X1)
                         -0.04   -0.03   library setup time
                                 -0.03   data required time
-----------------------------------------------------------------------------
                                 -0.03   data required time
                                 -0.25   data arrival time
-----------------------------------------------------------------------------
                                 -0.27   slack (VIOLATED)



==========================================================================
floorplan final report_power
--------------------------------------------------------------------------
Group                  Internal  Switching    Leakage      Total
                          Power      Power      Power      Power (Watts)
----------------------------------------------------------------
Sequential             5.98e-03   1.59e-04   6.92e-07   6.14e-03  81.5%
Combinational          7.57e-04   6.35e-04   1.03e-06   1.39e-03  18.5%
Clock                  0.00e+00   0.00e+00   0.00e+00   0.00e+00   0.0%
Macro                  0.00e+00   0.00e+00   0.00e+00   0.00e+00   0.0%
Pad                    0.00e+00   0.00e+00   0.00e+00   0.00e+00   0.0%
----------------------------------------------------------------
Total                  6.74e-03   7.94e-04   1.72e-06   7.53e-03 100.0%
                          89.4%      10.5%       0.0%

==========================================================================
floorplan final report_design_area
--------------------------------------------------------------------------
Design area 80 u^2 1% utilization.

