OpenROAD v2.0-22532-gac667f3cc7 
Features included (+) or not (-): +GPU +GUI +Python
This program is licensed under the BSD-3 license. See the LICENSE file for details.
Components of this program may be licensed under more restrictive licenses which must be honored.
[INFO ODB-0227] LEF file: /project/cad-team/LX_Semicon/kmcho/EoR/pdk/Nangate45/Nangate45_tech.lef, created 22 layers, 27 vias
[INFO ODB-0227] LEF file: /project/cad-team/LX_Semicon/kmcho/EoR/pdk/Nangate45/Nangate45_stdcell.lef, created 135 library cells
[INFO IFP-0001] Added 80 rows of 592 site FreePDK45_38x28_10R_NP_162NW_34O.
Default units for flow
 time 1ns
 capacitance 1fF
 resistance 1kohm
 voltage 1v
 current 1mA
 power 1nW
 distance 1um

==========================================================================
floorplan final check_setup
--------------------------------------------------------------------------
Warning: There are 2 input ports missing set_input_delay.
Warning: There is 1 output port missing set_output_delay.
Warning: There is 1 unconstrained endpoint.

==========================================================================
floorplan final report_tns
--------------------------------------------------------------------------
tns max -1.64

==========================================================================
floorplan final report_wns
--------------------------------------------------------------------------
wns max -0.25

==========================================================================
floorplan final report_worst_slack
--------------------------------------------------------------------------
worst slack max -0.25

==========================================================================
floorplan final report_checks -path_delay min
--------------------------------------------------------------------------
[WARNING STA-0168] unknown field nets.
Startpoint: _50_ (rising edge-triggered flip-flop clocked by clk)
Endpoint: _50_ (rising edge-triggered flip-flop clocked by clk)
Path Group: clk
Path Type: min

Fanout     Cap    Slew   Delay    Time   Description
-----------------------------------------------------------------------------
                  0.00    0.00    0.00   clock clk (rise edge)
                          0.00    0.00   clock network delay (ideal)
                  0.00    0.00    0.00 ^ _50_/CK (DFF_X1)
     1    0.92    0.01    0.06    0.06 ^ _50_/QN (DFF_X1)
                  0.01    0.00    0.06 ^ _43_/A1 (AND2_X1)
     1    1.14    0.01    0.03    0.09 ^ _43_/ZN (AND2_X1)
                  0.01    0.00    0.09 ^ _50_/D (DFF_X1)
                                  0.09   data arrival time

                  0.00    0.00    0.00   clock clk (rise edge)
                          0.00    0.00   clock network delay (ideal)
                          0.00    0.00   clock reconvergence pessimism
                                  0.00 ^ _50_/CK (DFF_X1)
                          0.01    0.01   library hold time
                                  0.01   data required time
-----------------------------------------------------------------------------
                                  0.01   data required time
                                 -0.09   data arrival time
-----------------------------------------------------------------------------
                                  0.08   slack (MET)



==========================================================================
floorplan final report_checks -path_delay max
--------------------------------------------------------------------------
[WARNING STA-0168] unknown field nets.
Startpoint: _51_ (rising edge-triggered flip-flop clocked by clk)
Endpoint: _55_ (rising edge-triggered flip-flop clocked by clk)
Path Group: clk
Path Type: max

Fanout     Cap    Slew   Delay    Time   Description
-----------------------------------------------------------------------------
                  0.00    0.00    0.00   clock clk (rise edge)
                          0.00    0.00   clock network delay (ideal)
                  0.00    0.00    0.00 ^ _51_/CK (DFF_X1)
     1    3.45    0.01    0.09    0.09 ^ _51_/Q (DFF_X1)
                  0.01    0.00    0.09 ^ _48_/B (HA_X1)
     1    3.45    0.01    0.04    0.13 ^ _48_/CO (HA_X1)
                  0.01    0.00    0.13 ^ _49_/B (HA_X1)
     1    1.70    0.01    0.03    0.16 ^ _49_/CO (HA_X1)
                  0.01    0.00    0.16 ^ _32_/A (INV_X1)
     2    3.11    0.01    0.01    0.17 v _32_/ZN (INV_X1)
                  0.01    0.00    0.17 v _33_/B1 (AOI22_X1)
     1    1.65    0.02    0.04    0.21 ^ _33_/ZN (AOI22_X1)
                  0.02    0.00    0.21 ^ _34_/A2 (NOR2_X1)
     1    1.06    0.01    0.01    0.22 v _34_/ZN (NOR2_X1)
                  0.01    0.00    0.22 v _55_/D (DFF_X1)
                                  0.22   data arrival time

                  0.00    0.01    0.01   clock clk (rise edge)
                          0.00    0.01   clock network delay (ideal)
                          0.00    0.01   clock reconvergence pessimism
                                  0.01 ^ _55_/CK (DFF_X1)
                         -0.04   -0.03   library setup time
                                 -0.03   data required time
-----------------------------------------------------------------------------
                                 -0.03   data required time
                                 -0.22   data arrival time
-----------------------------------------------------------------------------
                                 -0.25   slack (VIOLATED)



==========================================================================
floorplan final report_checks -unconstrained
--------------------------------------------------------------------------
[WARNING STA-0168] unknown field nets.
Startpoint: _51_ (rising edge-triggered flip-flop clocked by clk)
Endpoint: _55_ (rising edge-triggered flip-flop clocked by clk)
Path Group: clk
Path Type: max

Fanout     Cap    Slew   Delay    Time   Description
-----------------------------------------------------------------------------
                  0.00    0.00    0.00   clock clk (rise edge)
                          0.00    0.00   clock network delay (ideal)
                  0.00    0.00    0.00 ^ _51_/CK (DFF_X1)
     1    3.45    0.01    0.09    0.09 ^ _51_/Q (DFF_X1)
                  0.01    0.00    0.09 ^ _48_/B (HA_X1)
     1    3.45    0.01    0.04    0.13 ^ _48_/CO (HA_X1)
                  0.01    0.00    0.13 ^ _49_/B (HA_X1)
     1    1.70    0.01    0.03    0.16 ^ _49_/CO (HA_X1)
                  0.01    0.00    0.16 ^ _32_/A (INV_X1)
     2    3.11    0.01    0.01    0.17 v _32_/ZN (INV_X1)
                  0.01    0.00    0.17 v _33_/B1 (AOI22_X1)
     1    1.65    0.02    0.04    0.21 ^ _33_/ZN (AOI22_X1)
                  0.02    0.00    0.21 ^ _34_/A2 (NOR2_X1)
     1    1.06    0.01    0.01    0.22 v _34_/ZN (NOR2_X1)
                  0.01    0.00    0.22 v _55_/D (DFF_X1)
                                  0.22   data arrival time

                  0.00    0.01    0.01   clock clk (rise edge)
                          0.00    0.01   clock network delay (ideal)
                          0.00    0.01   clock reconvergence pessimism
                                  0.01 ^ _55_/CK (DFF_X1)
                         -0.04   -0.03   library setup time
                                 -0.03   data required time
-----------------------------------------------------------------------------
                                 -0.03   data required time
                                 -0.22   data arrival time
-----------------------------------------------------------------------------
                                 -0.25   slack (VIOLATED)



==========================================================================
floorplan final report_power
--------------------------------------------------------------------------
Group                  Internal  Switching    Leakage      Total
                          Power      Power      Power      Power (Watts)
----------------------------------------------------------------
Sequential             5.27e-03   1.02e-04   6.16e-07   5.37e-03  86.0%
Combinational          5.50e-04   3.20e-04   7.51e-07   8.71e-04  14.0%
Clock                  0.00e+00   0.00e+00   0.00e+00   0.00e+00   0.0%
Macro                  0.00e+00   0.00e+00   0.00e+00   0.00e+00   0.0%
Pad                    0.00e+00   0.00e+00   0.00e+00   0.00e+00   0.0%
----------------------------------------------------------------
Total                  5.82e-03   4.23e-04   1.37e-06   6.24e-03 100.0%
                          93.2%       6.8%       0.0%

==========================================================================
floorplan final report_design_area
--------------------------------------------------------------------------
Design area 63 u^2 1% utilization.

