OpenROAD v2.0-22532-gac667f3cc7 
Features included (+) or not (-): +GPU +GUI +Python
This program is licensed under the BSD-3 license. See the LICENSE file for details.
Components of this program may be licensed under more restrictive licenses which must be honored.
[INFO ODB-0227] LEF file: /project/cad-team/LX_Semicon/kmcho/EoR/pdk/Nangate45/Nangate45_tech.lef, created 22 layers, 27 vias
[INFO ODB-0227] LEF file: /project/cad-team/LX_Semicon/kmcho/EoR/pdk/Nangate45/Nangate45_stdcell.lef, created 135 library cells
[INFO IFP-0001] Added 83 rows of 615 site FreePDK45_38x28_10R_NP_162NW_34O.
Default units for flow
 time 1ns
 capacitance 1fF
 resistance 1kohm
 voltage 1v
 current 1mA
 power 1nW
 distance 1um

==========================================================================
floorplan final check_setup
--------------------------------------------------------------------------
Warning: There are 2 input ports missing set_input_delay.
Warning: There are 3 output ports missing set_output_delay.
Warning: There are 3 unconstrained endpoints.

==========================================================================
floorplan final report_tns
--------------------------------------------------------------------------
tns max -1.61

==========================================================================
floorplan final report_wns
--------------------------------------------------------------------------
wns max -0.28

==========================================================================
floorplan final report_worst_slack
--------------------------------------------------------------------------
worst slack max -0.28

==========================================================================
floorplan final report_checks -path_delay min
--------------------------------------------------------------------------
[WARNING STA-0168] unknown field nets.
Startpoint: _53_ (rising edge-triggered flip-flop clocked by clk)
Endpoint: _50_ (rising edge-triggered flip-flop clocked by clk)
Path Group: clk
Path Type: min

Fanout     Cap    Slew   Delay    Time   Description
-----------------------------------------------------------------------------
                  0.00    0.00    0.00   clock clk (rise edge)
                          0.00    0.00   clock network delay (ideal)
                  0.00    0.00    0.00 ^ _53_/CK (DFF_X1)
     2    1.75    0.01    0.08    0.08 v _53_/Q (DFF_X1)
                  0.01    0.00    0.08 v _44_/A1 (AND2_X1)
     1    1.06    0.01    0.03    0.10 v _44_/ZN (AND2_X1)
                  0.01    0.00    0.10 v _50_/D (DFF_X1)
                                  0.10   data arrival time

                  0.00    0.00    0.00   clock clk (rise edge)
                          0.00    0.00   clock network delay (ideal)
                          0.00    0.00   clock reconvergence pessimism
                                  0.00 ^ _50_/CK (DFF_X1)
                          0.00    0.00   library hold time
                                  0.00   data required time
-----------------------------------------------------------------------------
                                  0.00   data required time
                                 -0.10   data arrival time
-----------------------------------------------------------------------------
                                  0.10   slack (MET)



==========================================================================
floorplan final report_checks -path_delay max
--------------------------------------------------------------------------
[WARNING STA-0168] unknown field nets.
Startpoint: _54_ (rising edge-triggered flip-flop clocked by clk)
Endpoint: _46_ (rising edge-triggered flip-flop clocked by clk)
Path Group: clk
Path Type: max

Fanout     Cap    Slew   Delay    Time   Description
-----------------------------------------------------------------------------
                  0.00    0.00    0.00   clock clk (rise edge)
                          0.00    0.00   clock network delay (ideal)
                  0.00    0.00    0.00 ^ _54_/CK (DFF_X1)
     2    4.38    0.01    0.08    0.08 v _54_/Q (DFF_X1)
                  0.01    0.00    0.08 v _31_/A4 (OR4_X4)
     1    5.83    0.02    0.11    0.19 v _31_/ZN (OR4_X4)
                  0.02    0.00    0.19 v _32_/A3 (NOR3_X4)
     1    3.48    0.02    0.05    0.24 ^ _32_/ZN (NOR3_X4)
                  0.02    0.00    0.24 ^ _33_/B2 (AOI21_X2)
     1    1.06    0.01    0.01    0.25 v _33_/ZN (AOI21_X2)
                  0.01    0.00    0.25 v _46_/D (DFF_X1)
                                  0.25   data arrival time

                  0.00    0.01    0.01   clock clk (rise edge)
                          0.00    0.01   clock network delay (ideal)
                          0.00    0.01   clock reconvergence pessimism
                                  0.01 ^ _46_/CK (DFF_X1)
                         -0.04   -0.03   library setup time
                                 -0.03   data required time
-----------------------------------------------------------------------------
                                 -0.03   data required time
                                 -0.25   data arrival time
-----------------------------------------------------------------------------
                                 -0.28   slack (VIOLATED)



==========================================================================
floorplan final report_checks -unconstrained
--------------------------------------------------------------------------
[WARNING STA-0168] unknown field nets.
Startpoint: _54_ (rising edge-triggered flip-flop clocked by clk)
Endpoint: _46_ (rising edge-triggered flip-flop clocked by clk)
Path Group: clk
Path Type: max

Fanout     Cap    Slew   Delay    Time   Description
-----------------------------------------------------------------------------
                  0.00    0.00    0.00   clock clk (rise edge)
                          0.00    0.00   clock network delay (ideal)
                  0.00    0.00    0.00 ^ _54_/CK (DFF_X1)
     2    4.38    0.01    0.08    0.08 v _54_/Q (DFF_X1)
                  0.01    0.00    0.08 v _31_/A4 (OR4_X4)
     1    5.83    0.02    0.11    0.19 v _31_/ZN (OR4_X4)
                  0.02    0.00    0.19 v _32_/A3 (NOR3_X4)
     1    3.48    0.02    0.05    0.24 ^ _32_/ZN (NOR3_X4)
                  0.02    0.00    0.24 ^ _33_/B2 (AOI21_X2)
     1    1.06    0.01    0.01    0.25 v _33_/ZN (AOI21_X2)
                  0.01    0.00    0.25 v _46_/D (DFF_X1)
                                  0.25   data arrival time

                  0.00    0.01    0.01   clock clk (rise edge)
                          0.00    0.01   clock network delay (ideal)
                          0.00    0.01   clock reconvergence pessimism
                                  0.01 ^ _46_/CK (DFF_X1)
                         -0.04   -0.03   library setup time
                                 -0.03   data required time
-----------------------------------------------------------------------------
                                 -0.03   data required time
                                 -0.25   data arrival time
-----------------------------------------------------------------------------
                                 -0.28   slack (VIOLATED)



==========================================================================
floorplan final report_power
--------------------------------------------------------------------------
Group                  Internal  Switching    Leakage      Total
                          Power      Power      Power      Power (Watts)
----------------------------------------------------------------
Sequential             6.75e-03   7.13e-05   7.67e-07   6.82e-03  90.5%
Combinational          4.61e-04   2.53e-04   6.14e-07   7.15e-04   9.5%
Clock                  0.00e+00   0.00e+00   0.00e+00   0.00e+00   0.0%
Macro                  0.00e+00   0.00e+00   0.00e+00   0.00e+00   0.0%
Pad                    0.00e+00   0.00e+00   0.00e+00   0.00e+00   0.0%
----------------------------------------------------------------
Total                  7.21e-03   3.25e-04   1.38e-06   7.53e-03 100.0%
                          95.7%       4.3%       0.0%

==========================================================================
floorplan final report_design_area
--------------------------------------------------------------------------
Design area 68 u^2 1% utilization.

