OpenROAD v2.0-22532-gac667f3cc7 
Features included (+) or not (-): +GPU +GUI +Python
This program is licensed under the BSD-3 license. See the LICENSE file for details.
Components of this program may be licensed under more restrictive licenses which must be honored.
[INFO ODB-0227] LEF file: /project/cad-team/LX_Semicon/kmcho/EoR/pdk/Nangate45/Nangate45_tech.lef, created 22 layers, 27 vias
[INFO ODB-0227] LEF file: /project/cad-team/LX_Semicon/kmcho/EoR/pdk/Nangate45/Nangate45_stdcell.lef, created 135 library cells
[INFO IFP-0001] Added 27 rows of 203 site FreePDK45_38x28_10R_NP_162NW_34O.
Default units for flow
 time 1ns
 capacitance 1fF
 resistance 1kohm
 voltage 1v
 current 1mA
 power 1nW
 distance 1um

==========================================================================
floorplan final check_setup
--------------------------------------------------------------------------
Warning: There are 2 input ports missing set_input_delay.
Warning: There is 1 output port missing set_output_delay.
Warning: There is 1 unconstrained endpoint.

==========================================================================
floorplan final report_tns
--------------------------------------------------------------------------
tns max -0.15

==========================================================================
floorplan final report_wns
--------------------------------------------------------------------------
wns max -0.15

==========================================================================
floorplan final report_worst_slack
--------------------------------------------------------------------------
worst slack max -0.15

==========================================================================
floorplan final report_checks -path_delay min
--------------------------------------------------------------------------
[WARNING STA-0168] unknown field nets.
Startpoint: _5_ (rising edge-triggered flip-flop clocked by clk)
Endpoint: _5_ (rising edge-triggered flip-flop clocked by clk)
Path Group: clk
Path Type: min

Fanout     Cap    Slew   Delay    Time   Description
-----------------------------------------------------------------------------
                  0.00    0.00    0.00   clock clk (rise edge)
                          0.00    0.00   clock network delay (ideal)
                  0.00    0.00    0.00 ^ _5_/CK (DFFS_X1)
     2    2.13    0.01    0.08    0.08 v _5_/Q (DFFS_X1)
                  0.01    0.00    0.08 v _3_/A (XNOR2_X1)
     1    1.16    0.01    0.02    0.11 ^ _3_/ZN (XNOR2_X1)
                  0.01    0.00    0.11 ^ _5_/D (DFFS_X1)
                                  0.11   data arrival time

                  0.00    0.00    0.00   clock clk (rise edge)
                          0.00    0.00   clock network delay (ideal)
                          0.00    0.00   clock reconvergence pessimism
                                  0.00 ^ _5_/CK (DFFS_X1)
                          0.01    0.01   library hold time
                                  0.01   data required time
-----------------------------------------------------------------------------
                                  0.01   data required time
                                 -0.11   data arrival time
-----------------------------------------------------------------------------
                                  0.10   slack (MET)



==========================================================================
floorplan final report_checks -path_delay max
--------------------------------------------------------------------------
[WARNING STA-0168] unknown field nets.
Startpoint: _5_ (rising edge-triggered flip-flop clocked by clk)
Endpoint: _5_ (rising edge-triggered flip-flop clocked by clk)
Path Group: clk
Path Type: max

Fanout     Cap    Slew   Delay    Time   Description
-----------------------------------------------------------------------------
                  0.00    0.00    0.00   clock clk (rise edge)
                          0.00    0.00   clock network delay (ideal)
                  0.00    0.00    0.00 ^ _5_/CK (DFFS_X1)
     2    2.23    0.01    0.09    0.09 ^ _5_/Q (DFFS_X1)
                  0.01    0.00    0.09 ^ _3_/A (XNOR2_X1)
     1    1.16    0.02    0.04    0.12 ^ _3_/ZN (XNOR2_X1)
                  0.02    0.00    0.12 ^ _5_/D (DFFS_X1)
                                  0.12   data arrival time

                  0.00    0.01    0.01   clock clk (rise edge)
                          0.00    0.01   clock network delay (ideal)
                          0.00    0.01   clock reconvergence pessimism
                                  0.01 ^ _5_/CK (DFFS_X1)
                         -0.03   -0.02   library setup time
                                 -0.02   data required time
-----------------------------------------------------------------------------
                                 -0.02   data required time
                                 -0.12   data arrival time
-----------------------------------------------------------------------------
                                 -0.15   slack (VIOLATED)



==========================================================================
floorplan final report_checks -unconstrained
--------------------------------------------------------------------------
[WARNING STA-0168] unknown field nets.
Startpoint: _5_ (rising edge-triggered flip-flop clocked by clk)
Endpoint: _5_ (rising edge-triggered flip-flop clocked by clk)
Path Group: clk
Path Type: max

Fanout     Cap    Slew   Delay    Time   Description
-----------------------------------------------------------------------------
                  0.00    0.00    0.00   clock clk (rise edge)
                          0.00    0.00   clock network delay (ideal)
                  0.00    0.00    0.00 ^ _5_/CK (DFFS_X1)
     2    2.23    0.01    0.09    0.09 ^ _5_/Q (DFFS_X1)
                  0.01    0.00    0.09 ^ _3_/A (XNOR2_X1)
     1    1.16    0.02    0.04    0.12 ^ _3_/ZN (XNOR2_X1)
                  0.02    0.00    0.12 ^ _5_/D (DFFS_X1)
                                  0.12   data arrival time

                  0.00    0.01    0.01   clock clk (rise edge)
                          0.00    0.01   clock network delay (ideal)
                          0.00    0.01   clock reconvergence pessimism
                                  0.01 ^ _5_/CK (DFFS_X1)
                         -0.03   -0.02   library setup time
                                 -0.02   data required time
-----------------------------------------------------------------------------
                                 -0.02   data required time
                                 -0.12   data arrival time
-----------------------------------------------------------------------------
                                 -0.15   slack (VIOLATED)



==========================================================================
floorplan final report_power
--------------------------------------------------------------------------
Group                  Internal  Switching    Leakage      Total
                          Power      Power      Power      Power (Watts)
----------------------------------------------------------------
Sequential             1.27e-03   1.35e-04   8.44e-08   1.40e-03  77.4%
Combinational          3.24e-04   8.54e-05   5.08e-08   4.10e-04  22.6%
Clock                  0.00e+00   0.00e+00   0.00e+00   0.00e+00   0.0%
Macro                  0.00e+00   0.00e+00   0.00e+00   0.00e+00   0.0%
Pad                    0.00e+00   0.00e+00   0.00e+00   0.00e+00   0.0%
----------------------------------------------------------------
Total                  1.59e-03   2.20e-04   1.35e-07   1.81e-03 100.0%
                          87.8%      12.2%       0.0%

==========================================================================
floorplan final report_design_area
--------------------------------------------------------------------------
Design area 7 u^2 1% utilization.

