OpenROAD v2.0-22532-gac667f3cc7 
Features included (+) or not (-): +GPU +GUI +Python
This program is licensed under the BSD-3 license. See the LICENSE file for details.
Components of this program may be licensed under more restrictive licenses which must be honored.
[INFO ODB-0227] LEF file: /project/cad-team/LX_Semicon/kmcho/EoR/pdk/Nangate45/Nangate45_tech.lef, created 22 layers, 27 vias
[INFO ODB-0227] LEF file: /project/cad-team/LX_Semicon/kmcho/EoR/pdk/Nangate45/Nangate45_stdcell.lef, created 135 library cells
[INFO IFP-0001] Added 174 rows of 1288 site FreePDK45_38x28_10R_NP_162NW_34O.
Default units for flow
 time 1ns
 capacitance 1fF
 resistance 1kohm
 voltage 1v
 current 1mA
 power 1nW
 distance 1um

==========================================================================
floorplan final check_setup
--------------------------------------------------------------------------
Warning: There are 2 input ports missing set_input_delay.
Warning: There are 25 output ports missing set_output_delay.
Warning: There are 25 unconstrained endpoints.

==========================================================================
floorplan final report_tns
--------------------------------------------------------------------------
tns max -10.26

==========================================================================
floorplan final report_wns
--------------------------------------------------------------------------
wns max -0.53

==========================================================================
floorplan final report_worst_slack
--------------------------------------------------------------------------
worst slack max -0.53

==========================================================================
floorplan final report_checks -path_delay min
--------------------------------------------------------------------------
[WARNING STA-0168] unknown field nets.
Startpoint: _321_ (rising edge-triggered flip-flop clocked by clk)
Endpoint: _321_ (rising edge-triggered flip-flop clocked by clk)
Path Group: clk
Path Type: min

Fanout     Cap    Slew   Delay    Time   Description
-----------------------------------------------------------------------------
                  0.00    0.00    0.00   clock clk (rise edge)
                          0.00    0.00   clock network delay (ideal)
                  0.00    0.00    0.00 ^ _321_/CK (DFF_X1)
     1    1.52    0.01    0.06    0.06 v _321_/QN (DFF_X1)
                  0.01    0.00    0.06 v _214_/A1 (NAND4_X1)
     1    1.68    0.01    0.02    0.08 ^ _214_/ZN (NAND4_X1)
                  0.01    0.00    0.08 ^ _215_/B2 (AOI21_X1)
     1    1.06    0.01    0.01    0.09 v _215_/ZN (AOI21_X1)
                  0.01    0.00    0.09 v _321_/D (DFF_X1)
                                  0.09   data arrival time

                  0.00    0.00    0.00   clock clk (rise edge)
                          0.00    0.00   clock network delay (ideal)
                          0.00    0.00   clock reconvergence pessimism
                                  0.00 ^ _321_/CK (DFF_X1)
                          0.00    0.00   library hold time
                                  0.00   data required time
-----------------------------------------------------------------------------
                                  0.00   data required time
                                 -0.09   data arrival time
-----------------------------------------------------------------------------
                                  0.09   slack (MET)



==========================================================================
floorplan final report_checks -path_delay max
--------------------------------------------------------------------------
[WARNING STA-0168] unknown field nets.
Startpoint: _327_ (rising edge-triggered flip-flop clocked by clk)
Endpoint: _321_ (rising edge-triggered flip-flop clocked by clk)
Path Group: clk
Path Type: max

Fanout     Cap    Slew   Delay    Time   Description
-----------------------------------------------------------------------------
                  0.00    0.00    0.00   clock clk (rise edge)
                          0.00    0.00   clock network delay (ideal)
                  0.00    0.00    0.00 ^ _327_/CK (DFF_X1)
     2    0.88    0.01    0.08    0.08 v _327_/Q (DFF_X1)
                  0.01    0.00    0.08 v _182_/A (BUF_X1)
     5   10.15    0.01    0.04    0.12 v _182_/Z (BUF_X1)
                  0.01    0.00    0.12 v _183_/A2 (AND2_X1)
     1    3.34    0.01    0.04    0.15 v _183_/ZN (AND2_X1)
                  0.01    0.00    0.15 v _308_/B (HA_X1)
     2    2.46    0.01    0.06    0.21 v _308_/S (HA_X1)
                  0.01    0.00    0.21 v _189_/A2 (OR2_X1)
     1    1.55    0.01    0.05    0.26 v _189_/ZN (OR2_X1)
                  0.01    0.00    0.26 v _190_/A4 (NOR4_X1)
     4    5.85    0.08    0.12    0.38 ^ _190_/ZN (NOR4_X1)
                  0.08    0.00    0.38 ^ _213_/A2 (AND3_X1)
     1    1.66    0.01    0.06    0.44 ^ _213_/ZN (AND3_X1)
                  0.01    0.00    0.44 ^ _214_/A4 (NAND4_X1)
     1    1.41    0.02    0.03    0.47 v _214_/ZN (NAND4_X1)
                  0.02    0.00    0.47 v _215_/B2 (AOI21_X1)
     1    1.14    0.02    0.03    0.50 ^ _215_/ZN (AOI21_X1)
                  0.02    0.00    0.50 ^ _321_/D (DFF_X1)
                                  0.50   data arrival time

                  0.00    0.01    0.01   clock clk (rise edge)
                          0.00    0.01   clock network delay (ideal)
                          0.00    0.01   clock reconvergence pessimism
                                  0.01 ^ _321_/CK (DFF_X1)
                         -0.03   -0.02   library setup time
                                 -0.02   data required time
-----------------------------------------------------------------------------
                                 -0.02   data required time
                                 -0.50   data arrival time
-----------------------------------------------------------------------------
                                 -0.53   slack (VIOLATED)



==========================================================================
floorplan final report_checks -unconstrained
--------------------------------------------------------------------------
[WARNING STA-0168] unknown field nets.
Startpoint: _327_ (rising edge-triggered flip-flop clocked by clk)
Endpoint: _321_ (rising edge-triggered flip-flop clocked by clk)
Path Group: clk
Path Type: max

Fanout     Cap    Slew   Delay    Time   Description
-----------------------------------------------------------------------------
                  0.00    0.00    0.00   clock clk (rise edge)
                          0.00    0.00   clock network delay (ideal)
                  0.00    0.00    0.00 ^ _327_/CK (DFF_X1)
     2    0.88    0.01    0.08    0.08 v _327_/Q (DFF_X1)
                  0.01    0.00    0.08 v _182_/A (BUF_X1)
     5   10.15    0.01    0.04    0.12 v _182_/Z (BUF_X1)
                  0.01    0.00    0.12 v _183_/A2 (AND2_X1)
     1    3.34    0.01    0.04    0.15 v _183_/ZN (AND2_X1)
                  0.01    0.00    0.15 v _308_/B (HA_X1)
     2    2.46    0.01    0.06    0.21 v _308_/S (HA_X1)
                  0.01    0.00    0.21 v _189_/A2 (OR2_X1)
     1    1.55    0.01    0.05    0.26 v _189_/ZN (OR2_X1)
                  0.01    0.00    0.26 v _190_/A4 (NOR4_X1)
     4    5.85    0.08    0.12    0.38 ^ _190_/ZN (NOR4_X1)
                  0.08    0.00    0.38 ^ _213_/A2 (AND3_X1)
     1    1.66    0.01    0.06    0.44 ^ _213_/ZN (AND3_X1)
                  0.01    0.00    0.44 ^ _214_/A4 (NAND4_X1)
     1    1.41    0.02    0.03    0.47 v _214_/ZN (NAND4_X1)
                  0.02    0.00    0.47 v _215_/B2 (AOI21_X1)
     1    1.14    0.02    0.03    0.50 ^ _215_/ZN (AOI21_X1)
                  0.02    0.00    0.50 ^ _321_/D (DFF_X1)
                                  0.50   data arrival time

                  0.00    0.01    0.01   clock clk (rise edge)
                          0.00    0.01   clock network delay (ideal)
                          0.00    0.01   clock reconvergence pessimism
                                  0.01 ^ _321_/CK (DFF_X1)
                         -0.03   -0.02   library setup time
                                 -0.02   data required time
-----------------------------------------------------------------------------
                                 -0.02   data required time
                                 -0.50   data arrival time
-----------------------------------------------------------------------------
                                 -0.53   slack (VIOLATED)



==========================================================================
floorplan final report_power
--------------------------------------------------------------------------
Group                  Internal  Switching    Leakage      Total
                          Power      Power      Power      Power (Watts)
----------------------------------------------------------------
Sequential             1.73e-02   2.70e-04   1.91e-06   1.76e-02  91.7%
Combinational          9.15e-04   6.77e-04   4.73e-06   1.60e-03   8.3%
Clock                  0.00e+00   0.00e+00   0.00e+00   0.00e+00   0.0%
Macro                  0.00e+00   0.00e+00   0.00e+00   0.00e+00   0.0%
Pad                    0.00e+00   0.00e+00   0.00e+00   0.00e+00   0.0%
----------------------------------------------------------------
Total                  1.82e-02   9.47e-04   6.64e-06   1.92e-02 100.0%
                          95.0%       4.9%       0.0%

==========================================================================
floorplan final report_design_area
--------------------------------------------------------------------------
Design area 300 u^2 1% utilization.

