OpenROAD v2.0-22532-gac667f3cc7 
Features included (+) or not (-): +GPU +GUI +Python
This program is licensed under the BSD-3 license. See the LICENSE file for details.
Components of this program may be licensed under more restrictive licenses which must be honored.
[INFO ODB-0227] LEF file: /project/cad-team/LX_Semicon/kmcho/EoR/pdk/Nangate45/Nangate45_tech.lef, created 22 layers, 27 vias
[INFO ODB-0227] LEF file: /project/cad-team/LX_Semicon/kmcho/EoR/pdk/Nangate45/Nangate45_stdcell.lef, created 135 library cells
[INFO IFP-0001] Added 306 rows of 2257 site FreePDK45_38x28_10R_NP_162NW_34O.
Default units for flow
 time 1ns
 capacitance 1fF
 resistance 1kohm
 voltage 1v
 current 1mA
 power 1nW
 distance 1um

==========================================================================
floorplan final check_setup
--------------------------------------------------------------------------
Warning: There are 2 input ports missing set_input_delay.
Warning: There are 25 output ports missing set_output_delay.
Warning: There are 25 unconstrained endpoints.

==========================================================================
floorplan final report_tns
--------------------------------------------------------------------------
tns max -25.08

==========================================================================
floorplan final report_wns
--------------------------------------------------------------------------
wns max -2.73

==========================================================================
floorplan final report_worst_slack
--------------------------------------------------------------------------
worst slack max -2.73

==========================================================================
floorplan final report_checks -path_delay min
--------------------------------------------------------------------------
[WARNING STA-0168] unknown field nets.
Startpoint: _1407_ (rising edge-triggered flip-flop clocked by clk)
Endpoint: _1407_ (rising edge-triggered flip-flop clocked by clk)
Path Group: clk
Path Type: min

Fanout     Cap    Slew   Delay    Time   Description
-----------------------------------------------------------------------------
                  0.00    0.00    0.00   clock clk (rise edge)
                          0.00    0.00   clock network delay (ideal)
                  0.00    0.00    0.00 ^ _1407_/CK (DFF_X1)
     3    3.08    0.01    0.08    0.08 v _1407_/Q (DFF_X1)
                  0.01    0.00    0.08 v _1298_/A1 (NAND2_X1)
     1    1.65    0.01    0.01    0.10 ^ _1298_/ZN (NAND2_X1)
                  0.01    0.00    0.10 ^ _1300_/B1 (AOI21_X1)
     1    1.06    0.01    0.01    0.11 v _1300_/ZN (AOI21_X1)
                  0.01    0.00    0.11 v _1407_/D (DFF_X1)
                                  0.11   data arrival time

                  0.00    0.00    0.00   clock clk (rise edge)
                          0.00    0.00   clock network delay (ideal)
                          0.00    0.00   clock reconvergence pessimism
                                  0.00 ^ _1407_/CK (DFF_X1)
                          0.00    0.00   library hold time
                                  0.00   data required time
-----------------------------------------------------------------------------
                                  0.00   data required time
                                 -0.11   data arrival time
-----------------------------------------------------------------------------
                                  0.11   slack (MET)



==========================================================================
floorplan final report_checks -path_delay max
--------------------------------------------------------------------------
[WARNING STA-0168] unknown field nets.
Startpoint: _1401_ (rising edge-triggered flip-flop clocked by clk)
Endpoint: _1398_ (rising edge-triggered flip-flop clocked by clk)
Path Group: clk
Path Type: max

Fanout     Cap    Slew   Delay    Time   Description
-----------------------------------------------------------------------------
                  0.00    0.00    0.00   clock clk (rise edge)
                          0.00    0.00   clock network delay (ideal)
                  0.00    0.00    0.00 ^ _1401_/CK (DFF_X1)
     5   11.82    0.03    0.11    0.11 ^ _1401_/Q (DFF_X1)
                  0.03    0.00    0.11 ^ _1322_/A (HA_X1)
     1    3.45    0.03    0.06    0.17 ^ _1322_/S (HA_X1)
                  0.03    0.00    0.17 ^ _1323_/B (HA_X1)
     3    7.87    0.02    0.05    0.22 ^ _1323_/CO (HA_X1)
                  0.02    0.00    0.22 ^ _1316_/CI (FA_X1)
     2    7.39    0.02    0.11    0.33 v _1316_/S (FA_X1)
                  0.02    0.00    0.33 v _0752_/B (OAI211_X2)
     6   13.60    0.04    0.04    0.37 ^ _0752_/ZN (OAI211_X2)
                  0.04    0.00    0.37 ^ _1105_/A1 (NOR2_X1)
     1    3.34    0.01    0.02    0.38 v _1105_/ZN (NOR2_X1)
                  0.01    0.00    0.38 v _1326_/B (HA_X1)
     1    0.88    0.01    0.06    0.44 v _1326_/S (HA_X1)
                  0.01    0.00    0.44 v _0758_/A (BUF_X1)
     7   10.08    0.01    0.04    0.48 v _0758_/Z (BUF_X1)
                  0.01    0.00    0.48 v _0767_/A (CLKBUF_X1)
     1    3.06    0.01    0.04    0.52 v _0767_/Z (CLKBUF_X1)
                  0.01    0.00    0.52 v _1327_/A (HA_X1)
     2    3.94    0.01    0.03    0.55 v _1327_/CO (HA_X1)
                  0.01    0.00    0.55 v _0781_/A1 (OR4_X2)
     3    9.88    0.02    0.09    0.64 v _0781_/ZN (OR4_X2)
                  0.02    0.00    0.64 v _0783_/C1 (OAI211_X4)
     3    4.99    0.02    0.03    0.67 ^ _0783_/ZN (OAI211_X4)
                  0.02    0.00    0.67 ^ _0784_/A2 (NAND2_X1)
     2    4.31    0.01    0.02    0.69 v _0784_/ZN (NAND2_X1)
                  0.01    0.00    0.69 v _0786_/A (AOI21_X1)
     2    5.15    0.04    0.06    0.75 ^ _0786_/ZN (AOI21_X1)
                  0.04    0.00    0.75 ^ _0787_/A (INV_X1)
     1    3.34    0.01    0.01    0.76 v _0787_/ZN (INV_X1)
                  0.01    0.00    0.76 v _1332_/B (HA_X1)
     3    6.30    0.01    0.04    0.80 v _1332_/CO (HA_X1)
                  0.01    0.00    0.80 v _1330_/B (HA_X1)
     1    0.88    0.01    0.03    0.83 v _1330_/CO (HA_X1)
                  0.01    0.00    0.83 v _0788_/A (BUF_X1)
     7   10.81    0.01    0.04    0.87 v _0788_/Z (BUF_X1)
                  0.01    0.00    0.87 v _0804_/A (INV_X1)
     3    4.97    0.01    0.02    0.89 ^ _0804_/ZN (INV_X1)
                  0.01    0.00    0.89 ^ _0811_/A1 (NOR2_X1)
     2    3.04    0.01    0.01    0.91 v _0811_/ZN (NOR2_X1)
                  0.01    0.00    0.91 v _0830_/A (OAI21_X1)
     1    1.66    0.02    0.02    0.93 ^ _0830_/ZN (OAI21_X1)
                  0.02    0.00    0.93 ^ _0831_/B1 (OAI21_X1)
     2    3.03    0.01    0.02    0.95 v _0831_/ZN (OAI21_X1)
                  0.01    0.00    0.95 v _0832_/B2 (OAI33_X1)
     4    7.49    0.10    0.13    1.07 ^ _0832_/ZN (OAI33_X1)
                  0.10    0.00    1.07 ^ _0844_/B (OAI211_X2)
     7   13.00    0.03    0.06    1.13 v _0844_/ZN (OAI211_X2)
                  0.03    0.00    1.13 v _0848_/A (BUF_X1)
    10   12.97    0.02    0.06    1.18 v _0848_/Z (BUF_X1)
                  0.02    0.00    1.18 v _0849_/A (BUF_X1)
    10   16.91    0.02    0.05    1.24 v _0849_/Z (BUF_X1)
                  0.02    0.00    1.24 v _1335_/B (HA_X1)
     2    2.32    0.02    0.06    1.30 v _1335_/S (HA_X1)
                  0.02    0.00    1.30 v _0915_/A1 (OR2_X1)
     2    3.00    0.01    0.05    1.35 v _0915_/ZN (OR2_X1)
                  0.01    0.00    1.35 v _0916_/A3 (NOR3_X1)
     2    3.32    0.04    0.06    1.41 ^ _0916_/ZN (NOR3_X1)
                  0.04    0.00    1.41 ^ _0924_/A2 (NAND3_X1)
     2    3.11    0.02    0.03    1.44 v _0924_/ZN (NAND3_X1)
                  0.02    0.00    1.44 v _0925_/A3 (NOR3_X1)
     1    0.95    0.02    0.05    1.49 ^ _0925_/ZN (NOR3_X1)
                  0.02    0.00    1.49 ^ _0928_/A (MUX2_X1)
     2    2.60    0.01    0.04    1.53 ^ _0928_/Z (MUX2_X1)
                  0.01    0.00    1.53 ^ _0929_/A4 (AND4_X1)
     2    5.16    0.02    0.07    1.60 ^ _0929_/ZN (AND4_X1)
                  0.02    0.00    1.60 ^ _0930_/B2 (AOI21_X2)
    10   14.63    0.03    0.03    1.63 v _0930_/ZN (AOI21_X2)
                  0.03    0.00    1.63 v _0959_/B (XNOR2_X1)
     3    7.84    0.05    0.07    1.70 ^ _0959_/ZN (XNOR2_X1)
                  0.05    0.00    1.70 ^ _1377_/B (HA_X1)
     3    4.98    0.02    0.05    1.75 ^ _1377_/CO (HA_X1)
                  0.02    0.00    1.75 ^ _0965_/C1 (OAI221_X1)
     3    4.33    0.03    0.03    1.79 v _0965_/ZN (OAI221_X1)
                  0.03    0.00    1.79 v _0998_/B1 (OAI33_X1)
     4    8.29    0.11    0.12    1.91 ^ _0998_/ZN (OAI33_X1)
                  0.11    0.00    1.91 ^ _1014_/A1 (NAND2_X1)
     3    3.74    0.03    0.03    1.94 v _1014_/ZN (NAND2_X1)
                  0.03    0.00    1.94 v _1019_/A1 (OR2_X1)
     3    4.65    0.01    0.06    2.00 v _1019_/ZN (OR2_X1)
                  0.01    0.00    2.00 v _1029_/A (AOI211_X1)
     1    3.45    0.05    0.08    2.08 ^ _1029_/ZN (AOI211_X1)
                  0.05    0.00    2.08 ^ _1363_/B (HA_X1)
     1    1.52    0.02    0.05    2.14 ^ _1363_/S (HA_X1)
                  0.02    0.00    2.14 ^ _1238_/A1 (NAND4_X1)
     1    0.89    0.01    0.02    2.16 v _1238_/ZN (NAND4_X1)
                  0.01    0.00    2.16 v _1239_/A4 (OR4_X1)
     1    1.54    0.02    0.12    2.28 v _1239_/ZN (OR4_X1)
                  0.02    0.00    2.28 v _1240_/A (AOI21_X1)
     1    1.67    0.02    0.04    2.32 ^ _1240_/ZN (AOI21_X1)
                  0.02    0.00    2.32 ^ _1241_/A (OAI21_X1)
     1    1.55    0.01    0.02    2.34 v _1241_/ZN (OAI21_X1)
                  0.01    0.00    2.34 v _1242_/A4 (NOR4_X1)
     1    0.92    0.03    0.07    2.41 ^ _1242_/ZN (NOR4_X1)
                  0.03    0.00    2.41 ^ _1245_/A3 (AND4_X1)
     1    1.62    0.01    0.06    2.47 ^ _1245_/ZN (AND4_X1)
                  0.01    0.00    2.47 ^ _1257_/A2 (NAND3_X1)
     1    1.55    0.02    0.02    2.49 v _1257_/ZN (NAND3_X1)
                  0.02    0.00    2.49 v _1258_/A4 (NOR4_X1)
     2    3.24    0.06    0.10    2.59 ^ _1258_/ZN (NOR4_X1)
                  0.06    0.00    2.59 ^ _1270_/A2 (OAI22_X1)
     2    2.70    0.02    0.03    2.63 v _1270_/ZN (OAI22_X1)
                  0.02    0.00    2.63 v _1271_/S (MUX2_X1)
     1    3.13    0.01    0.06    2.68 ^ _1271_/Z (MUX2_X1)
                  0.01    0.00    2.68 ^ _1272_/B1 (AOI21_X2)
     1    1.06    0.01    0.01    2.70 v _1272_/ZN (AOI21_X2)
                  0.01    0.00    2.70 v _1398_/D (DFF_X1)
                                  2.70   data arrival time

                  0.00    0.01    0.01   clock clk (rise edge)
                          0.00    0.01   clock network delay (ideal)
                          0.00    0.01   clock reconvergence pessimism
                                  0.01 ^ _1398_/CK (DFF_X1)
                         -0.04   -0.03   library setup time
                                 -0.03   data required time
-----------------------------------------------------------------------------
                                 -0.03   data required time
                                 -2.70   data arrival time
-----------------------------------------------------------------------------
                                 -2.73   slack (VIOLATED)



==========================================================================
floorplan final report_checks -unconstrained
--------------------------------------------------------------------------
[WARNING STA-0168] unknown field nets.
Startpoint: _1401_ (rising edge-triggered flip-flop clocked by clk)
Endpoint: _1398_ (rising edge-triggered flip-flop clocked by clk)
Path Group: clk
Path Type: max

Fanout     Cap    Slew   Delay    Time   Description
-----------------------------------------------------------------------------
                  0.00    0.00    0.00   clock clk (rise edge)
                          0.00    0.00   clock network delay (ideal)
                  0.00    0.00    0.00 ^ _1401_/CK (DFF_X1)
     5   11.82    0.03    0.11    0.11 ^ _1401_/Q (DFF_X1)
                  0.03    0.00    0.11 ^ _1322_/A (HA_X1)
     1    3.45    0.03    0.06    0.17 ^ _1322_/S (HA_X1)
                  0.03    0.00    0.17 ^ _1323_/B (HA_X1)
     3    7.87    0.02    0.05    0.22 ^ _1323_/CO (HA_X1)
                  0.02    0.00    0.22 ^ _1316_/CI (FA_X1)
     2    7.39    0.02    0.11    0.33 v _1316_/S (FA_X1)
                  0.02    0.00    0.33 v _0752_/B (OAI211_X2)
     6   13.60    0.04    0.04    0.37 ^ _0752_/ZN (OAI211_X2)
                  0.04    0.00    0.37 ^ _1105_/A1 (NOR2_X1)
     1    3.34    0.01    0.02    0.38 v _1105_/ZN (NOR2_X1)
                  0.01    0.00    0.38 v _1326_/B (HA_X1)
     1    0.88    0.01    0.06    0.44 v _1326_/S (HA_X1)
                  0.01    0.00    0.44 v _0758_/A (BUF_X1)
     7   10.08    0.01    0.04    0.48 v _0758_/Z (BUF_X1)
                  0.01    0.00    0.48 v _0767_/A (CLKBUF_X1)
     1    3.06    0.01    0.04    0.52 v _0767_/Z (CLKBUF_X1)
                  0.01    0.00    0.52 v _1327_/A (HA_X1)
     2    3.94    0.01    0.03    0.55 v _1327_/CO (HA_X1)
                  0.01    0.00    0.55 v _0781_/A1 (OR4_X2)
     3    9.88    0.02    0.09    0.64 v _0781_/ZN (OR4_X2)
                  0.02    0.00    0.64 v _0783_/C1 (OAI211_X4)
     3    4.99    0.02    0.03    0.67 ^ _0783_/ZN (OAI211_X4)
                  0.02    0.00    0.67 ^ _0784_/A2 (NAND2_X1)
     2    4.31    0.01    0.02    0.69 v _0784_/ZN (NAND2_X1)
                  0.01    0.00    0.69 v _0786_/A (AOI21_X1)
     2    5.15    0.04    0.06    0.75 ^ _0786_/ZN (AOI21_X1)
                  0.04    0.00    0.75 ^ _0787_/A (INV_X1)
     1    3.34    0.01    0.01    0.76 v _0787_/ZN (INV_X1)
                  0.01    0.00    0.76 v _1332_/B (HA_X1)
     3    6.30    0.01    0.04    0.80 v _1332_/CO (HA_X1)
                  0.01    0.00    0.80 v _1330_/B (HA_X1)
     1    0.88    0.01    0.03    0.83 v _1330_/CO (HA_X1)
                  0.01    0.00    0.83 v _0788_/A (BUF_X1)
     7   10.81    0.01    0.04    0.87 v _0788_/Z (BUF_X1)
                  0.01    0.00    0.87 v _0804_/A (INV_X1)
     3    4.97    0.01    0.02    0.89 ^ _0804_/ZN (INV_X1)
                  0.01    0.00    0.89 ^ _0811_/A1 (NOR2_X1)
     2    3.04    0.01    0.01    0.91 v _0811_/ZN (NOR2_X1)
                  0.01    0.00    0.91 v _0830_/A (OAI21_X1)
     1    1.66    0.02    0.02    0.93 ^ _0830_/ZN (OAI21_X1)
                  0.02    0.00    0.93 ^ _0831_/B1 (OAI21_X1)
     2    3.03    0.01    0.02    0.95 v _0831_/ZN (OAI21_X1)
                  0.01    0.00    0.95 v _0832_/B2 (OAI33_X1)
     4    7.49    0.10    0.13    1.07 ^ _0832_/ZN (OAI33_X1)
                  0.10    0.00    1.07 ^ _0844_/B (OAI211_X2)
     7   13.00    0.03    0.06    1.13 v _0844_/ZN (OAI211_X2)
                  0.03    0.00    1.13 v _0848_/A (BUF_X1)
    10   12.97    0.02    0.06    1.18 v _0848_/Z (BUF_X1)
                  0.02    0.00    1.18 v _0849_/A (BUF_X1)
    10   16.91    0.02    0.05    1.24 v _0849_/Z (BUF_X1)
                  0.02    0.00    1.24 v _1335_/B (HA_X1)
     2    2.32    0.02    0.06    1.30 v _1335_/S (HA_X1)
                  0.02    0.00    1.30 v _0915_/A1 (OR2_X1)
     2    3.00    0.01    0.05    1.35 v _0915_/ZN (OR2_X1)
                  0.01    0.00    1.35 v _0916_/A3 (NOR3_X1)
     2    3.32    0.04    0.06    1.41 ^ _0916_/ZN (NOR3_X1)
                  0.04    0.00    1.41 ^ _0924_/A2 (NAND3_X1)
     2    3.11    0.02    0.03    1.44 v _0924_/ZN (NAND3_X1)
                  0.02    0.00    1.44 v _0925_/A3 (NOR3_X1)
     1    0.95    0.02    0.05    1.49 ^ _0925_/ZN (NOR3_X1)
                  0.02    0.00    1.49 ^ _0928_/A (MUX2_X1)
     2    2.60    0.01    0.04    1.53 ^ _0928_/Z (MUX2_X1)
                  0.01    0.00    1.53 ^ _0929_/A4 (AND4_X1)
     2    5.16    0.02    0.07    1.60 ^ _0929_/ZN (AND4_X1)
                  0.02    0.00    1.60 ^ _0930_/B2 (AOI21_X2)
    10   14.63    0.03    0.03    1.63 v _0930_/ZN (AOI21_X2)
                  0.03    0.00    1.63 v _0959_/B (XNOR2_X1)
     3    7.84    0.05    0.07    1.70 ^ _0959_/ZN (XNOR2_X1)
                  0.05    0.00    1.70 ^ _1377_/B (HA_X1)
     3    4.98    0.02    0.05    1.75 ^ _1377_/CO (HA_X1)
                  0.02    0.00    1.75 ^ _0965_/C1 (OAI221_X1)
     3    4.33    0.03    0.03    1.79 v _0965_/ZN (OAI221_X1)
                  0.03    0.00    1.79 v _0998_/B1 (OAI33_X1)
     4    8.29    0.11    0.12    1.91 ^ _0998_/ZN (OAI33_X1)
                  0.11    0.00    1.91 ^ _1014_/A1 (NAND2_X1)
     3    3.74    0.03    0.03    1.94 v _1014_/ZN (NAND2_X1)
                  0.03    0.00    1.94 v _1019_/A1 (OR2_X1)
     3    4.65    0.01    0.06    2.00 v _1019_/ZN (OR2_X1)
                  0.01    0.00    2.00 v _1029_/A (AOI211_X1)
     1    3.45    0.05    0.08    2.08 ^ _1029_/ZN (AOI211_X1)
                  0.05    0.00    2.08 ^ _1363_/B (HA_X1)
     1    1.52    0.02    0.05    2.14 ^ _1363_/S (HA_X1)
                  0.02    0.00    2.14 ^ _1238_/A1 (NAND4_X1)
     1    0.89    0.01    0.02    2.16 v _1238_/ZN (NAND4_X1)
                  0.01    0.00    2.16 v _1239_/A4 (OR4_X1)
     1    1.54    0.02    0.12    2.28 v _1239_/ZN (OR4_X1)
                  0.02    0.00    2.28 v _1240_/A (AOI21_X1)
     1    1.67    0.02    0.04    2.32 ^ _1240_/ZN (AOI21_X1)
                  0.02    0.00    2.32 ^ _1241_/A (OAI21_X1)
     1    1.55    0.01    0.02    2.34 v _1241_/ZN (OAI21_X1)
                  0.01    0.00    2.34 v _1242_/A4 (NOR4_X1)
     1    0.92    0.03    0.07    2.41 ^ _1242_/ZN (NOR4_X1)
                  0.03    0.00    2.41 ^ _1245_/A3 (AND4_X1)
     1    1.62    0.01    0.06    2.47 ^ _1245_/ZN (AND4_X1)
                  0.01    0.00    2.47 ^ _1257_/A2 (NAND3_X1)
     1    1.55    0.02    0.02    2.49 v _1257_/ZN (NAND3_X1)
                  0.02    0.00    2.49 v _1258_/A4 (NOR4_X1)
     2    3.24    0.06    0.10    2.59 ^ _1258_/ZN (NOR4_X1)
                  0.06    0.00    2.59 ^ _1270_/A2 (OAI22_X1)
     2    2.70    0.02    0.03    2.63 v _1270_/ZN (OAI22_X1)
                  0.02    0.00    2.63 v _1271_/S (MUX2_X1)
     1    3.13    0.01    0.06    2.68 ^ _1271_/Z (MUX2_X1)
                  0.01    0.00    2.68 ^ _1272_/B1 (AOI21_X2)
     1    1.06    0.01    0.01    2.70 v _1272_/ZN (AOI21_X2)
                  0.01    0.00    2.70 v _1398_/D (DFF_X1)
                                  2.70   data arrival time

                  0.00    0.01    0.01   clock clk (rise edge)
                          0.00    0.01   clock network delay (ideal)
                          0.00    0.01   clock reconvergence pessimism
                                  0.01 ^ _1398_/CK (DFF_X1)
                         -0.04   -0.03   library setup time
                                 -0.03   data required time
-----------------------------------------------------------------------------
                                 -0.03   data required time
                                 -2.70   data arrival time
-----------------------------------------------------------------------------
                                 -2.73   slack (VIOLATED)



==========================================================================
floorplan final report_power
--------------------------------------------------------------------------
Group                  Internal  Switching    Leakage      Total
                          Power      Power      Power      Power (Watts)
----------------------------------------------------------------
Sequential             1.74e-02   1.41e-04   1.91e-06   1.75e-02  94.9%
Combinational          4.27e-04   4.90e-04   1.81e-05   9.35e-04   5.1%
Clock                  0.00e+00   0.00e+00   0.00e+00   0.00e+00   0.0%
Macro                  0.00e+00   0.00e+00   0.00e+00   0.00e+00   0.0%
Pad                    0.00e+00   0.00e+00   0.00e+00   0.00e+00   0.0%
----------------------------------------------------------------
Total                  1.78e-02   6.31e-04   2.00e-05   1.84e-02 100.0%
                          96.5%       3.4%       0.1%

==========================================================================
floorplan final report_design_area
--------------------------------------------------------------------------
Design area 920 u^2 1% utilization.

