OpenROAD v2.0-22532-gac667f3cc7 
Features included (+) or not (-): +GPU +GUI +Python
This program is licensed under the BSD-3 license. See the LICENSE file for details.
Components of this program may be licensed under more restrictive licenses which must be honored.
[INFO ODB-0227] LEF file: /project/cad-team/LX_Semicon/kmcho/EoR/pdk/Nangate45/Nangate45_tech.lef, created 22 layers, 27 vias
[INFO ODB-0227] LEF file: /project/cad-team/LX_Semicon/kmcho/EoR/pdk/Nangate45/Nangate45_stdcell.lef, created 135 library cells
[INFO IFP-0001] Added 174 rows of 1289 site FreePDK45_38x28_10R_NP_162NW_34O.
Default units for flow
 time 1ns
 capacitance 1fF
 resistance 1kohm
 voltage 1v
 current 1mA
 power 1nW
 distance 1um

==========================================================================
floorplan final check_setup
--------------------------------------------------------------------------
Warning: There are 2 input ports missing set_input_delay.
Warning: There are 25 output ports missing set_output_delay.
Warning: There are 25 unconstrained endpoints.

==========================================================================
floorplan final report_tns
--------------------------------------------------------------------------
tns max -8.73

==========================================================================
floorplan final report_wns
--------------------------------------------------------------------------
wns max -0.40

==========================================================================
floorplan final report_worst_slack
--------------------------------------------------------------------------
worst slack max -0.40

==========================================================================
floorplan final report_checks -path_delay min
--------------------------------------------------------------------------
[WARNING STA-0168] unknown field nets.
Startpoint: _358_ (rising edge-triggered flip-flop clocked by clk)
Endpoint: _358_ (rising edge-triggered flip-flop clocked by clk)
Path Group: clk
Path Type: min

Fanout     Cap    Slew   Delay    Time   Description
-----------------------------------------------------------------------------
                  0.00    0.00    0.00   clock clk (rise edge)
                          0.00    0.00   clock network delay (ideal)
                  0.00    0.00    0.00 ^ _358_/CK (DFF_X1)
     1    1.56    0.01    0.06    0.06 v _358_/QN (DFF_X1)
                  0.01    0.00    0.06 v _292_/A1 (NAND3_X1)
     1    1.68    0.01    0.02    0.08 ^ _292_/ZN (NAND3_X1)
                  0.01    0.00    0.08 ^ _293_/B2 (AOI21_X1)
     1    1.06    0.01    0.01    0.09 v _293_/ZN (AOI21_X1)
                  0.01    0.00    0.09 v _358_/D (DFF_X1)
                                  0.09   data arrival time

                  0.00    0.00    0.00   clock clk (rise edge)
                          0.00    0.00   clock network delay (ideal)
                          0.00    0.00   clock reconvergence pessimism
                                  0.00 ^ _358_/CK (DFF_X1)
                          0.00    0.00   library hold time
                                  0.00   data required time
-----------------------------------------------------------------------------
                                  0.00   data required time
                                 -0.09   data arrival time
-----------------------------------------------------------------------------
                                  0.09   slack (MET)



==========================================================================
floorplan final report_checks -path_delay max
--------------------------------------------------------------------------
[WARNING STA-0168] unknown field nets.
Startpoint: _366_ (rising edge-triggered flip-flop clocked by clk)
Endpoint: _359_ (rising edge-triggered flip-flop clocked by clk)
Path Group: clk
Path Type: max

Fanout     Cap    Slew   Delay    Time   Description
-----------------------------------------------------------------------------
                  0.00    0.00    0.00   clock clk (rise edge)
                          0.00    0.00   clock network delay (ideal)
                  0.00    0.00    0.00 ^ _366_/CK (DFF_X1)
     3    4.92    0.01    0.09    0.09 ^ _366_/Q (DFF_X1)
                  0.01    0.00    0.09 ^ _231_/A (INV_X2)
     3    6.18    0.01    0.01    0.10 v _231_/ZN (INV_X2)
                  0.01    0.00    0.10 v _232_/A3 (NOR4_X2)
     3    7.13    0.06    0.09    0.20 ^ _232_/ZN (NOR4_X2)
                  0.06    0.00    0.20 ^ _233_/A4 (NAND4_X2)
     6   15.23    0.04    0.06    0.26 v _233_/ZN (NAND4_X2)
                  0.04    0.00    0.26 v _289_/A1 (OR2_X4)
     6   10.32    0.01    0.06    0.32 v _289_/ZN (OR2_X4)
                  0.01    0.00    0.32 v _295_/A2 (NOR3_X2)
     1    1.66    0.02    0.04    0.35 ^ _295_/ZN (NOR3_X2)
                  0.02    0.00    0.35 ^ _296_/B (AOI211_X1)
     1    1.06    0.02    0.02    0.37 v _296_/ZN (AOI211_X1)
                  0.02    0.00    0.37 v _359_/D (DFF_X1)
                                  0.37   data arrival time

                  0.00    0.01    0.01   clock clk (rise edge)
                          0.00    0.01   clock network delay (ideal)
                          0.00    0.01   clock reconvergence pessimism
                                  0.01 ^ _359_/CK (DFF_X1)
                         -0.04   -0.03   library setup time
                                 -0.03   data required time
-----------------------------------------------------------------------------
                                 -0.03   data required time
                                 -0.37   data arrival time
-----------------------------------------------------------------------------
                                 -0.40   slack (VIOLATED)



==========================================================================
floorplan final report_checks -unconstrained
--------------------------------------------------------------------------
[WARNING STA-0168] unknown field nets.
Startpoint: _366_ (rising edge-triggered flip-flop clocked by clk)
Endpoint: _359_ (rising edge-triggered flip-flop clocked by clk)
Path Group: clk
Path Type: max

Fanout     Cap    Slew   Delay    Time   Description
-----------------------------------------------------------------------------
                  0.00    0.00    0.00   clock clk (rise edge)
                          0.00    0.00   clock network delay (ideal)
                  0.00    0.00    0.00 ^ _366_/CK (DFF_X1)
     3    4.92    0.01    0.09    0.09 ^ _366_/Q (DFF_X1)
                  0.01    0.00    0.09 ^ _231_/A (INV_X2)
     3    6.18    0.01    0.01    0.10 v _231_/ZN (INV_X2)
                  0.01    0.00    0.10 v _232_/A3 (NOR4_X2)
     3    7.13    0.06    0.09    0.20 ^ _232_/ZN (NOR4_X2)
                  0.06    0.00    0.20 ^ _233_/A4 (NAND4_X2)
     6   15.23    0.04    0.06    0.26 v _233_/ZN (NAND4_X2)
                  0.04    0.00    0.26 v _289_/A1 (OR2_X4)
     6   10.32    0.01    0.06    0.32 v _289_/ZN (OR2_X4)
                  0.01    0.00    0.32 v _295_/A2 (NOR3_X2)
     1    1.66    0.02    0.04    0.35 ^ _295_/ZN (NOR3_X2)
                  0.02    0.00    0.35 ^ _296_/B (AOI211_X1)
     1    1.06    0.02    0.02    0.37 v _296_/ZN (AOI211_X1)
                  0.02    0.00    0.37 v _359_/D (DFF_X1)
                                  0.37   data arrival time

                  0.00    0.01    0.01   clock clk (rise edge)
                          0.00    0.01   clock network delay (ideal)
                          0.00    0.01   clock reconvergence pessimism
                                  0.01 ^ _359_/CK (DFF_X1)
                         -0.04   -0.03   library setup time
                                 -0.03   data required time
-----------------------------------------------------------------------------
                                 -0.03   data required time
                                 -0.37   data arrival time
-----------------------------------------------------------------------------
                                 -0.40   slack (VIOLATED)



==========================================================================
floorplan final report_power
--------------------------------------------------------------------------
Group                  Internal  Switching    Leakage      Total
                          Power      Power      Power      Power (Watts)
----------------------------------------------------------------
Sequential             1.73e-02   1.93e-04   1.91e-06   1.75e-02  91.9%
Combinational          7.02e-04   8.45e-04   4.30e-06   1.55e-03   8.1%
Clock                  0.00e+00   0.00e+00   0.00e+00   0.00e+00   0.0%
Macro                  0.00e+00   0.00e+00   0.00e+00   0.00e+00   0.0%
Pad                    0.00e+00   0.00e+00   0.00e+00   0.00e+00   0.0%
----------------------------------------------------------------
Total                  1.80e-02   1.04e-03   6.22e-06   1.90e-02 100.0%
                          94.5%       5.4%       0.0%

==========================================================================
floorplan final report_design_area
--------------------------------------------------------------------------
Design area 300 u^2 1% utilization.

