OpenROAD v2.0-22532-gac667f3cc7 
Features included (+) or not (-): +GPU +GUI +Python
This program is licensed under the BSD-3 license. See the LICENSE file for details.
Components of this program may be licensed under more restrictive licenses which must be honored.
[INFO ODB-0227] LEF file: /project/cad-team/LX_Semicon/kmcho/EoR/pdk/Nangate45/Nangate45_tech.lef, created 22 layers, 27 vias
[INFO ODB-0227] LEF file: /project/cad-team/LX_Semicon/kmcho/EoR/pdk/Nangate45/Nangate45_stdcell.lef, created 135 library cells
[INFO IFP-0001] Added 654 rows of 4822 site FreePDK45_38x28_10R_NP_162NW_34O.
Default units for flow
 time 1ns
 capacitance 1fF
 resistance 1kohm
 voltage 1v
 current 1mA
 power 1nW
 distance 1um

==========================================================================
floorplan final check_setup
--------------------------------------------------------------------------
Warning: There are 513 input ports missing set_input_delay.
Warning: There are 512 output ports missing set_output_delay.
Warning: There are 512 unconstrained endpoints.

==========================================================================
floorplan final report_tns
--------------------------------------------------------------------------
tns max -114.63

==========================================================================
floorplan final report_wns
--------------------------------------------------------------------------
wns max -0.22

==========================================================================
floorplan final report_worst_slack
--------------------------------------------------------------------------
worst slack max -0.22

==========================================================================
floorplan final report_checks -path_delay min
--------------------------------------------------------------------------
[WARNING STA-0168] unknown field nets.
Startpoint: _2671_ (rising edge-triggered flip-flop clocked by clk)
Endpoint: _2670_ (rising edge-triggered flip-flop clocked by clk)
Path Group: clk
Path Type: min

Fanout     Cap    Slew   Delay    Time   Description
-----------------------------------------------------------------------------
                  0.00    0.00    0.00   clock clk (rise edge)
                          0.00    0.00   clock network delay (ideal)
                  0.00    0.00    0.00 ^ _2671_/CK (DFF_X1)
     3    3.18    0.01    0.09    0.09 ^ _2671_/Q (DFF_X1)
                  0.01    0.00    0.09 ^ _1818_/A (MUX2_X1)
     1    1.14    0.01    0.03    0.12 ^ _1818_/Z (MUX2_X1)
                  0.01    0.00    0.12 ^ _2670_/D (DFF_X1)
                                  0.12   data arrival time

                  0.00    0.00    0.00   clock clk (rise edge)
                          0.00    0.00   clock network delay (ideal)
                          0.00    0.00   clock reconvergence pessimism
                                  0.00 ^ _2670_/CK (DFF_X1)
                          0.01    0.01   library hold time
                                  0.01   data required time
-----------------------------------------------------------------------------
                                  0.01   data required time
                                 -0.12   data arrival time
-----------------------------------------------------------------------------
                                  0.12   slack (MET)



==========================================================================
floorplan final report_checks -path_delay max
--------------------------------------------------------------------------
[WARNING STA-0168] unknown field nets.
Startpoint: _3072_ (rising edge-triggered flip-flop clocked by clk)
Endpoint: _3071_ (rising edge-triggered flip-flop clocked by clk)
Path Group: clk
Path Type: max

Fanout     Cap    Slew   Delay    Time   Description
-----------------------------------------------------------------------------
                  0.00    0.00    0.00   clock clk (rise edge)
                          0.00    0.00   clock network delay (ideal)
                  0.00    0.00    0.00 ^ _3072_/CK (DFF_X1)
     3    4.82    0.01    0.08    0.08 v _3072_/Q (DFF_X1)
                  0.01    0.00    0.08 v _2662_/B (XOR2_X1)
     1    0.91    0.01    0.05    0.14 v _2662_/Z (XOR2_X1)
                  0.01    0.00    0.14 v _2663_/A (MUX2_X1)
     1    1.06    0.01    0.06    0.19 v _2663_/Z (MUX2_X1)
                  0.01    0.00    0.19 v _3071_/D (DFF_X1)
                                  0.19   data arrival time

                  0.00    0.01    0.01   clock clk (rise edge)
                          0.00    0.01   clock network delay (ideal)
                          0.00    0.01   clock reconvergence pessimism
                                  0.01 ^ _3071_/CK (DFF_X1)
                         -0.04   -0.03   library setup time
                                 -0.03   data required time
-----------------------------------------------------------------------------
                                 -0.03   data required time
                                 -0.19   data arrival time
-----------------------------------------------------------------------------
                                 -0.22   slack (VIOLATED)



==========================================================================
floorplan final report_checks -unconstrained
--------------------------------------------------------------------------
[WARNING STA-0168] unknown field nets.
Startpoint: _3072_ (rising edge-triggered flip-flop clocked by clk)
Endpoint: _3071_ (rising edge-triggered flip-flop clocked by clk)
Path Group: clk
Path Type: max

Fanout     Cap    Slew   Delay    Time   Description
-----------------------------------------------------------------------------
                  0.00    0.00    0.00   clock clk (rise edge)
                          0.00    0.00   clock network delay (ideal)
                  0.00    0.00    0.00 ^ _3072_/CK (DFF_X1)
     3    4.82    0.01    0.08    0.08 v _3072_/Q (DFF_X1)
                  0.01    0.00    0.08 v _2662_/B (XOR2_X1)
     1    0.91    0.01    0.05    0.14 v _2662_/Z (XOR2_X1)
                  0.01    0.00    0.14 v _2663_/A (MUX2_X1)
     1    1.06    0.01    0.06    0.19 v _2663_/Z (MUX2_X1)
                  0.01    0.00    0.19 v _3071_/D (DFF_X1)
                                  0.19   data arrival time

                  0.00    0.01    0.01   clock clk (rise edge)
                          0.00    0.01   clock network delay (ideal)
                          0.00    0.01   clock reconvergence pessimism
                                  0.01 ^ _3071_/CK (DFF_X1)
                         -0.04   -0.03   library setup time
                                 -0.03   data required time
-----------------------------------------------------------------------------
                                 -0.03   data required time
                                 -0.19   data arrival time
-----------------------------------------------------------------------------
                                 -0.22   slack (VIOLATED)



==========================================================================
floorplan final report_power
--------------------------------------------------------------------------
Group                  Internal  Switching    Leakage      Total
                          Power      Power      Power      Power (Watts)
----------------------------------------------------------------
Sequential             4.55e-01   8.00e-02   4.05e-05   5.35e-01  65.3%
Combinational          2.31e-01   5.42e-02   4.23e-05   2.85e-01  34.7%
Clock                  0.00e+00   0.00e+00   0.00e+00   0.00e+00   0.0%
Macro                  0.00e+00   0.00e+00   0.00e+00   0.00e+00   0.0%
Pad                    0.00e+00   0.00e+00   0.00e+00   0.00e+00   0.0%
----------------------------------------------------------------
Total                  6.86e-01   1.34e-01   8.28e-05   8.20e-01 100.0%
                          83.6%      16.4%       0.0%

==========================================================================
floorplan final report_design_area
--------------------------------------------------------------------------
Design area 4198 u^2 1% utilization.

