OpenROAD v2.0-22532-gac667f3cc7 
Features included (+) or not (-): +GPU +GUI +Python
This program is licensed under the BSD-3 license. See the LICENSE file for details.
Components of this program may be licensed under more restrictive licenses which must be honored.
[INFO ODB-0227] LEF file: /project/cad-team/LX_Semicon/kmcho/EoR/pdk/Nangate45/Nangate45_tech.lef, created 22 layers, 27 vias
[INFO ODB-0227] LEF file: /project/cad-team/LX_Semicon/kmcho/EoR/pdk/Nangate45/Nangate45_stdcell.lef, created 135 library cells
[INFO IFP-0001] Added 305 rows of 2251 site FreePDK45_38x28_10R_NP_162NW_34O.
Default units for flow
 time 1ns
 capacitance 1fF
 resistance 1kohm
 voltage 1v
 current 1mA
 power 1nW
 distance 1um

==========================================================================
floorplan final check_setup
--------------------------------------------------------------------------
Warning: There are 68 input ports missing set_input_delay.
Warning: There are 64 output ports missing set_output_delay.
Warning: There are 64 unconstrained endpoints.

==========================================================================
floorplan final report_tns
--------------------------------------------------------------------------
tns max -16.92

==========================================================================
floorplan final report_wns
--------------------------------------------------------------------------
wns max -0.36

==========================================================================
floorplan final report_worst_slack
--------------------------------------------------------------------------
worst slack max -0.36

==========================================================================
floorplan final report_checks -path_delay min
--------------------------------------------------------------------------
[WARNING STA-0168] unknown field nets.
Startpoint: _1238_ (rising edge-triggered flip-flop clocked by clk)
Endpoint: _1238_ (rising edge-triggered flip-flop clocked by clk)
Path Group: clk
Path Type: min

Fanout     Cap    Slew   Delay    Time   Description
-----------------------------------------------------------------------------
                  0.00    0.00    0.00   clock clk (rise edge)
                          0.00    0.00   clock network delay (ideal)
                  0.00    0.00    0.00 ^ _1238_/CK (DFF_X1)
     5    4.82    0.01    0.08    0.08 v _1238_/Q (DFF_X1)
                  0.01    0.00    0.08 v _1121_/B1 (OAI21_X1)
     1    1.57    0.01    0.03    0.11 ^ _1121_/ZN (OAI21_X1)
                  0.01    0.00    0.11 ^ _1122_/B2 (OAI21_X1)
     1    1.06    0.01    0.01    0.13 v _1122_/ZN (OAI21_X1)
                  0.01    0.00    0.13 v _1238_/D (DFF_X1)
                                  0.13   data arrival time

                  0.00    0.00    0.00   clock clk (rise edge)
                          0.00    0.00   clock network delay (ideal)
                          0.00    0.00   clock reconvergence pessimism
                                  0.00 ^ _1238_/CK (DFF_X1)
                          0.00    0.00   library hold time
                                  0.00   data required time
-----------------------------------------------------------------------------
                                  0.00   data required time
                                 -0.13   data arrival time
-----------------------------------------------------------------------------
                                  0.12   slack (MET)



==========================================================================
floorplan final report_checks -path_delay max
--------------------------------------------------------------------------
[WARNING STA-0168] unknown field nets.
Startpoint: _1231_ (rising edge-triggered flip-flop clocked by clk)
Endpoint: _1239_ (rising edge-triggered flip-flop clocked by clk)
Path Group: clk
Path Type: max

Fanout     Cap    Slew   Delay    Time   Description
-----------------------------------------------------------------------------
                  0.00    0.00    0.00   clock clk (rise edge)
                          0.00    0.00   clock network delay (ideal)
                  0.00    0.00    0.00 ^ _1231_/CK (DFF_X1)
     2    0.88    0.01    0.08    0.08 v _1231_/Q (DFF_X1)
                  0.01    0.00    0.08 v _0988_/A (BUF_X1)
     5    6.23    0.01    0.03    0.11 v _0988_/Z (BUF_X1)
                  0.01    0.00    0.11 v _1124_/A (MUX2_X1)
     1    1.48    0.01    0.06    0.17 v _1124_/Z (MUX2_X1)
                  0.01    0.00    0.17 v _1125_/B (MUX2_X2)
     1    1.48    0.01    0.05    0.22 v _1125_/Z (MUX2_X2)
                  0.01    0.00    0.22 v _1126_/B (MUX2_X2)
     1    1.56    0.01    0.05    0.27 v _1126_/Z (MUX2_X2)
                  0.01    0.00    0.27 v _1128_/A (MUX2_X2)
     1    1.06    0.01    0.05    0.33 v _1128_/Z (MUX2_X2)
                  0.01    0.00    0.33 v _1239_/D (DFF_X1)
                                  0.33   data arrival time

                  0.00    0.01    0.01   clock clk (rise edge)
                          0.00    0.01   clock network delay (ideal)
                          0.00    0.01   clock reconvergence pessimism
                                  0.01 ^ _1239_/CK (DFF_X1)
                         -0.04   -0.03   library setup time
                                 -0.03   data required time
-----------------------------------------------------------------------------
                                 -0.03   data required time
                                 -0.33   data arrival time
-----------------------------------------------------------------------------
                                 -0.36   slack (VIOLATED)



==========================================================================
floorplan final report_checks -unconstrained
--------------------------------------------------------------------------
[WARNING STA-0168] unknown field nets.
Startpoint: _1231_ (rising edge-triggered flip-flop clocked by clk)
Endpoint: _1239_ (rising edge-triggered flip-flop clocked by clk)
Path Group: clk
Path Type: max

Fanout     Cap    Slew   Delay    Time   Description
-----------------------------------------------------------------------------
                  0.00    0.00    0.00   clock clk (rise edge)
                          0.00    0.00   clock network delay (ideal)
                  0.00    0.00    0.00 ^ _1231_/CK (DFF_X1)
     2    0.88    0.01    0.08    0.08 v _1231_/Q (DFF_X1)
                  0.01    0.00    0.08 v _0988_/A (BUF_X1)
     5    6.23    0.01    0.03    0.11 v _0988_/Z (BUF_X1)
                  0.01    0.00    0.11 v _1124_/A (MUX2_X1)
     1    1.48    0.01    0.06    0.17 v _1124_/Z (MUX2_X1)
                  0.01    0.00    0.17 v _1125_/B (MUX2_X2)
     1    1.48    0.01    0.05    0.22 v _1125_/Z (MUX2_X2)
                  0.01    0.00    0.22 v _1126_/B (MUX2_X2)
     1    1.56    0.01    0.05    0.27 v _1126_/Z (MUX2_X2)
                  0.01    0.00    0.27 v _1128_/A (MUX2_X2)
     1    1.06    0.01    0.05    0.33 v _1128_/Z (MUX2_X2)
                  0.01    0.00    0.33 v _1239_/D (DFF_X1)
                                  0.33   data arrival time

                  0.00    0.01    0.01   clock clk (rise edge)
                          0.00    0.01   clock network delay (ideal)
                          0.00    0.01   clock reconvergence pessimism
                                  0.01 ^ _1239_/CK (DFF_X1)
                         -0.04   -0.03   library setup time
                                 -0.03   data required time
-----------------------------------------------------------------------------
                                 -0.03   data required time
                                 -0.33   data arrival time
-----------------------------------------------------------------------------
                                 -0.36   slack (VIOLATED)



==========================================================================
floorplan final report_power
--------------------------------------------------------------------------
Group                  Internal  Switching    Leakage      Total
                          Power      Power      Power      Power (Watts)
----------------------------------------------------------------
Sequential             3.59e-02   2.10e-03   5.07e-06   3.80e-02  48.2%
Combinational          2.35e-02   1.75e-02   1.53e-05   4.09e-02  51.8%
Clock                  0.00e+00   0.00e+00   0.00e+00   0.00e+00   0.0%
Macro                  0.00e+00   0.00e+00   0.00e+00   0.00e+00   0.0%
Pad                    0.00e+00   0.00e+00   0.00e+00   0.00e+00   0.0%
----------------------------------------------------------------
Total                  5.94e-02   1.96e-02   2.04e-05   7.90e-02 100.0%
                          75.2%      24.8%       0.0%

==========================================================================
floorplan final report_design_area
--------------------------------------------------------------------------
Design area 915 u^2 1% utilization.

