OpenROAD v2.0-22532-gac667f3cc7 
Features included (+) or not (-): +GPU +GUI +Python
This program is licensed under the BSD-3 license. See the LICENSE file for details.
Components of this program may be licensed under more restrictive licenses which must be honored.
[INFO ODB-0227] LEF file: /project/cad-team/LX_Semicon/kmcho/EoR/pdk/Nangate45/Nangate45_tech.lef, created 22 layers, 27 vias
[INFO ODB-0227] LEF file: /project/cad-team/LX_Semicon/kmcho/EoR/pdk/Nangate45/Nangate45_stdcell.lef, created 135 library cells
[INFO IFP-0001] Added 103 rows of 760 site FreePDK45_38x28_10R_NP_162NW_34O.
Default units for flow
 time 1ns
 capacitance 1fF
 resistance 1kohm
 voltage 1v
 current 1mA
 power 1nW
 distance 1um

==========================================================================
floorplan final check_setup
--------------------------------------------------------------------------
Warning: There are 11 input ports missing set_input_delay.
Warning: There is 1 output port missing set_output_delay.
Warning: There is 1 unconstrained endpoint.

==========================================================================
floorplan final report_tns
--------------------------------------------------------------------------
tns max -3.19

==========================================================================
floorplan final report_wns
--------------------------------------------------------------------------
wns max -0.34

==========================================================================
floorplan final report_worst_slack
--------------------------------------------------------------------------
worst slack max -0.34

==========================================================================
floorplan final report_checks -path_delay min
--------------------------------------------------------------------------
[WARNING STA-0168] unknown field nets.
Startpoint: _104_ (rising edge-triggered flip-flop clocked by clk)
Endpoint: _104_ (rising edge-triggered flip-flop clocked by clk)
Path Group: clk
Path Type: min

Fanout     Cap    Slew   Delay    Time   Description
-----------------------------------------------------------------------------
                  0.00    0.00    0.00   clock clk (rise edge)
                          0.00    0.00   clock network delay (ideal)
                  0.00    0.00    0.00 ^ _104_/CK (DFF_X1)
     1    3.19    0.01    0.07    0.07 ^ _104_/QN (DFF_X1)
                  0.01    0.00    0.07 ^ _096_/A (HA_X1)
     1    1.56    0.01    0.01    0.08 v _096_/S (HA_X1)
                  0.01    0.00    0.08 v _084_/B2 (OAI21_X1)
     1    1.14    0.01    0.03    0.11 ^ _084_/ZN (OAI21_X1)
                  0.01    0.00    0.11 ^ _104_/D (DFF_X1)
                                  0.11   data arrival time

                  0.00    0.00    0.00   clock clk (rise edge)
                          0.00    0.00   clock network delay (ideal)
                          0.00    0.00   clock reconvergence pessimism
                                  0.00 ^ _104_/CK (DFF_X1)
                          0.01    0.01   library hold time
                                  0.01   data required time
-----------------------------------------------------------------------------
                                  0.01   data required time
                                 -0.11   data arrival time
-----------------------------------------------------------------------------
                                  0.10   slack (MET)



==========================================================================
floorplan final report_checks -path_delay max
--------------------------------------------------------------------------
[WARNING STA-0168] unknown field nets.
Startpoint: _105_ (rising edge-triggered flip-flop clocked by clk)
Endpoint: _098_ (rising edge-triggered flip-flop clocked by clk)
Path Group: clk
Path Type: max

Fanout     Cap    Slew   Delay    Time   Description
-----------------------------------------------------------------------------
                  0.00    0.00    0.00   clock clk (rise edge)
                          0.00    0.00   clock network delay (ideal)
                  0.00    0.00    0.00 ^ _105_/CK (DFF_X1)
     2    7.93    0.01    0.09    0.09 v _105_/Q (DFF_X1)
                  0.01    0.00    0.09 v _057_/A4 (NOR4_X4)
     2    4.45    0.04    0.08    0.17 ^ _057_/ZN (NOR4_X4)
                  0.04    0.00    0.17 ^ _059_/A3 (NAND4_X2)
     4    6.66    0.02    0.04    0.21 v _059_/ZN (NAND4_X2)
                  0.02    0.00    0.21 v _065_/S (MUX2_X1)
     1    1.48    0.01    0.05    0.26 v _065_/Z (MUX2_X1)
                  0.01    0.00    0.26 v _068_/B (MUX2_X2)
     1    1.06    0.01    0.05    0.31 v _068_/Z (MUX2_X2)
                  0.01    0.00    0.31 v _098_/D (DFF_X1)
                                  0.31   data arrival time

                  0.00    0.01    0.01   clock clk (rise edge)
                          0.00    0.01   clock network delay (ideal)
                          0.00    0.01   clock reconvergence pessimism
                                  0.01 ^ _098_/CK (DFF_X1)
                         -0.04   -0.03   library setup time
                                 -0.03   data required time
-----------------------------------------------------------------------------
                                 -0.03   data required time
                                 -0.31   data arrival time
-----------------------------------------------------------------------------
                                 -0.34   slack (VIOLATED)



==========================================================================
floorplan final report_checks -unconstrained
--------------------------------------------------------------------------
[WARNING STA-0168] unknown field nets.
Startpoint: _105_ (rising edge-triggered flip-flop clocked by clk)
Endpoint: _098_ (rising edge-triggered flip-flop clocked by clk)
Path Group: clk
Path Type: max

Fanout     Cap    Slew   Delay    Time   Description
-----------------------------------------------------------------------------
                  0.00    0.00    0.00   clock clk (rise edge)
                          0.00    0.00   clock network delay (ideal)
                  0.00    0.00    0.00 ^ _105_/CK (DFF_X1)
     2    7.93    0.01    0.09    0.09 v _105_/Q (DFF_X1)
                  0.01    0.00    0.09 v _057_/A4 (NOR4_X4)
     2    4.45    0.04    0.08    0.17 ^ _057_/ZN (NOR4_X4)
                  0.04    0.00    0.17 ^ _059_/A3 (NAND4_X2)
     4    6.66    0.02    0.04    0.21 v _059_/ZN (NAND4_X2)
                  0.02    0.00    0.21 v _065_/S (MUX2_X1)
     1    1.48    0.01    0.05    0.26 v _065_/Z (MUX2_X1)
                  0.01    0.00    0.26 v _068_/B (MUX2_X2)
     1    1.06    0.01    0.05    0.31 v _068_/Z (MUX2_X2)
                  0.01    0.00    0.31 v _098_/D (DFF_X1)
                                  0.31   data arrival time

                  0.00    0.01    0.01   clock clk (rise edge)
                          0.00    0.01   clock network delay (ideal)
                          0.00    0.01   clock reconvergence pessimism
                                  0.01 ^ _098_/CK (DFF_X1)
                         -0.04   -0.03   library setup time
                                 -0.03   data required time
-----------------------------------------------------------------------------
                                 -0.03   data required time
                                 -0.31   data arrival time
-----------------------------------------------------------------------------
                                 -0.34   slack (VIOLATED)



==========================================================================
floorplan final report_power
--------------------------------------------------------------------------
Group                  Internal  Switching    Leakage      Total
                          Power      Power      Power      Power (Watts)
----------------------------------------------------------------
Sequential             6.34e-03   1.10e-03   7.92e-07   7.44e-03  61.3%
Combinational          3.11e-03   1.57e-03   1.37e-06   4.69e-03  38.7%
Clock                  0.00e+00   0.00e+00   0.00e+00   0.00e+00   0.0%
Macro                  0.00e+00   0.00e+00   0.00e+00   0.00e+00   0.0%
Pad                    0.00e+00   0.00e+00   0.00e+00   0.00e+00   0.0%
----------------------------------------------------------------
Total                  9.45e-03   2.67e-03   2.17e-06   1.21e-02 100.0%
                          78.0%      22.0%       0.0%

==========================================================================
floorplan final report_design_area
--------------------------------------------------------------------------
Design area 104 u^2 1% utilization.

