OpenROAD v2.0-22532-gac667f3cc7 
Features included (+) or not (-): +GPU +GUI +Python
This program is licensed under the BSD-3 license. See the LICENSE file for details.
Components of this program may be licensed under more restrictive licenses which must be honored.
[INFO ODB-0227] LEF file: /project/cad-team/LX_Semicon/kmcho/EoR/pdk/Nangate45/Nangate45_tech.lef, created 22 layers, 27 vias
[INFO ODB-0227] LEF file: /project/cad-team/LX_Semicon/kmcho/EoR/pdk/Nangate45/Nangate45_stdcell.lef, created 135 library cells
[INFO IFP-0001] Added 62 rows of 459 site FreePDK45_38x28_10R_NP_162NW_34O.
Default units for flow
 time 1ns
 capacitance 1fF
 resistance 1kohm
 voltage 1v
 current 1mA
 power 1nW
 distance 1um

==========================================================================
floorplan final check_setup
--------------------------------------------------------------------------
Warning: There are 2 input ports missing set_input_delay.
Warning: There is 1 output port missing set_output_delay.
Warning: There is 1 unconstrained endpoint.

==========================================================================
floorplan final report_tns
--------------------------------------------------------------------------
tns max -0.89

==========================================================================
floorplan final report_wns
--------------------------------------------------------------------------
wns max -0.23

==========================================================================
floorplan final report_worst_slack
--------------------------------------------------------------------------
worst slack max -0.23

==========================================================================
floorplan final report_checks -path_delay min
--------------------------------------------------------------------------
[WARNING STA-0168] unknown field nets.
Startpoint: _36_ (rising edge-triggered flip-flop clocked by clk)
Endpoint: _34_ (rising edge-triggered flip-flop clocked by clk)
Path Group: clk
Path Type: min

Fanout     Cap    Slew   Delay    Time   Description
-----------------------------------------------------------------------------
                  0.00    0.00    0.00   clock clk (rise edge)
                          0.00    0.00   clock network delay (ideal)
                  0.00    0.00    0.00 ^ _36_/CK (DFFR_X1)
     3    3.92    0.01    0.07    0.07 v _36_/QN (DFFR_X1)
                  0.01    0.00    0.07 v _22_/A3 (NAND3_X1)
     1    1.63    0.01    0.02    0.09 ^ _22_/ZN (NAND3_X1)
                  0.01    0.00    0.09 ^ _27_/A (OAI221_X1)
     1    1.05    0.01    0.02    0.11 v _27_/ZN (OAI221_X1)
                  0.01    0.00    0.11 v _34_/D (DFFR_X1)
                                  0.11   data arrival time

                  0.00    0.00    0.00   clock clk (rise edge)
                          0.00    0.00   clock network delay (ideal)
                          0.00    0.00   clock reconvergence pessimism
                                  0.00 ^ _34_/CK (DFFR_X1)
                          0.00    0.00   library hold time
                                  0.00   data required time
-----------------------------------------------------------------------------
                                  0.00   data required time
                                 -0.11   data arrival time
-----------------------------------------------------------------------------
                                  0.11   slack (MET)



==========================================================================
floorplan final report_checks -path_delay max
--------------------------------------------------------------------------
[WARNING STA-0168] unknown field nets.
Startpoint: _35_ (rising edge-triggered flip-flop clocked by clk)
Endpoint: _35_ (rising edge-triggered flip-flop clocked by clk)
Path Group: clk
Path Type: max

Fanout     Cap    Slew   Delay    Time   Description
-----------------------------------------------------------------------------
                  0.00    0.00    0.00   clock clk (rise edge)
                          0.00    0.00   clock network delay (ideal)
                  0.00    0.00    0.00 ^ _35_/CK (DFFR_X1)
     3    6.79    0.02    0.11    0.11 ^ _35_/Q (DFFR_X1)
                  0.02    0.00    0.11 ^ _28_/S (MUX2_X1)
     1    1.50    0.01    0.06    0.17 v _28_/Z (MUX2_X1)
                  0.01    0.00    0.17 v _29_/A2 (NAND2_X1)
     1    1.68    0.01    0.02    0.19 ^ _29_/ZN (NAND2_X1)
                  0.01    0.00    0.19 ^ _30_/B2 (AOI21_X1)
     1    1.05    0.01    0.01    0.20 v _30_/ZN (AOI21_X1)
                  0.01    0.00    0.20 v _35_/D (DFFR_X1)
                                  0.20   data arrival time

                  0.00    0.01    0.01   clock clk (rise edge)
                          0.00    0.01   clock network delay (ideal)
                          0.00    0.01   clock reconvergence pessimism
                                  0.01 ^ _35_/CK (DFFR_X1)
                         -0.04   -0.03   library setup time
                                 -0.03   data required time
-----------------------------------------------------------------------------
                                 -0.03   data required time
                                 -0.20   data arrival time
-----------------------------------------------------------------------------
                                 -0.23   slack (VIOLATED)



==========================================================================
floorplan final report_checks -unconstrained
--------------------------------------------------------------------------
[WARNING STA-0168] unknown field nets.
Startpoint: _35_ (rising edge-triggered flip-flop clocked by clk)
Endpoint: _35_ (rising edge-triggered flip-flop clocked by clk)
Path Group: clk
Path Type: max

Fanout     Cap    Slew   Delay    Time   Description
-----------------------------------------------------------------------------
                  0.00    0.00    0.00   clock clk (rise edge)
                          0.00    0.00   clock network delay (ideal)
                  0.00    0.00    0.00 ^ _35_/CK (DFFR_X1)
     3    6.79    0.02    0.11    0.11 ^ _35_/Q (DFFR_X1)
                  0.02    0.00    0.11 ^ _28_/S (MUX2_X1)
     1    1.50    0.01    0.06    0.17 v _28_/Z (MUX2_X1)
                  0.01    0.00    0.17 v _29_/A2 (NAND2_X1)
     1    1.68    0.01    0.02    0.19 ^ _29_/ZN (NAND2_X1)
                  0.01    0.00    0.19 ^ _30_/B2 (AOI21_X1)
     1    1.05    0.01    0.01    0.20 v _30_/ZN (AOI21_X1)
                  0.01    0.00    0.20 v _35_/D (DFFR_X1)
                                  0.20   data arrival time

                  0.00    0.01    0.01   clock clk (rise edge)
                          0.00    0.01   clock network delay (ideal)
                          0.00    0.01   clock reconvergence pessimism
                                  0.01 ^ _35_/CK (DFFR_X1)
                         -0.04   -0.03   library setup time
                                 -0.03   data required time
-----------------------------------------------------------------------------
                                 -0.03   data required time
                                 -0.20   data arrival time
-----------------------------------------------------------------------------
                                 -0.23   slack (VIOLATED)



==========================================================================
floorplan final report_power
--------------------------------------------------------------------------
Group                  Internal  Switching    Leakage      Total
                          Power      Power      Power      Power (Watts)
----------------------------------------------------------------
Sequential             4.18e-03   4.95e-04   3.30e-07   4.68e-03  63.7%
Combinational          1.43e-03   1.23e-03   4.66e-07   2.66e-03  36.3%
Clock                  0.00e+00   0.00e+00   0.00e+00   0.00e+00   0.0%
Macro                  0.00e+00   0.00e+00   0.00e+00   0.00e+00   0.0%
Pad                    0.00e+00   0.00e+00   0.00e+00   0.00e+00   0.0%
----------------------------------------------------------------
Total                  5.61e-03   1.73e-03   7.97e-07   7.34e-03 100.0%
                          76.4%      23.6%       0.0%

==========================================================================
floorplan final report_design_area
--------------------------------------------------------------------------
Design area 38 u^2 1% utilization.

