OpenROAD v2.0-22532-gac667f3cc7 
Features included (+) or not (-): +GPU +GUI +Python
This program is licensed under the BSD-3 license. See the LICENSE file for details.
Components of this program may be licensed under more restrictive licenses which must be honored.
[INFO ODB-0227] LEF file: /project/cad-team/LX_Semicon/kmcho/EoR/pdk/Nangate45/Nangate45_tech.lef, created 22 layers, 27 vias
[INFO ODB-0227] LEF file: /project/cad-team/LX_Semicon/kmcho/EoR/pdk/Nangate45/Nangate45_stdcell.lef, created 135 library cells
[INFO IFP-0001] Added 592 rows of 4365 site FreePDK45_38x28_10R_NP_162NW_34O.
Default units for flow
 time 1ns
 capacitance 1fF
 resistance 1kohm
 voltage 1v
 current 1mA
 power 1nW
 distance 1um

==========================================================================
floorplan final check_setup
--------------------------------------------------------------------------
Warning: There are 65 input ports missing set_input_delay.
Warning: There are 32 output ports missing set_output_delay.
Warning: There are 32 unconstrained endpoints.

==========================================================================
floorplan final report_tns
--------------------------------------------------------------------------
tns max -32.18

==========================================================================
floorplan final report_wns
--------------------------------------------------------------------------
wns max -1.56

==========================================================================
floorplan final report_worst_slack
--------------------------------------------------------------------------
worst slack max -1.56

==========================================================================
floorplan final report_checks -path_delay min
--------------------------------------------------------------------------
[WARNING STA-0168] unknown field nets.
Startpoint: _3974_ (rising edge-triggered flip-flop clocked by clk)
Endpoint: _3974_ (rising edge-triggered flip-flop clocked by clk)
Path Group: clk
Path Type: min

Fanout     Cap    Slew   Delay    Time   Description
-----------------------------------------------------------------------------
                  0.00    0.00    0.00   clock clk (rise edge)
                          0.00    0.00   clock network delay (ideal)
                  0.00    0.00    0.00 ^ _3974_/CK (DFFR_X1)
     2    3.06    0.01    0.09    0.09 v _3974_/Q (DFFR_X1)
                  0.01    0.00    0.09 v _3970_/A (HA_X1)
     1    1.13    0.02    0.02    0.11 ^ _3970_/S (HA_X1)
                  0.02    0.00    0.11 ^ _3974_/D (DFFR_X1)
                                  0.11   data arrival time

                  0.00    0.00    0.00   clock clk (rise edge)
                          0.00    0.00   clock network delay (ideal)
                          0.00    0.00   clock reconvergence pessimism
                                  0.00 ^ _3974_/CK (DFFR_X1)
                          0.01    0.01   library hold time
                                  0.01   data required time
-----------------------------------------------------------------------------
                                  0.01   data required time
                                 -0.11   data arrival time
-----------------------------------------------------------------------------
                                  0.10   slack (MET)



==========================================================================
floorplan final report_checks -path_delay max
--------------------------------------------------------------------------
[WARNING STA-0168] unknown field nets.
Startpoint: _3989_ (rising edge-triggered flip-flop clocked by clk)
Endpoint: _4005_ (rising edge-triggered flip-flop clocked by clk)
Path Group: clk
Path Type: max

Fanout     Cap    Slew   Delay    Time   Description
-----------------------------------------------------------------------------
                  0.00    0.00    0.00   clock clk (rise edge)
                          0.00    0.00   clock network delay (ideal)
                  0.00    0.00    0.00 ^ _3989_/CK (DFFR_X1)
     1    3.61    0.01    0.07    0.07 v _3989_/QN (DFFR_X1)
                  0.01    0.00    0.07 v _3502_/A (FA_X1)
     1    3.75    0.02    0.12    0.19 ^ _3502_/S (FA_X1)
                  0.02    0.00    0.19 ^ _3504_/A (FA_X1)
     1    3.40    0.02    0.09    0.28 v _3504_/S (FA_X1)
                  0.02    0.00    0.28 v _3507_/B (FA_X1)
     1    2.76    0.01    0.12    0.40 ^ _3507_/S (FA_X1)
                  0.01    0.00    0.40 ^ _3512_/CI (FA_X1)
     1    3.61    0.02    0.09    0.50 v _3512_/S (FA_X1)
                  0.02    0.00    0.50 v _3513_/A (FA_X1)
     1    3.61    0.02    0.11    0.60 v _3513_/S (FA_X1)
                  0.02    0.00    0.60 v _3514_/A (FA_X1)
     1    1.70    0.01    0.11    0.72 ^ _3514_/S (FA_X1)
                  0.01    0.00    0.72 ^ _3070_/A (INV_X1)
     1    3.34    0.01    0.01    0.73 v _3070_/ZN (INV_X1)
                  0.01    0.00    0.73 v _3912_/B (HA_X1)
     1    3.06    0.01    0.06    0.79 v _3912_/S (HA_X1)
                  0.01    0.00    0.79 v _3913_/A (HA_X1)
     1    3.06    0.01    0.05    0.84 v _3913_/S (HA_X1)
                  0.01    0.00    0.84 v _3914_/A (HA_X1)
     4    7.55    0.02    0.06    0.90 v _3914_/S (HA_X1)
                  0.02    0.00    0.90 v _2808_/B1 (AOI21_X2)
     1    3.18    0.02    0.03    0.93 ^ _2808_/ZN (AOI21_X2)
                  0.02    0.00    0.93 ^ _2811_/A (OAI21_X2)
     1    5.77    0.01    0.02    0.96 v _2811_/ZN (OAI21_X2)
                  0.01    0.00    0.96 v _2817_/A (AOI21_X4)
     3   10.83    0.03    0.05    1.00 ^ _2817_/ZN (AOI21_X4)
                  0.03    0.00    1.00 ^ _2818_/B2 (OAI21_X4)
     3    7.97    0.01    0.02    1.02 v _2818_/ZN (OAI21_X4)
                  0.01    0.00    1.02 v _2819_/C2 (AOI221_X2)
     3    7.79    0.06    0.07    1.10 ^ _2819_/ZN (AOI221_X2)
                  0.06    0.00    1.10 ^ _2822_/A1 (NOR3_X2)
     2    6.26    0.02    0.02    1.11 v _2822_/ZN (NOR3_X2)
                  0.02    0.00    1.11 v _2895_/B1 (AOI221_X2)
     1    2.76    0.04    0.07    1.18 ^ _2895_/ZN (AOI221_X2)
                  0.04    0.00    1.18 ^ _3855_/CI (FA_X1)
     1    2.57    0.01    0.06    1.24 ^ _3855_/CO (FA_X1)
                  0.01    0.00    1.24 ^ _2920_/B (XNOR2_X1)
     1    2.57    0.02    0.04    1.28 ^ _2920_/ZN (XNOR2_X1)
                  0.02    0.00    1.28 ^ _2921_/B (XNOR2_X1)
     1    2.23    0.02    0.04    1.32 ^ _2921_/ZN (XNOR2_X1)
                  0.02    0.00    1.32 ^ _2925_/A (XNOR2_X1)
     1    4.00    0.03    0.05    1.37 ^ _2925_/ZN (XNOR2_X1)
                  0.03    0.00    1.37 ^ _2932_/A (XNOR2_X2)
     1    4.00    0.02    0.04    1.41 ^ _2932_/ZN (XNOR2_X2)
                  0.02    0.00    1.41 ^ _2944_/A (XNOR2_X2)
     1    4.84    0.02    0.04    1.46 ^ _2944_/ZN (XNOR2_X2)
                  0.02    0.00    1.46 ^ _2945_/B (XNOR2_X2)
     1    4.00    0.02    0.04    1.50 ^ _2945_/ZN (XNOR2_X2)
                  0.02    0.00    1.50 ^ _2991_/A (XNOR2_X2)
     1    1.13    0.01    0.04    1.53 ^ _2991_/ZN (XNOR2_X2)
                  0.01    0.00    1.53 ^ _4005_/D (DFFR_X1)
                                  1.53   data arrival time

                  0.00    0.01    0.01   clock clk (rise edge)
                          0.00    0.01   clock network delay (ideal)
                          0.00    0.01   clock reconvergence pessimism
                                  0.01 ^ _4005_/CK (DFFR_X1)
                         -0.03   -0.02   library setup time
                                 -0.02   data required time
-----------------------------------------------------------------------------
                                 -0.02   data required time
                                 -1.53   data arrival time
-----------------------------------------------------------------------------
                                 -1.56   slack (VIOLATED)



==========================================================================
floorplan final report_checks -unconstrained
--------------------------------------------------------------------------
[WARNING STA-0168] unknown field nets.
Startpoint: _3989_ (rising edge-triggered flip-flop clocked by clk)
Endpoint: _4005_ (rising edge-triggered flip-flop clocked by clk)
Path Group: clk
Path Type: max

Fanout     Cap    Slew   Delay    Time   Description
-----------------------------------------------------------------------------
                  0.00    0.00    0.00   clock clk (rise edge)
                          0.00    0.00   clock network delay (ideal)
                  0.00    0.00    0.00 ^ _3989_/CK (DFFR_X1)
     1    3.61    0.01    0.07    0.07 v _3989_/QN (DFFR_X1)
                  0.01    0.00    0.07 v _3502_/A (FA_X1)
     1    3.75    0.02    0.12    0.19 ^ _3502_/S (FA_X1)
                  0.02    0.00    0.19 ^ _3504_/A (FA_X1)
     1    3.40    0.02    0.09    0.28 v _3504_/S (FA_X1)
                  0.02    0.00    0.28 v _3507_/B (FA_X1)
     1    2.76    0.01    0.12    0.40 ^ _3507_/S (FA_X1)
                  0.01    0.00    0.40 ^ _3512_/CI (FA_X1)
     1    3.61    0.02    0.09    0.50 v _3512_/S (FA_X1)
                  0.02    0.00    0.50 v _3513_/A (FA_X1)
     1    3.61    0.02    0.11    0.60 v _3513_/S (FA_X1)
                  0.02    0.00    0.60 v _3514_/A (FA_X1)
     1    1.70    0.01    0.11    0.72 ^ _3514_/S (FA_X1)
                  0.01    0.00    0.72 ^ _3070_/A (INV_X1)
     1    3.34    0.01    0.01    0.73 v _3070_/ZN (INV_X1)
                  0.01    0.00    0.73 v _3912_/B (HA_X1)
     1    3.06    0.01    0.06    0.79 v _3912_/S (HA_X1)
                  0.01    0.00    0.79 v _3913_/A (HA_X1)
     1    3.06    0.01    0.05    0.84 v _3913_/S (HA_X1)
                  0.01    0.00    0.84 v _3914_/A (HA_X1)
     4    7.55    0.02    0.06    0.90 v _3914_/S (HA_X1)
                  0.02    0.00    0.90 v _2808_/B1 (AOI21_X2)
     1    3.18    0.02    0.03    0.93 ^ _2808_/ZN (AOI21_X2)
                  0.02    0.00    0.93 ^ _2811_/A (OAI21_X2)
     1    5.77    0.01    0.02    0.96 v _2811_/ZN (OAI21_X2)
                  0.01    0.00    0.96 v _2817_/A (AOI21_X4)
     3   10.83    0.03    0.05    1.00 ^ _2817_/ZN (AOI21_X4)
                  0.03    0.00    1.00 ^ _2818_/B2 (OAI21_X4)
     3    7.97    0.01    0.02    1.02 v _2818_/ZN (OAI21_X4)
                  0.01    0.00    1.02 v _2819_/C2 (AOI221_X2)
     3    7.79    0.06    0.07    1.10 ^ _2819_/ZN (AOI221_X2)
                  0.06    0.00    1.10 ^ _2822_/A1 (NOR3_X2)
     2    6.26    0.02    0.02    1.11 v _2822_/ZN (NOR3_X2)
                  0.02    0.00    1.11 v _2895_/B1 (AOI221_X2)
     1    2.76    0.04    0.07    1.18 ^ _2895_/ZN (AOI221_X2)
                  0.04    0.00    1.18 ^ _3855_/CI (FA_X1)
     1    2.57    0.01    0.06    1.24 ^ _3855_/CO (FA_X1)
                  0.01    0.00    1.24 ^ _2920_/B (XNOR2_X1)
     1    2.57    0.02    0.04    1.28 ^ _2920_/ZN (XNOR2_X1)
                  0.02    0.00    1.28 ^ _2921_/B (XNOR2_X1)
     1    2.23    0.02    0.04    1.32 ^ _2921_/ZN (XNOR2_X1)
                  0.02    0.00    1.32 ^ _2925_/A (XNOR2_X1)
     1    4.00    0.03    0.05    1.37 ^ _2925_/ZN (XNOR2_X1)
                  0.03    0.00    1.37 ^ _2932_/A (XNOR2_X2)
     1    4.00    0.02    0.04    1.41 ^ _2932_/ZN (XNOR2_X2)
                  0.02    0.00    1.41 ^ _2944_/A (XNOR2_X2)
     1    4.84    0.02    0.04    1.46 ^ _2944_/ZN (XNOR2_X2)
                  0.02    0.00    1.46 ^ _2945_/B (XNOR2_X2)
     1    4.00    0.02    0.04    1.50 ^ _2945_/ZN (XNOR2_X2)
                  0.02    0.00    1.50 ^ _2991_/A (XNOR2_X2)
     1    1.13    0.01    0.04    1.53 ^ _2991_/ZN (XNOR2_X2)
                  0.01    0.00    1.53 ^ _4005_/D (DFFR_X1)
                                  1.53   data arrival time

                  0.00    0.01    0.01   clock clk (rise edge)
                          0.00    0.01   clock network delay (ideal)
                          0.00    0.01   clock reconvergence pessimism
                                  0.01 ^ _4005_/CK (DFFR_X1)
                         -0.03   -0.02   library setup time
                                 -0.02   data required time
-----------------------------------------------------------------------------
                                 -0.02   data required time
                                 -1.53   data arrival time
-----------------------------------------------------------------------------
                                 -1.56   slack (VIOLATED)



==========================================================================
floorplan final report_power
--------------------------------------------------------------------------
Group                  Internal  Switching    Leakage      Total
                          Power      Power      Power      Power (Watts)
----------------------------------------------------------------
Sequential             3.55e-02   5.17e-03   2.76e-06   4.07e-02   9.1%
Combinational          2.49e-01   1.59e-01   6.70e-05   4.09e-01  90.9%
Clock                  0.00e+00   0.00e+00   0.00e+00   0.00e+00   0.0%
Macro                  0.00e+00   0.00e+00   0.00e+00   0.00e+00   0.0%
Pad                    0.00e+00   0.00e+00   0.00e+00   0.00e+00   0.0%
----------------------------------------------------------------
Total                  2.85e-01   1.65e-01   6.97e-05   4.49e-01 100.0%
                          63.3%      36.6%       0.0%

==========================================================================
floorplan final report_design_area
--------------------------------------------------------------------------
Design area 3439 u^2 1% utilization.

