OpenROAD v2.0-22532-gac667f3cc7 
Features included (+) or not (-): +GPU +GUI +Python
This program is licensed under the BSD-3 license. See the LICENSE file for details.
Components of this program may be licensed under more restrictive licenses which must be honored.
[INFO ODB-0227] LEF file: /project/cad-team/LX_Semicon/kmcho/EoR/pdk/Nangate45/Nangate45_tech.lef, created 22 layers, 27 vias
[INFO ODB-0227] LEF file: /project/cad-team/LX_Semicon/kmcho/EoR/pdk/Nangate45/Nangate45_stdcell.lef, created 135 library cells
[INFO IFP-0001] Added 593 rows of 4372 site FreePDK45_38x28_10R_NP_162NW_34O.
Default units for flow
 time 1ns
 capacitance 1fF
 resistance 1kohm
 voltage 1v
 current 1mA
 power 1nW
 distance 1um

==========================================================================
floorplan final check_setup
--------------------------------------------------------------------------
Warning: There are 65 input ports missing set_input_delay.
Warning: There are 32 output ports missing set_output_delay.
Warning: There are 32 unconstrained endpoints.

==========================================================================
floorplan final report_tns
--------------------------------------------------------------------------
tns max -32.01

==========================================================================
floorplan final report_wns
--------------------------------------------------------------------------
wns max -1.56

==========================================================================
floorplan final report_worst_slack
--------------------------------------------------------------------------
worst slack max -1.56

==========================================================================
floorplan final report_checks -path_delay min
--------------------------------------------------------------------------
[WARNING STA-0168] unknown field nets.
Startpoint: _4000_ (rising edge-triggered flip-flop clocked by clk)
Endpoint: _4000_ (rising edge-triggered flip-flop clocked by clk)
Path Group: clk
Path Type: min

Fanout     Cap    Slew   Delay    Time   Description
-----------------------------------------------------------------------------
                  0.00    0.00    0.00   clock clk (rise edge)
                          0.00    0.00   clock network delay (ideal)
                  0.00    0.00    0.00 ^ _4000_/CK (DFFR_X1)
     2    3.06    0.01    0.09    0.09 v _4000_/Q (DFFR_X1)
                  0.01    0.00    0.09 v _3882_/A (HA_X1)
     1    1.13    0.02    0.02    0.11 ^ _3882_/S (HA_X1)
                  0.02    0.00    0.11 ^ _4000_/D (DFFR_X1)
                                  0.11   data arrival time

                  0.00    0.00    0.00   clock clk (rise edge)
                          0.00    0.00   clock network delay (ideal)
                          0.00    0.00   clock reconvergence pessimism
                                  0.00 ^ _4000_/CK (DFFR_X1)
                          0.01    0.01   library hold time
                                  0.01   data required time
-----------------------------------------------------------------------------
                                  0.01   data required time
                                 -0.11   data arrival time
-----------------------------------------------------------------------------
                                  0.10   slack (MET)



==========================================================================
floorplan final report_checks -path_delay max
--------------------------------------------------------------------------
[WARNING STA-0168] unknown field nets.
Startpoint: _4021_ (rising edge-triggered flip-flop clocked by clk)
Endpoint: _4031_ (rising edge-triggered flip-flop clocked by clk)
Path Group: clk
Path Type: max

Fanout     Cap    Slew   Delay    Time   Description
-----------------------------------------------------------------------------
                  0.00    0.00    0.00   clock clk (rise edge)
                          0.00    0.00   clock network delay (ideal)
                  0.00    0.00    0.00 ^ _4021_/CK (DFFR_X1)
     1    3.61    0.01    0.07    0.07 v _4021_/QN (DFFR_X1)
                  0.01    0.00    0.07 v _3625_/A (FA_X1)
     1    2.76    0.01    0.12    0.19 ^ _3625_/S (FA_X1)
                  0.01    0.00    0.19 ^ _3627_/CI (FA_X1)
     1    2.66    0.02    0.09    0.28 v _3627_/S (FA_X1)
                  0.02    0.00    0.28 v _3630_/CI (FA_X1)
     1    2.76    0.01    0.12    0.39 ^ _3630_/S (FA_X1)
                  0.01    0.00    0.39 ^ _3635_/CI (FA_X1)
     1    2.66    0.02    0.09    0.49 v _3635_/S (FA_X1)
                  0.02    0.00    0.49 v _3642_/CI (FA_X1)
     1    2.76    0.01    0.12    0.60 ^ _3642_/S (FA_X1)
                  0.01    0.00    0.60 ^ _3643_/CI (FA_X1)
     1    2.66    0.02    0.09    0.69 v _3643_/S (FA_X1)
                  0.02    0.00    0.69 v _3644_/CI (FA_X1)
     1    1.70    0.01    0.11    0.81 ^ _3644_/S (FA_X1)
                  0.01    0.00    0.81 ^ _3382_/A (INV_X1)
     1    3.34    0.01    0.01    0.82 v _3382_/ZN (INV_X1)
                  0.01    0.00    0.82 v _3966_/B (HA_X1)
     1    3.34    0.01    0.06    0.87 v _3966_/S (HA_X1)
                  0.01    0.00    0.87 v _3967_/B (HA_X1)
     4    6.27    0.02    0.07    0.94 v _3967_/S (HA_X1)
                  0.02    0.00    0.94 v _2820_/B1 (AOI21_X1)
     2    3.26    0.03    0.04    0.98 ^ _2820_/ZN (AOI21_X1)
                  0.03    0.00    0.98 ^ _2822_/B1 (OAI21_X1)
     1    2.99    0.01    0.02    1.00 v _2822_/ZN (OAI21_X1)
                  0.01    0.00    1.00 v _2841_/B2 (AOI221_X2)
     3    8.77    0.06    0.10    1.10 ^ _2841_/ZN (AOI221_X2)
                  0.06    0.00    1.10 ^ _2844_/A1 (NOR3_X2)
     2    6.26    0.02    0.02    1.11 v _2844_/ZN (NOR3_X2)
                  0.02    0.00    1.11 v _2917_/B1 (AOI221_X2)
     1    2.76    0.04    0.07    1.18 ^ _2917_/ZN (AOI221_X2)
                  0.04    0.00    1.18 ^ _3875_/CI (FA_X1)
     1    2.57    0.01    0.06    1.24 ^ _3875_/CO (FA_X1)
                  0.01    0.00    1.24 ^ _2942_/B (XNOR2_X1)
     1    2.57    0.02    0.04    1.28 ^ _2942_/ZN (XNOR2_X1)
                  0.02    0.00    1.28 ^ _2943_/B (XNOR2_X1)
     1    2.23    0.02    0.04    1.33 ^ _2943_/ZN (XNOR2_X1)
                  0.02    0.00    1.33 ^ _2947_/A (XNOR2_X1)
     1    4.00    0.03    0.05    1.37 ^ _2947_/ZN (XNOR2_X1)
                  0.03    0.00    1.37 ^ _2954_/A (XNOR2_X2)
     1    4.00    0.02    0.04    1.42 ^ _2954_/ZN (XNOR2_X2)
                  0.02    0.00    1.42 ^ _2966_/A (XNOR2_X2)
     1    4.84    0.02    0.04    1.46 ^ _2966_/ZN (XNOR2_X2)
                  0.02    0.00    1.46 ^ _2967_/B (XNOR2_X2)
     1    4.00    0.02    0.04    1.50 ^ _2967_/ZN (XNOR2_X2)
                  0.02    0.00    1.50 ^ _3013_/A (XNOR2_X2)
     1    1.13    0.01    0.04    1.54 ^ _3013_/ZN (XNOR2_X2)
                  0.01    0.00    1.54 ^ _4031_/D (DFFR_X1)
                                  1.54   data arrival time

                  0.00    0.01    0.01   clock clk (rise edge)
                          0.00    0.01   clock network delay (ideal)
                          0.00    0.01   clock reconvergence pessimism
                                  0.01 ^ _4031_/CK (DFFR_X1)
                         -0.03   -0.02   library setup time
                                 -0.02   data required time
-----------------------------------------------------------------------------
                                 -0.02   data required time
                                 -1.54   data arrival time
-----------------------------------------------------------------------------
                                 -1.56   slack (VIOLATED)



==========================================================================
floorplan final report_checks -unconstrained
--------------------------------------------------------------------------
[WARNING STA-0168] unknown field nets.
Startpoint: _4021_ (rising edge-triggered flip-flop clocked by clk)
Endpoint: _4031_ (rising edge-triggered flip-flop clocked by clk)
Path Group: clk
Path Type: max

Fanout     Cap    Slew   Delay    Time   Description
-----------------------------------------------------------------------------
                  0.00    0.00    0.00   clock clk (rise edge)
                          0.00    0.00   clock network delay (ideal)
                  0.00    0.00    0.00 ^ _4021_/CK (DFFR_X1)
     1    3.61    0.01    0.07    0.07 v _4021_/QN (DFFR_X1)
                  0.01    0.00    0.07 v _3625_/A (FA_X1)
     1    2.76    0.01    0.12    0.19 ^ _3625_/S (FA_X1)
                  0.01    0.00    0.19 ^ _3627_/CI (FA_X1)
     1    2.66    0.02    0.09    0.28 v _3627_/S (FA_X1)
                  0.02    0.00    0.28 v _3630_/CI (FA_X1)
     1    2.76    0.01    0.12    0.39 ^ _3630_/S (FA_X1)
                  0.01    0.00    0.39 ^ _3635_/CI (FA_X1)
     1    2.66    0.02    0.09    0.49 v _3635_/S (FA_X1)
                  0.02    0.00    0.49 v _3642_/CI (FA_X1)
     1    2.76    0.01    0.12    0.60 ^ _3642_/S (FA_X1)
                  0.01    0.00    0.60 ^ _3643_/CI (FA_X1)
     1    2.66    0.02    0.09    0.69 v _3643_/S (FA_X1)
                  0.02    0.00    0.69 v _3644_/CI (FA_X1)
     1    1.70    0.01    0.11    0.81 ^ _3644_/S (FA_X1)
                  0.01    0.00    0.81 ^ _3382_/A (INV_X1)
     1    3.34    0.01    0.01    0.82 v _3382_/ZN (INV_X1)
                  0.01    0.00    0.82 v _3966_/B (HA_X1)
     1    3.34    0.01    0.06    0.87 v _3966_/S (HA_X1)
                  0.01    0.00    0.87 v _3967_/B (HA_X1)
     4    6.27    0.02    0.07    0.94 v _3967_/S (HA_X1)
                  0.02    0.00    0.94 v _2820_/B1 (AOI21_X1)
     2    3.26    0.03    0.04    0.98 ^ _2820_/ZN (AOI21_X1)
                  0.03    0.00    0.98 ^ _2822_/B1 (OAI21_X1)
     1    2.99    0.01    0.02    1.00 v _2822_/ZN (OAI21_X1)
                  0.01    0.00    1.00 v _2841_/B2 (AOI221_X2)
     3    8.77    0.06    0.10    1.10 ^ _2841_/ZN (AOI221_X2)
                  0.06    0.00    1.10 ^ _2844_/A1 (NOR3_X2)
     2    6.26    0.02    0.02    1.11 v _2844_/ZN (NOR3_X2)
                  0.02    0.00    1.11 v _2917_/B1 (AOI221_X2)
     1    2.76    0.04    0.07    1.18 ^ _2917_/ZN (AOI221_X2)
                  0.04    0.00    1.18 ^ _3875_/CI (FA_X1)
     1    2.57    0.01    0.06    1.24 ^ _3875_/CO (FA_X1)
                  0.01    0.00    1.24 ^ _2942_/B (XNOR2_X1)
     1    2.57    0.02    0.04    1.28 ^ _2942_/ZN (XNOR2_X1)
                  0.02    0.00    1.28 ^ _2943_/B (XNOR2_X1)
     1    2.23    0.02    0.04    1.33 ^ _2943_/ZN (XNOR2_X1)
                  0.02    0.00    1.33 ^ _2947_/A (XNOR2_X1)
     1    4.00    0.03    0.05    1.37 ^ _2947_/ZN (XNOR2_X1)
                  0.03    0.00    1.37 ^ _2954_/A (XNOR2_X2)
     1    4.00    0.02    0.04    1.42 ^ _2954_/ZN (XNOR2_X2)
                  0.02    0.00    1.42 ^ _2966_/A (XNOR2_X2)
     1    4.84    0.02    0.04    1.46 ^ _2966_/ZN (XNOR2_X2)
                  0.02    0.00    1.46 ^ _2967_/B (XNOR2_X2)
     1    4.00    0.02    0.04    1.50 ^ _2967_/ZN (XNOR2_X2)
                  0.02    0.00    1.50 ^ _3013_/A (XNOR2_X2)
     1    1.13    0.01    0.04    1.54 ^ _3013_/ZN (XNOR2_X2)
                  0.01    0.00    1.54 ^ _4031_/D (DFFR_X1)
                                  1.54   data arrival time

                  0.00    0.01    0.01   clock clk (rise edge)
                          0.00    0.01   clock network delay (ideal)
                          0.00    0.01   clock reconvergence pessimism
                                  0.01 ^ _4031_/CK (DFFR_X1)
                         -0.03   -0.02   library setup time
                                 -0.02   data required time
-----------------------------------------------------------------------------
                                 -0.02   data required time
                                 -1.54   data arrival time
-----------------------------------------------------------------------------
                                 -1.56   slack (VIOLATED)



==========================================================================
floorplan final report_power
--------------------------------------------------------------------------
Group                  Internal  Switching    Leakage      Total
                          Power      Power      Power      Power (Watts)
----------------------------------------------------------------
Sequential             3.54e-02   5.14e-03   2.76e-06   4.06e-02   9.0%
Combinational          2.51e-01   1.59e-01   6.80e-05   4.10e-01  91.0%
Clock                  0.00e+00   0.00e+00   0.00e+00   0.00e+00   0.0%
Macro                  0.00e+00   0.00e+00   0.00e+00   0.00e+00   0.0%
Pad                    0.00e+00   0.00e+00   0.00e+00   0.00e+00   0.0%
----------------------------------------------------------------
Total                  2.86e-01   1.64e-01   7.08e-05   4.51e-01 100.0%
                          63.5%      36.5%       0.0%

==========================================================================
floorplan final report_design_area
--------------------------------------------------------------------------
Design area 3451 u^2 1% utilization.

