OpenROAD v2.0-22532-gac667f3cc7 
Features included (+) or not (-): +GPU +GUI +Python
This program is licensed under the BSD-3 license. See the LICENSE file for details.
Components of this program may be licensed under more restrictive licenses which must be honored.
[INFO ODB-0227] LEF file: /project/cad-team/LX_Semicon/kmcho/EoR/pdk/Nangate45/Nangate45_tech.lef, created 22 layers, 27 vias
[INFO ODB-0227] LEF file: /project/cad-team/LX_Semicon/kmcho/EoR/pdk/Nangate45/Nangate45_stdcell.lef, created 135 library cells
[WARNING STA-0366] port 'f_clk' not found.
[INFO IFP-0001] Added 363 rows of 2678 site FreePDK45_38x28_10R_NP_162NW_34O.
Default units for flow
 time 1ns
 capacitance 1fF
 resistance 1kohm
 voltage 1v
 current 1mA
 power 1nW
 distance 1um

==========================================================================
floorplan final check_setup
--------------------------------------------------------------------------
Warning: There are 255 input ports missing set_input_delay.
Warning: There are 8 output ports missing set_output_delay.
Warning: There are 8 unconstrained endpoints.

==========================================================================
floorplan final report_tns
--------------------------------------------------------------------------
tns max 0.00

==========================================================================
floorplan final report_wns
--------------------------------------------------------------------------
wns max 0.00

==========================================================================
floorplan final report_worst_slack
--------------------------------------------------------------------------
worst slack max INF

==========================================================================
floorplan final report_checks -path_delay min
--------------------------------------------------------------------------
[WARNING STA-0168] unknown field nets.
No paths found.

==========================================================================
floorplan final report_checks -path_delay max
--------------------------------------------------------------------------
[WARNING STA-0168] unknown field nets.
No paths found.

==========================================================================
floorplan final report_checks -unconstrained
--------------------------------------------------------------------------
[WARNING STA-0168] unknown field nets.
Startpoint: in[249] (input port)
Endpoint: out[7] (output port)
Path Group: unconstrained
Path Type: max

Fanout     Cap    Slew   Delay    Time   Description
-----------------------------------------------------------------------------
                          0.00    0.00 ^ input external delay
     1    1.70    0.00    0.00    0.00 ^ in[249] (in)
                  0.00    0.00    0.00 ^ _0906_/A (INV_X1)
     1    3.40    0.00    0.01    0.01 v _0906_/ZN (INV_X1)
                  0.00    0.00    0.01 v _1151_/B (FA_X1)
     1    2.76    0.01    0.12    0.13 ^ _1151_/S (FA_X1)
                  0.01    0.00    0.13 ^ _1152_/CI (FA_X1)
     1    2.66    0.02    0.09    0.22 v _1152_/S (FA_X1)
                  0.02    0.00    0.22 v _1153_/CI (FA_X1)
     1    3.47    0.01    0.12    0.33 ^ _1153_/S (FA_X1)
                  0.01    0.00    0.33 ^ _1155_/B (FA_X1)
     1    1.55    0.01    0.09    0.43 v _1155_/S (FA_X1)
                  0.01    0.00    0.43 v _1075_/A (INV_X1)
     1    2.76    0.01    0.02    0.45 ^ _1075_/ZN (INV_X1)
                  0.01    0.00    0.45 ^ _1158_/CI (FA_X1)
     1    2.66    0.02    0.09    0.54 v _1158_/S (FA_X1)
                  0.02    0.00    0.54 v _1163_/CI (FA_X1)
     1    2.76    0.01    0.12    0.65 ^ _1163_/S (FA_X1)
                  0.01    0.00    0.65 ^ _1171_/CI (FA_X1)
     1    2.66    0.02    0.09    0.74 v _1171_/S (FA_X1)
                  0.02    0.00    0.74 v _1183_/CI (FA_X1)
     1    2.76    0.01    0.12    0.86 ^ _1183_/S (FA_X1)
                  0.01    0.00    0.86 ^ _1201_/CI (FA_X1)
     1    2.66    0.02    0.09    0.95 v _1201_/S (FA_X1)
                  0.02    0.00    0.95 v _1228_/CI (FA_X1)
     1    2.76    0.01    0.12    1.07 ^ _1228_/S (FA_X1)
                  0.01    0.00    1.07 ^ _1269_/CI (FA_X1)
     1    2.66    0.02    0.09    1.16 v _1269_/S (FA_X1)
                  0.02    0.00    1.16 v _1274_/CI (FA_X1)
     1    1.70    0.01    0.11    1.27 ^ _1274_/S (FA_X1)
                  0.01    0.00    1.27 ^ _0990_/A (INV_X1)
     1    2.66    0.01    0.01    1.28 v _0990_/ZN (INV_X1)
                  0.01    0.00    1.28 v _1275_/CI (FA_X1)
     1    1.70    0.01    0.11    1.39 ^ _1275_/S (FA_X1)
                  0.01    0.00    1.39 ^ _1123_/A (INV_X1)
     1    2.66    0.01    0.01    1.40 v _1123_/ZN (INV_X1)
                  0.01    0.00    1.40 v _1276_/CI (FA_X1)
     1    1.55    0.01    0.06    1.46 v _1276_/CO (FA_X1)
                  0.01    0.00    1.46 v _1055_/A (INV_X1)
     1    3.75    0.01    0.02    1.48 ^ _1055_/ZN (INV_X1)
                  0.01    0.00    1.48 ^ _1332_/A (FA_X1)
     2    7.07    0.02    0.06    1.54 ^ _1332_/CO (FA_X1)
                  0.02    0.00    1.54 ^ _0900_/B2 (OAI21_X2)
     1    2.73    0.01    0.02    1.56 v _0900_/ZN (OAI21_X2)
                  0.01    0.00    1.56 v _0901_/B1 (AOI21_X2)
     2    5.32    0.03    0.03    1.59 ^ _0901_/ZN (AOI21_X2)
                  0.03    0.00    1.59 ^ _0905_/B2 (OAI21_X1)
     1    3.61    0.01    0.03    1.62 v _0905_/ZN (OAI21_X1)
                  0.01    0.00    1.62 v _1392_/A (FA_X1)
     1    4.50    0.02    0.08    1.70 v _1392_/CO (FA_X1)
                  0.02    0.00    1.70 v _0851_/B (XOR2_X2)
     1    4.42    0.01    0.06    1.76 v _0851_/Z (XOR2_X2)
                  0.01    0.00    1.76 v _0852_/B (XNOR2_X2)
     1    0.00    0.01    0.03    1.80 v _0852_/ZN (XNOR2_X2)
                  0.01    0.00    1.80 v out[7] (out)
                                  1.80   data arrival time
-----------------------------------------------------------------------------
(Path is unconstrained)



==========================================================================
floorplan final report_power
--------------------------------------------------------------------------
Group                  Internal  Switching    Leakage      Total
                          Power      Power      Power      Power (Watts)
----------------------------------------------------------------
Sequential             0.00e+00   0.00e+00   0.00e+00   0.00e+00   0.0%
Combinational          1.32e-01   8.02e-02   2.49e-05   2.12e-01 100.0%
Clock                  0.00e+00   0.00e+00   0.00e+00   0.00e+00   0.0%
Macro                  0.00e+00   0.00e+00   0.00e+00   0.00e+00   0.0%
Pad                    0.00e+00   0.00e+00   0.00e+00   0.00e+00   0.0%
----------------------------------------------------------------
Total                  1.32e-01   8.02e-02   2.49e-05   2.12e-01 100.0%
                          62.1%      37.8%       0.0%

==========================================================================
floorplan final report_design_area
--------------------------------------------------------------------------
Design area 1295 u^2 1% utilization.

