OpenROAD v2.0-22532-gac667f3cc7 
Features included (+) or not (-): +GPU +GUI +Python
This program is licensed under the BSD-3 license. See the LICENSE file for details.
Components of this program may be licensed under more restrictive licenses which must be honored.
[INFO ODB-0227] LEF file: /project/cad-team/LX_Semicon/kmcho/EoR/pdk/Nangate45/Nangate45_tech.lef, created 22 layers, 27 vias
[INFO ODB-0227] LEF file: /project/cad-team/LX_Semicon/kmcho/EoR/pdk/Nangate45/Nangate45_stdcell.lef, created 135 library cells
[INFO IFP-0001] Added 29 rows of 213 site FreePDK45_38x28_10R_NP_162NW_34O.
Default units for flow
 time 1ns
 capacitance 1fF
 resistance 1kohm
 voltage 1v
 current 1mA
 power 1nW
 distance 1um

==========================================================================
floorplan final check_setup
--------------------------------------------------------------------------
Warning: There are 3 input ports missing set_input_delay.
Warning: There is 1 output port missing set_output_delay.
Warning: There is 1 unconstrained endpoint.

==========================================================================
floorplan final report_tns
--------------------------------------------------------------------------
tns max -0.19

==========================================================================
floorplan final report_wns
--------------------------------------------------------------------------
wns max -0.19

==========================================================================
floorplan final report_worst_slack
--------------------------------------------------------------------------
worst slack max -0.19

==========================================================================
floorplan final report_checks -path_delay min
--------------------------------------------------------------------------
[WARNING STA-0168] unknown field nets.
Startpoint: _7_ (rising edge-triggered flip-flop clocked by clk)
Endpoint: _7_ (rising edge-triggered flip-flop clocked by clk)
Path Group: clk
Path Type: min

Fanout     Cap    Slew   Delay    Time   Description
-----------------------------------------------------------------------------
                  0.00    0.00    0.00   clock clk (rise edge)
                          0.00    0.00   clock network delay (ideal)
                  0.00    0.00    0.00 ^ _7_/CK (DFF_X1)
     2    1.92    0.01    0.09    0.09 ^ _7_/Q (DFF_X1)
                  0.01    0.00    0.09 ^ _5_/S (MUX2_X1)
     1    3.35    0.01    0.04    0.12 ^ _5_/Z (MUX2_X1)
                  0.01    0.00    0.12 ^ _6_/A2 (NOR2_X2)
     1    1.06    0.00    0.01    0.13 v _6_/ZN (NOR2_X2)
                  0.00    0.00    0.13 v _7_/D (DFF_X1)
                                  0.13   data arrival time

                  0.00    0.00    0.00   clock clk (rise edge)
                          0.00    0.00   clock network delay (ideal)
                          0.00    0.00   clock reconvergence pessimism
                                  0.00 ^ _7_/CK (DFF_X1)
                          0.00    0.00   library hold time
                                  0.00   data required time
-----------------------------------------------------------------------------
                                  0.00   data required time
                                 -0.13   data arrival time
-----------------------------------------------------------------------------
                                  0.13   slack (MET)



==========================================================================
floorplan final report_checks -path_delay max
--------------------------------------------------------------------------
[WARNING STA-0168] unknown field nets.
Startpoint: _7_ (rising edge-triggered flip-flop clocked by clk)
Endpoint: _7_ (rising edge-triggered flip-flop clocked by clk)
Path Group: clk
Path Type: max

Fanout     Cap    Slew   Delay    Time   Description
-----------------------------------------------------------------------------
                  0.00    0.00    0.00   clock clk (rise edge)
                          0.00    0.00   clock network delay (ideal)
                  0.00    0.00    0.00 ^ _7_/CK (DFF_X1)
     2    1.92    0.01    0.09    0.09 ^ _7_/Q (DFF_X1)
                  0.01    0.00    0.09 ^ _5_/S (MUX2_X1)
     1    3.18    0.01    0.06    0.15 v _5_/Z (MUX2_X1)
                  0.01    0.00    0.15 v _6_/A2 (NOR2_X2)
     1    1.14    0.01    0.02    0.17 ^ _6_/ZN (NOR2_X2)
                  0.01    0.00    0.17 ^ _7_/D (DFF_X1)
                                  0.17   data arrival time

                  0.00    0.01    0.01   clock clk (rise edge)
                          0.00    0.01   clock network delay (ideal)
                          0.00    0.01   clock reconvergence pessimism
                                  0.01 ^ _7_/CK (DFF_X1)
                         -0.03   -0.02   library setup time
                                 -0.02   data required time
-----------------------------------------------------------------------------
                                 -0.02   data required time
                                 -0.17   data arrival time
-----------------------------------------------------------------------------
                                 -0.19   slack (VIOLATED)



==========================================================================
floorplan final report_checks -unconstrained
--------------------------------------------------------------------------
[WARNING STA-0168] unknown field nets.
Startpoint: _7_ (rising edge-triggered flip-flop clocked by clk)
Endpoint: _7_ (rising edge-triggered flip-flop clocked by clk)
Path Group: clk
Path Type: max

Fanout     Cap    Slew   Delay    Time   Description
-----------------------------------------------------------------------------
                  0.00    0.00    0.00   clock clk (rise edge)
                          0.00    0.00   clock network delay (ideal)
                  0.00    0.00    0.00 ^ _7_/CK (DFF_X1)
     2    1.92    0.01    0.09    0.09 ^ _7_/Q (DFF_X1)
                  0.01    0.00    0.09 ^ _5_/S (MUX2_X1)
     1    3.18    0.01    0.06    0.15 v _5_/Z (MUX2_X1)
                  0.01    0.00    0.15 v _6_/A2 (NOR2_X2)
     1    1.14    0.01    0.02    0.17 ^ _6_/ZN (NOR2_X2)
                  0.01    0.00    0.17 ^ _7_/D (DFF_X1)
                                  0.17   data arrival time

                  0.00    0.01    0.01   clock clk (rise edge)
                          0.00    0.01   clock network delay (ideal)
                          0.00    0.01   clock reconvergence pessimism
                                  0.01 ^ _7_/CK (DFF_X1)
                         -0.03   -0.02   library setup time
                                 -0.02   data required time
-----------------------------------------------------------------------------
                                 -0.02   data required time
                                 -0.17   data arrival time
-----------------------------------------------------------------------------
                                 -0.19   slack (VIOLATED)



==========================================================================
floorplan final report_power
--------------------------------------------------------------------------
Group                  Internal  Switching    Leakage      Total
                          Power      Power      Power      Power (Watts)
----------------------------------------------------------------
Sequential             5.73e-04   1.55e-05   7.88e-08   5.89e-04  79.6%
Combinational          1.02e-04   4.87e-05   9.16e-08   1.51e-04  20.4%
Clock                  0.00e+00   0.00e+00   0.00e+00   0.00e+00   0.0%
Macro                  0.00e+00   0.00e+00   0.00e+00   0.00e+00   0.0%
Pad                    0.00e+00   0.00e+00   0.00e+00   0.00e+00   0.0%
----------------------------------------------------------------
Total                  6.75e-04   6.42e-05   1.70e-07   7.39e-04 100.0%
                          91.3%       8.7%       0.0%

==========================================================================
floorplan final report_design_area
--------------------------------------------------------------------------
Design area 8 u^2 1% utilization.

