OpenROAD v2.0-22532-gac667f3cc7 
Features included (+) or not (-): +GPU +GUI +Python
This program is licensed under the BSD-3 license. See the LICENSE file for details.
Components of this program may be licensed under more restrictive licenses which must be honored.
[INFO ODB-0227] LEF file: /project/cad-team/LX_Semicon/kmcho/EoR/pdk/Nangate45/Nangate45_tech.lef, created 22 layers, 27 vias
[INFO ODB-0227] LEF file: /project/cad-team/LX_Semicon/kmcho/EoR/pdk/Nangate45/Nangate45_stdcell.lef, created 135 library cells
[INFO IFP-0001] Added 336 rows of 2479 site FreePDK45_38x28_10R_NP_162NW_34O.
Default units for flow
 time 1ns
 capacitance 1fF
 resistance 1kohm
 voltage 1v
 current 1mA
 power 1nW
 distance 1um

==========================================================================
floorplan final check_setup
--------------------------------------------------------------------------
Warning: There are 18 input ports missing set_input_delay.
Warning: There are 17 output ports missing set_output_delay.
Warning: There are 18 unconstrained endpoints.

==========================================================================
floorplan final report_tns
--------------------------------------------------------------------------
tns max -35.13

==========================================================================
floorplan final report_wns
--------------------------------------------------------------------------
wns max -0.57

==========================================================================
floorplan final report_worst_slack
--------------------------------------------------------------------------
worst slack max -0.57

==========================================================================
floorplan final report_checks -path_delay min
--------------------------------------------------------------------------
[WARNING STA-0168] unknown field nets.
Startpoint: _1126_ (rising edge-triggered flip-flop clocked by clk)
Endpoint: _1089_ (rising edge-triggered flip-flop clocked by clk)
Path Group: clk
Path Type: min

Fanout     Cap    Slew   Delay    Time   Description
-----------------------------------------------------------------------------
                  0.00    0.00    0.00   clock clk (rise edge)
                          0.00    0.00   clock network delay (ideal)
                  0.00    0.00    0.00 ^ _1126_/CK (DFF_X1)
     2    3.85    0.01    0.07    0.07 ^ _1126_/QN (DFF_X1)
                  0.01    0.00    0.07 ^ _0881_/A (XOR2_X1)
     1    1.56    0.01    0.02    0.08 v _0881_/Z (XOR2_X1)
                  0.01    0.00    0.08 v _0882_/A2 (NOR2_X1)
     1    1.14    0.01    0.02    0.11 ^ _0882_/ZN (NOR2_X1)
                  0.01    0.00    0.11 ^ _1089_/D (DFF_X1)
                                  0.11   data arrival time

                  0.00    0.00    0.00   clock clk (rise edge)
                          0.00    0.00   clock network delay (ideal)
                          0.00    0.00   clock reconvergence pessimism
                                  0.00 ^ _1089_/CK (DFF_X1)
                          0.01    0.01   library hold time
                                  0.01   data required time
-----------------------------------------------------------------------------
                                  0.01   data required time
                                 -0.11   data arrival time
-----------------------------------------------------------------------------
                                  0.10   slack (MET)



==========================================================================
floorplan final report_checks -path_delay max
--------------------------------------------------------------------------
[WARNING STA-0168] unknown field nets.
Startpoint: _1105_ (rising edge-triggered flip-flop clocked by clk)
Endpoint: _1039_ (rising edge-triggered flip-flop clocked by clk)
Path Group: clk
Path Type: max

Fanout     Cap    Slew   Delay    Time   Description
-----------------------------------------------------------------------------
                  0.00    0.00    0.00   clock clk (rise edge)
                          0.00    0.00   clock network delay (ideal)
                  0.00    0.00    0.00 ^ _1105_/CK (DFF_X1)
     1    0.88    0.01    0.08    0.08 v _1105_/Q (DFF_X1)
                  0.01    0.00    0.08 v _0637_/A (BUF_X1)
    10   10.81    0.01    0.04    0.12 v _0637_/Z (BUF_X1)
                  0.01    0.00    0.12 v _0711_/A2 (AND2_X1)
     1    3.06    0.01    0.04    0.15 v _0711_/ZN (AND2_X1)
                  0.01    0.00    0.15 v _1002_/A (HA_X1)
     1    3.61    0.01    0.03    0.18 v _1002_/CO (HA_X1)
                  0.01    0.00    0.18 v _0951_/A (FA_X1)
     2    6.55    0.02    0.08    0.27 v _0951_/CO (FA_X1)
                  0.02    0.00    0.27 v _0689_/B2 (AOI21_X2)
     1    3.10    0.02    0.03    0.30 ^ _0689_/ZN (AOI21_X2)
                  0.02    0.00    0.30 ^ _0691_/B1 (OAI21_X2)
     2    6.59    0.01    0.02    0.32 v _0691_/ZN (OAI21_X2)
                  0.01    0.00    0.32 v _0692_/B2 (AOI221_X2)
     2    6.88    0.05    0.09    0.42 ^ _0692_/ZN (AOI221_X2)
                  0.05    0.00    0.42 ^ _0954_/A (FA_X1)
     1    1.56    0.01    0.10    0.52 v _0954_/S (FA_X1)
                  0.01    0.00    0.52 v _0798_/A2 (NOR2_X1)
     1    1.14    0.01    0.03    0.54 ^ _0798_/ZN (NOR2_X1)
                  0.01    0.00    0.54 ^ _1039_/D (DFF_X1)
                                  0.54   data arrival time

                  0.00    0.01    0.01   clock clk (rise edge)
                          0.00    0.01   clock network delay (ideal)
                          0.00    0.01   clock reconvergence pessimism
                                  0.01 ^ _1039_/CK (DFF_X1)
                         -0.03   -0.02   library setup time
                                 -0.02   data required time
-----------------------------------------------------------------------------
                                 -0.02   data required time
                                 -0.54   data arrival time
-----------------------------------------------------------------------------
                                 -0.57   slack (VIOLATED)



==========================================================================
floorplan final report_checks -unconstrained
--------------------------------------------------------------------------
[WARNING STA-0168] unknown field nets.
Startpoint: _1105_ (rising edge-triggered flip-flop clocked by clk)
Endpoint: _1039_ (rising edge-triggered flip-flop clocked by clk)
Path Group: clk
Path Type: max

Fanout     Cap    Slew   Delay    Time   Description
-----------------------------------------------------------------------------
                  0.00    0.00    0.00   clock clk (rise edge)
                          0.00    0.00   clock network delay (ideal)
                  0.00    0.00    0.00 ^ _1105_/CK (DFF_X1)
     1    0.88    0.01    0.08    0.08 v _1105_/Q (DFF_X1)
                  0.01    0.00    0.08 v _0637_/A (BUF_X1)
    10   10.81    0.01    0.04    0.12 v _0637_/Z (BUF_X1)
                  0.01    0.00    0.12 v _0711_/A2 (AND2_X1)
     1    3.06    0.01    0.04    0.15 v _0711_/ZN (AND2_X1)
                  0.01    0.00    0.15 v _1002_/A (HA_X1)
     1    3.61    0.01    0.03    0.18 v _1002_/CO (HA_X1)
                  0.01    0.00    0.18 v _0951_/A (FA_X1)
     2    6.55    0.02    0.08    0.27 v _0951_/CO (FA_X1)
                  0.02    0.00    0.27 v _0689_/B2 (AOI21_X2)
     1    3.10    0.02    0.03    0.30 ^ _0689_/ZN (AOI21_X2)
                  0.02    0.00    0.30 ^ _0691_/B1 (OAI21_X2)
     2    6.59    0.01    0.02    0.32 v _0691_/ZN (OAI21_X2)
                  0.01    0.00    0.32 v _0692_/B2 (AOI221_X2)
     2    6.88    0.05    0.09    0.42 ^ _0692_/ZN (AOI221_X2)
                  0.05    0.00    0.42 ^ _0954_/A (FA_X1)
     1    1.56    0.01    0.10    0.52 v _0954_/S (FA_X1)
                  0.01    0.00    0.52 v _0798_/A2 (NOR2_X1)
     1    1.14    0.01    0.03    0.54 ^ _0798_/ZN (NOR2_X1)
                  0.01    0.00    0.54 ^ _1039_/D (DFF_X1)
                                  0.54   data arrival time

                  0.00    0.01    0.01   clock clk (rise edge)
                          0.00    0.01   clock network delay (ideal)
                          0.00    0.01   clock reconvergence pessimism
                                  0.01 ^ _1039_/CK (DFF_X1)
                         -0.03   -0.02   library setup time
                                 -0.02   data required time
-----------------------------------------------------------------------------
                                 -0.02   data required time
                                 -0.54   data arrival time
-----------------------------------------------------------------------------
                                 -0.57   slack (VIOLATED)



==========================================================================
floorplan final report_power
--------------------------------------------------------------------------
Group                  Internal  Switching    Leakage      Total
                          Power      Power      Power      Power (Watts)
----------------------------------------------------------------
Sequential             7.22e-02   7.44e-04   8.06e-06   7.30e-02  87.5%
Combinational          5.98e-03   4.44e-03   1.32e-05   1.04e-02  12.5%
Clock                  0.00e+00   0.00e+00   0.00e+00   0.00e+00   0.0%
Macro                  0.00e+00   0.00e+00   0.00e+00   0.00e+00   0.0%
Pad                    0.00e+00   0.00e+00   0.00e+00   0.00e+00   0.0%
----------------------------------------------------------------
Total                  7.82e-02   5.18e-03   2.12e-05   8.34e-02 100.0%
                          93.8%       6.2%       0.0%

==========================================================================
floorplan final report_design_area
--------------------------------------------------------------------------
Design area 1109 u^2 1% utilization.

