OpenROAD v2.0-22532-gac667f3cc7 
Features included (+) or not (-): +GPU +GUI +Python
This program is licensed under the BSD-3 license. See the LICENSE file for details.
Components of this program may be licensed under more restrictive licenses which must be honored.
[INFO ODB-0227] LEF file: /project/cad-team/LX_Semicon/kmcho/EoR/pdk/Nangate45/Nangate45_tech.lef, created 22 layers, 27 vias
[INFO ODB-0227] LEF file: /project/cad-team/LX_Semicon/kmcho/EoR/pdk/Nangate45/Nangate45_stdcell.lef, created 135 library cells
[INFO IFP-0001] Added 142 rows of 1048 site FreePDK45_38x28_10R_NP_162NW_34O.
Default units for flow
 time 1ns
 capacitance 1fF
 resistance 1kohm
 voltage 1v
 current 1mA
 power 1nW
 distance 1um

==========================================================================
floorplan final check_setup
--------------------------------------------------------------------------
Warning: There is 1 input port missing set_input_delay.
Warning: There are 32 output ports missing set_output_delay.
Warning: There are 32 unconstrained endpoints.

==========================================================================
floorplan final report_tns
--------------------------------------------------------------------------
tns max -4.65

==========================================================================
floorplan final report_wns
--------------------------------------------------------------------------
wns max -0.23

==========================================================================
floorplan final report_worst_slack
--------------------------------------------------------------------------
worst slack max -0.23

==========================================================================
floorplan final report_checks -path_delay min
--------------------------------------------------------------------------
[WARNING STA-0168] unknown field nets.
Startpoint: _173_ (rising edge-triggered flip-flop clocked by clk)
Endpoint: _172_ (rising edge-triggered flip-flop clocked by clk)
Path Group: clk
Path Type: min

Fanout     Cap    Slew   Delay    Time   Description
-----------------------------------------------------------------------------
                  0.00    0.00    0.00   clock clk (rise edge)
                          0.00    0.00   clock network delay (ideal)
                  0.00    0.00    0.00 ^ _173_/CK (DFF_X1)
     2    1.55    0.01    0.08    0.08 v _173_/Q (DFF_X1)
                  0.01    0.00    0.08 v _108_/A (INV_X1)
     1    1.65    0.01    0.01    0.09 ^ _108_/ZN (INV_X1)
                  0.01    0.00    0.09 ^ _109_/A2 (NOR2_X1)
     1    1.06    0.00    0.01    0.10 v _109_/ZN (NOR2_X1)
                  0.00    0.00    0.10 v _172_/D (DFF_X1)
                                  0.10   data arrival time

                  0.00    0.00    0.00   clock clk (rise edge)
                          0.00    0.00   clock network delay (ideal)
                          0.00    0.00   clock reconvergence pessimism
                                  0.00 ^ _172_/CK (DFF_X1)
                          0.00    0.00   library hold time
                                  0.00   data required time
-----------------------------------------------------------------------------
                                  0.00   data required time
                                 -0.10   data arrival time
-----------------------------------------------------------------------------
                                  0.10   slack (MET)



==========================================================================
floorplan final report_checks -path_delay max
--------------------------------------------------------------------------
[WARNING STA-0168] unknown field nets.
Startpoint: _170_ (rising edge-triggered flip-flop clocked by clk)
Endpoint: _170_ (rising edge-triggered flip-flop clocked by clk)
Path Group: clk
Path Type: max

Fanout     Cap    Slew   Delay    Time   Description
-----------------------------------------------------------------------------
                  0.00    0.00    0.00   clock clk (rise edge)
                          0.00    0.00   clock network delay (ideal)
                  0.00    0.00    0.00 ^ _170_/CK (DFF_X1)
     2    3.88    0.01    0.08    0.08 v _170_/Q (DFF_X1)
                  0.01    0.00    0.08 v _102_/A (BUF_X4)
     4   10.04    0.01    0.03    0.11 v _102_/Z (BUF_X4)
                  0.01    0.00    0.11 v _103_/A (XOR2_X2)
     1    1.59    0.01    0.05    0.16 v _103_/Z (XOR2_X2)
                  0.01    0.00    0.16 v _104_/A2 (OR2_X2)
     1    1.06    0.01    0.04    0.20 v _104_/ZN (OR2_X2)
                  0.01    0.00    0.20 v _170_/D (DFF_X1)
                                  0.20   data arrival time

                  0.00    0.01    0.01   clock clk (rise edge)
                          0.00    0.01   clock network delay (ideal)
                          0.00    0.01   clock reconvergence pessimism
                                  0.01 ^ _170_/CK (DFF_X1)
                         -0.04   -0.03   library setup time
                                 -0.03   data required time
-----------------------------------------------------------------------------
                                 -0.03   data required time
                                 -0.20   data arrival time
-----------------------------------------------------------------------------
                                 -0.23   slack (VIOLATED)



==========================================================================
floorplan final report_checks -unconstrained
--------------------------------------------------------------------------
[WARNING STA-0168] unknown field nets.
Startpoint: _170_ (rising edge-triggered flip-flop clocked by clk)
Endpoint: _170_ (rising edge-triggered flip-flop clocked by clk)
Path Group: clk
Path Type: max

Fanout     Cap    Slew   Delay    Time   Description
-----------------------------------------------------------------------------
                  0.00    0.00    0.00   clock clk (rise edge)
                          0.00    0.00   clock network delay (ideal)
                  0.00    0.00    0.00 ^ _170_/CK (DFF_X1)
     2    3.88    0.01    0.08    0.08 v _170_/Q (DFF_X1)
                  0.01    0.00    0.08 v _102_/A (BUF_X4)
     4   10.04    0.01    0.03    0.11 v _102_/Z (BUF_X4)
                  0.01    0.00    0.11 v _103_/A (XOR2_X2)
     1    1.59    0.01    0.05    0.16 v _103_/Z (XOR2_X2)
                  0.01    0.00    0.16 v _104_/A2 (OR2_X2)
     1    1.06    0.01    0.04    0.20 v _104_/ZN (OR2_X2)
                  0.01    0.00    0.20 v _170_/D (DFF_X1)
                                  0.20   data arrival time

                  0.00    0.01    0.01   clock clk (rise edge)
                          0.00    0.01   clock network delay (ideal)
                          0.00    0.01   clock reconvergence pessimism
                                  0.01 ^ _170_/CK (DFF_X1)
                         -0.04   -0.03   library setup time
                                 -0.03   data required time
-----------------------------------------------------------------------------
                                 -0.03   data required time
                                 -0.20   data arrival time
-----------------------------------------------------------------------------
                                 -0.23   slack (VIOLATED)



==========================================================================
floorplan final report_power
--------------------------------------------------------------------------
Group                  Internal  Switching    Leakage      Total
                          Power      Power      Power      Power (Watts)
----------------------------------------------------------------
Sequential             2.20e-02   2.87e-04   2.46e-06   2.23e-02  89.6%
Combinational          1.59e-03   9.91e-04   1.45e-06   2.59e-03  10.4%
Clock                  0.00e+00   0.00e+00   0.00e+00   0.00e+00   0.0%
Macro                  0.00e+00   0.00e+00   0.00e+00   0.00e+00   0.0%
Pad                    0.00e+00   0.00e+00   0.00e+00   0.00e+00   0.0%
----------------------------------------------------------------
Total                  2.36e-02   1.28e-03   3.91e-06   2.48e-02 100.0%
                          94.8%       5.1%       0.0%

==========================================================================
floorplan final report_design_area
--------------------------------------------------------------------------
Design area 198 u^2 1% utilization.

