OpenROAD v2.0-22532-gac667f3cc7 
Features included (+) or not (-): +GPU +GUI +Python
This program is licensed under the BSD-3 license. See the LICENSE file for details.
Components of this program may be licensed under more restrictive licenses which must be honored.
[INFO ODB-0227] LEF file: /project/cad-team/LX_Semicon/kmcho/EoR/pdk/Nangate45/Nangate45_tech.lef, created 22 layers, 27 vias
[INFO ODB-0227] LEF file: /project/cad-team/LX_Semicon/kmcho/EoR/pdk/Nangate45/Nangate45_stdcell.lef, created 135 library cells
[INFO IFP-0001] Added 157 rows of 1158 site FreePDK45_38x28_10R_NP_162NW_34O.
Default units for flow
 time 1ns
 capacitance 1fF
 resistance 1kohm
 voltage 1v
 current 1mA
 power 1nW
 distance 1um

==========================================================================
floorplan final check_setup
--------------------------------------------------------------------------
Warning: There are 2 input ports missing set_input_delay.
Warning: There are 9 output ports missing set_output_delay.
Warning: There are 9 unconstrained endpoints.

==========================================================================
floorplan final report_tns
--------------------------------------------------------------------------
tns max -5.23

==========================================================================
floorplan final report_wns
--------------------------------------------------------------------------
wns max -0.26

==========================================================================
floorplan final report_worst_slack
--------------------------------------------------------------------------
worst slack max -0.26

==========================================================================
floorplan final report_checks -path_delay min
--------------------------------------------------------------------------
[WARNING STA-0168] unknown field nets.
Startpoint: _183_ (rising edge-triggered flip-flop clocked by clk)
Endpoint: _183_ (rising edge-triggered flip-flop clocked by clk)
Path Group: clk
Path Type: min

Fanout     Cap    Slew   Delay    Time   Description
-----------------------------------------------------------------------------
                  0.00    0.00    0.00   clock clk (rise edge)
                          0.00    0.00   clock network delay (ideal)
                  0.00    0.00    0.00 ^ _183_/CK (DFF_X1)
     3    7.27    0.01    0.09    0.09 v _183_/Q (DFF_X1)
                  0.01    0.00    0.09 v _145_/A1 (OAI22_X2)
     1    1.14    0.01    0.02    0.11 ^ _145_/ZN (OAI22_X2)
                  0.01    0.00    0.11 ^ _183_/D (DFF_X1)
                                  0.11   data arrival time

                  0.00    0.00    0.00   clock clk (rise edge)
                          0.00    0.00   clock network delay (ideal)
                          0.00    0.00   clock reconvergence pessimism
                                  0.00 ^ _183_/CK (DFF_X1)
                          0.01    0.01   library hold time
                                  0.01   data required time
-----------------------------------------------------------------------------
                                  0.01   data required time
                                 -0.11   data arrival time
-----------------------------------------------------------------------------
                                  0.10   slack (MET)



==========================================================================
floorplan final report_checks -path_delay max
--------------------------------------------------------------------------
[WARNING STA-0168] unknown field nets.
Startpoint: _183_ (rising edge-triggered flip-flop clocked by clk)
Endpoint: _173_ (rising edge-triggered flip-flop clocked by clk)
Path Group: clk
Path Type: max

Fanout     Cap    Slew   Delay    Time   Description
-----------------------------------------------------------------------------
                  0.00    0.00    0.00   clock clk (rise edge)
                          0.00    0.00   clock network delay (ideal)
                  0.00    0.00    0.00 ^ _183_/CK (DFF_X1)
     3    7.98    0.02    0.10    0.10 ^ _183_/Q (DFF_X1)
                  0.02    0.00    0.10 ^ _168_/A (HA_X1)
     1    3.45    0.01    0.04    0.14 ^ _168_/CO (HA_X1)
                  0.01    0.00    0.14 ^ _169_/B (HA_X1)
     1    1.70    0.01    0.03    0.17 ^ _169_/CO (HA_X1)
                  0.01    0.00    0.17 ^ _104_/A (INV_X1)
     2    4.25    0.01    0.01    0.18 v _104_/ZN (INV_X1)
                  0.01    0.00    0.18 v _105_/B1 (AOI22_X1)
     1    1.65    0.02    0.04    0.22 ^ _105_/ZN (AOI22_X1)
                  0.02    0.00    0.22 ^ _106_/A2 (NOR2_X1)
     1    1.06    0.01    0.01    0.23 v _106_/ZN (NOR2_X1)
                  0.01    0.00    0.23 v _173_/D (DFF_X1)
                                  0.23   data arrival time

                  0.00    0.01    0.01   clock clk (rise edge)
                          0.00    0.01   clock network delay (ideal)
                          0.00    0.01   clock reconvergence pessimism
                                  0.01 ^ _173_/CK (DFF_X1)
                         -0.04   -0.03   library setup time
                                 -0.03   data required time
-----------------------------------------------------------------------------
                                 -0.03   data required time
                                 -0.23   data arrival time
-----------------------------------------------------------------------------
                                 -0.26   slack (VIOLATED)



==========================================================================
floorplan final report_checks -unconstrained
--------------------------------------------------------------------------
[WARNING STA-0168] unknown field nets.
Startpoint: _183_ (rising edge-triggered flip-flop clocked by clk)
Endpoint: _173_ (rising edge-triggered flip-flop clocked by clk)
Path Group: clk
Path Type: max

Fanout     Cap    Slew   Delay    Time   Description
-----------------------------------------------------------------------------
                  0.00    0.00    0.00   clock clk (rise edge)
                          0.00    0.00   clock network delay (ideal)
                  0.00    0.00    0.00 ^ _183_/CK (DFF_X1)
     3    7.98    0.02    0.10    0.10 ^ _183_/Q (DFF_X1)
                  0.02    0.00    0.10 ^ _168_/A (HA_X1)
     1    3.45    0.01    0.04    0.14 ^ _168_/CO (HA_X1)
                  0.01    0.00    0.14 ^ _169_/B (HA_X1)
     1    1.70    0.01    0.03    0.17 ^ _169_/CO (HA_X1)
                  0.01    0.00    0.17 ^ _104_/A (INV_X1)
     2    4.25    0.01    0.01    0.18 v _104_/ZN (INV_X1)
                  0.01    0.00    0.18 v _105_/B1 (AOI22_X1)
     1    1.65    0.02    0.04    0.22 ^ _105_/ZN (AOI22_X1)
                  0.02    0.00    0.22 ^ _106_/A2 (NOR2_X1)
     1    1.06    0.01    0.01    0.23 v _106_/ZN (NOR2_X1)
                  0.01    0.00    0.23 v _173_/D (DFF_X1)
                                  0.23   data arrival time

                  0.00    0.01    0.01   clock clk (rise edge)
                          0.00    0.01   clock network delay (ideal)
                          0.00    0.01   clock reconvergence pessimism
                                  0.01 ^ _173_/CK (DFF_X1)
                         -0.04   -0.03   library setup time
                                 -0.03   data required time
-----------------------------------------------------------------------------
                                 -0.03   data required time
                                 -0.23   data arrival time
-----------------------------------------------------------------------------
                                 -0.26   slack (VIOLATED)



==========================================================================
floorplan final report_power
--------------------------------------------------------------------------
Group                  Internal  Switching    Leakage      Total
                          Power      Power      Power      Power (Watts)
----------------------------------------------------------------
Sequential             1.64e-02   2.76e-04   1.83e-06   1.67e-02  80.3%
Combinational          2.24e-03   1.86e-03   4.89e-06   4.10e-03  19.7%
Clock                  0.00e+00   0.00e+00   0.00e+00   0.00e+00   0.0%
Macro                  0.00e+00   0.00e+00   0.00e+00   0.00e+00   0.0%
Pad                    0.00e+00   0.00e+00   0.00e+00   0.00e+00   0.0%
----------------------------------------------------------------
Total                  1.87e-02   2.14e-03   6.73e-06   2.08e-02 100.0%
                          89.7%      10.3%       0.0%

==========================================================================
floorplan final report_design_area
--------------------------------------------------------------------------
Design area 242 u^2 1% utilization.

