OpenROAD v2.0-22532-gac667f3cc7 
Features included (+) or not (-): +GPU +GUI +Python
This program is licensed under the BSD-3 license. See the LICENSE file for details.
Components of this program may be licensed under more restrictive licenses which must be honored.
[INFO ODB-0227] LEF file: /project/cad-team/LX_Semicon/kmcho/EoR/pdk/Nangate45/Nangate45_tech.lef, created 22 layers, 27 vias
[INFO ODB-0227] LEF file: /project/cad-team/LX_Semicon/kmcho/EoR/pdk/Nangate45/Nangate45_stdcell.lef, created 135 library cells
[INFO IFP-0001] Added 154 rows of 1142 site FreePDK45_38x28_10R_NP_162NW_34O.
Default units for flow
 time 1ns
 capacitance 1fF
 resistance 1kohm
 voltage 1v
 current 1mA
 power 1nW
 distance 1um

==========================================================================
floorplan final check_setup
--------------------------------------------------------------------------
Warning: There are 2 input ports missing set_input_delay.
Warning: There are 9 output ports missing set_output_delay.
Warning: There are 9 unconstrained endpoints.

==========================================================================
floorplan final report_tns
--------------------------------------------------------------------------
tns max -6.93

==========================================================================
floorplan final report_wns
--------------------------------------------------------------------------
wns max -0.39

==========================================================================
floorplan final report_worst_slack
--------------------------------------------------------------------------
worst slack max -0.39

==========================================================================
floorplan final report_checks -path_delay min
--------------------------------------------------------------------------
[WARNING STA-0168] unknown field nets.
Startpoint: _269_ (rising edge-triggered flip-flop clocked by clk)
Endpoint: _269_ (rising edge-triggered flip-flop clocked by clk)
Path Group: clk
Path Type: min

Fanout     Cap    Slew   Delay    Time   Description
-----------------------------------------------------------------------------
                  0.00    0.00    0.00   clock clk (rise edge)
                          0.00    0.00   clock network delay (ideal)
                  0.00    0.00    0.00 ^ _269_/CK (DFF_X1)
     2    3.08    0.01    0.08    0.08 v _269_/Q (DFF_X1)
                  0.01    0.00    0.08 v _220_/A (INV_X1)
     1    1.67    0.01    0.01    0.09 ^ _220_/ZN (INV_X1)
                  0.01    0.00    0.09 ^ _225_/A1 (OAI22_X1)
     1    1.06    0.00    0.01    0.10 v _225_/ZN (OAI22_X1)
                  0.00    0.00    0.10 v _269_/D (DFF_X1)
                                  0.10   data arrival time

                  0.00    0.00    0.00   clock clk (rise edge)
                          0.00    0.00   clock network delay (ideal)
                          0.00    0.00   clock reconvergence pessimism
                                  0.00 ^ _269_/CK (DFF_X1)
                          0.00    0.00   library hold time
                                  0.00   data required time
-----------------------------------------------------------------------------
                                  0.00   data required time
                                 -0.10   data arrival time
-----------------------------------------------------------------------------
                                  0.10   slack (MET)



==========================================================================
floorplan final report_checks -path_delay max
--------------------------------------------------------------------------
[WARNING STA-0168] unknown field nets.
Startpoint: _264_ (rising edge-triggered flip-flop clocked by clk)
Endpoint: _267_ (rising edge-triggered flip-flop clocked by clk)
Path Group: clk
Path Type: max

Fanout     Cap    Slew   Delay    Time   Description
-----------------------------------------------------------------------------
                  0.00    0.00    0.00   clock clk (rise edge)
                          0.00    0.00   clock network delay (ideal)
                  0.00    0.00    0.00 ^ _264_/CK (DFF_X1)
     4   10.26    0.02    0.08    0.08 v _264_/QN (DFF_X1)
                  0.02    0.00    0.08 v _244_/A (HA_X1)
     2    6.68    0.01    0.04    0.12 v _244_/CO (HA_X1)
                  0.01    0.00    0.12 v _248_/B (HA_X1)
     1    1.59    0.01    0.06    0.18 v _248_/S (HA_X1)
                  0.01    0.00    0.18 v _161_/A (BUF_X2)
     8   11.92    0.01    0.03    0.21 v _161_/Z (BUF_X2)
                  0.01    0.00    0.21 v _162_/A (INV_X1)
     8   13.02    0.03    0.04    0.25 ^ _162_/ZN (INV_X1)
                  0.03    0.00    0.25 ^ _212_/A3 (NAND4_X1)
     1    1.52    0.02    0.03    0.29 v _212_/ZN (NAND4_X1)
                  0.02    0.00    0.29 v _213_/B2 (AOI22_X1)
     1    1.67    0.02    0.05    0.34 ^ _213_/ZN (AOI22_X1)
                  0.02    0.00    0.34 ^ _215_/B1 (OAI22_X1)
     1    1.06    0.01    0.02    0.36 v _215_/ZN (OAI22_X1)
                  0.01    0.00    0.36 v _267_/D (DFF_X1)
                                  0.36   data arrival time

                  0.00    0.01    0.01   clock clk (rise edge)
                          0.00    0.01   clock network delay (ideal)
                          0.00    0.01   clock reconvergence pessimism
                                  0.01 ^ _267_/CK (DFF_X1)
                         -0.04   -0.03   library setup time
                                 -0.03   data required time
-----------------------------------------------------------------------------
                                 -0.03   data required time
                                 -0.36   data arrival time
-----------------------------------------------------------------------------
                                 -0.39   slack (VIOLATED)



==========================================================================
floorplan final report_checks -unconstrained
--------------------------------------------------------------------------
[WARNING STA-0168] unknown field nets.
Startpoint: _264_ (rising edge-triggered flip-flop clocked by clk)
Endpoint: _267_ (rising edge-triggered flip-flop clocked by clk)
Path Group: clk
Path Type: max

Fanout     Cap    Slew   Delay    Time   Description
-----------------------------------------------------------------------------
                  0.00    0.00    0.00   clock clk (rise edge)
                          0.00    0.00   clock network delay (ideal)
                  0.00    0.00    0.00 ^ _264_/CK (DFF_X1)
     4   10.26    0.02    0.08    0.08 v _264_/QN (DFF_X1)
                  0.02    0.00    0.08 v _244_/A (HA_X1)
     2    6.68    0.01    0.04    0.12 v _244_/CO (HA_X1)
                  0.01    0.00    0.12 v _248_/B (HA_X1)
     1    1.59    0.01    0.06    0.18 v _248_/S (HA_X1)
                  0.01    0.00    0.18 v _161_/A (BUF_X2)
     8   11.92    0.01    0.03    0.21 v _161_/Z (BUF_X2)
                  0.01    0.00    0.21 v _162_/A (INV_X1)
     8   13.02    0.03    0.04    0.25 ^ _162_/ZN (INV_X1)
                  0.03    0.00    0.25 ^ _212_/A3 (NAND4_X1)
     1    1.52    0.02    0.03    0.29 v _212_/ZN (NAND4_X1)
                  0.02    0.00    0.29 v _213_/B2 (AOI22_X1)
     1    1.67    0.02    0.05    0.34 ^ _213_/ZN (AOI22_X1)
                  0.02    0.00    0.34 ^ _215_/B1 (OAI22_X1)
     1    1.06    0.01    0.02    0.36 v _215_/ZN (OAI22_X1)
                  0.01    0.00    0.36 v _267_/D (DFF_X1)
                                  0.36   data arrival time

                  0.00    0.01    0.01   clock clk (rise edge)
                          0.00    0.01   clock network delay (ideal)
                          0.00    0.01   clock reconvergence pessimism
                                  0.01 ^ _267_/CK (DFF_X1)
                         -0.04   -0.03   library setup time
                                 -0.03   data required time
-----------------------------------------------------------------------------
                                 -0.03   data required time
                                 -0.36   data arrival time
-----------------------------------------------------------------------------
                                 -0.39   slack (VIOLATED)



==========================================================================
floorplan final report_power
--------------------------------------------------------------------------
Group                  Internal  Switching    Leakage      Total
                          Power      Power      Power      Power (Watts)
----------------------------------------------------------------
Sequential             1.65e-02   2.70e-04   1.83e-06   1.67e-02  79.3%
Combinational          2.11e-03   2.27e-03   3.31e-06   4.38e-03  20.7%
Clock                  0.00e+00   0.00e+00   0.00e+00   0.00e+00   0.0%
Macro                  0.00e+00   0.00e+00   0.00e+00   0.00e+00   0.0%
Pad                    0.00e+00   0.00e+00   0.00e+00   0.00e+00   0.0%
----------------------------------------------------------------
Total                  1.86e-02   2.54e-03   5.14e-06   2.11e-02 100.0%
                          88.0%      12.0%       0.0%

==========================================================================
floorplan final report_design_area
--------------------------------------------------------------------------
Design area 235 u^2 1% utilization.

