OpenROAD v2.0-22532-gac667f3cc7 
Features included (+) or not (-): +GPU +GUI +Python
This program is licensed under the BSD-3 license. See the LICENSE file for details.
Components of this program may be licensed under more restrictive licenses which must be honored.
[INFO ODB-0227] LEF file: /project/cad-team/LX_Semicon/kmcho/EoR/pdk/Nangate45/Nangate45_tech.lef, created 22 layers, 27 vias
[INFO ODB-0227] LEF file: /project/cad-team/LX_Semicon/kmcho/EoR/pdk/Nangate45/Nangate45_stdcell.lef, created 135 library cells
[INFO IFP-0001] Added 29 rows of 220 site FreePDK45_38x28_10R_NP_162NW_34O.
Default units for flow
 time 1ns
 capacitance 1fF
 resistance 1kohm
 voltage 1v
 current 1mA
 power 1nW
 distance 1um

==========================================================================
floorplan final check_setup
--------------------------------------------------------------------------
Warning: There are 4 input ports missing set_input_delay.
Warning: There is 1 output port missing set_output_delay.
Warning: There is 1 unconstrained endpoint.

==========================================================================
floorplan final report_tns
--------------------------------------------------------------------------
tns max -0.22

==========================================================================
floorplan final report_wns
--------------------------------------------------------------------------
wns max -0.22

==========================================================================
floorplan final report_worst_slack
--------------------------------------------------------------------------
worst slack max -0.22

==========================================================================
floorplan final report_checks -path_delay min
--------------------------------------------------------------------------
[WARNING STA-0168] unknown field nets.
Startpoint: _5_ (rising edge-triggered flip-flop clocked by clk)
Endpoint: _5_ (rising edge-triggered flip-flop clocked by clk)
Path Group: clk
Path Type: min

Fanout     Cap    Slew   Delay    Time   Description
-----------------------------------------------------------------------------
                  0.00    0.00    0.00   clock clk (rise edge)
                          0.00    0.00   clock network delay (ideal)
                  0.00    0.00    0.00 ^ _5_/CK (DFF_X1)
     2    0.95    0.01    0.08    0.08 ^ _5_/Q (DFF_X1)
                  0.01    0.00    0.08 ^ _3_/A (MUX2_X1)
     1    1.59    0.01    0.04    0.12 ^ _3_/Z (MUX2_X1)
                  0.01    0.00    0.12 ^ _4_/A (MUX2_X2)
     1    1.14    0.01    0.03    0.15 ^ _4_/Z (MUX2_X2)
                  0.01    0.00    0.15 ^ _5_/D (DFF_X1)
                                  0.15   data arrival time

                  0.00    0.00    0.00   clock clk (rise edge)
                          0.00    0.00   clock network delay (ideal)
                          0.00    0.00   clock reconvergence pessimism
                                  0.00 ^ _5_/CK (DFF_X1)
                          0.00    0.00   library hold time
                                  0.00   data required time
-----------------------------------------------------------------------------
                                  0.00   data required time
                                 -0.15   data arrival time
-----------------------------------------------------------------------------
                                  0.15   slack (MET)



==========================================================================
floorplan final report_checks -path_delay max
--------------------------------------------------------------------------
[WARNING STA-0168] unknown field nets.
Startpoint: _5_ (rising edge-triggered flip-flop clocked by clk)
Endpoint: _5_ (rising edge-triggered flip-flop clocked by clk)
Path Group: clk
Path Type: max

Fanout     Cap    Slew   Delay    Time   Description
-----------------------------------------------------------------------------
                  0.00    0.00    0.00   clock clk (rise edge)
                          0.00    0.00   clock network delay (ideal)
                  0.00    0.00    0.00 ^ _5_/CK (DFF_X1)
     2    0.91    0.01    0.08    0.08 v _5_/Q (DFF_X1)
                  0.01    0.00    0.08 v _3_/A (MUX2_X1)
     1    1.56    0.01    0.06    0.13 v _3_/Z (MUX2_X1)
                  0.01    0.00    0.13 v _4_/A (MUX2_X2)
     1    1.06    0.01    0.05    0.19 v _4_/Z (MUX2_X2)
                  0.01    0.00    0.19 v _5_/D (DFF_X1)
                                  0.19   data arrival time

                  0.00    0.01    0.01   clock clk (rise edge)
                          0.00    0.01   clock network delay (ideal)
                          0.00    0.01   clock reconvergence pessimism
                                  0.01 ^ _5_/CK (DFF_X1)
                         -0.04   -0.03   library setup time
                                 -0.03   data required time
-----------------------------------------------------------------------------
                                 -0.03   data required time
                                 -0.19   data arrival time
-----------------------------------------------------------------------------
                                 -0.22   slack (VIOLATED)



==========================================================================
floorplan final report_checks -unconstrained
--------------------------------------------------------------------------
[WARNING STA-0168] unknown field nets.
Startpoint: _5_ (rising edge-triggered flip-flop clocked by clk)
Endpoint: _5_ (rising edge-triggered flip-flop clocked by clk)
Path Group: clk
Path Type: max

Fanout     Cap    Slew   Delay    Time   Description
-----------------------------------------------------------------------------
                  0.00    0.00    0.00   clock clk (rise edge)
                          0.00    0.00   clock network delay (ideal)
                  0.00    0.00    0.00 ^ _5_/CK (DFF_X1)
     2    0.91    0.01    0.08    0.08 v _5_/Q (DFF_X1)
                  0.01    0.00    0.08 v _3_/A (MUX2_X1)
     1    1.56    0.01    0.06    0.13 v _3_/Z (MUX2_X1)
                  0.01    0.00    0.13 v _4_/A (MUX2_X2)
     1    1.06    0.01    0.05    0.19 v _4_/Z (MUX2_X2)
                  0.01    0.00    0.19 v _5_/D (DFF_X1)
                                  0.19   data arrival time

                  0.00    0.01    0.01   clock clk (rise edge)
                          0.00    0.01   clock network delay (ideal)
                          0.00    0.01   clock reconvergence pessimism
                                  0.01 ^ _5_/CK (DFF_X1)
                         -0.04   -0.03   library setup time
                                 -0.03   data required time
-----------------------------------------------------------------------------
                                 -0.03   data required time
                                 -0.19   data arrival time
-----------------------------------------------------------------------------
                                 -0.22   slack (VIOLATED)



==========================================================================
floorplan final report_power
--------------------------------------------------------------------------
Group                  Internal  Switching    Leakage      Total
                          Power      Power      Power      Power (Watts)
----------------------------------------------------------------
Sequential             5.48e-04   1.15e-05   7.91e-08   5.60e-04  72.3%
Combinational          1.81e-04   3.31e-05   1.05e-07   2.14e-04  27.7%
Clock                  0.00e+00   0.00e+00   0.00e+00   0.00e+00   0.0%
Macro                  0.00e+00   0.00e+00   0.00e+00   0.00e+00   0.0%
Pad                    0.00e+00   0.00e+00   0.00e+00   0.00e+00   0.0%
----------------------------------------------------------------
Total                  7.29e-04   4.45e-05   1.84e-07   7.74e-04 100.0%
                          94.2%       5.8%       0.0%

==========================================================================
floorplan final report_design_area
--------------------------------------------------------------------------
Design area 9 u^2 1% utilization.

