OpenROAD v2.0-22532-gac667f3cc7 
Features included (+) or not (-): +GPU +GUI +Python
This program is licensed under the BSD-3 license. See the LICENSE file for details.
Components of this program may be licensed under more restrictive licenses which must be honored.
[INFO ODB-0227] LEF file: /project/cad-team/LX_Semicon/kmcho/EoR/pdk/Nangate45/Nangate45_tech.lef, created 22 layers, 27 vias
[INFO ODB-0227] LEF file: /project/cad-team/LX_Semicon/kmcho/EoR/pdk/Nangate45/Nangate45_stdcell.lef, created 135 library cells
[INFO IFP-0001] Added 27 rows of 203 site FreePDK45_38x28_10R_NP_162NW_34O.
Default units for flow
 time 1ns
 capacitance 1fF
 resistance 1kohm
 voltage 1v
 current 1mA
 power 1nW
 distance 1um

==========================================================================
floorplan final check_setup
--------------------------------------------------------------------------
Warning: There are 2 input ports missing set_input_delay.
Warning: There is 1 output port missing set_output_delay.
Warning: There is 1 unconstrained endpoint.

==========================================================================
floorplan final report_tns
--------------------------------------------------------------------------
tns max -0.18

==========================================================================
floorplan final report_wns
--------------------------------------------------------------------------
wns max -0.18

==========================================================================
floorplan final report_worst_slack
--------------------------------------------------------------------------
worst slack max -0.18

==========================================================================
floorplan final report_checks -path_delay min
--------------------------------------------------------------------------
[WARNING STA-0168] unknown field nets.
Startpoint: _4_ (rising edge-triggered flip-flop clocked by clk)
Endpoint: _4_ (rising edge-triggered flip-flop clocked by clk)
Path Group: clk
Path Type: min

Fanout     Cap    Slew   Delay    Time   Description
-----------------------------------------------------------------------------
                  0.00    0.00    0.00   clock clk (rise edge)
                          0.00    0.00   clock network delay (ideal)
                  0.00    0.00    0.00 ^ _4_/CK (DFF_X1)
     1    2.23    0.01    0.09    0.09 ^ _4_/Q (DFF_X1)
                  0.01    0.00    0.09 ^ _2_/A (XOR2_X1)
     1    3.18    0.01    0.02    0.10 v _2_/Z (XOR2_X1)
                  0.01    0.00    0.10 v _3_/A2 (NOR2_X2)
     1    1.14    0.01    0.02    0.13 ^ _3_/ZN (NOR2_X2)
                  0.01    0.00    0.13 ^ _4_/D (DFF_X1)
                                  0.13   data arrival time

                  0.00    0.00    0.00   clock clk (rise edge)
                          0.00    0.00   clock network delay (ideal)
                          0.00    0.00   clock reconvergence pessimism
                                  0.00 ^ _4_/CK (DFF_X1)
                          0.01    0.01   library hold time
                                  0.01   data required time
-----------------------------------------------------------------------------
                                  0.01   data required time
                                 -0.13   data arrival time
-----------------------------------------------------------------------------
                                  0.12   slack (MET)



==========================================================================
floorplan final report_checks -path_delay max
--------------------------------------------------------------------------
[WARNING STA-0168] unknown field nets.
Startpoint: _4_ (rising edge-triggered flip-flop clocked by clk)
Endpoint: _4_ (rising edge-triggered flip-flop clocked by clk)
Path Group: clk
Path Type: max

Fanout     Cap    Slew   Delay    Time   Description
-----------------------------------------------------------------------------
                  0.00    0.00    0.00   clock clk (rise edge)
                          0.00    0.00   clock network delay (ideal)
                  0.00    0.00    0.00 ^ _4_/CK (DFF_X1)
     1    2.23    0.01    0.09    0.09 ^ _4_/Q (DFF_X1)
                  0.01    0.00    0.09 ^ _2_/A (XOR2_X1)
     1    3.35    0.03    0.05    0.14 ^ _2_/Z (XOR2_X1)
                  0.03    0.00    0.14 ^ _3_/A2 (NOR2_X2)
     1    1.06    0.01    0.01    0.15 v _3_/ZN (NOR2_X2)
                  0.01    0.00    0.15 v _4_/D (DFF_X1)
                                  0.15   data arrival time

                  0.00    0.01    0.01   clock clk (rise edge)
                          0.00    0.01   clock network delay (ideal)
                          0.00    0.01   clock reconvergence pessimism
                                  0.01 ^ _4_/CK (DFF_X1)
                         -0.04   -0.03   library setup time
                                 -0.03   data required time
-----------------------------------------------------------------------------
                                 -0.03   data required time
                                 -0.15   data arrival time
-----------------------------------------------------------------------------
                                 -0.18   slack (VIOLATED)



==========================================================================
floorplan final report_checks -unconstrained
--------------------------------------------------------------------------
[WARNING STA-0168] unknown field nets.
Startpoint: _4_ (rising edge-triggered flip-flop clocked by clk)
Endpoint: _4_ (rising edge-triggered flip-flop clocked by clk)
Path Group: clk
Path Type: max

Fanout     Cap    Slew   Delay    Time   Description
-----------------------------------------------------------------------------
                  0.00    0.00    0.00   clock clk (rise edge)
                          0.00    0.00   clock network delay (ideal)
                  0.00    0.00    0.00 ^ _4_/CK (DFF_X1)
     1    2.23    0.01    0.09    0.09 ^ _4_/Q (DFF_X1)
                  0.01    0.00    0.09 ^ _2_/A (XOR2_X1)
     1    3.35    0.03    0.05    0.14 ^ _2_/Z (XOR2_X1)
                  0.03    0.00    0.14 ^ _3_/A2 (NOR2_X2)
     1    1.06    0.01    0.01    0.15 v _3_/ZN (NOR2_X2)
                  0.01    0.00    0.15 v _4_/D (DFF_X1)
                                  0.15   data arrival time

                  0.00    0.01    0.01   clock clk (rise edge)
                          0.00    0.01   clock network delay (ideal)
                          0.00    0.01   clock reconvergence pessimism
                                  0.01 ^ _4_/CK (DFF_X1)
                         -0.04   -0.03   library setup time
                                 -0.03   data required time
-----------------------------------------------------------------------------
                                 -0.03   data required time
                                 -0.15   data arrival time
-----------------------------------------------------------------------------
                                 -0.18   slack (VIOLATED)



==========================================================================
floorplan final report_power
--------------------------------------------------------------------------
Group                  Internal  Switching    Leakage      Total
                          Power      Power      Power      Power (Watts)
----------------------------------------------------------------
Sequential             6.37e-04   2.70e-05   7.88e-08   6.64e-04  74.7%
Combinational          1.50e-04   7.45e-05   7.78e-08   2.25e-04  25.3%
Clock                  0.00e+00   0.00e+00   0.00e+00   0.00e+00   0.0%
Macro                  0.00e+00   0.00e+00   0.00e+00   0.00e+00   0.0%
Pad                    0.00e+00   0.00e+00   0.00e+00   0.00e+00   0.0%
----------------------------------------------------------------
Total                  7.87e-04   1.02e-04   1.57e-07   8.88e-04 100.0%
                          88.6%      11.4%       0.0%

==========================================================================
floorplan final report_design_area
--------------------------------------------------------------------------
Design area 7 u^2 1% utilization.

