OpenROAD v2.0-22532-gac667f3cc7 
Features included (+) or not (-): +GPU +GUI +Python
This program is licensed under the BSD-3 license. See the LICENSE file for details.
Components of this program may be licensed under more restrictive licenses which must be honored.
[INFO ODB-0227] LEF file: /project/cad-team/LX_Semicon/kmcho/EoR/pdk/Nangate45/Nangate45_tech.lef, created 22 layers, 27 vias
[INFO ODB-0227] LEF file: /project/cad-team/LX_Semicon/kmcho/EoR/pdk/Nangate45/Nangate45_stdcell.lef, created 135 library cells
[INFO IFP-0001] Added 47 rows of 351 site FreePDK45_38x28_10R_NP_162NW_34O.
Default units for flow
 time 1ns
 capacitance 1fF
 resistance 1kohm
 voltage 1v
 current 1mA
 power 1nW
 distance 1um

==========================================================================
floorplan final check_setup
--------------------------------------------------------------------------
Warning: There are 2 input ports missing set_input_delay.
Warning: There is 1 output port missing set_output_delay.
Warning: There is 1 unconstrained endpoint.

==========================================================================
floorplan final report_tns
--------------------------------------------------------------------------
tns max -0.41

==========================================================================
floorplan final report_wns
--------------------------------------------------------------------------
wns max -0.21

==========================================================================
floorplan final report_worst_slack
--------------------------------------------------------------------------
worst slack max -0.21

==========================================================================
floorplan final report_checks -path_delay min
--------------------------------------------------------------------------
[WARNING STA-0168] unknown field nets.
Startpoint: _19_ (rising edge-triggered flip-flop clocked by clk)
Endpoint: _20_ (rising edge-triggered flip-flop clocked by clk)
Path Group: clk
Path Type: min

Fanout     Cap    Slew   Delay    Time   Description
-----------------------------------------------------------------------------
                  0.00    0.00    0.00   clock clk (rise edge)
                          0.00    0.00   clock network delay (ideal)
                  0.00    0.00    0.00 ^ _19_/CK (DFFS_X1)
     1    3.19    0.01    0.07    0.07 ^ _19_/QN (DFFS_X1)
                  0.01    0.00    0.07 ^ _17_/A (HA_X1)
     2    2.96    0.01    0.02    0.09 v _17_/S (HA_X1)
                  0.01    0.00    0.09 v _15_/A1 (NOR2_X1)
     1    1.13    0.01    0.02    0.11 ^ _15_/ZN (NOR2_X1)
                  0.01    0.00    0.11 ^ _20_/D (DFFR_X1)
                                  0.11   data arrival time

                  0.00    0.00    0.00   clock clk (rise edge)
                          0.00    0.00   clock network delay (ideal)
                          0.00    0.00   clock reconvergence pessimism
                                  0.00 ^ _20_/CK (DFFR_X1)
                          0.01    0.01   library hold time
                                  0.01   data required time
-----------------------------------------------------------------------------
                                  0.01   data required time
                                 -0.11   data arrival time
-----------------------------------------------------------------------------
                                  0.10   slack (MET)



==========================================================================
floorplan final report_checks -path_delay max
--------------------------------------------------------------------------
[WARNING STA-0168] unknown field nets.
Startpoint: _20_ (rising edge-triggered flip-flop clocked by clk)
Endpoint: _19_ (rising edge-triggered flip-flop clocked by clk)
Path Group: clk
Path Type: max

Fanout     Cap    Slew   Delay    Time   Description
-----------------------------------------------------------------------------
                  0.00    0.00    0.00   clock clk (rise edge)
                          0.00    0.00   clock network delay (ideal)
                  0.00    0.00    0.00 ^ _20_/CK (DFFR_X1)
     1    3.45    0.01    0.10    0.10 ^ _20_/Q (DFFR_X1)
                  0.01    0.00    0.10 ^ _17_/B (HA_X1)
     2    3.41    0.03    0.05    0.16 ^ _17_/S (HA_X1)
                  0.03    0.00    0.16 ^ _11_/A (INV_X1)
     1    1.52    0.01    0.01    0.17 v _11_/ZN (INV_X1)
                  0.01    0.00    0.17 v _13_/A (OAI21_X1)
     1    1.16    0.02    0.02    0.19 ^ _13_/ZN (OAI21_X1)
                  0.02    0.00    0.19 ^ _19_/D (DFFS_X1)
                                  0.19   data arrival time

                  0.00    0.01    0.01   clock clk (rise edge)
                          0.00    0.01   clock network delay (ideal)
                          0.00    0.01   clock reconvergence pessimism
                                  0.01 ^ _19_/CK (DFFS_X1)
                         -0.03   -0.02   library setup time
                                 -0.02   data required time
-----------------------------------------------------------------------------
                                 -0.02   data required time
                                 -0.19   data arrival time
-----------------------------------------------------------------------------
                                 -0.21   slack (VIOLATED)



==========================================================================
floorplan final report_checks -unconstrained
--------------------------------------------------------------------------
[WARNING STA-0168] unknown field nets.
Startpoint: _20_ (rising edge-triggered flip-flop clocked by clk)
Endpoint: _19_ (rising edge-triggered flip-flop clocked by clk)
Path Group: clk
Path Type: max

Fanout     Cap    Slew   Delay    Time   Description
-----------------------------------------------------------------------------
                  0.00    0.00    0.00   clock clk (rise edge)
                          0.00    0.00   clock network delay (ideal)
                  0.00    0.00    0.00 ^ _20_/CK (DFFR_X1)
     1    3.45    0.01    0.10    0.10 ^ _20_/Q (DFFR_X1)
                  0.01    0.00    0.10 ^ _17_/B (HA_X1)
     2    3.41    0.03    0.05    0.16 ^ _17_/S (HA_X1)
                  0.03    0.00    0.16 ^ _11_/A (INV_X1)
     1    1.52    0.01    0.01    0.17 v _11_/ZN (INV_X1)
                  0.01    0.00    0.17 v _13_/A (OAI21_X1)
     1    1.16    0.02    0.02    0.19 ^ _13_/ZN (OAI21_X1)
                  0.02    0.00    0.19 ^ _19_/D (DFFS_X1)
                                  0.19   data arrival time

                  0.00    0.01    0.01   clock clk (rise edge)
                          0.00    0.01   clock network delay (ideal)
                          0.00    0.01   clock reconvergence pessimism
                                  0.01 ^ _19_/CK (DFFS_X1)
                         -0.03   -0.02   library setup time
                                 -0.02   data required time
-----------------------------------------------------------------------------
                                 -0.02   data required time
                                 -0.19   data arrival time
-----------------------------------------------------------------------------
                                 -0.21   slack (VIOLATED)



==========================================================================
floorplan final report_power
--------------------------------------------------------------------------
Group                  Internal  Switching    Leakage      Total
                          Power      Power      Power      Power (Watts)
----------------------------------------------------------------
Sequential             2.24e-03   5.06e-04   1.67e-07   2.75e-03  54.4%
Combinational          1.58e-03   7.28e-04   2.70e-07   2.31e-03  45.6%
Clock                  0.00e+00   0.00e+00   0.00e+00   0.00e+00   0.0%
Macro                  0.00e+00   0.00e+00   0.00e+00   0.00e+00   0.0%
Pad                    0.00e+00   0.00e+00   0.00e+00   0.00e+00   0.0%
----------------------------------------------------------------
Total                  3.82e-03   1.23e-03   4.37e-07   5.06e-03 100.0%
                          75.6%      24.4%       0.0%

==========================================================================
floorplan final report_design_area
--------------------------------------------------------------------------
Design area 22 u^2 1% utilization.

