OpenROAD v2.0-22532-gac667f3cc7 
Features included (+) or not (-): +GPU +GUI +Python
This program is licensed under the BSD-3 license. See the LICENSE file for details.
Components of this program may be licensed under more restrictive licenses which must be honored.
[INFO ODB-0227] LEF file: /project/cad-team/LX_Semicon/kmcho/EoR/pdk/Nangate45/Nangate45_tech.lef, created 22 layers, 27 vias
[INFO ODB-0227] LEF file: /project/cad-team/LX_Semicon/kmcho/EoR/pdk/Nangate45/Nangate45_stdcell.lef, created 135 library cells
[WARNING STA-0366] port 'f_clk' not found.
[INFO IFP-0001] Added 95 rows of 706 site FreePDK45_38x28_10R_NP_162NW_34O.
Default units for flow
 time 1ns
 capacitance 1fF
 resistance 1kohm
 voltage 1v
 current 1mA
 power 1nW
 distance 1um

==========================================================================
floorplan final check_setup
--------------------------------------------------------------------------
Warning: There are 17 input ports missing set_input_delay.
Warning: There are 9 output ports missing set_output_delay.
Warning: There are 9 unconstrained endpoints.

==========================================================================
floorplan final report_tns
--------------------------------------------------------------------------
tns max 0.00

==========================================================================
floorplan final report_wns
--------------------------------------------------------------------------
wns max 0.00

==========================================================================
floorplan final report_worst_slack
--------------------------------------------------------------------------
worst slack max INF

==========================================================================
floorplan final report_checks -path_delay min
--------------------------------------------------------------------------
[WARNING STA-0168] unknown field nets.
No paths found.

==========================================================================
floorplan final report_checks -path_delay max
--------------------------------------------------------------------------
[WARNING STA-0168] unknown field nets.
No paths found.

==========================================================================
floorplan final report_checks -unconstrained
--------------------------------------------------------------------------
[WARNING STA-0168] unknown field nets.
Startpoint: b[1] (input port)
Endpoint: result_is_zero (output port)
Path Group: unconstrained
Path Type: max

Fanout     Cap    Slew   Delay    Time   Description
-----------------------------------------------------------------------------
                          0.00    0.00 v input external delay
     2    2.45    0.00    0.00    0.00 v b[1] (in)
                  0.00    0.00    0.00 v _061_/A (INV_X1)
     1    3.45    0.01    0.01    0.01 ^ _061_/ZN (INV_X1)
                  0.01    0.00    0.01 ^ _110_/B (HA_X1)
     2    5.15    0.02    0.04    0.05 ^ _110_/CO (HA_X1)
                  0.02    0.00    0.05 ^ _069_/A (INV_X1)
     1    1.55    0.01    0.01    0.06 v _069_/ZN (INV_X1)
                  0.01    0.00    0.06 v _070_/A3 (NOR3_X1)
     2    4.37    0.05    0.07    0.13 ^ _070_/ZN (NOR3_X1)
                  0.05    0.00    0.13 ^ _114_/B (HA_X1)
     1    1.70    0.02    0.05    0.18 ^ _114_/S (HA_X1)
                  0.02    0.00    0.18 ^ _072_/A (INV_X1)
     1    0.91    0.01    0.01    0.19 v _072_/ZN (INV_X1)
                  0.01    0.00    0.19 v _073_/A (MUX2_X1)
     2    6.01    0.01    0.07    0.26 v _073_/Z (MUX2_X1)
                  0.01    0.00    0.26 v _115_/B (HA_X1)
     1    1.53    0.01    0.06    0.31 v _115_/S (HA_X1)
                  0.01    0.00    0.31 v _096_/A1 (NAND2_X1)
     1    1.66    0.01    0.02    0.33 ^ _096_/ZN (NAND2_X1)
                  0.01    0.00    0.33 ^ _101_/B1 (OAI21_X1)
     1    2.66    0.01    0.02    0.35 v _101_/ZN (OAI21_X1)
                  0.01    0.00    0.35 v _108_/CI (FA_X1)
     1    2.37    0.01    0.07    0.42 v _108_/CO (FA_X1)
                  0.01    0.00    0.42 v _083_/B (XNOR2_X1)
     1    4.42    0.01    0.05    0.46 v _083_/ZN (XNOR2_X1)
                  0.01    0.00    0.46 v _084_/B (XNOR2_X2)
     1    4.42    0.01    0.04    0.50 v _084_/ZN (XNOR2_X2)
                  0.01    0.00    0.50 v _085_/B (XNOR2_X2)
     2    5.45    0.01    0.04    0.55 v _085_/ZN (XNOR2_X2)
                  0.01    0.00    0.55 v _091_/A3 (NOR4_X4)
     1    0.00    0.03    0.06    0.61 ^ _091_/ZN (NOR4_X4)
                  0.03    0.00    0.61 ^ result_is_zero (out)
                                  0.61   data arrival time
-----------------------------------------------------------------------------
(Path is unconstrained)



==========================================================================
floorplan final report_power
--------------------------------------------------------------------------
Group                  Internal  Switching    Leakage      Total
                          Power      Power      Power      Power (Watts)
----------------------------------------------------------------
Sequential             0.00e+00   0.00e+00   0.00e+00   0.00e+00   0.0%
Combinational          4.37e-03   2.96e-03   2.04e-06   7.34e-03 100.0%
Clock                  0.00e+00   0.00e+00   0.00e+00   0.00e+00   0.0%
Macro                  0.00e+00   0.00e+00   0.00e+00   0.00e+00   0.0%
Pad                    0.00e+00   0.00e+00   0.00e+00   0.00e+00   0.0%
----------------------------------------------------------------
Total                  4.37e-03   2.96e-03   2.04e-06   7.34e-03 100.0%
                          59.6%      40.3%       0.0%

==========================================================================
floorplan final report_design_area
--------------------------------------------------------------------------
Design area 90 u^2 1% utilization.

