OpenROAD v2.0-22532-gac667f3cc7 
Features included (+) or not (-): +GPU +GUI +Python
This program is licensed under the BSD-3 license. See the LICENSE file for details.
Components of this program may be licensed under more restrictive licenses which must be honored.
[INFO ODB-0227] LEF file: /project/cad-team/LX_Semicon/kmcho/EoR/pdk/Nangate45/Nangate45_tech.lef, created 22 layers, 27 vias
[INFO ODB-0227] LEF file: /project/cad-team/LX_Semicon/kmcho/EoR/pdk/Nangate45/Nangate45_stdcell.lef, created 135 library cells
[INFO IFP-0001] Added 69 rows of 515 site FreePDK45_38x28_10R_NP_162NW_34O.
Default units for flow
 time 1ns
 capacitance 1fF
 resistance 1kohm
 voltage 1v
 current 1mA
 power 1nW
 distance 1um

==========================================================================
floorplan final check_setup
--------------------------------------------------------------------------
Warning: There are 3 input ports missing set_input_delay.
Warning: There is 1 output port missing set_output_delay.
Warning: There is 1 unconstrained endpoint.

==========================================================================
floorplan final report_tns
--------------------------------------------------------------------------
tns max -1.35

==========================================================================
floorplan final report_wns
--------------------------------------------------------------------------
wns max -0.28

==========================================================================
floorplan final report_worst_slack
--------------------------------------------------------------------------
worst slack max -0.28

==========================================================================
floorplan final report_checks -path_delay min
--------------------------------------------------------------------------
[WARNING STA-0168] unknown field nets.
Startpoint: _43_ (rising edge-triggered flip-flop clocked by clk)
Endpoint: _43_ (rising edge-triggered flip-flop clocked by clk)
Path Group: clk
Path Type: min

Fanout     Cap    Slew   Delay    Time   Description
-----------------------------------------------------------------------------
                  0.00    0.00    0.00   clock clk (rise edge)
                          0.00    0.00   clock network delay (ideal)
                  0.00    0.00    0.00 ^ _43_/CK (DFF_X1)
     2    4.10    0.01    0.07    0.07 ^ _43_/QN (DFF_X1)
                  0.01    0.00    0.07 ^ _34_/A1 (AND2_X1)
     1    1.14    0.01    0.03    0.10 ^ _34_/ZN (AND2_X1)
                  0.01    0.00    0.10 ^ _43_/D (DFF_X1)
                                  0.10   data arrival time

                  0.00    0.00    0.00   clock clk (rise edge)
                          0.00    0.00   clock network delay (ideal)
                          0.00    0.00   clock reconvergence pessimism
                                  0.00 ^ _43_/CK (DFF_X1)
                          0.01    0.01   library hold time
                                  0.01   data required time
-----------------------------------------------------------------------------
                                  0.01   data required time
                                 -0.10   data arrival time
-----------------------------------------------------------------------------
                                  0.09   slack (MET)



==========================================================================
floorplan final report_checks -path_delay max
--------------------------------------------------------------------------
[WARNING STA-0168] unknown field nets.
Startpoint: _39_ (rising edge-triggered flip-flop clocked by clk)
Endpoint: _41_ (rising edge-triggered flip-flop clocked by clk)
Path Group: clk
Path Type: max

Fanout     Cap    Slew   Delay    Time   Description
-----------------------------------------------------------------------------
                  0.00    0.00    0.00   clock clk (rise edge)
                          0.00    0.00   clock network delay (ideal)
                  0.00    0.00    0.00 ^ _39_/CK (DFF_X1)
     1    3.45    0.01    0.09    0.09 ^ _39_/Q (DFF_X1)
                  0.01    0.00    0.09 ^ _37_/B (HA_X1)
     1    3.45    0.01    0.04    0.13 ^ _37_/CO (HA_X1)
                  0.01    0.00    0.13 ^ _36_/B (HA_X1)
     2    2.51    0.03    0.05    0.18 ^ _36_/S (HA_X1)
                  0.03    0.00    0.18 ^ _30_/A2 (NAND4_X1)
     1    3.32    0.02    0.04    0.21 v _30_/ZN (NAND4_X1)
                  0.02    0.00    0.21 v _31_/A3 (NOR3_X2)
     1    1.14    0.02    0.05    0.26 ^ _31_/ZN (NOR3_X2)
                  0.02    0.00    0.26 ^ _41_/D (DFF_X1)
                                  0.26   data arrival time

                  0.00    0.01    0.01   clock clk (rise edge)
                          0.00    0.01   clock network delay (ideal)
                          0.00    0.01   clock reconvergence pessimism
                                  0.01 ^ _41_/CK (DFF_X1)
                         -0.03   -0.02   library setup time
                                 -0.02   data required time
-----------------------------------------------------------------------------
                                 -0.02   data required time
                                 -0.26   data arrival time
-----------------------------------------------------------------------------
                                 -0.28   slack (VIOLATED)



==========================================================================
floorplan final report_checks -unconstrained
--------------------------------------------------------------------------
[WARNING STA-0168] unknown field nets.
Startpoint: _39_ (rising edge-triggered flip-flop clocked by clk)
Endpoint: _41_ (rising edge-triggered flip-flop clocked by clk)
Path Group: clk
Path Type: max

Fanout     Cap    Slew   Delay    Time   Description
-----------------------------------------------------------------------------
                  0.00    0.00    0.00   clock clk (rise edge)
                          0.00    0.00   clock network delay (ideal)
                  0.00    0.00    0.00 ^ _39_/CK (DFF_X1)
     1    3.45    0.01    0.09    0.09 ^ _39_/Q (DFF_X1)
                  0.01    0.00    0.09 ^ _37_/B (HA_X1)
     1    3.45    0.01    0.04    0.13 ^ _37_/CO (HA_X1)
                  0.01    0.00    0.13 ^ _36_/B (HA_X1)
     2    2.51    0.03    0.05    0.18 ^ _36_/S (HA_X1)
                  0.03    0.00    0.18 ^ _30_/A2 (NAND4_X1)
     1    3.32    0.02    0.04    0.21 v _30_/ZN (NAND4_X1)
                  0.02    0.00    0.21 v _31_/A3 (NOR3_X2)
     1    1.14    0.02    0.05    0.26 ^ _31_/ZN (NOR3_X2)
                  0.02    0.00    0.26 ^ _41_/D (DFF_X1)
                                  0.26   data arrival time

                  0.00    0.01    0.01   clock clk (rise edge)
                          0.00    0.01   clock network delay (ideal)
                          0.00    0.01   clock reconvergence pessimism
                                  0.01 ^ _41_/CK (DFF_X1)
                         -0.03   -0.02   library setup time
                                 -0.02   data required time
-----------------------------------------------------------------------------
                                 -0.02   data required time
                                 -0.26   data arrival time
-----------------------------------------------------------------------------
                                 -0.28   slack (VIOLATED)



==========================================================================
floorplan final report_power
--------------------------------------------------------------------------
Group                  Internal  Switching    Leakage      Total
                          Power      Power      Power      Power (Watts)
----------------------------------------------------------------
Sequential             3.94e-03   6.87e-05   4.63e-07   4.01e-03  88.0%
Combinational          3.15e-04   2.33e-04   4.35e-07   5.48e-04  12.0%
Clock                  0.00e+00   0.00e+00   0.00e+00   0.00e+00   0.0%
Macro                  0.00e+00   0.00e+00   0.00e+00   0.00e+00   0.0%
Pad                    0.00e+00   0.00e+00   0.00e+00   0.00e+00   0.0%
----------------------------------------------------------------
Total                  4.26e-03   3.01e-04   8.98e-07   4.56e-03 100.0%
                          93.4%       6.6%       0.0%

==========================================================================
floorplan final report_design_area
--------------------------------------------------------------------------
Design area 48 u^2 1% utilization.

