OpenROAD v2.0-22532-gac667f3cc7 
Features included (+) or not (-): +GPU +GUI +Python
This program is licensed under the BSD-3 license. See the LICENSE file for details.
Components of this program may be licensed under more restrictive licenses which must be honored.
[INFO ODB-0227] LEF file: /project/cad-team/LX_Semicon/kmcho/EoR/pdk/Nangate45/Nangate45_tech.lef, created 22 layers, 27 vias
[INFO ODB-0227] LEF file: /project/cad-team/LX_Semicon/kmcho/EoR/pdk/Nangate45/Nangate45_stdcell.lef, created 135 library cells
[INFO IFP-0001] Added 72 rows of 530 site FreePDK45_38x28_10R_NP_162NW_34O.
Default units for flow
 time 1ns
 capacitance 1fF
 resistance 1kohm
 voltage 1v
 current 1mA
 power 1nW
 distance 1um

==========================================================================
floorplan final check_setup
--------------------------------------------------------------------------
Warning: There are 3 input ports missing set_input_delay.
Warning: There is 1 output port missing set_output_delay.
Warning: There is 1 unconstrained endpoint.

==========================================================================
floorplan final report_tns
--------------------------------------------------------------------------
tns max -1.29

==========================================================================
floorplan final report_wns
--------------------------------------------------------------------------
wns max -0.33

==========================================================================
floorplan final report_worst_slack
--------------------------------------------------------------------------
worst slack max -0.33

==========================================================================
floorplan final report_checks -path_delay min
--------------------------------------------------------------------------
[WARNING STA-0168] unknown field nets.
Startpoint: _42_ (rising edge-triggered flip-flop clocked by clk)
Endpoint: _42_ (rising edge-triggered flip-flop clocked by clk)
Path Group: clk
Path Type: min

Fanout     Cap    Slew   Delay    Time   Description
-----------------------------------------------------------------------------
                  0.00    0.00    0.00   clock clk (rise edge)
                          0.00    0.00   clock network delay (ideal)
                  0.00    0.00    0.00 ^ _42_/CK (DFF_X1)
     1    0.92    0.01    0.06    0.06 ^ _42_/QN (DFF_X1)
                  0.01    0.00    0.06 ^ _27_/A1 (AND2_X1)
     1    1.14    0.01    0.03    0.09 ^ _27_/ZN (AND2_X1)
                  0.01    0.00    0.09 ^ _42_/D (DFF_X1)
                                  0.09   data arrival time

                  0.00    0.00    0.00   clock clk (rise edge)
                          0.00    0.00   clock network delay (ideal)
                          0.00    0.00   clock reconvergence pessimism
                                  0.00 ^ _42_/CK (DFF_X1)
                          0.01    0.01   library hold time
                                  0.01   data required time
-----------------------------------------------------------------------------
                                  0.01   data required time
                                 -0.09   data arrival time
-----------------------------------------------------------------------------
                                  0.08   slack (MET)



==========================================================================
floorplan final report_checks -path_delay max
--------------------------------------------------------------------------
[WARNING STA-0168] unknown field nets.
Startpoint: _46_ (rising edge-triggered flip-flop clocked by clk)
Endpoint: _44_ (rising edge-triggered flip-flop clocked by clk)
Path Group: clk
Path Type: max

Fanout     Cap    Slew   Delay    Time   Description
-----------------------------------------------------------------------------
                  0.00    0.00    0.00   clock clk (rise edge)
                          0.00    0.00   clock network delay (ideal)
                  0.00    0.00    0.00 ^ _46_/CK (DFF_X1)
     3    7.69    0.02    0.10    0.10 ^ _46_/Q (DFF_X1)
                  0.02    0.00    0.10 ^ _40_/B (HA_X1)
     1    3.45    0.01    0.04    0.14 ^ _40_/CO (HA_X1)
                  0.01    0.00    0.14 ^ _41_/B (HA_X1)
     1    1.70    0.02    0.05    0.18 ^ _41_/S (HA_X1)
                  0.02    0.00    0.18 ^ _29_/A (INV_X1)
     1    3.50    0.01    0.01    0.20 v _29_/ZN (INV_X1)
                  0.01    0.00    0.20 v _30_/A4 (NOR4_X2)
     1    1.70    0.03    0.07    0.26 ^ _30_/ZN (NOR4_X2)
                  0.03    0.00    0.26 ^ _31_/A3 (AND3_X2)
     1    1.14    0.01    0.04    0.31 ^ _31_/ZN (AND3_X2)
                  0.01    0.00    0.31 ^ _44_/D (DFF_X1)
                                  0.31   data arrival time

                  0.00    0.01    0.01   clock clk (rise edge)
                          0.00    0.01   clock network delay (ideal)
                          0.00    0.01   clock reconvergence pessimism
                                  0.01 ^ _44_/CK (DFF_X1)
                         -0.03   -0.02   library setup time
                                 -0.02   data required time
-----------------------------------------------------------------------------
                                 -0.02   data required time
                                 -0.31   data arrival time
-----------------------------------------------------------------------------
                                 -0.33   slack (VIOLATED)



==========================================================================
floorplan final report_checks -unconstrained
--------------------------------------------------------------------------
[WARNING STA-0168] unknown field nets.
Startpoint: _46_ (rising edge-triggered flip-flop clocked by clk)
Endpoint: _44_ (rising edge-triggered flip-flop clocked by clk)
Path Group: clk
Path Type: max

Fanout     Cap    Slew   Delay    Time   Description
-----------------------------------------------------------------------------
                  0.00    0.00    0.00   clock clk (rise edge)
                          0.00    0.00   clock network delay (ideal)
                  0.00    0.00    0.00 ^ _46_/CK (DFF_X1)
     3    7.69    0.02    0.10    0.10 ^ _46_/Q (DFF_X1)
                  0.02    0.00    0.10 ^ _40_/B (HA_X1)
     1    3.45    0.01    0.04    0.14 ^ _40_/CO (HA_X1)
                  0.01    0.00    0.14 ^ _41_/B (HA_X1)
     1    1.70    0.02    0.05    0.18 ^ _41_/S (HA_X1)
                  0.02    0.00    0.18 ^ _29_/A (INV_X1)
     1    3.50    0.01    0.01    0.20 v _29_/ZN (INV_X1)
                  0.01    0.00    0.20 v _30_/A4 (NOR4_X2)
     1    1.70    0.03    0.07    0.26 ^ _30_/ZN (NOR4_X2)
                  0.03    0.00    0.26 ^ _31_/A3 (AND3_X2)
     1    1.14    0.01    0.04    0.31 ^ _31_/ZN (AND3_X2)
                  0.01    0.00    0.31 ^ _44_/D (DFF_X1)
                                  0.31   data arrival time

                  0.00    0.01    0.01   clock clk (rise edge)
                          0.00    0.01   clock network delay (ideal)
                          0.00    0.01   clock reconvergence pessimism
                                  0.01 ^ _44_/CK (DFF_X1)
                         -0.03   -0.02   library setup time
                                 -0.02   data required time
-----------------------------------------------------------------------------
                                 -0.02   data required time
                                 -0.31   data arrival time
-----------------------------------------------------------------------------
                                 -0.33   slack (VIOLATED)



==========================================================================
floorplan final report_power
--------------------------------------------------------------------------
Group                  Internal  Switching    Leakage      Total
                          Power      Power      Power      Power (Watts)
----------------------------------------------------------------
Sequential             3.94e-03   9.39e-05   4.63e-07   4.03e-03  86.4%
Combinational          4.06e-04   2.26e-04   5.62e-07   6.33e-04  13.6%
Clock                  0.00e+00   0.00e+00   0.00e+00   0.00e+00   0.0%
Macro                  0.00e+00   0.00e+00   0.00e+00   0.00e+00   0.0%
Pad                    0.00e+00   0.00e+00   0.00e+00   0.00e+00   0.0%
----------------------------------------------------------------
Total                  4.34e-03   3.20e-04   1.03e-06   4.66e-03 100.0%
                          93.1%       6.9%       0.0%

==========================================================================
floorplan final report_design_area
--------------------------------------------------------------------------
Design area 51 u^2 1% utilization.

