OpenROAD v2.0-22532-gac667f3cc7 
Features included (+) or not (-): +GPU +GUI +Python
This program is licensed under the BSD-3 license. See the LICENSE file for details.
Components of this program may be licensed under more restrictive licenses which must be honored.
[INFO ODB-0227] LEF file: /project/cad-team/LX_Semicon/kmcho/EoR/pdk/Nangate45/Nangate45_tech.lef, created 22 layers, 27 vias
[INFO ODB-0227] LEF file: /project/cad-team/LX_Semicon/kmcho/EoR/pdk/Nangate45/Nangate45_stdcell.lef, created 135 library cells
[INFO IFP-0001] Added 71 rows of 527 site FreePDK45_38x28_10R_NP_162NW_34O.
Default units for flow
 time 1ns
 capacitance 1fF
 resistance 1kohm
 voltage 1v
 current 1mA
 power 1nW
 distance 1um

==========================================================================
floorplan final check_setup
--------------------------------------------------------------------------
Warning: There are 3 input ports missing set_input_delay.
Warning: There is 1 output port missing set_output_delay.
Warning: There is 1 unconstrained endpoint.

==========================================================================
floorplan final report_tns
--------------------------------------------------------------------------
tns max -1.34

==========================================================================
floorplan final report_wns
--------------------------------------------------------------------------
wns max -0.31

==========================================================================
floorplan final report_worst_slack
--------------------------------------------------------------------------
worst slack max -0.31

==========================================================================
floorplan final report_checks -path_delay min
--------------------------------------------------------------------------
[WARNING STA-0168] unknown field nets.
Startpoint: _36_ (rising edge-triggered flip-flop clocked by clk)
Endpoint: _36_ (rising edge-triggered flip-flop clocked by clk)
Path Group: clk
Path Type: min

Fanout     Cap    Slew   Delay    Time   Description
-----------------------------------------------------------------------------
                  0.00    0.00    0.00   clock clk (rise edge)
                          0.00    0.00   clock network delay (ideal)
                  0.00    0.00    0.00 ^ _36_/CK (DFF_X1)
     1    0.92    0.01    0.06    0.06 ^ _36_/QN (DFF_X1)
                  0.01    0.00    0.06 ^ _23_/A1 (AND2_X1)
     1    1.14    0.01    0.03    0.09 ^ _23_/ZN (AND2_X1)
                  0.01    0.00    0.09 ^ _36_/D (DFF_X1)
                                  0.09   data arrival time

                  0.00    0.00    0.00   clock clk (rise edge)
                          0.00    0.00   clock network delay (ideal)
                          0.00    0.00   clock reconvergence pessimism
                                  0.00 ^ _36_/CK (DFF_X1)
                          0.01    0.01   library hold time
                                  0.01   data required time
-----------------------------------------------------------------------------
                                  0.01   data required time
                                 -0.09   data arrival time
-----------------------------------------------------------------------------
                                  0.08   slack (MET)



==========================================================================
floorplan final report_checks -path_delay max
--------------------------------------------------------------------------
[WARNING STA-0168] unknown field nets.
Startpoint: _40_ (rising edge-triggered flip-flop clocked by clk)
Endpoint: _38_ (rising edge-triggered flip-flop clocked by clk)
Path Group: clk
Path Type: max

Fanout     Cap    Slew   Delay    Time   Description
-----------------------------------------------------------------------------
                  0.00    0.00    0.00   clock clk (rise edge)
                          0.00    0.00   clock network delay (ideal)
                  0.00    0.00    0.00 ^ _40_/CK (DFF_X1)
     1    3.45    0.01    0.09    0.09 ^ _40_/Q (DFF_X1)
                  0.01    0.00    0.09 ^ _35_/B (HA_X1)
     1    3.45    0.01    0.04    0.13 ^ _35_/CO (HA_X1)
                  0.01    0.00    0.13 ^ _34_/B (HA_X1)
     1    6.20    0.04    0.07    0.19 ^ _34_/S (HA_X1)
                  0.04    0.00    0.19 ^ _28_/A2 (NAND2_X4)
     2    7.35    0.01    0.02    0.21 v _28_/ZN (NAND2_X4)
                  0.01    0.00    0.21 v _29_/A4 (NOR4_X4)
     1    1.14    0.03    0.07    0.28 ^ _29_/ZN (NOR4_X4)
                  0.03    0.00    0.28 ^ _38_/D (DFF_X1)
                                  0.28   data arrival time

                  0.00    0.01    0.01   clock clk (rise edge)
                          0.00    0.01   clock network delay (ideal)
                          0.00    0.01   clock reconvergence pessimism
                                  0.01 ^ _38_/CK (DFF_X1)
                         -0.04   -0.03   library setup time
                                 -0.03   data required time
-----------------------------------------------------------------------------
                                 -0.03   data required time
                                 -0.28   data arrival time
-----------------------------------------------------------------------------
                                 -0.31   slack (VIOLATED)



==========================================================================
floorplan final report_checks -unconstrained
--------------------------------------------------------------------------
[WARNING STA-0168] unknown field nets.
Startpoint: _40_ (rising edge-triggered flip-flop clocked by clk)
Endpoint: _38_ (rising edge-triggered flip-flop clocked by clk)
Path Group: clk
Path Type: max

Fanout     Cap    Slew   Delay    Time   Description
-----------------------------------------------------------------------------
                  0.00    0.00    0.00   clock clk (rise edge)
                          0.00    0.00   clock network delay (ideal)
                  0.00    0.00    0.00 ^ _40_/CK (DFF_X1)
     1    3.45    0.01    0.09    0.09 ^ _40_/Q (DFF_X1)
                  0.01    0.00    0.09 ^ _35_/B (HA_X1)
     1    3.45    0.01    0.04    0.13 ^ _35_/CO (HA_X1)
                  0.01    0.00    0.13 ^ _34_/B (HA_X1)
     1    6.20    0.04    0.07    0.19 ^ _34_/S (HA_X1)
                  0.04    0.00    0.19 ^ _28_/A2 (NAND2_X4)
     2    7.35    0.01    0.02    0.21 v _28_/ZN (NAND2_X4)
                  0.01    0.00    0.21 v _29_/A4 (NOR4_X4)
     1    1.14    0.03    0.07    0.28 ^ _29_/ZN (NOR4_X4)
                  0.03    0.00    0.28 ^ _38_/D (DFF_X1)
                                  0.28   data arrival time

                  0.00    0.01    0.01   clock clk (rise edge)
                          0.00    0.01   clock network delay (ideal)
                          0.00    0.01   clock reconvergence pessimism
                                  0.01 ^ _38_/CK (DFF_X1)
                         -0.04   -0.03   library setup time
                                 -0.03   data required time
-----------------------------------------------------------------------------
                                 -0.03   data required time
                                 -0.28   data arrival time
-----------------------------------------------------------------------------
                                 -0.31   slack (VIOLATED)



==========================================================================
floorplan final report_power
--------------------------------------------------------------------------
Group                  Internal  Switching    Leakage      Total
                          Power      Power      Power      Power (Watts)
----------------------------------------------------------------
Sequential             3.94e-03   1.15e-04   4.63e-07   4.05e-03  88.0%
Combinational          2.93e-04   2.59e-04   5.08e-07   5.52e-04  12.0%
Clock                  0.00e+00   0.00e+00   0.00e+00   0.00e+00   0.0%
Macro                  0.00e+00   0.00e+00   0.00e+00   0.00e+00   0.0%
Pad                    0.00e+00   0.00e+00   0.00e+00   0.00e+00   0.0%
----------------------------------------------------------------
Total                  4.23e-03   3.75e-04   9.71e-07   4.61e-03 100.0%
                          91.8%       8.1%       0.0%

==========================================================================
floorplan final report_design_area
--------------------------------------------------------------------------
Design area 50 u^2 1% utilization.

