OpenROAD v2.0-22532-gac667f3cc7 
Features included (+) or not (-): +GPU +GUI +Python
This program is licensed under the BSD-3 license. See the LICENSE file for details.
Components of this program may be licensed under more restrictive licenses which must be honored.
[INFO ODB-0227] LEF file: /project/cad-team/LX_Semicon/kmcho/EoR/pdk/Nangate45/Nangate45_tech.lef, created 22 layers, 27 vias
[INFO ODB-0227] LEF file: /project/cad-team/LX_Semicon/kmcho/EoR/pdk/Nangate45/Nangate45_stdcell.lef, created 135 library cells
[INFO IFP-0001] Added 71 rows of 529 site FreePDK45_38x28_10R_NP_162NW_34O.
Default units for flow
 time 1ns
 capacitance 1fF
 resistance 1kohm
 voltage 1v
 current 1mA
 power 1nW
 distance 1um

==========================================================================
floorplan final check_setup
--------------------------------------------------------------------------
Warning: There are 3 input ports missing set_input_delay.
Warning: There is 1 output port missing set_output_delay.
Warning: There is 1 unconstrained endpoint.

==========================================================================
floorplan final report_tns
--------------------------------------------------------------------------
tns max -1.29

==========================================================================
floorplan final report_wns
--------------------------------------------------------------------------
wns max -0.29

==========================================================================
floorplan final report_worst_slack
--------------------------------------------------------------------------
worst slack max -0.29

==========================================================================
floorplan final report_checks -path_delay min
--------------------------------------------------------------------------
[WARNING STA-0168] unknown field nets.
Startpoint: _47_ (rising edge-triggered flip-flop clocked by clk)
Endpoint: _48_ (rising edge-triggered flip-flop clocked by clk)
Path Group: clk
Path Type: min

Fanout     Cap    Slew   Delay    Time   Description
-----------------------------------------------------------------------------
                  0.00    0.00    0.00   clock clk (rise edge)
                          0.00    0.00   clock network delay (ideal)
                  0.00    0.00    0.00 ^ _47_/CK (DFF_X1)
     2    4.11    0.02    0.07    0.07 ^ _47_/QN (DFF_X1)
                  0.02    0.00    0.07 ^ _46_/A (HA_X1)
     1    1.41    0.01    0.02    0.08 v _46_/S (HA_X1)
                  0.01    0.00    0.08 v _31_/A1 (NOR2_X1)
     1    1.14    0.01    0.02    0.10 ^ _31_/ZN (NOR2_X1)
                  0.01    0.00    0.10 ^ _48_/D (DFF_X1)
                                  0.10   data arrival time

                  0.00    0.00    0.00   clock clk (rise edge)
                          0.00    0.00   clock network delay (ideal)
                          0.00    0.00   clock reconvergence pessimism
                                  0.00 ^ _48_/CK (DFF_X1)
                          0.01    0.01   library hold time
                                  0.01   data required time
-----------------------------------------------------------------------------
                                  0.01   data required time
                                 -0.10   data arrival time
-----------------------------------------------------------------------------
                                  0.10   slack (MET)



==========================================================================
floorplan final report_checks -path_delay max
--------------------------------------------------------------------------
[WARNING STA-0168] unknown field nets.
Startpoint: _51_ (rising edge-triggered flip-flop clocked by clk)
Endpoint: _49_ (rising edge-triggered flip-flop clocked by clk)
Path Group: clk
Path Type: max

Fanout     Cap    Slew   Delay    Time   Description
-----------------------------------------------------------------------------
                  0.00    0.00    0.00   clock clk (rise edge)
                          0.00    0.00   clock network delay (ideal)
                  0.00    0.00    0.00 ^ _51_/CK (DFF_X1)
     3    7.69    0.02    0.10    0.10 ^ _51_/Q (DFF_X1)
                  0.02    0.00    0.10 ^ _44_/B (HA_X1)
     1    3.45    0.01    0.04    0.14 ^ _44_/CO (HA_X1)
                  0.01    0.00    0.14 ^ _45_/B (HA_X1)
     1    1.66    0.02    0.05    0.18 ^ _45_/S (HA_X1)
                  0.02    0.00    0.18 ^ _35_/A4 (NAND4_X1)
     1    1.55    0.02    0.03    0.21 v _35_/ZN (NAND4_X1)
                  0.02    0.00    0.21 v _36_/A3 (NOR3_X1)
     1    1.14    0.02    0.05    0.26 ^ _36_/ZN (NOR3_X1)
                  0.02    0.00    0.26 ^ _49_/D (DFF_X1)
                                  0.26   data arrival time

                  0.00    0.01    0.01   clock clk (rise edge)
                          0.00    0.01   clock network delay (ideal)
                          0.00    0.01   clock reconvergence pessimism
                                  0.01 ^ _49_/CK (DFF_X1)
                         -0.04   -0.03   library setup time
                                 -0.03   data required time
-----------------------------------------------------------------------------
                                 -0.03   data required time
                                 -0.26   data arrival time
-----------------------------------------------------------------------------
                                 -0.29   slack (VIOLATED)



==========================================================================
floorplan final report_checks -unconstrained
--------------------------------------------------------------------------
[WARNING STA-0168] unknown field nets.
Startpoint: _51_ (rising edge-triggered flip-flop clocked by clk)
Endpoint: _49_ (rising edge-triggered flip-flop clocked by clk)
Path Group: clk
Path Type: max

Fanout     Cap    Slew   Delay    Time   Description
-----------------------------------------------------------------------------
                  0.00    0.00    0.00   clock clk (rise edge)
                          0.00    0.00   clock network delay (ideal)
                  0.00    0.00    0.00 ^ _51_/CK (DFF_X1)
     3    7.69    0.02    0.10    0.10 ^ _51_/Q (DFF_X1)
                  0.02    0.00    0.10 ^ _44_/B (HA_X1)
     1    3.45    0.01    0.04    0.14 ^ _44_/CO (HA_X1)
                  0.01    0.00    0.14 ^ _45_/B (HA_X1)
     1    1.66    0.02    0.05    0.18 ^ _45_/S (HA_X1)
                  0.02    0.00    0.18 ^ _35_/A4 (NAND4_X1)
     1    1.55    0.02    0.03    0.21 v _35_/ZN (NAND4_X1)
                  0.02    0.00    0.21 v _36_/A3 (NOR3_X1)
     1    1.14    0.02    0.05    0.26 ^ _36_/ZN (NOR3_X1)
                  0.02    0.00    0.26 ^ _49_/D (DFF_X1)
                                  0.26   data arrival time

                  0.00    0.01    0.01   clock clk (rise edge)
                          0.00    0.01   clock network delay (ideal)
                          0.00    0.01   clock reconvergence pessimism
                                  0.01 ^ _49_/CK (DFF_X1)
                         -0.04   -0.03   library setup time
                                 -0.03   data required time
-----------------------------------------------------------------------------
                                 -0.03   data required time
                                 -0.26   data arrival time
-----------------------------------------------------------------------------
                                 -0.29   slack (VIOLATED)



==========================================================================
floorplan final report_power
--------------------------------------------------------------------------
Group                  Internal  Switching    Leakage      Total
                          Power      Power      Power      Power (Watts)
----------------------------------------------------------------
Sequential             3.94e-03   1.24e-04   4.63e-07   4.07e-03  87.3%
Combinational          3.71e-04   2.20e-04   5.11e-07   5.92e-04  12.7%
Clock                  0.00e+00   0.00e+00   0.00e+00   0.00e+00   0.0%
Macro                  0.00e+00   0.00e+00   0.00e+00   0.00e+00   0.0%
Pad                    0.00e+00   0.00e+00   0.00e+00   0.00e+00   0.0%
----------------------------------------------------------------
Total                  4.32e-03   3.44e-04   9.74e-07   4.66e-03 100.0%
                          92.6%       7.4%       0.0%

==========================================================================
floorplan final report_design_area
--------------------------------------------------------------------------
Design area 51 u^2 1% utilization.

