OpenROAD v2.0-22532-gac667f3cc7 
Features included (+) or not (-): +GPU +GUI +Python
This program is licensed under the BSD-3 license. See the LICENSE file for details.
Components of this program may be licensed under more restrictive licenses which must be honored.
[INFO ODB-0227] LEF file: /project/cad-team/LX_Semicon/kmcho/EoR/pdk/Nangate45/Nangate45_tech.lef, created 22 layers, 27 vias
[INFO ODB-0227] LEF file: /project/cad-team/LX_Semicon/kmcho/EoR/pdk/Nangate45/Nangate45_stdcell.lef, created 135 library cells
[INFO IFP-0001] Added 144 rows of 1065 site FreePDK45_38x28_10R_NP_162NW_34O.
Default units for flow
 time 1ns
 capacitance 1fF
 resistance 1kohm
 voltage 1v
 current 1mA
 power 1nW
 distance 1um

==========================================================================
floorplan final check_setup
--------------------------------------------------------------------------
Warning: There are 2 input ports missing set_input_delay.
Warning: There are 9 output ports missing set_output_delay.
Warning: There are 9 unconstrained endpoints.

==========================================================================
floorplan final report_tns
--------------------------------------------------------------------------
tns max -5.49

==========================================================================
floorplan final report_wns
--------------------------------------------------------------------------
wns max -0.26

==========================================================================
floorplan final report_worst_slack
--------------------------------------------------------------------------
worst slack max -0.26

==========================================================================
floorplan final report_checks -path_delay min
--------------------------------------------------------------------------
[WARNING STA-0168] unknown field nets.
Startpoint: _183_ (rising edge-triggered flip-flop clocked by clk)
Endpoint: _183_ (rising edge-triggered flip-flop clocked by clk)
Path Group: clk
Path Type: min

Fanout     Cap    Slew   Delay    Time   Description
-----------------------------------------------------------------------------
                  0.00    0.00    0.00   clock clk (rise edge)
                          0.00    0.00   clock network delay (ideal)
                  0.00    0.00    0.00 ^ _183_/CK (DFF_X1)
     2    1.53    0.01    0.08    0.08 v _183_/Q (DFF_X1)
                  0.01    0.00    0.08 v _124_/A1 (NAND2_X1)
     1    1.68    0.01    0.01    0.09 ^ _124_/ZN (NAND2_X1)
                  0.01    0.00    0.09 ^ _125_/B2 (AOI21_X1)
     1    1.06    0.01    0.01    0.10 v _125_/ZN (AOI21_X1)
                  0.01    0.00    0.10 v _183_/D (DFF_X1)
                                  0.10   data arrival time

                  0.00    0.00    0.00   clock clk (rise edge)
                          0.00    0.00   clock network delay (ideal)
                          0.00    0.00   clock reconvergence pessimism
                                  0.00 ^ _183_/CK (DFF_X1)
                          0.00    0.00   library hold time
                                  0.00   data required time
-----------------------------------------------------------------------------
                                  0.00   data required time
                                 -0.10   data arrival time
-----------------------------------------------------------------------------
                                  0.10   slack (MET)



==========================================================================
floorplan final report_checks -path_delay max
--------------------------------------------------------------------------
[WARNING STA-0168] unknown field nets.
Startpoint: _191_ (rising edge-triggered flip-flop clocked by clk)
Endpoint: _181_ (rising edge-triggered flip-flop clocked by clk)
Path Group: clk
Path Type: max

Fanout     Cap    Slew   Delay    Time   Description
-----------------------------------------------------------------------------
                  0.00    0.00    0.00   clock clk (rise edge)
                          0.00    0.00   clock network delay (ideal)
                  0.00    0.00    0.00 ^ _191_/CK (DFF_X1)
     3    6.56    0.02    0.10    0.10 ^ _191_/Q (DFF_X1)
                  0.02    0.00    0.10 ^ _176_/A (HA_X1)
     1    3.45    0.01    0.04    0.13 ^ _176_/CO (HA_X1)
                  0.01    0.00    0.13 ^ _177_/B (HA_X1)
     2    2.67    0.01    0.03    0.17 ^ _177_/CO (HA_X1)
                  0.01    0.00    0.17 ^ _110_/A (INV_X1)
     1    1.55    0.00    0.01    0.18 v _110_/ZN (INV_X1)
                  0.00    0.00    0.18 v _113_/B1 (AOI22_X1)
     1    1.65    0.02    0.04    0.21 ^ _113_/ZN (AOI22_X1)
                  0.02    0.00    0.21 ^ _114_/A2 (NOR2_X1)
     1    1.06    0.01    0.01    0.23 v _114_/ZN (NOR2_X1)
                  0.01    0.00    0.23 v _181_/D (DFF_X1)
                                  0.23   data arrival time

                  0.00    0.01    0.01   clock clk (rise edge)
                          0.00    0.01   clock network delay (ideal)
                          0.00    0.01   clock reconvergence pessimism
                                  0.01 ^ _181_/CK (DFF_X1)
                         -0.04   -0.03   library setup time
                                 -0.03   data required time
-----------------------------------------------------------------------------
                                 -0.03   data required time
                                 -0.23   data arrival time
-----------------------------------------------------------------------------
                                 -0.26   slack (VIOLATED)



==========================================================================
floorplan final report_checks -unconstrained
--------------------------------------------------------------------------
[WARNING STA-0168] unknown field nets.
Startpoint: _191_ (rising edge-triggered flip-flop clocked by clk)
Endpoint: _181_ (rising edge-triggered flip-flop clocked by clk)
Path Group: clk
Path Type: max

Fanout     Cap    Slew   Delay    Time   Description
-----------------------------------------------------------------------------
                  0.00    0.00    0.00   clock clk (rise edge)
                          0.00    0.00   clock network delay (ideal)
                  0.00    0.00    0.00 ^ _191_/CK (DFF_X1)
     3    6.56    0.02    0.10    0.10 ^ _191_/Q (DFF_X1)
                  0.02    0.00    0.10 ^ _176_/A (HA_X1)
     1    3.45    0.01    0.04    0.13 ^ _176_/CO (HA_X1)
                  0.01    0.00    0.13 ^ _177_/B (HA_X1)
     2    2.67    0.01    0.03    0.17 ^ _177_/CO (HA_X1)
                  0.01    0.00    0.17 ^ _110_/A (INV_X1)
     1    1.55    0.00    0.01    0.18 v _110_/ZN (INV_X1)
                  0.00    0.00    0.18 v _113_/B1 (AOI22_X1)
     1    1.65    0.02    0.04    0.21 ^ _113_/ZN (AOI22_X1)
                  0.02    0.00    0.21 ^ _114_/A2 (NOR2_X1)
     1    1.06    0.01    0.01    0.23 v _114_/ZN (NOR2_X1)
                  0.01    0.00    0.23 v _181_/D (DFF_X1)
                                  0.23   data arrival time

                  0.00    0.01    0.01   clock clk (rise edge)
                          0.00    0.01   clock network delay (ideal)
                          0.00    0.01   clock reconvergence pessimism
                                  0.01 ^ _181_/CK (DFF_X1)
                         -0.04   -0.03   library setup time
                                 -0.03   data required time
-----------------------------------------------------------------------------
                                 -0.03   data required time
                                 -0.23   data arrival time
-----------------------------------------------------------------------------
                                 -0.26   slack (VIOLATED)



==========================================================================
floorplan final report_power
--------------------------------------------------------------------------
Group                  Internal  Switching    Leakage      Total
                          Power      Power      Power      Power (Watts)
----------------------------------------------------------------
Sequential             1.65e-02   1.52e-04   1.83e-06   1.66e-02  86.2%
Combinational          1.54e-03   1.11e-03   2.67e-06   2.65e-03  13.8%
Clock                  0.00e+00   0.00e+00   0.00e+00   0.00e+00   0.0%
Macro                  0.00e+00   0.00e+00   0.00e+00   0.00e+00   0.0%
Pad                    0.00e+00   0.00e+00   0.00e+00   0.00e+00   0.0%
----------------------------------------------------------------
Total                  1.80e-02   1.26e-03   4.51e-06   1.93e-02 100.0%
                          93.4%       6.5%       0.0%

==========================================================================
floorplan final report_design_area
--------------------------------------------------------------------------
Design area 205 u^2 1% utilization.

