OpenROAD v2.0-22532-gac667f3cc7 
Features included (+) or not (-): +GPU +GUI +Python
This program is licensed under the BSD-3 license. See the LICENSE file for details.
Components of this program may be licensed under more restrictive licenses which must be honored.
[INFO ODB-0227] LEF file: /project/cad-team/LX_Semicon/kmcho/EoR/pdk/Nangate45/Nangate45_tech.lef, created 22 layers, 27 vias
[INFO ODB-0227] LEF file: /project/cad-team/LX_Semicon/kmcho/EoR/pdk/Nangate45/Nangate45_stdcell.lef, created 135 library cells
[INFO IFP-0001] Added 139 rows of 1027 site FreePDK45_38x28_10R_NP_162NW_34O.
Default units for flow
 time 1ns
 capacitance 1fF
 resistance 1kohm
 voltage 1v
 current 1mA
 power 1nW
 distance 1um

==========================================================================
floorplan final check_setup
--------------------------------------------------------------------------
Warning: There are 2 input ports missing set_input_delay.
Warning: There are 9 output ports missing set_output_delay.
Warning: There are 9 unconstrained endpoints.

==========================================================================
floorplan final report_tns
--------------------------------------------------------------------------
tns max -5.82

==========================================================================
floorplan final report_wns
--------------------------------------------------------------------------
wns max -0.25

==========================================================================
floorplan final report_worst_slack
--------------------------------------------------------------------------
worst slack max -0.25

==========================================================================
floorplan final report_checks -path_delay min
--------------------------------------------------------------------------
[WARNING STA-0168] unknown field nets.
Startpoint: _185_ (rising edge-triggered flip-flop clocked by clk)
Endpoint: _185_ (rising edge-triggered flip-flop clocked by clk)
Path Group: clk
Path Type: min

Fanout     Cap    Slew   Delay    Time   Description
-----------------------------------------------------------------------------
                  0.00    0.00    0.00   clock clk (rise edge)
                          0.00    0.00   clock network delay (ideal)
                  0.00    0.00    0.00 ^ _185_/CK (DFF_X1)
     2    1.53    0.01    0.08    0.08 v _185_/Q (DFF_X1)
                  0.01    0.00    0.08 v _125_/A1 (NAND2_X1)
     1    1.68    0.01    0.01    0.09 ^ _125_/ZN (NAND2_X1)
                  0.01    0.00    0.09 ^ _126_/B2 (AOI21_X1)
     1    1.06    0.01    0.01    0.10 v _126_/ZN (AOI21_X1)
                  0.01    0.00    0.10 v _185_/D (DFF_X1)
                                  0.10   data arrival time

                  0.00    0.00    0.00   clock clk (rise edge)
                          0.00    0.00   clock network delay (ideal)
                          0.00    0.00   clock reconvergence pessimism
                                  0.00 ^ _185_/CK (DFF_X1)
                          0.00    0.00   library hold time
                                  0.00   data required time
-----------------------------------------------------------------------------
                                  0.00   data required time
                                 -0.10   data arrival time
-----------------------------------------------------------------------------
                                  0.10   slack (MET)



==========================================================================
floorplan final report_checks -path_delay max
--------------------------------------------------------------------------
[WARNING STA-0168] unknown field nets.
Startpoint: _201_ (rising edge-triggered flip-flop clocked by clk)
Endpoint: _183_ (rising edge-triggered flip-flop clocked by clk)
Path Group: clk
Path Type: max

Fanout     Cap    Slew   Delay    Time   Description
-----------------------------------------------------------------------------
                  0.00    0.00    0.00   clock clk (rise edge)
                          0.00    0.00   clock network delay (ideal)
                  0.00    0.00    0.00 ^ _201_/CK (DFF_X1)
     3    5.79    0.02    0.09    0.09 ^ _201_/Q (DFF_X1)
                  0.02    0.00    0.09 ^ _178_/A (HA_X1)
     1    3.45    0.01    0.04    0.13 ^ _178_/CO (HA_X1)
                  0.01    0.00    0.13 ^ _179_/B (HA_X1)
     2    2.67    0.01    0.03    0.17 ^ _179_/CO (HA_X1)
                  0.01    0.00    0.17 ^ _111_/A (INV_X1)
     1    1.55    0.00    0.01    0.17 v _111_/ZN (INV_X1)
                  0.00    0.00    0.17 v _113_/B1 (AOI22_X1)
     1    1.65    0.02    0.04    0.21 ^ _113_/ZN (AOI22_X1)
                  0.02    0.00    0.21 ^ _114_/A2 (NOR2_X1)
     1    1.06    0.01    0.01    0.22 v _114_/ZN (NOR2_X1)
                  0.01    0.00    0.22 v _183_/D (DFF_X1)
                                  0.22   data arrival time

                  0.00    0.01    0.01   clock clk (rise edge)
                          0.00    0.01   clock network delay (ideal)
                          0.00    0.01   clock reconvergence pessimism
                                  0.01 ^ _183_/CK (DFF_X1)
                         -0.04   -0.03   library setup time
                                 -0.03   data required time
-----------------------------------------------------------------------------
                                 -0.03   data required time
                                 -0.22   data arrival time
-----------------------------------------------------------------------------
                                 -0.25   slack (VIOLATED)



==========================================================================
floorplan final report_checks -unconstrained
--------------------------------------------------------------------------
[WARNING STA-0168] unknown field nets.
Startpoint: _201_ (rising edge-triggered flip-flop clocked by clk)
Endpoint: _183_ (rising edge-triggered flip-flop clocked by clk)
Path Group: clk
Path Type: max

Fanout     Cap    Slew   Delay    Time   Description
-----------------------------------------------------------------------------
                  0.00    0.00    0.00   clock clk (rise edge)
                          0.00    0.00   clock network delay (ideal)
                  0.00    0.00    0.00 ^ _201_/CK (DFF_X1)
     3    5.79    0.02    0.09    0.09 ^ _201_/Q (DFF_X1)
                  0.02    0.00    0.09 ^ _178_/A (HA_X1)
     1    3.45    0.01    0.04    0.13 ^ _178_/CO (HA_X1)
                  0.01    0.00    0.13 ^ _179_/B (HA_X1)
     2    2.67    0.01    0.03    0.17 ^ _179_/CO (HA_X1)
                  0.01    0.00    0.17 ^ _111_/A (INV_X1)
     1    1.55    0.00    0.01    0.17 v _111_/ZN (INV_X1)
                  0.00    0.00    0.17 v _113_/B1 (AOI22_X1)
     1    1.65    0.02    0.04    0.21 ^ _113_/ZN (AOI22_X1)
                  0.02    0.00    0.21 ^ _114_/A2 (NOR2_X1)
     1    1.06    0.01    0.01    0.22 v _114_/ZN (NOR2_X1)
                  0.01    0.00    0.22 v _183_/D (DFF_X1)
                                  0.22   data arrival time

                  0.00    0.01    0.01   clock clk (rise edge)
                          0.00    0.01   clock network delay (ideal)
                          0.00    0.01   clock reconvergence pessimism
                                  0.01 ^ _183_/CK (DFF_X1)
                         -0.04   -0.03   library setup time
                                 -0.03   data required time
-----------------------------------------------------------------------------
                                 -0.03   data required time
                                 -0.22   data arrival time
-----------------------------------------------------------------------------
                                 -0.25   slack (VIOLATED)



==========================================================================
floorplan final report_power
--------------------------------------------------------------------------
Group                  Internal  Switching    Leakage      Total
                          Power      Power      Power      Power (Watts)
----------------------------------------------------------------
Sequential             1.65e-02   1.41e-04   1.83e-06   1.66e-02  88.8%
Combinational          1.02e-03   1.08e-03   2.13e-06   2.10e-03  11.2%
Clock                  0.00e+00   0.00e+00   0.00e+00   0.00e+00   0.0%
Macro                  0.00e+00   0.00e+00   0.00e+00   0.00e+00   0.0%
Pad                    0.00e+00   0.00e+00   0.00e+00   0.00e+00   0.0%
----------------------------------------------------------------
Total                  1.75e-02   1.22e-03   3.96e-06   1.87e-02 100.0%
                          93.5%       6.5%       0.0%

==========================================================================
floorplan final report_design_area
--------------------------------------------------------------------------
Design area 191 u^2 1% utilization.

