OpenROAD v2.0-22532-gac667f3cc7 
Features included (+) or not (-): +GPU +GUI +Python
This program is licensed under the BSD-3 license. See the LICENSE file for details.
Components of this program may be licensed under more restrictive licenses which must be honored.
[INFO ODB-0227] LEF file: /project/cad-team/LX_Semicon/kmcho/EoR/pdk/Nangate45/Nangate45_tech.lef, created 22 layers, 27 vias
[INFO ODB-0227] LEF file: /project/cad-team/LX_Semicon/kmcho/EoR/pdk/Nangate45/Nangate45_stdcell.lef, created 135 library cells
[INFO IFP-0001] Added 143 rows of 1060 site FreePDK45_38x28_10R_NP_162NW_34O.
Default units for flow
 time 1ns
 capacitance 1fF
 resistance 1kohm
 voltage 1v
 current 1mA
 power 1nW
 distance 1um

==========================================================================
floorplan final check_setup
--------------------------------------------------------------------------
Warning: There are 2 input ports missing set_input_delay.
Warning: There are 9 output ports missing set_output_delay.
Warning: There are 9 unconstrained endpoints.

==========================================================================
floorplan final report_tns
--------------------------------------------------------------------------
tns max -5.63

==========================================================================
floorplan final report_wns
--------------------------------------------------------------------------
wns max -0.26

==========================================================================
floorplan final report_worst_slack
--------------------------------------------------------------------------
worst slack max -0.26

==========================================================================
floorplan final report_checks -path_delay min
--------------------------------------------------------------------------
[WARNING STA-0168] unknown field nets.
Startpoint: _186_ (rising edge-triggered flip-flop clocked by clk)
Endpoint: _186_ (rising edge-triggered flip-flop clocked by clk)
Path Group: clk
Path Type: min

Fanout     Cap    Slew   Delay    Time   Description
-----------------------------------------------------------------------------
                  0.00    0.00    0.00   clock clk (rise edge)
                          0.00    0.00   clock network delay (ideal)
                  0.00    0.00    0.00 ^ _186_/CK (DFF_X1)
     2    1.53    0.01    0.08    0.08 v _186_/Q (DFF_X1)
                  0.01    0.00    0.08 v _127_/A1 (NAND2_X1)
     1    1.68    0.01    0.01    0.09 ^ _127_/ZN (NAND2_X1)
                  0.01    0.00    0.09 ^ _128_/B2 (AOI21_X1)
     1    1.06    0.01    0.01    0.10 v _128_/ZN (AOI21_X1)
                  0.01    0.00    0.10 v _186_/D (DFF_X1)
                                  0.10   data arrival time

                  0.00    0.00    0.00   clock clk (rise edge)
                          0.00    0.00   clock network delay (ideal)
                          0.00    0.00   clock reconvergence pessimism
                                  0.00 ^ _186_/CK (DFF_X1)
                          0.00    0.00   library hold time
                                  0.00   data required time
-----------------------------------------------------------------------------
                                  0.00   data required time
                                 -0.10   data arrival time
-----------------------------------------------------------------------------
                                  0.10   slack (MET)



==========================================================================
floorplan final report_checks -path_delay max
--------------------------------------------------------------------------
[WARNING STA-0168] unknown field nets.
Startpoint: _194_ (rising edge-triggered flip-flop clocked by clk)
Endpoint: _196_ (rising edge-triggered flip-flop clocked by clk)
Path Group: clk
Path Type: max

Fanout     Cap    Slew   Delay    Time   Description
-----------------------------------------------------------------------------
                  0.00    0.00    0.00   clock clk (rise edge)
                          0.00    0.00   clock network delay (ideal)
                  0.00    0.00    0.00 ^ _194_/CK (DFF_X1)
     3    5.73    0.02    0.09    0.09 ^ _194_/Q (DFF_X1)
                  0.02    0.00    0.09 ^ _179_/A (HA_X1)
     2    5.11    0.02    0.04    0.14 ^ _179_/CO (HA_X1)
                  0.02    0.00    0.14 ^ _180_/B (HA_X1)
     1    3.48    0.03    0.06    0.19 ^ _180_/S (HA_X1)
                  0.03    0.00    0.19 ^ _158_/A2 (AOI22_X2)
     1    1.56    0.01    0.02    0.21 v _158_/ZN (AOI22_X2)
                  0.01    0.00    0.21 v _159_/A2 (NOR2_X1)
     1    1.14    0.01    0.03    0.23 ^ _159_/ZN (NOR2_X1)
                  0.01    0.00    0.23 ^ _196_/D (DFF_X1)
                                  0.23   data arrival time

                  0.00    0.01    0.01   clock clk (rise edge)
                          0.00    0.01   clock network delay (ideal)
                          0.00    0.01   clock reconvergence pessimism
                                  0.01 ^ _196_/CK (DFF_X1)
                         -0.03   -0.02   library setup time
                                 -0.02   data required time
-----------------------------------------------------------------------------
                                 -0.02   data required time
                                 -0.23   data arrival time
-----------------------------------------------------------------------------
                                 -0.26   slack (VIOLATED)



==========================================================================
floorplan final report_checks -unconstrained
--------------------------------------------------------------------------
[WARNING STA-0168] unknown field nets.
Startpoint: _194_ (rising edge-triggered flip-flop clocked by clk)
Endpoint: _196_ (rising edge-triggered flip-flop clocked by clk)
Path Group: clk
Path Type: max

Fanout     Cap    Slew   Delay    Time   Description
-----------------------------------------------------------------------------
                  0.00    0.00    0.00   clock clk (rise edge)
                          0.00    0.00   clock network delay (ideal)
                  0.00    0.00    0.00 ^ _194_/CK (DFF_X1)
     3    5.73    0.02    0.09    0.09 ^ _194_/Q (DFF_X1)
                  0.02    0.00    0.09 ^ _179_/A (HA_X1)
     2    5.11    0.02    0.04    0.14 ^ _179_/CO (HA_X1)
                  0.02    0.00    0.14 ^ _180_/B (HA_X1)
     1    3.48    0.03    0.06    0.19 ^ _180_/S (HA_X1)
                  0.03    0.00    0.19 ^ _158_/A2 (AOI22_X2)
     1    1.56    0.01    0.02    0.21 v _158_/ZN (AOI22_X2)
                  0.01    0.00    0.21 v _159_/A2 (NOR2_X1)
     1    1.14    0.01    0.03    0.23 ^ _159_/ZN (NOR2_X1)
                  0.01    0.00    0.23 ^ _196_/D (DFF_X1)
                                  0.23   data arrival time

                  0.00    0.01    0.01   clock clk (rise edge)
                          0.00    0.01   clock network delay (ideal)
                          0.00    0.01   clock reconvergence pessimism
                                  0.01 ^ _196_/CK (DFF_X1)
                         -0.03   -0.02   library setup time
                                 -0.02   data required time
-----------------------------------------------------------------------------
                                 -0.02   data required time
                                 -0.23   data arrival time
-----------------------------------------------------------------------------
                                 -0.26   slack (VIOLATED)



==========================================================================
floorplan final report_power
--------------------------------------------------------------------------
Group                  Internal  Switching    Leakage      Total
                          Power      Power      Power      Power (Watts)
----------------------------------------------------------------
Sequential             1.71e-02   2.01e-04   1.91e-06   1.73e-02  87.0%
Combinational          1.38e-03   1.21e-03   2.37e-06   2.59e-03  13.0%
Clock                  0.00e+00   0.00e+00   0.00e+00   0.00e+00   0.0%
Macro                  0.00e+00   0.00e+00   0.00e+00   0.00e+00   0.0%
Pad                    0.00e+00   0.00e+00   0.00e+00   0.00e+00   0.0%
----------------------------------------------------------------
Total                  1.85e-02   1.41e-03   4.29e-06   1.99e-02 100.0%
                          92.9%       7.1%       0.0%

==========================================================================
floorplan final report_design_area
--------------------------------------------------------------------------
Design area 203 u^2 1% utilization.

