OpenROAD v2.0-22532-gac667f3cc7 
Features included (+) or not (-): +GPU +GUI +Python
This program is licensed under the BSD-3 license. See the LICENSE file for details.
Components of this program may be licensed under more restrictive licenses which must be honored.
[INFO ODB-0227] LEF file: /project/cad-team/LX_Semicon/kmcho/EoR/pdk/Nangate45/Nangate45_tech.lef, created 22 layers, 27 vias
[INFO ODB-0227] LEF file: /project/cad-team/LX_Semicon/kmcho/EoR/pdk/Nangate45/Nangate45_stdcell.lef, created 135 library cells
[INFO IFP-0001] Added 144 rows of 1067 site FreePDK45_38x28_10R_NP_162NW_34O.
Default units for flow
 time 1ns
 capacitance 1fF
 resistance 1kohm
 voltage 1v
 current 1mA
 power 1nW
 distance 1um

==========================================================================
floorplan final check_setup
--------------------------------------------------------------------------
Warning: There are 9 input ports missing set_input_delay.
Warning: There are 8 output ports missing set_output_delay.
Warning: There are 24 unconstrained endpoints.

==========================================================================
floorplan final report_tns
--------------------------------------------------------------------------
tns max -3.69

==========================================================================
floorplan final report_wns
--------------------------------------------------------------------------
wns max -0.65

==========================================================================
floorplan final report_worst_slack
--------------------------------------------------------------------------
worst slack max -0.65

==========================================================================
floorplan final report_checks -path_delay min
--------------------------------------------------------------------------
[WARNING STA-0168] unknown field nets.
Startpoint: _137_ (rising edge-triggered flip-flop clocked by clk)
Endpoint: _129_ (rising edge-triggered flip-flop clocked by clk)
Path Group: clk
Path Type: min

Fanout     Cap    Slew   Delay    Time   Description
-----------------------------------------------------------------------------
                  0.00    0.00    0.00   clock clk (rise edge)
                          0.00    0.00   clock network delay (ideal)
                  0.00    0.00    0.00 ^ _137_/CK (DFFR_X1)
     1    1.05    0.01    0.08    0.08 v _137_/Q (DFFR_X1)
                  0.01    0.00    0.08 v _129_/D (DFFR_X1)
                                  0.08   data arrival time

                  0.00    0.00    0.00   clock clk (rise edge)
                          0.00    0.00   clock network delay (ideal)
                          0.00    0.00   clock reconvergence pessimism
                                  0.00 ^ _129_/CK (DFFR_X1)
                          0.00    0.00   library hold time
                                  0.00   data required time
-----------------------------------------------------------------------------
                                  0.00   data required time
                                 -0.08   data arrival time
-----------------------------------------------------------------------------
                                  0.08   slack (MET)



==========================================================================
floorplan final report_checks -path_delay max
--------------------------------------------------------------------------
[WARNING STA-0168] unknown field nets.
Startpoint: _117_ (rising edge-triggered flip-flop clocked by clk)
Endpoint: _135_ (rising edge-triggered flip-flop clocked by clk)
Path Group: clk
Path Type: max

Fanout     Cap    Slew   Delay    Time   Description
-----------------------------------------------------------------------------
                  0.00    0.00    0.00   clock clk (rise edge)
                          0.00    0.00   clock network delay (ideal)
                  0.00    0.00    0.00 ^ _117_/CK (DFFR_X1)
     1    3.45    0.01    0.10    0.10 ^ _117_/Q (DFFR_X1)
                  0.01    0.00    0.10 ^ _111_/B (HA_X1)
     1    1.70    0.01    0.03    0.14 ^ _111_/CO (HA_X1)
                  0.01    0.00    0.14 ^ _103_/A (INV_X1)
     1    2.66    0.00    0.01    0.14 v _103_/ZN (INV_X1)
                  0.00    0.00    0.14 v _104_/CI (FA_X1)
     1    2.94    0.01    0.07    0.21 v _104_/CO (FA_X1)
                  0.01    0.00    0.21 v _086_/A (INV_X2)
     2    4.44    0.01    0.02    0.23 ^ _086_/ZN (INV_X2)
                  0.01    0.00    0.23 ^ _087_/B2 (AOI21_X1)
     1    1.59    0.01    0.01    0.24 v _087_/ZN (AOI21_X1)
                  0.01    0.00    0.24 v _088_/A2 (OR2_X2)
     1    2.66    0.01    0.05    0.29 v _088_/ZN (OR2_X2)
                  0.01    0.00    0.29 v _109_/CI (FA_X1)
     1    1.70    0.01    0.11    0.40 ^ _109_/S (FA_X1)
                  0.01    0.00    0.40 ^ _098_/A (INV_X1)
     1    3.34    0.01    0.01    0.41 v _098_/ZN (INV_X1)
                  0.01    0.00    0.41 v _115_/B (HA_X1)
     3    5.26    0.02    0.06    0.47 v _115_/S (HA_X1)
                  0.02    0.00    0.47 v _101_/B2 (AOI21_X1)
     1    1.66    0.02    0.03    0.50 ^ _101_/ZN (AOI21_X1)
                  0.02    0.00    0.50 ^ _102_/A2 (NAND2_X1)
     1    2.66    0.01    0.02    0.52 v _102_/ZN (NAND2_X1)
                  0.01    0.00    0.52 v _110_/CI (FA_X1)
     1    1.13    0.01    0.11    0.63 ^ _110_/S (FA_X1)
                  0.01    0.00    0.63 ^ _135_/D (DFFR_X1)
                                  0.63   data arrival time

                  0.00    0.01    0.01   clock clk (rise edge)
                          0.00    0.01   clock network delay (ideal)
                          0.00    0.01   clock reconvergence pessimism
                                  0.01 ^ _135_/CK (DFFR_X1)
                         -0.03   -0.02   library setup time
                                 -0.02   data required time
-----------------------------------------------------------------------------
                                 -0.02   data required time
                                 -0.63   data arrival time
-----------------------------------------------------------------------------
                                 -0.65   slack (VIOLATED)



==========================================================================
floorplan final report_checks -unconstrained
--------------------------------------------------------------------------
[WARNING STA-0168] unknown field nets.
Startpoint: _117_ (rising edge-triggered flip-flop clocked by clk)
Endpoint: _135_ (rising edge-triggered flip-flop clocked by clk)
Path Group: clk
Path Type: max

Fanout     Cap    Slew   Delay    Time   Description
-----------------------------------------------------------------------------
                  0.00    0.00    0.00   clock clk (rise edge)
                          0.00    0.00   clock network delay (ideal)
                  0.00    0.00    0.00 ^ _117_/CK (DFFR_X1)
     1    3.45    0.01    0.10    0.10 ^ _117_/Q (DFFR_X1)
                  0.01    0.00    0.10 ^ _111_/B (HA_X1)
     1    1.70    0.01    0.03    0.14 ^ _111_/CO (HA_X1)
                  0.01    0.00    0.14 ^ _103_/A (INV_X1)
     1    2.66    0.00    0.01    0.14 v _103_/ZN (INV_X1)
                  0.00    0.00    0.14 v _104_/CI (FA_X1)
     1    2.94    0.01    0.07    0.21 v _104_/CO (FA_X1)
                  0.01    0.00    0.21 v _086_/A (INV_X2)
     2    4.44    0.01    0.02    0.23 ^ _086_/ZN (INV_X2)
                  0.01    0.00    0.23 ^ _087_/B2 (AOI21_X1)
     1    1.59    0.01    0.01    0.24 v _087_/ZN (AOI21_X1)
                  0.01    0.00    0.24 v _088_/A2 (OR2_X2)
     1    2.66    0.01    0.05    0.29 v _088_/ZN (OR2_X2)
                  0.01    0.00    0.29 v _109_/CI (FA_X1)
     1    1.70    0.01    0.11    0.40 ^ _109_/S (FA_X1)
                  0.01    0.00    0.40 ^ _098_/A (INV_X1)
     1    3.34    0.01    0.01    0.41 v _098_/ZN (INV_X1)
                  0.01    0.00    0.41 v _115_/B (HA_X1)
     3    5.26    0.02    0.06    0.47 v _115_/S (HA_X1)
                  0.02    0.00    0.47 v _101_/B2 (AOI21_X1)
     1    1.66    0.02    0.03    0.50 ^ _101_/ZN (AOI21_X1)
                  0.02    0.00    0.50 ^ _102_/A2 (NAND2_X1)
     1    2.66    0.01    0.02    0.52 v _102_/ZN (NAND2_X1)
                  0.01    0.00    0.52 v _110_/CI (FA_X1)
     1    1.13    0.01    0.11    0.63 ^ _110_/S (FA_X1)
                  0.01    0.00    0.63 ^ _135_/D (DFFR_X1)
                                  0.63   data arrival time

                  0.00    0.01    0.01   clock clk (rise edge)
                          0.00    0.01   clock network delay (ideal)
                          0.00    0.01   clock reconvergence pessimism
                                  0.01 ^ _135_/CK (DFFR_X1)
                         -0.03   -0.02   library setup time
                                 -0.02   data required time
-----------------------------------------------------------------------------
                                 -0.02   data required time
                                 -0.63   data arrival time
-----------------------------------------------------------------------------
                                 -0.65   slack (VIOLATED)



==========================================================================
floorplan final report_power
--------------------------------------------------------------------------
Group                  Internal  Switching    Leakage      Total
                          Power      Power      Power      Power (Watts)
----------------------------------------------------------------
Sequential             1.67e-02   3.71e-04   2.02e-06   1.71e-02  78.2%
Combinational          3.15e-03   1.61e-03   1.70e-06   4.77e-03  21.8%
Clock                  0.00e+00   0.00e+00   0.00e+00   0.00e+00   0.0%
Macro                  0.00e+00   0.00e+00   0.00e+00   0.00e+00   0.0%
Pad                    0.00e+00   0.00e+00   0.00e+00   0.00e+00   0.0%
----------------------------------------------------------------
Total                  1.99e-02   1.98e-03   3.72e-06   2.19e-02 100.0%
                          90.9%       9.1%       0.0%

==========================================================================
floorplan final report_design_area
--------------------------------------------------------------------------
Design area 206 u^2 1% utilization.

