OpenROAD v2.0-22532-gac667f3cc7 
Features included (+) or not (-): +GPU +GUI +Python
This program is licensed under the BSD-3 license. See the LICENSE file for details.
Components of this program may be licensed under more restrictive licenses which must be honored.
[INFO ODB-0227] LEF file: /project/cad-team/LX_Semicon/kmcho/EoR/pdk/Nangate45/Nangate45_tech.lef, created 22 layers, 27 vias
[INFO ODB-0227] LEF file: /project/cad-team/LX_Semicon/kmcho/EoR/pdk/Nangate45/Nangate45_stdcell.lef, created 135 library cells
[INFO IFP-0001] Added 55 rows of 406 site FreePDK45_38x28_10R_NP_162NW_34O.
Default units for flow
 time 1ns
 capacitance 1fF
 resistance 1kohm
 voltage 1v
 current 1mA
 power 1nW
 distance 1um

==========================================================================
floorplan final check_setup
--------------------------------------------------------------------------
Warning: There are 3 input ports missing set_input_delay.
Warning: There are 2 output ports missing set_output_delay.
Warning: There are 2 unconstrained endpoints.

==========================================================================
floorplan final report_tns
--------------------------------------------------------------------------
tns max -0.44

==========================================================================
floorplan final report_wns
--------------------------------------------------------------------------
wns max -0.24

==========================================================================
floorplan final report_worst_slack
--------------------------------------------------------------------------
worst slack max -0.24

==========================================================================
floorplan final report_checks -path_delay min
--------------------------------------------------------------------------
[WARNING STA-0168] unknown field nets.
Startpoint: _31_ (rising edge-triggered flip-flop clocked by clk)
Endpoint: _30_ (rising edge-triggered flip-flop clocked by clk)
Path Group: clk
Path Type: min

Fanout     Cap    Slew   Delay    Time   Description
-----------------------------------------------------------------------------
                  0.00    0.00    0.00   clock clk (rise edge)
                          0.00    0.00   clock network delay (ideal)
                  0.00    0.00    0.00 ^ _31_/CK (DFFR_X1)
     2    1.55    0.01    0.08    0.08 v _31_/Q (DFFR_X1)
                  0.01    0.00    0.08 v _23_/A (INV_X1)
     2    4.30    0.01    0.02    0.10 ^ _23_/ZN (INV_X1)
                  0.01    0.00    0.10 ^ _24_/C2 (AOI211_X1)
     1    1.09    0.01    0.02    0.12 v _24_/ZN (AOI211_X1)
                  0.01    0.00    0.12 v _30_/D (DFFS_X1)
                                  0.12   data arrival time

                  0.00    0.00    0.00   clock clk (rise edge)
                          0.00    0.00   clock network delay (ideal)
                          0.00    0.00   clock reconvergence pessimism
                                  0.00 ^ _30_/CK (DFFS_X1)
                          0.00    0.00   library hold time
                                  0.00   data required time
-----------------------------------------------------------------------------
                                  0.00   data required time
                                 -0.12   data arrival time
-----------------------------------------------------------------------------
                                  0.11   slack (MET)



==========================================================================
floorplan final report_checks -path_delay max
--------------------------------------------------------------------------
[WARNING STA-0168] unknown field nets.
Startpoint: _30_ (rising edge-triggered flip-flop clocked by clk)
Endpoint: _31_ (rising edge-triggered flip-flop clocked by clk)
Path Group: clk
Path Type: max

Fanout     Cap    Slew   Delay    Time   Description
-----------------------------------------------------------------------------
                  0.00    0.00    0.00   clock clk (rise edge)
                          0.00    0.00   clock network delay (ideal)
                  0.00    0.00    0.00 ^ _30_/CK (DFFS_X1)
     1    3.00    0.01    0.07    0.07 v _30_/QN (DFFS_X1)
                  0.01    0.00    0.07 v _19_/A (BUF_X4)
     7   12.79    0.01    0.03    0.10 v _19_/Z (BUF_X4)
                  0.01    0.00    0.10 v _25_/B1 (OAI21_X1)
     1    1.66    0.02    0.03    0.12 ^ _25_/ZN (OAI21_X1)
                  0.02    0.00    0.12 ^ _26_/B (OAI211_X1)
     1    1.56    0.01    0.03    0.15 v _26_/ZN (OAI211_X1)
                  0.01    0.00    0.15 v _29_/A (MUX2_X2)
     1    1.05    0.01    0.05    0.21 v _29_/Z (MUX2_X2)
                  0.01    0.00    0.21 v _31_/D (DFFR_X1)
                                  0.21   data arrival time

                  0.00    0.01    0.01   clock clk (rise edge)
                          0.00    0.01   clock network delay (ideal)
                          0.00    0.01   clock reconvergence pessimism
                                  0.01 ^ _31_/CK (DFFR_X1)
                         -0.04   -0.03   library setup time
                                 -0.03   data required time
-----------------------------------------------------------------------------
                                 -0.03   data required time
                                 -0.21   data arrival time
-----------------------------------------------------------------------------
                                 -0.24   slack (VIOLATED)



==========================================================================
floorplan final report_checks -unconstrained
--------------------------------------------------------------------------
[WARNING STA-0168] unknown field nets.
Startpoint: _30_ (rising edge-triggered flip-flop clocked by clk)
Endpoint: _31_ (rising edge-triggered flip-flop clocked by clk)
Path Group: clk
Path Type: max

Fanout     Cap    Slew   Delay    Time   Description
-----------------------------------------------------------------------------
                  0.00    0.00    0.00   clock clk (rise edge)
                          0.00    0.00   clock network delay (ideal)
                  0.00    0.00    0.00 ^ _30_/CK (DFFS_X1)
     1    3.00    0.01    0.07    0.07 v _30_/QN (DFFS_X1)
                  0.01    0.00    0.07 v _19_/A (BUF_X4)
     7   12.79    0.01    0.03    0.10 v _19_/Z (BUF_X4)
                  0.01    0.00    0.10 v _25_/B1 (OAI21_X1)
     1    1.66    0.02    0.03    0.12 ^ _25_/ZN (OAI21_X1)
                  0.02    0.00    0.12 ^ _26_/B (OAI211_X1)
     1    1.56    0.01    0.03    0.15 v _26_/ZN (OAI211_X1)
                  0.01    0.00    0.15 v _29_/A (MUX2_X2)
     1    1.05    0.01    0.05    0.21 v _29_/Z (MUX2_X2)
                  0.01    0.00    0.21 v _31_/D (DFFR_X1)
                                  0.21   data arrival time

                  0.00    0.01    0.01   clock clk (rise edge)
                          0.00    0.01   clock network delay (ideal)
                          0.00    0.01   clock reconvergence pessimism
                                  0.01 ^ _31_/CK (DFFR_X1)
                         -0.04   -0.03   library setup time
                                 -0.03   data required time
-----------------------------------------------------------------------------
                                 -0.03   data required time
                                 -0.21   data arrival time
-----------------------------------------------------------------------------
                                 -0.24   slack (VIOLATED)



==========================================================================
floorplan final report_power
--------------------------------------------------------------------------
Group                  Internal  Switching    Leakage      Total
                          Power      Power      Power      Power (Watts)
----------------------------------------------------------------
Sequential             2.04e-03   5.02e-04   1.71e-07   2.54e-03  42.9%
Combinational          2.11e-03   1.27e-03   5.72e-07   3.38e-03  57.1%
Clock                  0.00e+00   0.00e+00   0.00e+00   0.00e+00   0.0%
Macro                  0.00e+00   0.00e+00   0.00e+00   0.00e+00   0.0%
Pad                    0.00e+00   0.00e+00   0.00e+00   0.00e+00   0.0%
----------------------------------------------------------------
Total                  4.15e-03   1.77e-03   7.43e-07   5.92e-03 100.0%
                          70.1%      29.9%       0.0%

==========================================================================
floorplan final report_design_area
--------------------------------------------------------------------------
Design area 30 u^2 1% utilization.

