OpenROAD v2.0-22532-gac667f3cc7 
Features included (+) or not (-): +GPU +GUI +Python
This program is licensed under the BSD-3 license. See the LICENSE file for details.
Components of this program may be licensed under more restrictive licenses which must be honored.
[INFO ODB-0227] LEF file: /project/cad-team/LX_Semicon/kmcho/EoR/pdk/Nangate45/Nangate45_tech.lef, created 22 layers, 27 vias
[INFO ODB-0227] LEF file: /project/cad-team/LX_Semicon/kmcho/EoR/pdk/Nangate45/Nangate45_stdcell.lef, created 135 library cells
[INFO IFP-0001] Added 183 rows of 1350 site FreePDK45_38x28_10R_NP_162NW_34O.
Default units for flow
 time 1ns
 capacitance 1fF
 resistance 1kohm
 voltage 1v
 current 1mA
 power 1nW
 distance 1um

==========================================================================
floorplan final check_setup
--------------------------------------------------------------------------
Warning: There are 9 input ports missing set_input_delay.
Warning: There are 25 output ports missing set_output_delay.
Warning: There are 25 unconstrained endpoints.

==========================================================================
floorplan final report_tns
--------------------------------------------------------------------------
tns max -11.80

==========================================================================
floorplan final report_wns
--------------------------------------------------------------------------
wns max -0.30

==========================================================================
floorplan final report_worst_slack
--------------------------------------------------------------------------
worst slack max -0.30

==========================================================================
floorplan final report_checks -path_delay min
--------------------------------------------------------------------------
[WARNING STA-0168] unknown field nets.
Startpoint: _216_ (rising edge-triggered flip-flop clocked by clk)
Endpoint: _215_ (rising edge-triggered flip-flop clocked by clk)
Path Group: clk
Path Type: min

Fanout     Cap    Slew   Delay    Time   Description
-----------------------------------------------------------------------------
                  0.00    0.00    0.00   clock clk (rise edge)
                          0.00    0.00   clock network delay (ideal)
                  0.00    0.00    0.00 ^ _216_/CK (DFF_X1)
     3    6.82    0.01    0.09    0.09 v _216_/Q (DFF_X1)
                  0.01    0.00    0.09 v _139_/A (INV_X1)
     2    3.37    0.01    0.02    0.11 ^ _139_/ZN (INV_X1)
                  0.01    0.00    0.11 ^ _140_/A1 (NOR2_X1)
     1    1.06    0.00    0.01    0.11 v _140_/ZN (NOR2_X1)
                  0.00    0.00    0.11 v _215_/D (DFF_X1)
                                  0.11   data arrival time

                  0.00    0.00    0.00   clock clk (rise edge)
                          0.00    0.00   clock network delay (ideal)
                          0.00    0.00   clock reconvergence pessimism
                                  0.00 ^ _215_/CK (DFF_X1)
                          0.00    0.00   library hold time
                                  0.00   data required time
-----------------------------------------------------------------------------
                                  0.00   data required time
                                 -0.11   data arrival time
-----------------------------------------------------------------------------
                                  0.11   slack (MET)



==========================================================================
floorplan final report_checks -path_delay max
--------------------------------------------------------------------------
[WARNING STA-0168] unknown field nets.
Startpoint: _214_ (rising edge-triggered flip-flop clocked by clk)
Endpoint: _250_ (rising edge-triggered flip-flop clocked by clk)
Path Group: clk
Path Type: max

Fanout     Cap    Slew   Delay    Time   Description
-----------------------------------------------------------------------------
                  0.00    0.00    0.00   clock clk (rise edge)
                          0.00    0.00   clock network delay (ideal)
                  0.00    0.00    0.00 ^ _214_/CK (DFF_X1)
     1    3.00    0.01    0.08    0.08 v _214_/Q (DFF_X1)
                  0.01    0.00    0.08 v _133_/A (BUF_X4)
     5   15.21    0.01    0.03    0.11 v _133_/Z (BUF_X4)
                  0.01    0.00    0.11 v _181_/A3 (OR3_X4)
     2    7.07    0.01    0.07    0.18 v _181_/ZN (OR3_X4)
                  0.01    0.00    0.18 v _197_/A (OAI21_X4)
     7   13.44    0.03    0.03    0.21 ^ _197_/ZN (OAI21_X4)
                  0.03    0.00    0.21 ^ _198_/S (MUX2_X1)
     1    1.06    0.01    0.06    0.27 v _198_/Z (MUX2_X1)
                  0.01    0.00    0.27 v _250_/D (DFF_X1)
                                  0.27   data arrival time

                  0.00    0.01    0.01   clock clk (rise edge)
                          0.00    0.01   clock network delay (ideal)
                          0.00    0.01   clock reconvergence pessimism
                                  0.01 ^ _250_/CK (DFF_X1)
                         -0.04   -0.03   library setup time
                                 -0.03   data required time
-----------------------------------------------------------------------------
                                 -0.03   data required time
                                 -0.27   data arrival time
-----------------------------------------------------------------------------
                                 -0.30   slack (VIOLATED)



==========================================================================
floorplan final report_checks -unconstrained
--------------------------------------------------------------------------
[WARNING STA-0168] unknown field nets.
Startpoint: _214_ (rising edge-triggered flip-flop clocked by clk)
Endpoint: _250_ (rising edge-triggered flip-flop clocked by clk)
Path Group: clk
Path Type: max

Fanout     Cap    Slew   Delay    Time   Description
-----------------------------------------------------------------------------
                  0.00    0.00    0.00   clock clk (rise edge)
                          0.00    0.00   clock network delay (ideal)
                  0.00    0.00    0.00 ^ _214_/CK (DFF_X1)
     1    3.00    0.01    0.08    0.08 v _214_/Q (DFF_X1)
                  0.01    0.00    0.08 v _133_/A (BUF_X4)
     5   15.21    0.01    0.03    0.11 v _133_/Z (BUF_X4)
                  0.01    0.00    0.11 v _181_/A3 (OR3_X4)
     2    7.07    0.01    0.07    0.18 v _181_/ZN (OR3_X4)
                  0.01    0.00    0.18 v _197_/A (OAI21_X4)
     7   13.44    0.03    0.03    0.21 ^ _197_/ZN (OAI21_X4)
                  0.03    0.00    0.21 ^ _198_/S (MUX2_X1)
     1    1.06    0.01    0.06    0.27 v _198_/Z (MUX2_X1)
                  0.01    0.00    0.27 v _250_/D (DFF_X1)
                                  0.27   data arrival time

                  0.00    0.01    0.01   clock clk (rise edge)
                          0.00    0.01   clock network delay (ideal)
                          0.00    0.01   clock reconvergence pessimism
                                  0.01 ^ _250_/CK (DFF_X1)
                         -0.04   -0.03   library setup time
                                 -0.03   data required time
-----------------------------------------------------------------------------
                                 -0.03   data required time
                                 -0.27   data arrival time
-----------------------------------------------------------------------------
                                 -0.30   slack (VIOLATED)



==========================================================================
floorplan final report_power
--------------------------------------------------------------------------
Group                  Internal  Switching    Leakage      Total
                          Power      Power      Power      Power (Watts)
----------------------------------------------------------------
Sequential             3.51e-02   9.64e-04   3.43e-06   3.60e-02  82.5%
Combinational          5.28e-03   2.37e-03   2.87e-06   7.66e-03  17.5%
Clock                  0.00e+00   0.00e+00   0.00e+00   0.00e+00   0.0%
Macro                  0.00e+00   0.00e+00   0.00e+00   0.00e+00   0.0%
Pad                    0.00e+00   0.00e+00   0.00e+00   0.00e+00   0.0%
----------------------------------------------------------------
Total                  4.03e-02   3.34e-03   6.30e-06   4.37e-02 100.0%
                          92.4%       7.6%       0.0%

==========================================================================
floorplan final report_design_area
--------------------------------------------------------------------------
Design area 329 u^2 1% utilization.

