OpenROAD v2.0-22532-gac667f3cc7 
Features included (+) or not (-): +GPU +GUI +Python
This program is licensed under the BSD-3 license. See the LICENSE file for details.
Components of this program may be licensed under more restrictive licenses which must be honored.
[INFO ODB-0227] LEF file: /project/cad-team/LX_Semicon/kmcho/EoR/pdk/Nangate45/Nangate45_tech.lef, created 22 layers, 27 vias
[INFO ODB-0227] LEF file: /project/cad-team/LX_Semicon/kmcho/EoR/pdk/Nangate45/Nangate45_stdcell.lef, created 135 library cells
[INFO IFP-0001] Added 114 rows of 846 site FreePDK45_38x28_10R_NP_162NW_34O.
Default units for flow
 time 1ns
 capacitance 1fF
 resistance 1kohm
 voltage 1v
 current 1mA
 power 1nW
 distance 1um

==========================================================================
floorplan final check_setup
--------------------------------------------------------------------------
Warning: There are 19 input ports missing set_input_delay.
Warning: There are 16 output ports missing set_output_delay.
Warning: There are 16 unconstrained endpoints.

==========================================================================
floorplan final report_tns
--------------------------------------------------------------------------
tns max -3.03

==========================================================================
floorplan final report_wns
--------------------------------------------------------------------------
wns max -0.19

==========================================================================
floorplan final report_worst_slack
--------------------------------------------------------------------------
worst slack max -0.19

==========================================================================
floorplan final report_checks -path_delay min
--------------------------------------------------------------------------
[WARNING STA-0168] unknown field nets.
Startpoint: _088_ (rising edge-triggered flip-flop clocked by clk)
Endpoint: _088_ (rising edge-triggered flip-flop clocked by clk)
Path Group: clk
Path Type: min

Fanout     Cap    Slew   Delay    Time   Description
-----------------------------------------------------------------------------
                  0.00    0.00    0.00   clock clk (rise edge)
                          0.00    0.00   clock network delay (ideal)
                  0.00    0.00    0.00 ^ _088_/CK (DFF_X1)
     2    0.95    0.01    0.08    0.08 ^ _088_/Q (DFF_X1)
                  0.01    0.00    0.08 ^ _055_/A (MUX2_X1)
     1    1.73    0.01    0.04    0.12 ^ _055_/Z (MUX2_X1)
                  0.01    0.00    0.12 ^ _056_/A2 (AND2_X2)
     1    1.14    0.01    0.03    0.15 ^ _056_/ZN (AND2_X2)
                  0.01    0.00    0.15 ^ _088_/D (DFF_X1)
                                  0.15   data arrival time

                  0.00    0.00    0.00   clock clk (rise edge)
                          0.00    0.00   clock network delay (ideal)
                          0.00    0.00   clock reconvergence pessimism
                                  0.00 ^ _088_/CK (DFF_X1)
                          0.00    0.00   library hold time
                                  0.00   data required time
-----------------------------------------------------------------------------
                                  0.00   data required time
                                 -0.15   data arrival time
-----------------------------------------------------------------------------
                                  0.14   slack (MET)



==========================================================================
floorplan final report_checks -path_delay max
--------------------------------------------------------------------------
[WARNING STA-0168] unknown field nets.
Startpoint: _088_ (rising edge-triggered flip-flop clocked by clk)
Endpoint: _088_ (rising edge-triggered flip-flop clocked by clk)
Path Group: clk
Path Type: max

Fanout     Cap    Slew   Delay    Time   Description
-----------------------------------------------------------------------------
                  0.00    0.00    0.00   clock clk (rise edge)
                          0.00    0.00   clock network delay (ideal)
                  0.00    0.00    0.00 ^ _088_/CK (DFF_X1)
     2    0.91    0.01    0.08    0.08 v _088_/Q (DFF_X1)
                  0.01    0.00    0.08 v _055_/A (MUX2_X1)
     1    1.57    0.01    0.06    0.13 v _055_/Z (MUX2_X1)
                  0.01    0.00    0.13 v _056_/A2 (AND2_X2)
     1    1.06    0.00    0.03    0.16 v _056_/ZN (AND2_X2)
                  0.00    0.00    0.16 v _088_/D (DFF_X1)
                                  0.16   data arrival time

                  0.00    0.01    0.01   clock clk (rise edge)
                          0.00    0.01   clock network delay (ideal)
                          0.00    0.01   clock reconvergence pessimism
                                  0.01 ^ _088_/CK (DFF_X1)
                         -0.04   -0.03   library setup time
                                 -0.03   data required time
-----------------------------------------------------------------------------
                                 -0.03   data required time
                                 -0.16   data arrival time
-----------------------------------------------------------------------------
                                 -0.19   slack (VIOLATED)



==========================================================================
floorplan final report_checks -unconstrained
--------------------------------------------------------------------------
[WARNING STA-0168] unknown field nets.
Startpoint: _088_ (rising edge-triggered flip-flop clocked by clk)
Endpoint: _088_ (rising edge-triggered flip-flop clocked by clk)
Path Group: clk
Path Type: max

Fanout     Cap    Slew   Delay    Time   Description
-----------------------------------------------------------------------------
                  0.00    0.00    0.00   clock clk (rise edge)
                          0.00    0.00   clock network delay (ideal)
                  0.00    0.00    0.00 ^ _088_/CK (DFF_X1)
     2    0.91    0.01    0.08    0.08 v _088_/Q (DFF_X1)
                  0.01    0.00    0.08 v _055_/A (MUX2_X1)
     1    1.57    0.01    0.06    0.13 v _055_/Z (MUX2_X1)
                  0.01    0.00    0.13 v _056_/A2 (AND2_X2)
     1    1.06    0.00    0.03    0.16 v _056_/ZN (AND2_X2)
                  0.00    0.00    0.16 v _088_/D (DFF_X1)
                                  0.16   data arrival time

                  0.00    0.01    0.01   clock clk (rise edge)
                          0.00    0.01   clock network delay (ideal)
                          0.00    0.01   clock reconvergence pessimism
                                  0.01 ^ _088_/CK (DFF_X1)
                         -0.04   -0.03   library setup time
                                 -0.03   data required time
-----------------------------------------------------------------------------
                                 -0.03   data required time
                                 -0.16   data arrival time
-----------------------------------------------------------------------------
                                 -0.19   slack (VIOLATED)



==========================================================================
floorplan final report_power
--------------------------------------------------------------------------
Group                  Internal  Switching    Leakage      Total
                          Power      Power      Power      Power (Watts)
----------------------------------------------------------------
Sequential             9.89e-03   1.02e-04   1.25e-06   1.00e-02  79.1%
Combinational          1.90e-03   7.40e-04   1.56e-06   2.64e-03  20.9%
Clock                  0.00e+00   0.00e+00   0.00e+00   0.00e+00   0.0%
Macro                  0.00e+00   0.00e+00   0.00e+00   0.00e+00   0.0%
Pad                    0.00e+00   0.00e+00   0.00e+00   0.00e+00   0.0%
----------------------------------------------------------------
Total                  1.18e-02   8.41e-04   2.81e-06   1.26e-02 100.0%
                          93.3%       6.7%       0.0%

==========================================================================
floorplan final report_design_area
--------------------------------------------------------------------------
Design area 129 u^2 1% utilization.

