OpenROAD v2.0-22532-gac667f3cc7 
Features included (+) or not (-): +GPU +GUI +Python
This program is licensed under the BSD-3 license. See the LICENSE file for details.
Components of this program may be licensed under more restrictive licenses which must be honored.
[INFO ODB-0227] LEF file: /project/cad-team/LX_Semicon/kmcho/EoR/pdk/Nangate45/Nangate45_tech.lef, created 22 layers, 27 vias
[INFO ODB-0227] LEF file: /project/cad-team/LX_Semicon/kmcho/EoR/pdk/Nangate45/Nangate45_stdcell.lef, created 135 library cells
[WARNING STA-0366] port 'f_clk' not found.
[INFO IFP-0001] Added 474 rows of 3499 site FreePDK45_38x28_10R_NP_162NW_34O.
Default units for flow
 time 1ns
 capacitance 1fF
 resistance 1kohm
 voltage 1v
 current 1mA
 power 1nW
 distance 1um

==========================================================================
floorplan final check_setup
--------------------------------------------------------------------------
Warning: There are 24 input ports missing set_input_delay.
Warning: There are 32 output ports missing set_output_delay.
Warning: There are 32 unconstrained endpoints.

==========================================================================
floorplan final report_tns
--------------------------------------------------------------------------
tns max 0.00

==========================================================================
floorplan final report_wns
--------------------------------------------------------------------------
wns max 0.00

==========================================================================
floorplan final report_worst_slack
--------------------------------------------------------------------------
worst slack max INF

==========================================================================
floorplan final report_checks -path_delay min
--------------------------------------------------------------------------
[WARNING STA-0168] unknown field nets.
No paths found.

==========================================================================
floorplan final report_checks -path_delay max
--------------------------------------------------------------------------
[WARNING STA-0168] unknown field nets.
No paths found.

==========================================================================
floorplan final report_checks -unconstrained
--------------------------------------------------------------------------
[WARNING STA-0168] unknown field nets.
Startpoint: B[1] (input port)
Endpoint: odd[0] (output port)
Path Group: unconstrained
Path Type: max

Fanout     Cap    Slew   Delay    Time   Description
-----------------------------------------------------------------------------
                          0.00    0.00 v input external delay
    17   56.05    0.00    0.00    0.00 v B[1] (in)
                  0.00    0.00    0.00 v _1813_/A (INV_X1)
    18   58.20    0.14    0.14    0.14 ^ _1813_/ZN (INV_X1)
                  0.14    0.00    0.14 ^ _3294_/A (HA_X1)
     2    5.23    0.02    0.06    0.21 ^ _3294_/CO (HA_X1)
                  0.02    0.00    0.21 ^ _1812_/A (BUF_X2)
     6   13.14    0.02    0.04    0.24 ^ _1812_/Z (BUF_X2)
                  0.02    0.00    0.24 ^ _1822_/A1 (AND2_X1)
     2    4.41    0.01    0.04    0.28 ^ _1822_/ZN (AND2_X1)
                  0.01    0.00    0.28 ^ _1823_/A3 (AND3_X1)
     1    3.45    0.02    0.05    0.33 ^ _1823_/ZN (AND3_X1)
                  0.02    0.00    0.33 ^ _3296_/B (HA_X1)
     1    1.70    0.03    0.05    0.38 ^ _3296_/S (HA_X1)
                  0.03    0.00    0.38 ^ _1824_/A (INV_X1)
     2    2.18    0.01    0.01    0.39 v _1824_/ZN (INV_X1)
                  0.01    0.00    0.39 v _1825_/A1 (OR3_X1)
     3    4.60    0.02    0.07    0.46 v _1825_/ZN (OR3_X1)
                  0.02    0.00    0.46 v _1826_/A (INV_X1)
     1    3.45    0.01    0.02    0.49 ^ _1826_/ZN (INV_X1)
                  0.01    0.00    0.49 ^ _3297_/B (HA_X1)
     1    0.88    0.02    0.01    0.50 v _3297_/S (HA_X1)
                  0.02    0.00    0.50 v _1836_/A (BUF_X1)
     4    6.59    0.01    0.04    0.54 v _1836_/Z (BUF_X1)
                  0.01    0.00    0.54 v _1843_/A1 (NAND4_X1)
     4    9.08    0.03    0.04    0.58 ^ _1843_/ZN (NAND4_X1)
                  0.03    0.00    0.58 ^ _1861_/A1 (NOR2_X2)
     8   15.98    0.01    0.02    0.60 v _1861_/ZN (NOR2_X2)
                  0.01    0.00    0.60 v _1862_/A4 (NOR4_X4)
     7   21.54    0.08    0.12    0.73 ^ _1862_/ZN (NOR4_X4)
                  0.08    0.00    0.73 ^ _1863_/A (BUF_X4)
    10   16.40    0.01    0.04    0.76 ^ _1863_/Z (BUF_X4)
                  0.01    0.00    0.76 ^ _1941_/S (MUX2_X1)
     2    4.91    0.01    0.07    0.83 v _1941_/Z (MUX2_X1)
                  0.01    0.00    0.83 v _3303_/B (HA_X1)
     1    0.88    0.02    0.06    0.88 v _3303_/S (HA_X1)
                  0.02    0.00    0.88 v _1883_/A (BUF_X1)
     6    8.76    0.01    0.05    0.93 v _1883_/Z (BUF_X1)
                  0.01    0.00    0.93 v _1895_/A3 (AND4_X1)
     3    4.54    0.01    0.04    0.98 v _1895_/ZN (AND4_X1)
                  0.01    0.00    0.98 v _1918_/B (AOI211_X1)
     1    1.66    0.04    0.06    1.04 ^ _1918_/ZN (AOI211_X1)
                  0.04    0.00    1.04 ^ _1920_/B1 (OAI21_X1)
     2    9.31    0.02    0.04    1.08 v _1920_/ZN (OAI21_X1)
                  0.02    0.00    1.08 v _1921_/A4 (OR4_X4)
     6   10.56    0.02    0.12    1.19 v _1921_/ZN (OR4_X4)
                  0.02    0.00    1.19 v _1922_/A2 (NAND2_X2)
     4   10.56    0.02    0.03    1.22 ^ _1922_/ZN (NAND2_X2)
                  0.02    0.00    1.22 ^ _1923_/A (BUF_X1)
    10   15.30    0.04    0.06    1.28 ^ _1923_/Z (BUF_X1)
                  0.04    0.00    1.28 ^ _2036_/B1 (OAI21_X1)
     2    4.25    0.02    0.03    1.31 v _2036_/ZN (OAI21_X1)
                  0.02    0.00    1.31 v _3316_/B (HA_X1)
     1    0.88    0.02    0.06    1.37 v _3316_/S (HA_X1)
                  0.02    0.00    1.37 v _1962_/A (BUF_X1)
     4    6.48    0.01    0.04    1.41 v _1962_/Z (BUF_X1)
                  0.01    0.00    1.41 v _1963_/B2 (AOI21_X1)
     1    1.65    0.02    0.03    1.44 ^ _1963_/ZN (AOI21_X1)
                  0.02    0.00    1.44 ^ _1964_/A2 (NOR2_X1)
     1    1.56    0.01    0.01    1.45 v _1964_/ZN (NOR2_X1)
                  0.01    0.00    1.45 v _1965_/B2 (OAI21_X1)
     1    1.67    0.02    0.03    1.48 ^ _1965_/ZN (OAI21_X1)
                  0.02    0.00    1.48 ^ _1967_/A (OAI21_X1)
     1    1.56    0.02    0.02    1.50 v _1967_/ZN (OAI21_X1)
                  0.02    0.00    1.50 v _1968_/A2 (NOR2_X1)
     5   14.66    0.08    0.10    1.60 ^ _1968_/ZN (NOR2_X1)
                  0.08    0.00    1.60 ^ _2023_/A (OAI211_X4)
     9   15.94    0.03    0.05    1.65 v _2023_/ZN (OAI211_X4)
                  0.03    0.00    1.65 v _2024_/A2 (NOR2_X2)
     6   10.41    0.03    0.05    1.71 ^ _2024_/ZN (NOR2_X2)
                  0.03    0.00    1.71 ^ _2025_/A (INV_X1)
     4    5.69    0.01    0.02    1.73 v _2025_/ZN (INV_X1)
                  0.01    0.00    1.73 v _2026_/A (BUF_X1)
    10   13.82    0.02    0.05    1.77 v _2026_/Z (BUF_X1)
                  0.02    0.00    1.77 v _2027_/A2 (NOR2_X1)
     1    1.63    0.02    0.03    1.80 ^ _2027_/ZN (NOR2_X1)
                  0.02    0.00    1.80 ^ _2028_/A (AOI21_X1)
     2    4.89    0.02    0.02    1.82 v _2028_/ZN (AOI21_X1)
                  0.02    0.00    1.82 v _2029_/A (INV_X1)
     2    3.68    0.01    0.02    1.84 ^ _2029_/ZN (INV_X1)
                  0.01    0.00    1.84 ^ _3199_/CI (FA_X1)
     2    4.46    0.02    0.05    1.90 ^ _3199_/CO (FA_X1)
                  0.02    0.00    1.90 ^ _2061_/A (INV_X1)
     1    1.41    0.01    0.01    1.90 v _2061_/ZN (INV_X1)
                  0.01    0.00    1.90 v _2062_/B2 (AOI21_X1)
     1    1.66    0.02    0.03    1.93 ^ _2062_/ZN (AOI21_X1)
                  0.02    0.00    1.93 ^ _2064_/B1 (OAI21_X1)
     1    1.55    0.01    0.02    1.95 v _2064_/ZN (OAI21_X1)
                  0.01    0.00    1.95 v _2065_/A (INV_X1)
     3    6.03    0.02    0.02    1.97 ^ _2065_/ZN (INV_X1)
                  0.02    0.00    1.97 ^ _2072_/B2 (OAI221_X1)
     3    4.50    0.02    0.04    2.02 v _2072_/ZN (OAI221_X1)
                  0.02    0.00    2.02 v _2073_/A (INV_X1)
     8   12.39    0.03    0.05    2.06 ^ _2073_/ZN (INV_X1)
                  0.03    0.00    2.06 ^ _2085_/A3 (NAND4_X1)
     2    2.93    0.02    0.04    2.10 v _2085_/ZN (NAND4_X1)
                  0.02    0.00    2.10 v _2086_/A2 (NOR2_X1)
     1    1.69    0.02    0.03    2.13 ^ _2086_/ZN (NOR2_X1)
                  0.02    0.00    2.13 ^ _2090_/A2 (AOI22_X1)
     2    2.31    0.01    0.02    2.15 v _2090_/ZN (AOI22_X1)
                  0.01    0.00    2.15 v _2091_/B (MUX2_X1)
     4   10.17    0.02    0.08    2.23 v _2091_/Z (MUX2_X1)
                  0.02    0.00    2.23 v _2119_/A (AOI21_X4)
     3    8.22    0.02    0.05    2.27 ^ _2119_/ZN (AOI21_X4)
                  0.02    0.00    2.27 ^ _2125_/A (BUF_X2)
    10   16.36    0.02    0.04    2.32 ^ _2125_/Z (BUF_X2)
                  0.02    0.00    2.32 ^ _2234_/S (MUX2_X1)
     2    4.89    0.01    0.07    2.38 v _2234_/Z (MUX2_X1)
                  0.01    0.00    2.38 v _3336_/B (HA_X1)
     1    0.88    0.02    0.06    2.44 v _3336_/S (HA_X1)
                  0.02    0.00    2.44 v _2163_/A (BUF_X1)
     4    6.54    0.01    0.04    2.48 v _2163_/Z (BUF_X1)
                  0.01    0.00    2.48 v _2164_/B2 (AOI21_X1)
     1    1.70    0.02    0.03    2.51 ^ _2164_/ZN (AOI21_X1)
                  0.02    0.00    2.51 ^ _2165_/A (INV_X1)
     1    1.45    0.01    0.01    2.52 v _2165_/ZN (INV_X1)
                  0.01    0.00    2.52 v _2166_/B1 (AOI21_X1)
     1    1.58    0.02    0.02    2.55 ^ _2166_/ZN (AOI21_X1)
                  0.02    0.00    2.55 ^ _2168_/A2 (OAI22_X1)
     1    1.56    0.01    0.02    2.57 v _2168_/ZN (OAI22_X1)
                  0.01    0.00    2.57 v _2169_/A2 (NOR2_X1)
     5   13.55    0.07    0.09    2.66 ^ _2169_/ZN (NOR2_X1)
                  0.07    0.00    2.66 ^ _2212_/A (OAI221_X2)
     6   13.66    0.03    0.07    2.73 v _2212_/ZN (OAI221_X2)
                  0.03    0.00    2.73 v _2213_/A2 (NOR2_X4)
     9   19.36    0.03    0.05    2.78 ^ _2213_/ZN (NOR2_X4)
                  0.03    0.00    2.78 ^ _2214_/A (INV_X4)
    10   16.58    0.01    0.02    2.80 v _2214_/ZN (INV_X4)
                  0.01    0.00    2.80 v _2215_/A (BUF_X1)
    10   14.14    0.02    0.05    2.84 v _2215_/Z (BUF_X1)
                  0.02    0.00    2.84 v _2220_/A2 (NOR2_X1)
     1    1.63    0.02    0.03    2.87 ^ _2220_/ZN (NOR2_X1)
                  0.02    0.00    2.87 ^ _2221_/A (AOI21_X1)
     3    6.30    0.02    0.02    2.89 v _2221_/ZN (AOI21_X1)
                  0.02    0.00    2.89 v _3344_/B (HA_X1)
     2    3.04    0.03    0.06    2.96 v _3344_/S (HA_X1)
                  0.03    0.00    2.96 v _2259_/A (INV_X1)
     1    1.66    0.01    0.02    2.98 ^ _2259_/ZN (INV_X1)
                  0.01    0.00    2.98 ^ _2260_/B1 (OAI21_X1)
     1    1.45    0.01    0.01    2.99 v _2260_/ZN (OAI21_X1)
                  0.01    0.00    2.99 v _2261_/B1 (AOI21_X1)
     3    6.75    0.05    0.05    3.04 ^ _2261_/ZN (AOI21_X1)
                  0.05    0.00    3.04 ^ _2268_/B2 (OAI22_X1)
     1    1.56    0.01    0.03    3.07 v _2268_/ZN (OAI22_X1)
                  0.01    0.00    3.07 v _2269_/A2 (NOR2_X1)
     6   10.34    0.06    0.07    3.15 ^ _2269_/ZN (NOR2_X1)
                  0.06    0.00    3.15 ^ _2304_/A2 (AND3_X1)
     2    1.92    0.01    0.06    3.20 ^ _2304_/ZN (AND3_X1)
                  0.01    0.00    3.20 ^ _2305_/A2 (AND2_X1)
     2    2.56    0.01    0.03    3.24 ^ _2305_/ZN (AND2_X1)
                  0.01    0.00    3.24 ^ _2309_/A3 (NAND4_X1)
     3    3.95    0.03    0.04    3.28 v _2309_/ZN (NAND4_X1)
                  0.03    0.00    3.28 v _2310_/B (MUX2_X1)
     5   12.45    0.02    0.09    3.36 v _2310_/Z (MUX2_X1)
                  0.02    0.00    3.36 v _2311_/A2 (NOR2_X4)
     3    6.44    0.02    0.03    3.39 ^ _2311_/ZN (NOR2_X4)
                  0.02    0.00    3.39 ^ _2312_/A (INV_X2)
    10   16.03    0.01    0.02    3.41 v _2312_/ZN (INV_X2)
                  0.01    0.00    3.41 v _2313_/A (BUF_X1)
    10   14.10    0.02    0.05    3.46 v _2313_/Z (BUF_X1)
                  0.02    0.00    3.46 v _2334_/A2 (NOR2_X1)
     1    1.63    0.02    0.03    3.49 ^ _2334_/ZN (NOR2_X1)
                  0.02    0.00    3.49 ^ _2335_/A (AOI21_X1)
     2    4.89    0.02    0.02    3.51 v _2335_/ZN (AOI21_X1)
                  0.02    0.00    3.51 v _3359_/B (HA_X1)
     2    3.05    0.03    0.06    3.57 v _3359_/S (HA_X1)
                  0.03    0.00    3.57 v _2350_/A (INV_X1)
     1    1.66    0.01    0.02    3.59 ^ _2350_/ZN (INV_X1)
                  0.01    0.00    3.59 ^ _2351_/B1 (OAI21_X1)
     1    1.45    0.01    0.01    3.61 v _2351_/ZN (OAI21_X1)
                  0.01    0.00    3.61 v _2352_/B1 (AOI21_X1)
     3    6.71    0.04    0.05    3.66 ^ _2352_/ZN (AOI21_X1)
                  0.04    0.00    3.66 ^ _2359_/B2 (OAI21_X1)
     1    1.56    0.02    0.02    3.68 v _2359_/ZN (OAI21_X1)
                  0.02    0.00    3.68 v _2360_/A2 (NOR2_X1)
     5    7.90    0.04    0.06    3.75 ^ _2360_/ZN (NOR2_X1)
                  0.04    0.00    3.75 ^ _2390_/A2 (AND3_X1)
     3    4.30    0.02    0.06    3.81 ^ _2390_/ZN (AND3_X1)
                  0.02    0.00    3.81 ^ _2391_/A2 (AND2_X1)
     1    1.66    0.01    0.03    3.84 ^ _2391_/ZN (AND2_X1)
                  0.01    0.00    3.84 ^ _2392_/B (OAI211_X1)
     1    1.52    0.02    0.03    3.87 v _2392_/ZN (OAI211_X1)
                  0.02    0.00    3.87 v _2396_/A (OAI21_X1)
     3    4.89    0.03    0.03    3.90 ^ _2396_/ZN (OAI21_X1)
                  0.03    0.00    3.90 ^ _2404_/A (OAI211_X1)
     2    4.34    0.03    0.04    3.94 v _2404_/ZN (OAI211_X1)
                  0.03    0.00    3.94 v _2405_/C2 (AOI221_X2)
     1    3.40    0.04    0.06    4.01 ^ _2405_/ZN (AOI221_X2)
                  0.04    0.00    4.01 ^ _2406_/A (BUF_X4)
     8   16.72    0.01    0.03    4.04 ^ _2406_/Z (BUF_X4)
                  0.01    0.00    4.04 ^ _2407_/A (INV_X4)
     8   14.14    0.01    0.01    4.05 v _2407_/ZN (INV_X4)
                  0.01    0.00    4.05 v _2408_/A (BUF_X1)
    10   13.15    0.02    0.04    4.09 v _2408_/Z (BUF_X1)
                  0.02    0.00    4.09 v _2518_/A2 (NOR2_X1)
     1    1.63    0.02    0.03    4.12 ^ _2518_/ZN (NOR2_X1)
                  0.02    0.00    4.12 ^ _2519_/A (AOI21_X1)
     2    4.25    0.02    0.02    4.14 v _2519_/ZN (AOI21_X1)
                  0.02    0.00    4.14 v _3368_/B (HA_X1)
     1    0.88    0.02    0.06    4.20 v _3368_/S (HA_X1)
                  0.02    0.00    4.20 v _2443_/A (BUF_X1)
     4    6.48    0.01    0.04    4.24 v _2443_/Z (BUF_X1)
                  0.01    0.00    4.24 v _2444_/B2 (AOI21_X1)
     1    1.65    0.02    0.03    4.27 ^ _2444_/ZN (AOI21_X1)
                  0.02    0.00    4.27 ^ _2445_/A2 (NOR2_X1)
     1    1.56    0.01    0.01    4.29 v _2445_/ZN (NOR2_X1)
                  0.01    0.00    4.29 v _2446_/B2 (OAI21_X1)
     1    1.67    0.02    0.03    4.32 ^ _2446_/ZN (OAI21_X1)
                  0.02    0.00    4.32 ^ _2448_/A (OAI21_X1)
     1    1.56    0.02    0.02    4.34 v _2448_/ZN (OAI21_X1)
                  0.02    0.00    4.34 v _2449_/A2 (NOR2_X1)
     4    7.63    0.04    0.06    4.40 ^ _2449_/ZN (NOR2_X1)
                  0.04    0.00    4.40 ^ _2474_/A3 (AND4_X1)
     3    4.27    0.02    0.07    4.47 ^ _2474_/ZN (AND4_X1)
                  0.02    0.00    4.47 ^ _2475_/A3 (AND3_X1)
     1    1.66    0.01    0.04    4.52 ^ _2475_/ZN (AND3_X1)
                  0.01    0.00    4.52 ^ _2476_/B (OAI211_X1)
     1    1.52    0.02    0.03    4.54 v _2476_/ZN (OAI211_X1)
                  0.02    0.00    4.54 v _2480_/A (OAI21_X1)
     3    6.78    0.04    0.04    4.58 ^ _2480_/ZN (OAI21_X1)
                  0.04    0.00    4.58 ^ _2493_/A3 (NAND4_X2)
     5   11.26    0.03    0.05    4.64 v _2493_/ZN (NAND4_X2)
                  0.03    0.00    4.64 v _2494_/B2 (AOI21_X4)
     7   11.32    0.03    0.05    4.68 ^ _2494_/ZN (AOI21_X4)
                  0.03    0.00    4.68 ^ _2523_/A (BUF_X1)
    10   16.55    0.04    0.06    4.75 ^ _2523_/Z (BUF_X1)
                  0.04    0.00    4.75 ^ _2530_/S (MUX2_X1)
     3    6.74    0.02    0.06    4.80 ^ _2530_/Z (MUX2_X1)
                  0.02    0.00    4.80 ^ _3185_/A (INV_X1)
     1    3.34    0.01    0.01    4.81 v _3185_/ZN (INV_X1)
                  0.01    0.00    4.81 v _3384_/B (HA_X1)
     2    3.04    0.03    0.06    4.87 v _3384_/S (HA_X1)
                  0.03    0.00    4.87 v _2536_/A (INV_X1)
     1    1.66    0.01    0.02    4.89 ^ _2536_/ZN (INV_X1)
                  0.01    0.00    4.89 ^ _2537_/B1 (OAI21_X1)
     1    1.45    0.01    0.01    4.91 v _2537_/ZN (OAI21_X1)
                  0.01    0.00    4.91 v _2538_/B1 (AOI21_X1)
     3    6.04    0.04    0.05    4.96 ^ _2538_/ZN (AOI21_X1)
                  0.04    0.00    4.96 ^ _2545_/B2 (OAI22_X1)
     1    1.56    0.01    0.03    4.98 v _2545_/ZN (OAI22_X1)
                  0.01    0.00    4.98 v _2546_/A2 (NOR2_X1)
     6   10.80    0.06    0.08    5.06 ^ _2546_/ZN (NOR2_X1)
                  0.06    0.00    5.06 ^ _2587_/A (INV_X1)
     2    4.51    0.02    0.02    5.08 v _2587_/ZN (INV_X1)
                  0.02    0.00    5.08 v _2588_/A2 (NOR2_X1)
     2    4.77    0.03    0.05    5.13 ^ _2588_/ZN (NOR2_X1)
                  0.03    0.00    5.13 ^ _2589_/A4 (NAND4_X2)
     5    6.63    0.02    0.04    5.17 v _2589_/ZN (NAND4_X2)
                  0.02    0.00    5.17 v _2594_/B1 (OAI33_X1)
     1    3.40    0.07    0.09    5.25 ^ _2594_/ZN (OAI33_X1)
                  0.07    0.00    5.25 ^ _2595_/A (BUF_X4)
    10   17.69    0.01    0.04    5.29 ^ _2595_/Z (BUF_X4)
                  0.01    0.00    5.29 ^ _2596_/A (BUF_X2)
    10   16.62    0.02    0.04    5.33 ^ _2596_/Z (BUF_X2)
                  0.02    0.00    5.33 ^ _2698_/S (MUX2_X1)
     2    4.25    0.01    0.07    5.40 v _2698_/Z (MUX2_X1)
                  0.01    0.00    5.40 v _3392_/B (HA_X1)
     1    0.88    0.02    0.06    5.45 v _3392_/S (HA_X1)
                  0.02    0.00    5.45 v _2617_/A (BUF_X1)
     4    6.48    0.01    0.04    5.49 v _2617_/Z (BUF_X1)
                  0.01    0.00    5.49 v _2618_/B2 (AOI21_X1)
     1    1.65    0.02    0.03    5.52 ^ _2618_/ZN (AOI21_X1)
                  0.02    0.00    5.52 ^ _2619_/A2 (NOR2_X1)
     1    1.56    0.01    0.01    5.54 v _2619_/ZN (NOR2_X1)
                  0.01    0.00    5.54 v _2620_/B2 (OAI21_X1)
     1    1.67    0.02    0.03    5.57 ^ _2620_/ZN (OAI21_X1)
                  0.02    0.00    5.57 ^ _2622_/A (OAI21_X1)
     1    1.56    0.02    0.02    5.59 v _2622_/ZN (OAI21_X1)
                  0.02    0.00    5.59 v _2623_/A2 (NOR2_X1)
     4    7.68    0.04    0.06    5.65 ^ _2623_/ZN (NOR2_X1)
                  0.04    0.00    5.65 ^ _2627_/A2 (NAND3_X1)
     5    6.22    0.02    0.04    5.69 v _2627_/ZN (NAND3_X1)
                  0.02    0.00    5.69 v _2669_/A2 (OR3_X1)
     1    0.90    0.01    0.08    5.77 v _2669_/ZN (OR3_X1)
                  0.01    0.00    5.77 v _2679_/B (MUX2_X1)
     2    3.14    0.01    0.06    5.84 v _2679_/Z (MUX2_X1)
                  0.01    0.00    5.84 v _2680_/A4 (OR4_X2)
     5    8.76    0.02    0.12    5.95 v _2680_/ZN (OR4_X2)
                  0.02    0.00    5.95 v _2682_/B1 (AOI21_X2)
     6    8.77    0.03    0.04    6.00 ^ _2682_/ZN (AOI21_X2)
                  0.03    0.00    6.00 ^ _2747_/A (BUF_X1)
    10   16.17    0.04    0.06    6.06 ^ _2747_/Z (BUF_X1)
                  0.04    0.00    6.06 ^ _2763_/S (MUX2_X1)
     2    4.74    0.01    0.07    6.13 v _2763_/Z (MUX2_X1)
                  0.01    0.00    6.13 v _3403_/B (HA_X1)
     1    0.88    0.02    0.06    6.19 v _3403_/S (HA_X1)
                  0.02    0.00    6.19 v _2719_/A (BUF_X1)
     4    6.54    0.01    0.04    6.23 v _2719_/Z (BUF_X1)
                  0.01    0.00    6.23 v _2720_/B2 (AOI21_X1)
     1    1.70    0.02    0.03    6.26 ^ _2720_/ZN (AOI21_X1)
                  0.02    0.00    6.26 ^ _2721_/A (INV_X1)
     1    1.45    0.01    0.01    6.27 v _2721_/ZN (INV_X1)
                  0.01    0.00    6.27 v _2722_/B1 (AOI21_X1)
     1    1.65    0.02    0.02    6.29 ^ _2722_/ZN (AOI21_X1)
                  0.02    0.00    6.29 ^ _2723_/A2 (NOR2_X1)
     1    0.85    0.01    0.01    6.31 v _2723_/ZN (NOR2_X1)
                  0.01    0.00    6.31 v _2726_/A2 (OR3_X1)
     4    5.42    0.02    0.09    6.39 v _2726_/ZN (OR3_X1)
                  0.02    0.00    6.39 v _2727_/A (INV_X1)
     3    6.01    0.02    0.03    6.42 ^ _2727_/ZN (INV_X1)
                  0.02    0.00    6.42 ^ _2791_/A3 (AND4_X1)
     2    3.30    0.02    0.06    6.48 ^ _2791_/ZN (AND4_X1)
                  0.02    0.00    6.48 ^ _2792_/A3 (NAND3_X1)
     1    1.47    0.01    0.02    6.50 v _2792_/ZN (NAND3_X1)
                  0.01    0.00    6.50 v _2793_/B (AOI211_X1)
     1    1.66    0.04    0.06    6.57 ^ _2793_/ZN (AOI211_X1)
                  0.04    0.00    6.57 ^ _2797_/B1 (OAI221_X1)
     3    3.11    0.02    0.04    6.61 v _2797_/ZN (OAI221_X1)
                  0.02    0.00    6.61 v _2800_/B1 (OAI33_X1)
     6    8.17    0.11    0.12    6.73 ^ _2800_/ZN (OAI33_X1)
                  0.11    0.00    6.73 ^ _2801_/A (BUF_X1)
    10   16.03    0.04    0.07    6.80 ^ _2801_/Z (BUF_X1)
                  0.04    0.00    6.80 ^ _2802_/A (INV_X1)
     2    2.29    0.01    0.01    6.81 v _2802_/ZN (INV_X1)
                  0.01    0.00    6.81 v _2808_/A (BUF_X1)
    10   13.89    0.02    0.05    6.85 v _2808_/Z (BUF_X1)
                  0.02    0.00    6.85 v _2811_/A2 (NOR2_X1)
     1    1.63    0.02    0.03    6.88 ^ _2811_/ZN (NOR2_X1)
                  0.02    0.00    6.88 ^ _2812_/A (AOI21_X1)
     3    6.30    0.02    0.02    6.91 v _2812_/ZN (AOI21_X1)
                  0.02    0.00    6.91 v _3247_/B (HA_X1)
     2    3.04    0.03    0.06    6.97 v _3247_/S (HA_X1)
                  0.03    0.00    6.97 v _2819_/A (INV_X1)
     1    1.66    0.01    0.02    6.99 ^ _2819_/ZN (INV_X1)
                  0.01    0.00    6.99 ^ _2820_/B1 (OAI21_X1)
     1    1.45    0.01    0.01    7.00 v _2820_/ZN (OAI21_X1)
                  0.01    0.00    7.00 v _2821_/B1 (AOI21_X1)
     3    6.14    0.04    0.05    7.05 ^ _2821_/ZN (AOI21_X1)
                  0.04    0.00    7.05 ^ _2824_/A1 (NOR2_X1)
     1    1.47    0.01    0.01    7.06 v _2824_/ZN (NOR2_X1)
                  0.01    0.00    7.06 v _2829_/B (AOI211_X1)
     4    7.72    0.08    0.11    7.17 ^ _2829_/ZN (AOI211_X1)
                  0.08    0.00    7.17 ^ _2833_/A3 (NAND4_X1)
     4    5.55    0.03    0.06    7.23 v _2833_/ZN (NAND4_X1)
                  0.03    0.00    7.23 v _2834_/A3 (OR3_X1)
     2    3.12    0.01    0.09    7.33 v _2834_/ZN (OR3_X1)
                  0.01    0.00    7.33 v _2835_/A3 (NOR3_X1)
     1    1.74    0.03    0.05    7.38 ^ _2835_/ZN (NOR3_X1)
                  0.03    0.00    7.38 ^ _2848_/A1 (NOR4_X1)
     2    3.04    0.01    0.02    7.39 v _2848_/ZN (NOR4_X1)
                  0.01    0.00    7.39 v _2880_/A2 (NOR3_X1)
     3    4.25    0.04    0.07    7.46 ^ _2880_/ZN (NOR3_X1)
                  0.04    0.00    7.46 ^ _2881_/A2 (NOR2_X1)
     1    5.59    0.02    0.02    7.48 v _2881_/ZN (NOR2_X1)
                  0.02    0.00    7.48 v _2903_/A1 (NOR2_X4)
     4    6.80    0.02    0.03    7.51 ^ _2903_/ZN (NOR2_X4)
                  0.02    0.00    7.51 ^ _2904_/A (INV_X2)
     7   11.20    0.01    0.02    7.53 v _2904_/ZN (INV_X2)
                  0.01    0.00    7.53 v _2905_/A (BUF_X1)
    10   15.25    0.02    0.05    7.57 v _2905_/Z (BUF_X1)
                  0.02    0.00    7.57 v _2914_/A (BUF_X1)
    10   13.67    0.02    0.05    7.62 v _2914_/Z (BUF_X1)
                  0.02    0.00    7.62 v _2964_/B1 (AOI21_X1)
     2    4.39    0.03    0.04    7.67 ^ _2964_/ZN (AOI21_X1)
                  0.03    0.00    7.67 ^ _3255_/B (HA_X1)
     1    0.88    0.02    0.02    7.68 v _3255_/S (HA_X1)
                  0.02    0.00    7.68 v _2926_/A (BUF_X1)
     4    6.48    0.01    0.04    7.72 v _2926_/Z (BUF_X1)
                  0.01    0.00    7.72 v _2927_/B2 (AOI21_X1)
     1    1.65    0.02    0.03    7.76 ^ _2927_/ZN (AOI21_X1)
                  0.02    0.00    7.76 ^ _2928_/A2 (NOR2_X1)
     1    1.56    0.01    0.01    7.77 v _2928_/ZN (NOR2_X1)
                  0.01    0.00    7.77 v _2929_/B2 (OAI21_X1)
     1    1.67    0.02    0.03    7.80 ^ _2929_/ZN (OAI21_X1)
                  0.02    0.00    7.80 ^ _2931_/A (OAI21_X1)
     1    1.56    0.02    0.02    7.82 v _2931_/ZN (OAI21_X1)
                  0.02    0.00    7.82 v _2932_/A2 (NOR2_X1)
     4    7.74    0.04    0.06    7.88 ^ _2932_/ZN (NOR2_X1)
                  0.04    0.00    7.88 ^ _2969_/A3 (AND4_X1)
     1    1.66    0.01    0.06    7.95 ^ _2969_/ZN (AND4_X1)
                  0.01    0.00    7.95 ^ _2970_/A4 (NAND4_X1)
     2    3.03    0.02    0.04    7.98 v _2970_/ZN (NAND4_X1)
                  0.02    0.00    7.98 v _2971_/B (MUX2_X1)
     1    3.05    0.01    0.07    8.05 v _2971_/Z (MUX2_X1)
                  0.01    0.00    8.05 v _2977_/B (AOI211_X2)
     1    3.40    0.04    0.06    8.11 ^ _2977_/ZN (AOI211_X2)
                  0.04    0.00    8.11 ^ _2978_/A (BUF_X4)
    10   16.24    0.01    0.03    8.15 ^ _2978_/Z (BUF_X4)
                  0.01    0.00    8.15 ^ _2979_/A (INV_X1)
     8   11.18    0.01    0.02    8.17 v _2979_/ZN (INV_X1)
                  0.01    0.00    8.17 v _2980_/A (BUF_X1)
    10   13.66    0.02    0.05    8.21 v _2980_/Z (BUF_X1)
                  0.02    0.00    8.21 v _3047_/A2 (NOR2_X1)
     1    1.63    0.02    0.03    8.24 ^ _3047_/ZN (NOR2_X1)
                  0.02    0.00    8.24 ^ _3048_/A (AOI21_X1)
     2    4.25    0.02    0.02    8.26 v _3048_/ZN (AOI21_X1)
                  0.02    0.00    8.26 v _3266_/B (HA_X1)
     1    0.88    0.02    0.06    8.32 v _3266_/S (HA_X1)
                  0.02    0.00    8.32 v _3000_/A (BUF_X1)
     4    6.48    0.01    0.04    8.36 v _3000_/Z (BUF_X1)
                  0.01    0.00    8.36 v _3001_/B2 (AOI21_X1)
     1    1.70    0.02    0.03    8.39 ^ _3001_/ZN (AOI21_X1)
                  0.02    0.00    8.39 ^ _3002_/A (INV_X1)
     1    1.45    0.01    0.01    8.40 v _3002_/ZN (INV_X1)
                  0.01    0.00    8.40 v _3003_/B1 (AOI21_X1)
     1    1.65    0.02    0.02    8.43 ^ _3003_/ZN (AOI21_X1)
                  0.02    0.00    8.43 ^ _3004_/A2 (NOR2_X1)
     1    0.85    0.01    0.01    8.44 v _3004_/ZN (NOR2_X1)
                  0.01    0.00    8.44 v _3007_/A2 (OR3_X1)
     6    8.03    0.02    0.09    8.53 v _3007_/ZN (OR3_X1)
                  0.02    0.00    8.53 v _3012_/A1 (NOR2_X1)
     2    3.30    0.02    0.04    8.57 ^ _3012_/ZN (NOR2_X1)
                  0.02    0.00    8.57 ^ _3035_/A1 (NAND2_X1)
     1    1.55    0.01    0.02    8.58 v _3035_/ZN (NAND2_X1)
                  0.01    0.00    8.58 v _3036_/B3 (OAI33_X1)
     1    1.78    0.06    0.08    8.66 ^ _3036_/ZN (OAI33_X1)
                  0.06    0.00    8.66 ^ _3037_/A (BUF_X2)
    10   17.44    0.02    0.05    8.71 ^ _3037_/Z (BUF_X2)
                  0.02    0.00    8.71 ^ _3038_/A (INV_X1)
     8   12.31    0.02    0.03    8.74 v _3038_/ZN (INV_X1)
                  0.02    0.00    8.74 v _3114_/A2 (NOR2_X1)
     1    1.63    0.02    0.03    8.77 ^ _3114_/ZN (NOR2_X1)
                  0.02    0.00    8.77 ^ _3115_/A (AOI21_X1)
     3    7.64    0.02    0.02    8.79 v _3115_/ZN (AOI21_X1)
                  0.02    0.00    8.79 v _3242_/B (FA_X1)
     2    2.96    0.01    0.08    8.87 v _3242_/CO (FA_X1)
                  0.01    0.00    8.87 v _3077_/B2 (AOI21_X1)
     1    1.66    0.02    0.03    8.91 ^ _3077_/ZN (AOI21_X1)
                  0.02    0.00    8.91 ^ _3079_/B1 (OAI21_X1)
     3    5.69    0.02    0.03    8.93 v _3079_/ZN (OAI21_X1)
                  0.02    0.00    8.93 v _3087_/B1 (AOI221_X1)
     4    8.44    0.09    0.13    9.06 ^ _3087_/ZN (AOI221_X1)
                  0.09    0.00    9.06 ^ _3105_/A3 (NAND4_X1)
     1    3.26    0.03    0.05    9.11 v _3105_/ZN (NAND4_X1)
                  0.03    0.00    9.11 v _3106_/A3 (OR3_X4)
     2    4.97    0.01    0.08    9.19 v _3106_/ZN (OR3_X4)
                  0.01    0.00    9.19 v _3107_/A4 (OR4_X4)
     2    4.32    0.02    0.11    9.29 v _3107_/ZN (OR4_X4)
                  0.02    0.00    9.29 v _3108_/C2 (AOI211_X2)
     1    3.40    0.04    0.05    9.34 ^ _3108_/ZN (AOI211_X2)
                  0.04    0.00    9.34 ^ _3109_/A (BUF_X4)
     8   20.02    0.01    0.04    9.38 ^ _3109_/Z (BUF_X4)
                  0.01    0.00    9.38 ^ _3110_/A (BUF_X8)
    10   17.08    0.01    0.02    9.40 ^ _3110_/Z (BUF_X8)
                  0.01    0.00    9.40 ^ _3113_/S (MUX2_X1)
     1    0.00    0.01    0.05    9.45 v _3113_/Z (MUX2_X1)
                  0.01    0.00    9.45 v odd[0] (out)
                                  9.45   data arrival time
-----------------------------------------------------------------------------
(Path is unconstrained)



==========================================================================
floorplan final report_power
--------------------------------------------------------------------------
Group                  Internal  Switching    Leakage      Total
                          Power      Power      Power      Power (Watts)
----------------------------------------------------------------
Sequential             0.00e+00   0.00e+00   0.00e+00   0.00e+00   0.0%
Combinational          1.63e-01   1.33e-01   5.15e-05   2.96e-01 100.0%
Clock                  0.00e+00   0.00e+00   0.00e+00   0.00e+00   0.0%
Macro                  0.00e+00   0.00e+00   0.00e+00   0.00e+00   0.0%
Pad                    0.00e+00   0.00e+00   0.00e+00   0.00e+00   0.0%
----------------------------------------------------------------
Total                  1.63e-01   1.33e-01   5.15e-05   2.96e-01 100.0%
                          55.2%      44.8%       0.0%

==========================================================================
floorplan final report_design_area
--------------------------------------------------------------------------
Design area 2210 u^2 1% utilization.

